Archive member included because of file (symbol)

.\ARM_GCC_493\Debug\Full_wo_failsafes.a(cyfitter_cfg.o)
                              .\ARM_GCC_493\Debug\Cm3Start.o (cyfitter_cfg)
.\ARM_GCC_493\Debug\Full_wo_failsafes.a(CyLib.o)
                              .\ARM_GCC_493\Debug\Cm3Start.o (CyResetStatus)
.\ARM_GCC_493\Debug\Full_wo_failsafes.a(cyPm.o)
                              .\ARM_GCC_493\Debug\Full_wo_failsafes.a(CyLib.o) (CyPmReadStatus)
.\ARM_GCC_493\Debug\Full_wo_failsafes.a(ADC.o)
                              .\ARM_GCC_493\Debug\main.o (ADC_Start)
.\ARM_GCC_493\Debug\Full_wo_failsafes.a(ADC_INT.o)
                              .\ARM_GCC_493\Debug\Full_wo_failsafes.a(ADC.o) (ADC_ISR1)
.\ARM_GCC_493\Debug\Full_wo_failsafes.a(ADC_AMux.o)
                              .\ARM_GCC_493\Debug\Full_wo_failsafes.a(ADC.o) (ADC_AMux_Select)
.\ARM_GCC_493\Debug\Full_wo_failsafes.a(ADC_Ext_CP_Clk.o)
                              .\ARM_GCC_493\Debug\Full_wo_failsafes.a(ADC.o) (ADC_Ext_CP_Clk_SetDividerRegister)
.\ARM_GCC_493\Debug\Full_wo_failsafes.a(ADC_theACLK.o)
                              .\ARM_GCC_493\Debug\Full_wo_failsafes.a(ADC.o) (ADC_theACLK_SetDividerRegister)
.\ARM_GCC_493\Debug\Full_wo_failsafes.a(I2C_Master.o)
                              .\ARM_GCC_493\Debug\main.o (I2C_Master_Start)
.\ARM_GCC_493\Debug\Full_wo_failsafes.a(I2C_Master_INT.o)
                              .\ARM_GCC_493\Debug\Full_wo_failsafes.a(I2C_Master.o) (I2C_Master_ISR)
.\ARM_GCC_493\Debug\Full_wo_failsafes.a(I2C_Master_PM.o)
                              .\ARM_GCC_493\Debug\Full_wo_failsafes.a(I2C_Master.o) (I2C_Master_backup)
.\ARM_GCC_493\Debug\Full_wo_failsafes.a(I2C_Master_MASTER.o)
                              .\ARM_GCC_493\Debug\Full_wo_failsafes.a(I2C_Master.o) (I2C_Master_mstrStatus)
.\ARM_GCC_493\Debug\Full_wo_failsafes.a(Sample_Timer.o)
                              .\ARM_GCC_493\Debug\main.o (Sample_Timer_Start)
.\ARM_GCC_493\Debug\Full_wo_failsafes.a(Sample_ISR.o)
                              .\ARM_GCC_493\Debug\main.o (Sample_ISR_StartEx)
.\ARM_GCC_493\Debug\Full_wo_failsafes.a(Solenoid_1.o)
                              .\ARM_GCC_493\Debug\main.o (Solenoid_1_Write)
.\ARM_GCC_493\Debug\Full_wo_failsafes.a(Countdown_timer.o)
                              .\ARM_GCC_493\Debug\main.o (Countdown_timer_Start)
.\ARM_GCC_493\Debug\Full_wo_failsafes.a(countdown.o)
                              .\ARM_GCC_493\Debug\main.o (countdown_StartEx)
.\ARM_GCC_493\Debug\Full_wo_failsafes.a(Solenoid_2.o)
                              .\ARM_GCC_493\Debug\main.o (Solenoid_2_Write)
.\ARM_GCC_493\Debug\Full_wo_failsafes.a(Comp.o)
                              .\ARM_GCC_493\Debug\main.o (Comp_Stop)
.\ARM_GCC_493\Debug\Full_wo_failsafes.a(UART.o)
                              .\ARM_GCC_493\Debug\main.o (UART_Start)
.\ARM_GCC_493\Debug\Full_wo_failsafes.a(rx_interrupt.o)
                              .\ARM_GCC_493\Debug\main.o (rx_interrupt_StartEx)
.\ARM_GCC_493\Debug\Full_wo_failsafes.a(UART_IntClock.o)
                              .\ARM_GCC_493\Debug\Full_wo_failsafes.a(UART.o) (UART_IntClock_Start)
.\ARM_GCC_493\Debug\Full_wo_failsafes.a(CyBootAsmGnu.o)
                              .\ARM_GCC_493\Debug\Full_wo_failsafes.a(cyfitter_cfg.o) (CyDelayCycles)
.\ARM_GCC_493\Debug\Full_wo_failsafes.a(CyFlash.o)
                              .\ARM_GCC_493\Debug\Full_wo_failsafes.a(cyPm.o) (CyFlash_SetWaitCycles)
.\ARM_GCC_493\Debug\Full_wo_failsafes.a(CySpc.o)
                              .\ARM_GCC_493\Debug\Full_wo_failsafes.a(CyFlash.o) (CySpcStart)
..\OVac.cydsn\emFile_V322c\LinkLibrary\PSoC5\GCC\libemf32nosnlfn.a(FAT_FormatSD.o)
                              .\ARM_GCC_493\Debug\main.o (FS_FormatSD)
..\OVac.cydsn\emFile_V322c\LinkLibrary\PSoC5\GCC\libemf32nosnlfn.a(FAT_Misc.o)
                              ..\OVac.cydsn\emFile_V322c\LinkLibrary\PSoC5\GCC\libemf32nosnlfn.a(FAT_FormatSD.o) (FS_FAT_GetFATType)
..\OVac.cydsn\emFile_V322c\LinkLibrary\PSoC5\GCC\libemf32nosnlfn.a(FAT_Open.o)
                              ..\OVac.cydsn\emFile_V322c\LinkLibrary\PSoC5\GCC\libemf32nosnlfn.a(FAT_Misc.o) (FS_FAT_InitDirEntryScan)
..\OVac.cydsn\emFile_V322c\LinkLibrary\PSoC5\GCC\libemf32nosnlfn.a(FAT_Write.o)
                              ..\OVac.cydsn\emFile_V322c\LinkLibrary\PSoC5\GCC\libemf32nosnlfn.a(FAT_Misc.o) (FS_FAT_Close)
..\OVac.cydsn\emFile_V322c\LinkLibrary\PSoC5\GCC\libemf32nosnlfn.a(FS_CLib.o)
                              ..\OVac.cydsn\emFile_V322c\LinkLibrary\PSoC5\GCC\libemf32nosnlfn.a(FAT_Open.o) (FS__CLIB_memcmp)
..\OVac.cydsn\emFile_V322c\LinkLibrary\PSoC5\GCC\libemf32nosnlfn.a(FS_Core.o)
                              ..\OVac.cydsn\emFile_V322c\LinkLibrary\PSoC5\GCC\libemf32nosnlfn.a(FAT_FormatSD.o) (FS__DivideU32Up)
..\OVac.cydsn\emFile_V322c\LinkLibrary\PSoC5\GCC\libemf32nosnlfn.a(FS_LogBlock.o)
                              ..\OVac.cydsn\emFile_V322c\LinkLibrary\PSoC5\GCC\libemf32nosnlfn.a(FAT_FormatSD.o) (FS_LB_GetStatus)
[...]
Memory Configuration

Name             Origin             Length             Attributes
rom              0x00000000         0x00040000         xr
ram              0x1fff8000         0x00010000         xrw
*default*        0x00000000         0xffffffff

Linker script and memory map

LOAD c:/program files (x86)/cypress/psoc creator/4.0/psoc creator/import/gnu/arm/4.9.3/bin/../lib/gcc/arm-none-eabi/4.9.3/armv7-m/crti.o
LOAD c:/program files (x86)/cypress/psoc creator/4.0/psoc creator/import/gnu/arm/4.9.3/bin/../lib/gcc/arm-none-eabi/4.9.3/armv7-m/crtbegin.o
LOAD c:/program files (x86)/cypress/psoc creator/4.0/psoc creator/import/gnu/arm/4.9.3/bin/../lib/gcc/arm-none-eabi/4.9.3/../../../../arm-none-eabi/lib/armv7-m/crt0.o
START GROUP
LOAD .\ARM_GCC_493\Debug\main.o
LOAD .\ARM_GCC_493\Debug\LiquidCrystal_I2C.o
LOAD .\ARM_GCC_493\Debug\i2cFunctions.o
LOAD .\ARM_GCC_493\Debug\functions.o
LOAD .\ARM_GCC_493\Debug\mpu6050.o
LOAD .\ARM_GCC_493\Debug\cymetadata.o
LOAD .\ARM_GCC_493\Debug\Cm3Start.o
LOAD .\ARM_GCC_493\Debug\Full_wo_failsafes.a
LOAD C:\Program Files (x86)\Cypress\PSoC Creator\4.0\PSoC Creator\psoc\content\cycomponentlibrary\CyComponentLibrary.cylib\CortexM3\ARM_GCC_493\Debug\CyComponentLibrary.a
LOAD ..\OVac.cydsn\emFile_V322c\LinkLibrary\PSoC5\GCC\libemf32nosnlfn.a
END GROUP
START GROUP
LOAD c:/program files (x86)/cypress/psoc creator/4.0/psoc creator/import/gnu/arm/4.9.3/bin/../lib/gcc/arm-none-eabi/4.9.3/armv7-m\libgcc.a
LOAD c:/program files (x86)/cypress/psoc creator/4.0/psoc creator/import/gnu/arm/4.9.3/bin/../lib/gcc/arm-none-eabi/4.9.3/../../../../arm-none-eabi/lib/armv7-m\libg_nano.a
LOAD c:/program files (x86)/cypress/psoc creator/4.0/psoc creator/import/gnu/arm/4.9.3/bin/../lib/gcc/arm-none-eabi/4.9.3/../../../../arm-none-eabi/lib/armv7-m\libc_nano.a
END GROUP
START GROUP
LOAD c:/program files (x86)/cypress/psoc creator/4.0/psoc creator/import/gnu/arm/4.9.3/bin/../lib/gcc/arm-none-eabi/4.9.3/armv7-m\libgcc.a
LOAD c:/program files (x86)/cypress/psoc creator/4.0/psoc creator/import/gnu/arm/4.9.3/bin/../lib/gcc/arm-none-eabi/4.9.3/../../../../arm-none-eabi/lib/armv7-m\libc_nano.a
END GROUP
LOAD c:/program files (x86)/cypress/psoc creator/4.0/psoc creator/import/gnu/arm/4.9.3/bin/../lib/gcc/arm-none-eabi/4.9.3/armv7-m/crtend.o
LOAD c:/program files (x86)/cypress/psoc creator/4.0/psoc creator/import/gnu/arm/4.9.3/bin/../lib/gcc/arm-none-eabi/4.9.3/armv7-m/crtn.o
START GROUP
LOAD c:/program files (x86)/cypress/psoc creator/4.0/psoc creator/import/gnu/arm/4.9.3/bin/../lib/gcc/arm-none-eabi/4.9.3/armv7-m\libgcc.a
LOAD c:/program files (x86)/cypress/psoc creator/4.0/psoc creator/import/gnu/arm/4.9.3/bin/../lib/gcc/arm-none-eabi/4.9.3/../../../../arm-none-eabi/lib/armv7-m\libc.a
LOAD c:/program files (x86)/cypress/psoc creator/4.0/psoc creator/import/gnu/arm/4.9.3/bin/../lib/gcc/arm-none-eabi/4.9.3/../../../../arm-none-eabi/lib/armv7-m\libnosys.a
END GROUP
                0x00000000                CY_APPL_ORIGIN = 0x0
                0x00000100                CY_FLASH_ROW_SIZE = 0x100
                0x00000020                CY_ECC_ROW_SIZE = 0x20
                0x00000000                CY_EE_IN_BTLDR = 0x0
                0x00000000                CY_APPL_LOADABLE = 0x0
                0x00000800                CY_EE_SIZE = 0x800
                0x00000001                CY_APPL_NUM = 0x1
                0x00000001                CY_APPL_MAX = 0x1
                0x00000040                CY_METADATA_SIZE = 0x40
                0x00000000                CY_APPL_LOADABLE = 0x0
                0x00000000                CY_CHECKSUM_EXCLUDE_SIZE = ALIGN (0x0, CY_FLASH_ROW_SIZE)
                0x1fff9370                PROVIDE (__cy_heap_start, _end)
                0x00000001                PROVIDE (__cy_region_num, ((__cy_regions_end - __cy_regions) / 0x10))
                0x20008000                PROVIDE (__cy_stack, (ORIGIN (ram) + 0x10000))
                0x20007800                PROVIDE (__cy_heap_end, (__cy_stack - 0x800))

.cybootloader   0x00000000        0x0
 *(.cybootloader)
                0x00000000                appl1_start = CY_APPL_ORIGIN?CY_APPL_ORIGIN:ALIGN (CY_FLASH_ROW_SIZE)
                0x0001ff00                appl2_start = (appl1_start + ALIGN ((((0x40000 - appl1_start) - (0x2 * CY_FLASH_ROW_SIZE)) / 0x2), CY_FLASH_ROW_SIZE))
                0x00000000                appl_start = (CY_APPL_NUM == 0x1)?appl1_start:appl2_start
                0x00000000                ecc_offset = ((appl_start / CY_FLASH_ROW_SIZE) * CY_ECC_ROW_SIZE)
                0x00000000                ee_offset = (CY_APPL_LOADABLE && ! (CY_EE_IN_BTLDR))?((CY_EE_SIZE / CY_APPL_MAX) * (CY_APPL_NUM - 0x1)):0x0
                0x00000800                ee_size = (CY_APPL_LOADABLE && ! (CY_EE_IN_BTLDR))?(CY_EE_SIZE / CY_APPL_MAX):CY_EE_SIZE
                0x00000000                PROVIDE (CY_ECC_OFFSET, ecc_offset)

.text           0x00000000     0x8768
 CREATE_OBJECT_SYMBOLS
                0x00000000                PROVIDE (__cy_interrupt_vector, RomVectors)
 *(.romvectors)
 .romvectors    0x00000000       0x10 .\ARM_GCC_493\Debug\Cm3Start.o
                0x00000000                RomVectors
                0x00000001                ASSERT ((. != __cy_interrupt_vector), No interrupt vector)
                0x00000001                ASSERT (CY_APPL_ORIGIN?(SIZEOF (.cybootloader) <= CY_APPL_ORIGIN):0x1, Wrong image location)
                0x00000010                PROVIDE (__cy_reset, Reset)
 *(.text.Reset)
 .text.Reset    0x00000010       0x18 .\ARM_GCC_493\Debug\Cm3Start.o
                0x00000010                Reset
                0x00000001                ASSERT ((. != __cy_reset), No reset code)
 *(.dma_init)
                0x00000001                ASSERT ((((appl_start + .) <= 0x10000) || 0x1), DMA Init must be within the first 64k of flash)
 *(.text .text.* .gnu.linkonce.t.*)
 .text          0x00000028       0x5c c:/program files (x86)/cypress/psoc creator/4.0/psoc creator/import/gnu/arm/4.9.3/bin/../lib/gcc/arm-none-eabi/4.9.3/armv7-m/crtbegin.o
 .text.Sample_ISR_Handler
                0x00000084       0x40 .\ARM_GCC_493\Debug\main.o
                0x00000084                Sample_ISR_Handler
 .text.Countdown_ISR_Handler
                0x000000c4       0x9c .\ARM_GCC_493\Debug\main.o
                0x000000c4                Countdown_ISR_Handler
 .text.rx_interrupt
                0x00000160       0x50 .\ARM_GCC_493\Debug\main.o
                0x00000160                rx_interrupt
 .text.main     0x000001b0      0x8d8 .\ARM_GCC_493\Debug\main.o
                0x000001b0                main
 .text.SD_SETUP
                0x00000a88      0x130 .\ARM_GCC_493\Debug\main.o
                0x00000a88                SD_SETUP
 .text.LiquidCrystal_I2C_init
                0x00000bb8       0x5c .\ARM_GCC_493\Debug\LiquidCrystal_I2C.o
                0x00000bb8                LiquidCrystal_I2C_init
 .text.begin    0x00000c14       0xd8 .\ARM_GCC_493\Debug\LiquidCrystal_I2C.o
                0x00000c14                begin
 .text.clear    0x00000cec       0x14 .\ARM_GCC_493\Debug\LiquidCrystal_I2C.o
                0x00000cec                clear
 .text.home     0x00000d00       0x14 .\ARM_GCC_493\Debug\LiquidCrystal_I2C.o
                0x00000d00                home
 .text.setCursor
                0x00000d14       0x64 .\ARM_GCC_493\Debug\LiquidCrystal_I2C.o
                0x00000d14                setCursor
 .text.display  0x00000d78       0x2c .\ARM_GCC_493\Debug\LiquidCrystal_I2C.o
                0x00000d78                display
 .text.command  0x00000da4       0x1c .\ARM_GCC_493\Debug\LiquidCrystal_I2C.o
                0x00000da4                command
 .text.write    0x00000dc0       0x1c .\ARM_GCC_493\Debug\LiquidCrystal_I2C.o
                0x00000dc0                write
 .text.send     0x00000ddc       0x44 .\ARM_GCC_493\Debug\LiquidCrystal_I2C.o
                0x00000ddc                send
 .text.write4bits
                0x00000e20       0x24 .\ARM_GCC_493\Debug\LiquidCrystal_I2C.o
                0x00000e20                write4bits
 .text.expanderWrite
                0x00000e44       0x30 .\ARM_GCC_493\Debug\LiquidCrystal_I2C.o
                0x00000e44                expanderWrite
 .text.pulseEnable
                0x00000e74       0x3c .\ARM_GCC_493\Debug\LiquidCrystal_I2C.o
                0x00000e74                pulseEnable
 .text.LCD_print
                0x00000eb0       0x40 .\ARM_GCC_493\Debug\LiquidCrystal_I2C.o
                0x00000eb0                LCD_print
 .text.I2C_M_write_byte
                0x00000ef0       0x30 .\ARM_GCC_493\Debug\LiquidCrystal_I2C.o
                0x00000ef0                I2C_M_write_byte
 .text.I2CReadBytes
                0x00000f20       0x70 .\ARM_GCC_493\Debug\i2cFunctions.o
                0x00000f20                I2CReadBytes
 .text.I2CReadByte
                0x00000f90       0x28 .\ARM_GCC_493\Debug\i2cFunctions.o
                0x00000f90                I2CReadByte
 .text.I2CWriteBytes
                0x00000fb8       0x50 .\ARM_GCC_493\Debug\i2cFunctions.o
                0x00000fb8                I2CWriteBytes
 .text.I2CWriteByte
                0x00001008       0x28 .\ARM_GCC_493\Debug\i2cFunctions.o
                0x00001008                I2CWriteByte
 .text.I2CWriteBits
                0x00001030       0x9c .\ARM_GCC_493\Debug\i2cFunctions.o
                0x00001030                I2CWriteBits
 .text.I2CWriteBit
                0x000010cc       0x7c .\ARM_GCC_493\Debug\i2cFunctions.o
                0x000010cc                I2CWriteBit
 .text.ComputeMA
                0x00001148       0x5c .\ARM_GCC_493\Debug\functions.o
                0x00001148                ComputeMA
 .text.BT_Process
                0x000011a4      0x1cc .\ARM_GCC_493\Debug\functions.o
                0x000011a4                BT_Process
 .text.BT_Send  0x00001370       0xd4 .\ARM_GCC_493\Debug\functions.o
                0x00001370                BT_Send
 .text.uint8_to_char
                0x00001444       0x60 .\ARM_GCC_493\Debug\functions.o
                0x00001444                uint8_to_char
 .text.MPU6050_init
                0x000014a4       0x18 .\ARM_GCC_493\Debug\mpu6050.o
                0x000014a4                MPU6050_init
 .text.MPU6050_initialize
                0x000014bc       0x20 .\ARM_GCC_493\Debug\mpu6050.o
                0x000014bc                MPU6050_initialize
 .text.MPU6050_setFullScaleGyroRange
                0x000014dc       0x28 .\ARM_GCC_493\Debug\mpu6050.o
                0x000014dc                MPU6050_setFullScaleGyroRange
 .text.MPU6050_setFullScaleAccelRange
                0x00001504       0x28 .\ARM_GCC_493\Debug\mpu6050.o
                0x00001504                MPU6050_setFullScaleAccelRange
 .text.MPU6050_getAccelerationZ
                0x0000152c       0x34 .\ARM_GCC_493\Debug\mpu6050.o
                0x0000152c                MPU6050_getAccelerationZ
 .text.MPU6050_setSleepEnabled
                0x00001560       0x24 .\ARM_GCC_493\Debug\mpu6050.o
                0x00001560                MPU6050_setSleepEnabled
 .text.MPU6050_setClockSource
                0x00001584       0x28 .\ARM_GCC_493\Debug\mpu6050.o
                0x00001584                MPU6050_setClockSource
 .text.IntDefaultHandler
                0x000015ac       0x14 .\ARM_GCC_493\Debug\Cm3Start.o
                0x000015ac                IntDefaultHandler
 .text._sbrk    0x000015c0       0x50 .\ARM_GCC_493\Debug\Cm3Start.o
                0x000015c0                _sbrk
 .text.Start_c  0x00001610       0x98 .\ARM_GCC_493\Debug\Cm3Start.o
                0x00001610                Start_c
 .text.initialize_psoc
                0x000016a8       0x8c .\ARM_GCC_493\Debug\Cm3Start.o
                0x000016a8                initialize_psoc
 .text.CYMEMZERO
                0x00001734       0x1c .\ARM_GCC_493\Debug\Full_wo_failsafes.a(cyfitter_cfg.o)
 .text.CYCONFIGCPY
                0x00001750       0x1c .\ARM_GCC_493\Debug\Full_wo_failsafes.a(cyfitter_cfg.o)
 .text.CyClockStartupError
                0x0000176c        0xc .\ARM_GCC_493\Debug\Full_wo_failsafes.a(cyfitter_cfg.o)
 .text.cfg_write_bytes32
                0x00001778       0x74 .\ARM_GCC_493\Debug\Full_wo_failsafes.a(cyfitter_cfg.o)
 .text.ClockSetup
                0x000017ec      0x180 .\ARM_GCC_493\Debug\Full_wo_failsafes.a(cyfitter_cfg.o)
 .text.AnalogSetDefault
                0x0000196c       0x80 .\ARM_GCC_493\Debug\Full_wo_failsafes.a(cyfitter_cfg.o)
 .text.ADC_AMux_Set
                0x000019ec       0x40 .\ARM_GCC_493\Debug\Full_wo_failsafes.a(cyfitter_cfg.o)
                0x000019ec                ADC_AMux_Set
 .text.ADC_AMux_Unset
                0x00001a2c       0x44 .\ARM_GCC_493\Debug\Full_wo_failsafes.a(cyfitter_cfg.o)
                0x00001a2c                ADC_AMux_Unset
 .text.cyfitter_cfg
                0x00001a70      0x1b8 .\ARM_GCC_493\Debug\Full_wo_failsafes.a(cyfitter_cfg.o)
                0x00001a70                cyfitter_cfg
 .text.CyHalt   0x00001c28       0x18 .\ARM_GCC_493\Debug\Full_wo_failsafes.a(CyLib.o)
                0x00001c28                CyHalt
 .text.CyDelay  0x00001c40       0x44 .\ARM_GCC_493\Debug\Full_wo_failsafes.a(CyLib.o)
                0x00001c40                CyDelay
 .text.CyDelayUs
                0x00001c84       0x24 .\ARM_GCC_493\Debug\Full_wo_failsafes.a(CyLib.o)
                0x00001c84                CyDelayUs
 .text.CyIntSetVector
                0x00001ca8       0x50 .\ARM_GCC_493\Debug\Full_wo_failsafes.a(CyLib.o)
                0x00001ca8                CyIntSetVector
 .text.CyIntSetPriority
                0x00001cf8       0x44 .\ARM_GCC_493\Debug\Full_wo_failsafes.a(CyLib.o)
                0x00001cf8                CyIntSetPriority
 .text.ADC_Init
                0x00001d3c      0x158 .\ARM_GCC_493\Debug\Full_wo_failsafes.a(ADC.o)
                0x00001d3c                ADC_Init
 .text.ADC_Enable
                0x00001e94      0x158 .\ARM_GCC_493\Debug\Full_wo_failsafes.a(ADC.o)
                0x00001e94                ADC_Enable
 .text.ADC_Start
                0x00001fec       0x30 .\ARM_GCC_493\Debug\Full_wo_failsafes.a(ADC.o)
                0x00001fec                ADC_Start
 .text.ADC_StartConvert
                0x0000201c       0x20 .\ARM_GCC_493\Debug\Full_wo_failsafes.a(ADC.o)
                0x0000201c                ADC_StartConvert
 .text.ADC_IsEndConversion
                0x0000203c       0x50 .\ARM_GCC_493\Debug\Full_wo_failsafes.a(ADC.o)
                0x0000203c                ADC_IsEndConversion
 .text.ADC_GetResult32
                0x0000208c       0xa8 .\ARM_GCC_493\Debug\Full_wo_failsafes.a(ADC.o)
                0x0000208c                ADC_GetResult32
 .text.ADC_InitConfig
                0x00002134      0x40c .\ARM_GCC_493\Debug\Full_wo_failsafes.a(ADC.o)
 .text.ADC_GainCompensation
                0x00002540      0x16c .\ARM_GCC_493\Debug\Full_wo_failsafes.a(ADC.o)
 .text.ADC_SetDSMRef0Reg
                0x000026ac       0x78 .\ARM_GCC_493\Debug\Full_wo_failsafes.a(ADC.o)
 .text.ADC_ISR1
                0x00002724        0xc .\ARM_GCC_493\Debug\Full_wo_failsafes.a(ADC_INT.o)
                0x00002724                ADC_ISR1
 .text.ADC_ISR2
                0x00002730        0xc .\ARM_GCC_493\Debug\Full_wo_failsafes.a(ADC_INT.o)
                0x00002730                ADC_ISR2
 .text.ADC_ISR3
                0x0000273c        0xc .\ARM_GCC_493\Debug\Full_wo_failsafes.a(ADC_INT.o)
                0x0000273c                ADC_ISR3
 .text.ADC_ISR4
                0x00002748        0xc .\ARM_GCC_493\Debug\Full_wo_failsafes.a(ADC_INT.o)
                0x00002748                ADC_ISR4
 .text.ADC_AMux_Start
                0x00002754       0x30 .\ARM_GCC_493\Debug\Full_wo_failsafes.a(ADC_AMux.o)
                0x00002754                ADC_AMux_Start
 .text.ADC_AMux_Select
                0x00002784       0x28 .\ARM_GCC_493\Debug\Full_wo_failsafes.a(ADC_AMux.o)
                0x00002784                ADC_AMux_Select
 .text.ADC_Ext_CP_Clk_SetDividerRegister
                0x000027ac      0x160 .\ARM_GCC_493\Debug\Full_wo_failsafes.a(ADC_Ext_CP_Clk.o)
                0x000027ac                ADC_Ext_CP_Clk_SetDividerRegister
 .text.ADC_Ext_CP_Clk_GetDividerRegister
                0x0000290c       0x18 .\ARM_GCC_493\Debug\Full_wo_failsafes.a(ADC_Ext_CP_Clk.o)
                0x0000290c                ADC_Ext_CP_Clk_GetDividerRegister
 .text.ADC_Ext_CP_Clk_SetModeRegister
                0x00002924       0x34 .\ARM_GCC_493\Debug\Full_wo_failsafes.a(ADC_Ext_CP_Clk.o)
                0x00002924                ADC_Ext_CP_Clk_SetModeRegister
 .text.ADC_Ext_CP_Clk_GetSourceRegister
                0x00002958       0x20 .\ARM_GCC_493\Debug\Full_wo_failsafes.a(ADC_Ext_CP_Clk.o)
                0x00002958                ADC_Ext_CP_Clk_GetSourceRegister
 .text.ADC_theACLK_SetDividerRegister
                0x00002978      0x160 .\ARM_GCC_493\Debug\Full_wo_failsafes.a(ADC_theACLK.o)
                0x00002978                ADC_theACLK_SetDividerRegister
 .text.ADC_theACLK_GetDividerRegister
                0x00002ad8       0x18 .\ARM_GCC_493\Debug\Full_wo_failsafes.a(ADC_theACLK.o)
                0x00002ad8                ADC_theACLK_GetDividerRegister
 .text.ADC_theACLK_SetModeRegister
                0x00002af0       0x34 .\ARM_GCC_493\Debug\Full_wo_failsafes.a(ADC_theACLK.o)
                0x00002af0                ADC_theACLK_SetModeRegister
 .text.ADC_theACLK_GetSourceRegister
                0x00002b24       0x20 .\ARM_GCC_493\Debug\Full_wo_failsafes.a(ADC_theACLK.o)
                0x00002b24                ADC_theACLK_GetSourceRegister
 .text.I2C_Master_Init
                0x00002b44       0x80 .\ARM_GCC_493\Debug\Full_wo_failsafes.a(I2C_Master.o)
                0x00002b44                I2C_Master_Init
 .text.I2C_Master_Enable
                0x00002bc4       0x44 .\ARM_GCC_493\Debug\Full_wo_failsafes.a(I2C_Master.o)
                0x00002bc4                I2C_Master_Enable
 .text.I2C_Master_Start
                0x00002c08       0x2c .\ARM_GCC_493\Debug\Full_wo_failsafes.a(I2C_Master.o)
                0x00002c08                I2C_Master_Start
 .text.I2C_Master_ISR
                0x00002c34      0x3ac .\ARM_GCC_493\Debug\Full_wo_failsafes.a(I2C_Master_INT.o)
                0x00002c34                I2C_Master_ISR
 .text.I2C_Master_MasterSendStart
                0x00002fe0       0xbc .\ARM_GCC_493\Debug\Full_wo_failsafes.a(I2C_Master_MASTER.o)
                0x00002fe0                I2C_Master_MasterSendStart
 .text.I2C_Master_MasterSendRestart
                0x0000309c       0xa4 .\ARM_GCC_493\Debug\Full_wo_failsafes.a(I2C_Master_MASTER.o)
                0x0000309c                I2C_Master_MasterSendRestart
 .text.I2C_Master_MasterSendStop
                0x00003140       0x58 .\ARM_GCC_493\Debug\Full_wo_failsafes.a(I2C_Master_MASTER.o)
                0x00003140                I2C_Master_MasterSendStop
 .text.I2C_Master_MasterWriteByte
                0x00003198       0x80 .\ARM_GCC_493\Debug\Full_wo_failsafes.a(I2C_Master_MASTER.o)
                0x00003198                I2C_Master_MasterWriteByte
 .text.I2C_Master_MasterReadByte
                0x00003218       0x7c .\ARM_GCC_493\Debug\Full_wo_failsafes.a(I2C_Master_MASTER.o)
                0x00003218                I2C_Master_MasterReadByte
 .text.Sample_Timer_Init
                0x00003294       0x98 .\ARM_GCC_493\Debug\Full_wo_failsafes.a(Sample_Timer.o)
                0x00003294                Sample_Timer_Init
 .text.Sample_Timer_Enable
                0x0000332c       0x48 .\ARM_GCC_493\Debug\Full_wo_failsafes.a(Sample_Timer.o)
                0x0000332c                Sample_Timer_Enable
 .text.Sample_Timer_Start
                0x00003374       0x20 .\ARM_GCC_493\Debug\Full_wo_failsafes.a(Sample_Timer.o)
                0x00003374                Sample_Timer_Start
 .text.Sample_Timer_SetInterruptMode
                0x00003394       0x20 .\ARM_GCC_493\Debug\Full_wo_failsafes.a(Sample_Timer.o)
                0x00003394                Sample_Timer_SetInterruptMode
 .text.Sample_Timer_WritePeriod
                0x000033b4       0x24 .\ARM_GCC_493\Debug\Full_wo_failsafes.a(Sample_Timer.o)
                0x000033b4                Sample_Timer_WritePeriod
 .text.Sample_Timer_WriteCounter
                0x000033d8       0x20 .\ARM_GCC_493\Debug\Full_wo_failsafes.a(Sample_Timer.o)
                0x000033d8                Sample_Timer_WriteCounter
 .text.Sample_ISR_StartEx
                0x000033f8       0x24 .\ARM_GCC_493\Debug\Full_wo_failsafes.a(Sample_ISR.o)
                0x000033f8                Sample_ISR_StartEx
 .text.Sample_ISR_SetVector
                0x0000341c       0x24 .\ARM_GCC_493\Debug\Full_wo_failsafes.a(Sample_ISR.o)
                0x0000341c                Sample_ISR_SetVector
 .text.Sample_ISR_SetPriority
                0x00003440       0x24 .\ARM_GCC_493\Debug\Full_wo_failsafes.a(Sample_ISR.o)
                0x00003440                Sample_ISR_SetPriority
 .text.Sample_ISR_Enable
                0x00003464       0x18 .\ARM_GCC_493\Debug\Full_wo_failsafes.a(Sample_ISR.o)
                0x00003464                Sample_ISR_Enable
 .text.Sample_ISR_Disable
                0x0000347c       0x18 .\ARM_GCC_493\Debug\Full_wo_failsafes.a(Sample_ISR.o)
                0x0000347c                Sample_ISR_Disable
 .text.Solenoid_1_Write
                0x00003494       0x3c .\ARM_GCC_493\Debug\Full_wo_failsafes.a(Solenoid_1.o)
                0x00003494                Solenoid_1_Write
 .text.Countdown_timer_Init
                0x000034d0       0x4c .\ARM_GCC_493\Debug\Full_wo_failsafes.a(Countdown_timer.o)
                0x000034d0                Countdown_timer_Init
 .text.Countdown_timer_Enable
                0x0000351c       0x20 .\ARM_GCC_493\Debug\Full_wo_failsafes.a(Countdown_timer.o)
                0x0000351c                Countdown_timer_Enable
 .text.Countdown_timer_Start
                0x0000353c       0x20 .\ARM_GCC_493\Debug\Full_wo_failsafes.a(Countdown_timer.o)
                0x0000353c                Countdown_timer_Start
 .text.Countdown_timer_SetInterruptMode
                0x0000355c       0x20 .\ARM_GCC_493\Debug\Full_wo_failsafes.a(Countdown_timer.o)
                0x0000355c                Countdown_timer_SetInterruptMode
 .text.Countdown_timer_ReadStatusRegister
                0x0000357c       0x18 .\ARM_GCC_493\Debug\Full_wo_failsafes.a(Countdown_timer.o)
                0x0000357c                Countdown_timer_ReadStatusRegister
 .text.Countdown_timer_WritePeriod
                0x00003594       0x1c .\ARM_GCC_493\Debug\Full_wo_failsafes.a(Countdown_timer.o)
                0x00003594                Countdown_timer_WritePeriod
 .text.Countdown_timer_ReadCapture
                0x000035b0       0x18 .\ARM_GCC_493\Debug\Full_wo_failsafes.a(Countdown_timer.o)
                0x000035b0                Countdown_timer_ReadCapture
 .text.Countdown_timer_WriteCounter
                0x000035c8       0x1c .\ARM_GCC_493\Debug\Full_wo_failsafes.a(Countdown_timer.o)
                0x000035c8                Countdown_timer_WriteCounter
 .text.Countdown_timer_ClearFIFO
                0x000035e4       0x1c .\ARM_GCC_493\Debug\Full_wo_failsafes.a(Countdown_timer.o)
                0x000035e4                Countdown_timer_ClearFIFO
 .text.countdown_StartEx
                0x00003600       0x24 .\ARM_GCC_493\Debug\Full_wo_failsafes.a(countdown.o)
                0x00003600                countdown_StartEx
 .text.countdown_SetVector
                0x00003624       0x24 .\ARM_GCC_493\Debug\Full_wo_failsafes.a(countdown.o)
                0x00003624                countdown_SetVector
 .text.countdown_SetPriority
                0x00003648       0x24 .\ARM_GCC_493\Debug\Full_wo_failsafes.a(countdown.o)
                0x00003648                countdown_SetPriority
 .text.countdown_Enable
                0x0000366c       0x18 .\ARM_GCC_493\Debug\Full_wo_failsafes.a(countdown.o)
                0x0000366c                countdown_Enable
 .text.countdown_Disable
                0x00003684       0x18 .\ARM_GCC_493\Debug\Full_wo_failsafes.a(countdown.o)
                0x00003684                countdown_Disable
 .text.Solenoid_2_Write
                0x0000369c       0x3c .\ARM_GCC_493\Debug\Full_wo_failsafes.a(Solenoid_2.o)
                0x0000369c                Solenoid_2_Write
 .text.UART_Start
                0x000036d8       0x20 .\ARM_GCC_493\Debug\Full_wo_failsafes.a(UART.o)
                0x000036d8                UART_Start
 .text.UART_Init
                0x000036f8       0x40 .\ARM_GCC_493\Debug\Full_wo_failsafes.a(UART.o)
                0x000036f8                UART_Init
 .text.UART_Enable
                0x00003738       0x5c .\ARM_GCC_493\Debug\Full_wo_failsafes.a(UART.o)
                0x00003738                UART_Enable
 .text.UART_ReadRxStatus
                0x00003794       0x24 .\ARM_GCC_493\Debug\Full_wo_failsafes.a(UART.o)
                0x00003794                UART_ReadRxStatus
 .text.UART_GetChar
                0x000037b8       0x44 .\ARM_GCC_493\Debug\Full_wo_failsafes.a(UART.o)
                0x000037b8                UART_GetChar
 .text.UART_ReadTxStatus
                0x000037fc       0x18 .\ARM_GCC_493\Debug\Full_wo_failsafes.a(UART.o)
                0x000037fc                UART_ReadTxStatus
 .text.UART_PutChar
                0x00003814       0x34 .\ARM_GCC_493\Debug\Full_wo_failsafes.a(UART.o)
                0x00003814                UART_PutChar
 .text.rx_interrupt_StartEx
                0x00003848       0x24 .\ARM_GCC_493\Debug\Full_wo_failsafes.a(rx_interrupt.o)
                0x00003848                rx_interrupt_StartEx
 .text.rx_interrupt_SetVector
                0x0000386c       0x24 .\ARM_GCC_493\Debug\Full_wo_failsafes.a(rx_interrupt.o)
                0x0000386c                rx_interrupt_SetVector
 .text.rx_interrupt_SetPriority
                0x00003890       0x24 .\ARM_GCC_493\Debug\Full_wo_failsafes.a(rx_interrupt.o)
                0x00003890                rx_interrupt_SetPriority
 .text.rx_interrupt_Enable
                0x000038b4       0x18 .\ARM_GCC_493\Debug\Full_wo_failsafes.a(rx_interrupt.o)
                0x000038b4                rx_interrupt_Enable
 .text.rx_interrupt_Disable
                0x000038cc       0x18 .\ARM_GCC_493\Debug\Full_wo_failsafes.a(rx_interrupt.o)
                0x000038cc                rx_interrupt_Disable
 .text.UART_IntClock_Start
                0x000038e4       0x34 .\ARM_GCC_493\Debug\Full_wo_failsafes.a(UART_IntClock.o)
                0x000038e4                UART_IntClock_Start
 .text          0x00003918       0x58 .\ARM_GCC_493\Debug\Full_wo_failsafes.a(CyBootAsmGnu.o)
                0x00003918                CyDelayCycles
                0x00003956                CyEnterCriticalSection
                0x0000395e                CyExitCriticalSection
 .text.FS__SD_Format
                0x00003970      0x26c ..\OVac.cydsn\emFile_V322c\LinkLibrary\PSoC5\GCC\libemf32nosnlfn.a(FAT_FormatSD.o)
                0x00003970                FS__SD_Format
 .text.FS_FormatSD
                0x00003bdc       0x10 ..\OVac.cydsn\emFile_V322c\LinkLibrary\PSoC5\GCC\libemf32nosnlfn.a(FAT_FormatSD.o)
                0x00003bdc                FS_FormatSD
 .text._ClusterId2FATOff
                0x00003bec       0x18 ..\OVac.cydsn\emFile_V322c\LinkLibrary\PSoC5\GCC\libemf32nosnlfn.a(FAT_Misc.o)
 .text._CalcLogClusterPos
                0x00003c04        0xe ..\OVac.cydsn\emFile_V322c\LinkLibrary\PSoC5\GCC\libemf32nosnlfn.a(FAT_Misc.o)
 .text._ReadFromFreeClusterCache
                0x00003c12       0x46 ..\OVac.cydsn\emFile_V322c\LinkLibrary\PSoC5\GCC\libemf32nosnlfn.a(FAT_Misc.o)
 .text.FS_FAT_GetFATType
                0x00003c58       0x1a ..\OVac.cydsn\emFile_V322c\LinkLibrary\PSoC5\GCC\libemf32nosnlfn.a(FAT_Misc.o)
                0x00003c58                FS_FAT_GetFATType
 .text.FS_FAT_ClusterId2SectorNo
                0x00003c72        0xc ..\OVac.cydsn\emFile_V322c\LinkLibrary\PSoC5\GCC\libemf32nosnlfn.a(FAT_Misc.o)
                0x00003c72                FS_FAT_ClusterId2SectorNo
 .text.FS_FAT_IsValidShortNameChar
                0x00003c7e       0x34 ..\OVac.cydsn\emFile_V322c\LinkLibrary\PSoC5\GCC\libemf32nosnlfn.a(FAT_Misc.o)
                0x00003c7e                FS_FAT_IsValidShortNameChar
 .text.FS_FAT_CopyShortName
                0x00003cb2       0x56 ..\OVac.cydsn\emFile_V322c\LinkLibrary\PSoC5\GCC\libemf32nosnlfn.a(FAT_Misc.o)
                0x00003cb2                FS_FAT_CopyShortName
 .text._SFN_CreateDirEntry
                0x00003d08       0x5a ..\OVac.cydsn\emFile_V322c\LinkLibrary\PSoC5\GCC\libemf32nosnlfn.a(FAT_Misc.o)
 .text._SFN_FindDirEntry
                0x00003d62       0x10 ..\OVac.cydsn\emFile_V322c\LinkLibrary\PSoC5\GCC\libemf32nosnlfn.a(FAT_Misc.o)
 *fill*         0x00003d72        0x2 
 .text.FS_FAT_FindDirEntry
                0x00003d74       0x60 ..\OVac.cydsn\emFile_V322c\LinkLibrary\PSoC5\GCC\libemf32nosnlfn.a(FAT_Misc.o)
                0x00003d74                FS_FAT_FindDirEntry
 .text.FS_FAT_CopyDirEntryInfo
                0x00003dd4       0x50 ..\OVac.cydsn\emFile_V322c\LinkLibrary\PSoC5\GCC\libemf32nosnlfn.a(FAT_Misc.o)
                0x00003dd4                FS_FAT_CopyDirEntryInfo
 .text._SFN_ReadDirEntryInfo
                0x00003e24       0x6e ..\OVac.cydsn\emFile_V322c\LinkLibrary\PSoC5\GCC\libemf32nosnlfn.a(FAT_Misc.o)
 .text._SetFATSector
                0x00003e92        0x6 ..\OVac.cydsn\emFile_V322c\LinkLibrary\PSoC5\GCC\libemf32nosnlfn.a(FAT_Misc.o)
 .text.FS_FAT_ReadFATEntry
                0x00003e98       0xb2 ..\OVac.cydsn\emFile_V322c\LinkLibrary\PSoC5\GCC\libemf32nosnlfn.a(FAT_Misc.o)
                0x00003e98                FS_FAT_ReadFATEntry
 *fill*         0x00003f4a        0x2 
 .text.FS_FAT_GetNumAdjClustersInChain
                0x00003f4c       0x64 ..\OVac.cydsn\emFile_V322c\LinkLibrary\PSoC5\GCC\libemf32nosnlfn.a(FAT_Misc.o)
                0x00003f4c                FS_FAT_GetNumAdjClustersInChain
 .text.FS_FAT_WalkClusterEx
                0x00003fb0       0x5c ..\OVac.cydsn\emFile_V322c\LinkLibrary\PSoC5\GCC\libemf32nosnlfn.a(FAT_Misc.o)
                0x00003fb0                FS_FAT_WalkClusterEx
 .text.FS_FAT_GotoCluster
                0x0000400c       0x88 ..\OVac.cydsn\emFile_V322c\LinkLibrary\PSoC5\GCC\libemf32nosnlfn.a(FAT_Misc.o)
                0x0000400c                FS_FAT_GotoCluster
 .text.FS_FAT_WalkCluster
                0x00004094       0x18 ..\OVac.cydsn\emFile_V322c\LinkLibrary\PSoC5\GCC\libemf32nosnlfn.a(FAT_Misc.o)
                0x00004094                FS_FAT_WalkCluster
 .text.FS_FAT_FindLastCluster
                0x000040ac       0x34 ..\OVac.cydsn\emFile_V322c\LinkLibrary\PSoC5\GCC\libemf32nosnlfn.a(FAT_Misc.o)
                0x000040ac                FS_FAT_FindLastCluster
 .text._WriteFATEntry
                0x000040e0      0x18e ..\OVac.cydsn\emFile_V322c\LinkLibrary\PSoC5\GCC\libemf32nosnlfn.a(FAT_Misc.o)
 .text.FS_FAT_MarkClusterEOC
                0x0000426e        0x8 ..\OVac.cydsn\emFile_V322c\LinkLibrary\PSoC5\GCC\libemf32nosnlfn.a(FAT_Misc.o)
                0x0000426e                FS_FAT_MarkClusterEOC
 .text.FS_FAT_SyncFAT
                0x00004276       0x3c ..\OVac.cydsn\emFile_V322c\LinkLibrary\PSoC5\GCC\libemf32nosnlfn.a(FAT_Misc.o)
                0x00004276                FS_FAT_SyncFAT
 .text.FS_FAT_LinkCluster
                0x000042b2       0x1c ..\OVac.cydsn\emFile_V322c\LinkLibrary\PSoC5\GCC\libemf32nosnlfn.a(FAT_Misc.o)
                0x000042b2                FS_FAT_LinkCluster
 *fill*         0x000042ce        0x2 
 .text._CalcFreeClusterCnt
                0x000042d0       0x88 ..\OVac.cydsn\emFile_V322c\LinkLibrary\PSoC5\GCC\libemf32nosnlfn.a(FAT_Misc.o)
 .text.FS_FAT_FindFreeCluster
                0x00004358       0xa8 ..\OVac.cydsn\emFile_V322c\LinkLibrary\PSoC5\GCC\libemf32nosnlfn.a(FAT_Misc.o)
                0x00004358                FS_FAT_FindFreeCluster
 .text.FS_FAT_AllocCluster
                0x00004400       0x20 ..\OVac.cydsn\emFile_V322c\LinkLibrary\PSoC5\GCC\libemf32nosnlfn.a(FAT_Misc.o)
                0x00004400                FS_FAT_AllocCluster
 .text._WriteEmptyFATSectors
                0x00004420       0x3c ..\OVac.cydsn\emFile_V322c\LinkLibrary\PSoC5\GCC\libemf32nosnlfn.a(FAT_Misc.o)
 .text.FS_FAT_FreeClusterChain
                0x0000445c       0xe0 ..\OVac.cydsn\emFile_V322c\LinkLibrary\PSoC5\GCC\libemf32nosnlfn.a(FAT_Misc.o)
                0x0000445c                FS_FAT_FreeClusterChain
 .text.FS_FAT_CheckBPB
                0x0000453c      0x1cc ..\OVac.cydsn\emFile_V322c\LinkLibrary\PSoC5\GCC\libemf32nosnlfn.a(FAT_Misc.o)
                0x0000453c                FS_FAT_CheckBPB
 .text.FS_FAT_InitDirEntryScan
                0x00004708       0x14 ..\OVac.cydsn\emFile_V322c\LinkLibrary\PSoC5\GCC\libemf32nosnlfn.a(FAT_Open.o)
                0x00004708                FS_FAT_InitDirEntryScan
 .text.FS_FAT_IncDirPos
                0x0000471c        0x8 ..\OVac.cydsn\emFile_V322c\LinkLibrary\PSoC5\GCC\libemf32nosnlfn.a(FAT_Open.o)
                0x0000471c                FS_FAT_IncDirPos
 .text._CopyDirText
                0x00004724       0x44 ..\OVac.cydsn\emFile_V322c\LinkLibrary\PSoC5\GCC\libemf32nosnlfn.a(FAT_Open.o)
 .text.FS_FAT_Make83Name
                0x00004768       0xb0 ..\OVac.cydsn\emFile_V322c\LinkLibrary\PSoC5\GCC\libemf32nosnlfn.a(FAT_Open.o)
                0x00004768                FS_FAT_Make83Name
 .text.FS_FAT_GetDirEntry
                0x00004818       0xb2 ..\OVac.cydsn\emFile_V322c\LinkLibrary\PSoC5\GCC\libemf32nosnlfn.a(FAT_Open.o)
                0x00004818                FS_FAT_GetDirEntry
 .text.FS_FAT_FindDirEntryShortEx
                0x000048ca       0x5a ..\OVac.cydsn\emFile_V322c\LinkLibrary\PSoC5\GCC\libemf32nosnlfn.a(FAT_Open.o)
                0x000048ca                FS_FAT_FindDirEntryShortEx
 .text.FS_FAT_FindDirEntryShort
                0x00004924       0x36 ..\OVac.cydsn\emFile_V322c\LinkLibrary\PSoC5\GCC\libemf32nosnlfn.a(FAT_Open.o)
                0x00004924                FS_FAT_FindDirEntryShort
 .text.FS_FAT_FindEmptyDirEntry
                0x0000495a       0xb0 ..\OVac.cydsn\emFile_V322c\LinkLibrary\PSoC5\GCC\libemf32nosnlfn.a(FAT_Open.o)
                0x0000495a                FS_FAT_FindEmptyDirEntry
 .text.FS_FAT_GetFirstCluster
                0x00004a0a       0x1a ..\OVac.cydsn\emFile_V322c\LinkLibrary\PSoC5\GCC\libemf32nosnlfn.a(FAT_Open.o)
                0x00004a0a                FS_FAT_GetFirstCluster
 .text.FS_FAT_FindPath
                0x00004a24       0x7a ..\OVac.cydsn\emFile_V322c\LinkLibrary\PSoC5\GCC\libemf32nosnlfn.a(FAT_Open.o)
                0x00004a24                FS_FAT_FindPath
 .text.FS_FAT_DeleteFileOrDir
                0x00004a9e       0x48 ..\OVac.cydsn\emFile_V322c\LinkLibrary\PSoC5\GCC\libemf32nosnlfn.a(FAT_Open.o)
                0x00004a9e                FS_FAT_DeleteFileOrDir
 *fill*         0x00004ae6        0x2 
 .text.FS_FAT_Open
                0x00004ae8      0x1dc ..\OVac.cydsn\emFile_V322c\LinkLibrary\PSoC5\GCC\libemf32nosnlfn.a(FAT_Open.o)
                0x00004ae8                FS_FAT_Open
 .text.FS_FAT_WriteDirEntryCluster
                0x00004cc4       0x1c ..\OVac.cydsn\emFile_V322c\LinkLibrary\PSoC5\GCC\libemf32nosnlfn.a(FAT_Open.o)
                0x00004cc4                FS_FAT_WriteDirEntryCluster
 .text.FS_FAT_WriteDirEntry83
                0x00004ce0       0x6c ..\OVac.cydsn\emFile_V322c\LinkLibrary\PSoC5\GCC\libemf32nosnlfn.a(FAT_Open.o)
                0x00004ce0                FS_FAT_WriteDirEntry83
 .text._WriteBurst
                0x00004d4c       0x24 ..\OVac.cydsn\emFile_V322c\LinkLibrary\PSoC5\GCC\libemf32nosnlfn.a(FAT_Write.o)
 .text.FS_FAT_GotoClusterAllocIfReq
                0x00004d70       0xa8 ..\OVac.cydsn\emFile_V322c\LinkLibrary\PSoC5\GCC\libemf32nosnlfn.a(FAT_Write.o)
                0x00004d70                FS_FAT_GotoClusterAllocIfReq
 .text.FS_FAT_UpdateDirEntry
                0x00004e18       0x68 ..\OVac.cydsn\emFile_V322c\LinkLibrary\PSoC5\GCC\libemf32nosnlfn.a(FAT_Write.o)
                0x00004e18                FS_FAT_UpdateDirEntry
 .text.FS_FAT_Close
                0x00004e80       0x44 ..\OVac.cydsn\emFile_V322c\LinkLibrary\PSoC5\GCC\libemf32nosnlfn.a(FAT_Write.o)
                0x00004e80                FS_FAT_Close
 .text.FS_FAT_Write
                0x00004ec4      0x1c8 ..\OVac.cydsn\emFile_V322c\LinkLibrary\PSoC5\GCC\libemf32nosnlfn.a(FAT_Write.o)
                0x00004ec4                FS_FAT_Write
 .text.FS__CLIB_memcmp
                0x0000508c       0x20 ..\OVac.cydsn\emFile_V322c\LinkLibrary\PSoC5\GCC\libemf32nosnlfn.a(FS_CLib.o)
                0x0000508c                FS__CLIB_memcmp
 .text.FS__CLIB_memset
                0x000050ac       0x6c ..\OVac.cydsn\emFile_V322c\LinkLibrary\PSoC5\GCC\libemf32nosnlfn.a(FS_CLib.o)
                0x000050ac                FS__CLIB_memset
 .text.FS__CLIB_strcmp
                0x00005118       0x1a ..\OVac.cydsn\emFile_V322c\LinkLibrary\PSoC5\GCC\libemf32nosnlfn.a(FS_CLib.o)
                0x00005118                FS__CLIB_strcmp
 .text.FS__CLIB_strlen
                0x00005132       0x10 ..\OVac.cydsn\emFile_V322c\LinkLibrary\PSoC5\GCC\libemf32nosnlfn.a(FS_CLib.o)
                0x00005132                FS__CLIB_strlen
 .text.FS__CLIB_strncmp
                0x00005142       0x26 ..\OVac.cydsn\emFile_V322c\LinkLibrary\PSoC5\GCC\libemf32nosnlfn.a(FS_CLib.o)
                0x00005142                FS__CLIB_strncmp
 .text.FS__CLIB_strncpy
                0x00005168       0x2e ..\OVac.cydsn\emFile_V322c\LinkLibrary\PSoC5\GCC\libemf32nosnlfn.a(FS_CLib.o)
                0x00005168                FS__CLIB_strncpy
 .text.FS__CLIB_toupper
                0x00005196        0xe ..\OVac.cydsn\emFile_V322c\LinkLibrary\PSoC5\GCC\libemf32nosnlfn.a(FS_CLib.o)
                0x00005196                FS__CLIB_toupper
 .text.FS__DivideU32Up
                0x000051a4        0xa ..\OVac.cydsn\emFile_V322c\LinkLibrary\PSoC5\GCC\libemf32nosnlfn.a(FS_Core.o)
                0x000051a4                FS__DivideU32Up
 .text.FS__strchr
                0x000051ae       0x14 ..\OVac.cydsn\emFile_V322c\LinkLibrary\PSoC5\GCC\libemf32nosnlfn.a(FS_Core.o)
                0x000051ae                FS__strchr
 .text.FS_LoadU32BE
                0x000051c2       0x18 ..\OVac.cydsn\emFile_V322c\LinkLibrary\PSoC5\GCC\libemf32nosnlfn.a(FS_Core.o)
                0x000051c2                FS_LoadU32BE
 .text.FS_LoadU32LE
                0x000051da       0x16 ..\OVac.cydsn\emFile_V322c\LinkLibrary\PSoC5\GCC\libemf32nosnlfn.a(FS_Core.o)
                0x000051da                FS_LoadU32LE
 .text.FS_StoreU32LE
                0x000051f0       0x14 ..\OVac.cydsn\emFile_V322c\LinkLibrary\PSoC5\GCC\libemf32nosnlfn.a(FS_Core.o)
                0x000051f0                FS_StoreU32LE
 .text.FS_StoreU16LE
                0x00005204        0x8 ..\OVac.cydsn\emFile_V322c\LinkLibrary\PSoC5\GCC\libemf32nosnlfn.a(FS_Core.o)
                0x00005204                FS_StoreU16LE
 .text.FS_LoadU16LE
                0x0000520c        0xa ..\OVac.cydsn\emFile_V322c\LinkLibrary\PSoC5\GCC\libemf32nosnlfn.a(FS_Core.o)
                0x0000520c                FS_LoadU16LE
 *fill*         0x00005216        0x2 
 .text._Alloc   0x00005218       0x30 ..\OVac.cydsn\emFile_V322c\LinkLibrary\PSoC5\GCC\libemf32nosnlfn.a(FS_Core.o)
 .text.FS_Alloc
                0x00005248        0xc ..\OVac.cydsn\emFile_V322c\LinkLibrary\PSoC5\GCC\libemf32nosnlfn.a(FS_Core.o)
                0x00005248                FS_Alloc
 .text.FS_TryAlloc
                0x00005254        0x4 ..\OVac.cydsn\emFile_V322c\LinkLibrary\PSoC5\GCC\libemf32nosnlfn.a(FS_Core.o)
                0x00005254                FS_TryAlloc
 .text.FS_Free  0x00005258       0x1c ..\OVac.cydsn\emFile_V322c\LinkLibrary\PSoC5\GCC\libemf32nosnlfn.a(FS_Core.o)
                0x00005258                FS_Free
 .text.FS_AssignMemory
                0x00005274        0xc ..\OVac.cydsn\emFile_V322c\LinkLibrary\PSoC5\GCC\libemf32nosnlfn.a(FS_Core.o)
                0x00005274                FS_AssignMemory
 .text.FS_AllocZeroed
                0x00005280       0x16 ..\OVac.cydsn\emFile_V322c\LinkLibrary\PSoC5\GCC\libemf32nosnlfn.a(FS_Core.o)
                0x00005280                FS_AllocZeroed
 *fill*         0x00005296        0x2 
 .text.FS_STORAGE_Init
                0x00005298       0x28 ..\OVac.cydsn\emFile_V322c\LinkLibrary\PSoC5\GCC\libemf32nosnlfn.a(FS_Core.o)
                0x00005298                FS_STORAGE_Init
 .text._ClrBusyLED
                0x000052c0        0xc ..\OVac.cydsn\emFile_V322c\LinkLibrary\PSoC5\GCC\libemf32nosnlfn.a(FS_LogBlock.o)
 .text._SetBusyLED
                0x000052cc        0xc ..\OVac.cydsn\emFile_V322c\LinkLibrary\PSoC5\GCC\libemf32nosnlfn.a(FS_LogBlock.o)
 .text._Read    0x000052d8        0xc ..\OVac.cydsn\emFile_V322c\LinkLibrary\PSoC5\GCC\libemf32nosnlfn.a(FS_LogBlock.o)
 .text._Write   0x000052e4       0x12 ..\OVac.cydsn\emFile_V322c\LinkLibrary\PSoC5\GCC\libemf32nosnlfn.a(FS_LogBlock.o)
 .text.FS_LB_GetStatus
                0x000052f6        0xc ..\OVac.cydsn\emFile_V322c\LinkLibrary\PSoC5\GCC\libemf32nosnlfn.a(FS_LogBlock.o)
                0x000052f6                FS_LB_GetStatus
 .text.FS_LB_InitMedium
                0x00005302       0x1a ..\OVac.cydsn\emFile_V322c\LinkLibrary\PSoC5\GCC\libemf32nosnlfn.a(FS_LogBlock.o)
                0x00005302                FS_LB_InitMedium
 .text.FS_LB_InitMediumIfRequired
                0x0000531c       0x10 ..\OVac.cydsn\emFile_V322c\LinkLibrary\PSoC5\GCC\libemf32nosnlfn.a(FS_LogBlock.o)
                0x0000531c                FS_LB_InitMediumIfRequired
 .text.FS_LB_ReadDevice
                0x0000532c       0x2e ..\OVac.cydsn\emFile_V322c\LinkLibrary\PSoC5\GCC\libemf32nosnlfn.a(FS_LogBlock.o)
                0x0000532c                FS_LB_ReadDevice
 .text.FS_LB_ReadPart
                0x0000535a        0xe ..\OVac.cydsn\emFile_V322c\LinkLibrary\PSoC5\GCC\libemf32nosnlfn.a(FS_LogBlock.o)
                0x0000535a                FS_LB_ReadPart
 .text.FS_LB_WriteBurst
                0x00005368       0x30 ..\OVac.cydsn\emFile_V322c\LinkLibrary\PSoC5\GCC\libemf32nosnlfn.a(FS_LogBlock.o)
                0x00005368                FS_LB_WriteBurst
 .text.FS_LB_WriteBurstPart
                0x00005398       0x14 ..\OVac.cydsn\emFile_V322c\LinkLibrary\PSoC5\GCC\libemf32nosnlfn.a(FS_LogBlock.o)
                0x00005398                FS_LB_WriteBurstPart
 .text.FS_LB_WriteMultiple
                0x000053ac       0x30 ..\OVac.cydsn\emFile_V322c\LinkLibrary\PSoC5\GCC\libemf32nosnlfn.a(FS_LogBlock.o)
                0x000053ac                FS_LB_WriteMultiple
 .text.FS_LB_WriteMultiplePart
                0x000053dc       0x14 ..\OVac.cydsn\emFile_V322c\LinkLibrary\PSoC5\GCC\libemf32nosnlfn.a(FS_LogBlock.o)
                0x000053dc                FS_LB_WriteMultiplePart
 .text.FS_LB_WriteDevice
                0x000053f0       0x36 ..\OVac.cydsn\emFile_V322c\LinkLibrary\PSoC5\GCC\libemf32nosnlfn.a(FS_LogBlock.o)
                0x000053f0                FS_LB_WriteDevice
 .text.FS_LB_WritePart
                0x00005426        0xe ..\OVac.cydsn\emFile_V322c\LinkLibrary\PSoC5\GCC\libemf32nosnlfn.a(FS_LogBlock.o)
                0x00005426                FS_LB_WritePart
 .text.FS_GetSectorSize
                0x00005434       0x28 ..\OVac.cydsn\emFile_V322c\LinkLibrary\PSoC5\GCC\libemf32nosnlfn.a(FS_LogBlock.o)
                0x00005434                FS_GetSectorSize
 .text.FS_LB_GetDeviceInfo
                0x0000545c       0x26 ..\OVac.cydsn\emFile_V322c\LinkLibrary\PSoC5\GCC\libemf32nosnlfn.a(FS_LogBlock.o)
                0x0000545c                FS_LB_GetDeviceInfo
 .text.FS_memcpy
                0x00005482      0x120 ..\OVac.cydsn\emFile_V322c\LinkLibrary\PSoC5\GCC\libemf32nosnlfn.a(FS_memcpy.o)
                0x00005482                FS_memcpy
 *fill*         0x000055a2        0x2 
 .text.FS__AllocSectorBuffer
                0x000055a4       0x2c ..\OVac.cydsn\emFile_V322c\LinkLibrary\PSoC5\GCC\libemf32nosnlfn.a(FS_Misc.o)
                0x000055a4                FS__AllocSectorBuffer
 .text.FS__FreeSectorBuffer
                0x000055d0       0x28 ..\OVac.cydsn\emFile_V322c\LinkLibrary\PSoC5\GCC\libemf32nosnlfn.a(FS_Misc.o)
                0x000055d0                FS__FreeSectorBuffer
 .text.FS__SB_MarkDirty
                0x000055f8        0x6 ..\OVac.cydsn\emFile_V322c\LinkLibrary\PSoC5\GCC\libemf32nosnlfn.a(FS_Misc.o)
                0x000055f8                FS__SB_MarkDirty
 .text.FS__SB_MarkNotDirty
                0x000055fe        0x6 ..\OVac.cydsn\emFile_V322c\LinkLibrary\PSoC5\GCC\libemf32nosnlfn.a(FS_Misc.o)
                0x000055fe                FS__SB_MarkNotDirty
 .text.FS__FreeFileHandle
                0x00005604        0xa ..\OVac.cydsn\emFile_V322c\LinkLibrary\PSoC5\GCC\libemf32nosnlfn.a(FS_Misc.o)
                0x00005604                FS__FreeFileHandle
 .text.FS__FreeFileObj
                0x0000560e        0xc ..\OVac.cydsn\emFile_V322c\LinkLibrary\PSoC5\GCC\libemf32nosnlfn.a(FS_Misc.o)
                0x0000560e                FS__FreeFileObj
 *fill*         0x0000561a        0x2 
 .text.FS_Init  0x0000561c       0x58 ..\OVac.cydsn\emFile_V322c\LinkLibrary\PSoC5\GCC\libemf32nosnlfn.a(FS_Misc.o)
                0x0000561c                FS_Init
 .text.FS__SB_Create
                0x00005674       0x28 ..\OVac.cydsn\emFile_V322c\LinkLibrary\PSoC5\GCC\libemf32nosnlfn.a(FS_Misc.o)
                0x00005674                FS__SB_Create
 .text.FS__FCloseNL
                0x0000569c       0x1e ..\OVac.cydsn\emFile_V322c\LinkLibrary\PSoC5\GCC\libemf32nosnlfn.a(FS_Misc.o)
                0x0000569c                FS__FCloseNL
 .text.FS__FClose
                0x000056ba       0x1a ..\OVac.cydsn\emFile_V322c\LinkLibrary\PSoC5\GCC\libemf32nosnlfn.a(FS_Misc.o)
                0x000056ba                FS__FClose
 .text.FS_FClose
                0x000056d4        0xa ..\OVac.cydsn\emFile_V322c\LinkLibrary\PSoC5\GCC\libemf32nosnlfn.a(FS_Misc.o)
                0x000056d4                FS_FClose
 *fill*         0x000056de        0x2 
 .text.FS__AllocFileObj
                0x000056e0       0x48 ..\OVac.cydsn\emFile_V322c\LinkLibrary\PSoC5\GCC\libemf32nosnlfn.a(FS_Misc.o)
                0x000056e0                FS__AllocFileObj
 .text.FS__AllocFileHandle
                0x00005728       0x40 ..\OVac.cydsn\emFile_V322c\LinkLibrary\PSoC5\GCC\libemf32nosnlfn.a(FS_Misc.o)
                0x00005728                FS__AllocFileHandle
 .text.FS__OpenEx
                0x00005768       0x58 ..\OVac.cydsn\emFile_V322c\LinkLibrary\PSoC5\GCC\libemf32nosnlfn.a(FS_Misc.o)
                0x00005768                FS__OpenEx
 .text.FS__FOpenEx
                0x000057c0       0x56 ..\OVac.cydsn\emFile_V322c\LinkLibrary\PSoC5\GCC\libemf32nosnlfn.a(FS_Misc.o)
                0x000057c0                FS__FOpenEx
 *fill*         0x00005816        0x2 
 .text.FS__FOpen
                0x00005818       0x48 ..\OVac.cydsn\emFile_V322c\LinkLibrary\PSoC5\GCC\libemf32nosnlfn.a(FS_Misc.o)
                0x00005818                FS__FOpen
 .text.FS_FOpen
                0x00005860        0x4 ..\OVac.cydsn\emFile_V322c\LinkLibrary\PSoC5\GCC\libemf32nosnlfn.a(FS_Misc.o)
                0x00005860                FS_FOpen
 .text.FS__SB_Write
                0x00005864       0x24 ..\OVac.cydsn\emFile_V322c\LinkLibrary\PSoC5\GCC\libemf32nosnlfn.a(FS_Misc.o)
                0x00005864                FS__SB_Write
 .text._SB_Clean
                0x00005888       0x24 ..\OVac.cydsn\emFile_V322c\LinkLibrary\PSoC5\GCC\libemf32nosnlfn.a(FS_Misc.o)
 .text.FS__SB_SetSector
                0x000058ac       0x20 ..\OVac.cydsn\emFile_V322c\LinkLibrary\PSoC5\GCC\libemf32nosnlfn.a(FS_Misc.o)
                0x000058ac                FS__SB_SetSector
 .text.FS__SB_Clean
                0x000058cc        0x4 ..\OVac.cydsn\emFile_V322c\LinkLibrary\PSoC5\GCC\libemf32nosnlfn.a(FS_Misc.o)
                0x000058cc                FS__SB_Clean
 .text.FS__SB_Delete
                0x000058d0       0x12 ..\OVac.cydsn\emFile_V322c\LinkLibrary\PSoC5\GCC\libemf32nosnlfn.a(FS_Misc.o)
                0x000058d0                FS__SB_Delete
 .text.FS__SB_Flush
                0x000058e2        0x8 ..\OVac.cydsn\emFile_V322c\LinkLibrary\PSoC5\GCC\libemf32nosnlfn.a(FS_Misc.o)
                0x000058e2                FS__SB_Flush
 .text.FS__SB_Read
                0x000058ea       0x2a ..\OVac.cydsn\emFile_V322c\LinkLibrary\PSoC5\GCC\libemf32nosnlfn.a(FS_Misc.o)
                0x000058ea                FS__SB_Read
 .text.FS__AddPhysDevice
                0x00005914       0x10 ..\OVac.cydsn\emFile_V322c\LinkLibrary\PSoC5\GCC\libemf32nosnlfn.a(FS_Storage.o)
                0x00005914                FS__AddPhysDevice
 .text.FS_GetVolumeName
                0x00005924       0x60 ..\OVac.cydsn\emFile_V322c\LinkLibrary\PSoC5\GCC\libemf32nosnlfn.a(FS_Storage.o)
                0x00005924                FS_GetVolumeName
 .text.FS__FindVolume
                0x00005984       0x78 ..\OVac.cydsn\emFile_V322c\LinkLibrary\PSoC5\GCC\libemf32nosnlfn.a(FS_Storage.o)
                0x00005984                FS__FindVolume
 .text.FS__AddDevice
                0x000059fc       0x68 ..\OVac.cydsn\emFile_V322c\LinkLibrary\PSoC5\GCC\libemf32nosnlfn.a(FS_Storage.o)
                0x000059fc                FS__AddDevice
 .text.FS_AddDevice
                0x00005a64        0x4 ..\OVac.cydsn\emFile_V322c\LinkLibrary\PSoC5\GCC\libemf32nosnlfn.a(FS_Storage.o)
                0x00005a64                FS_AddDevice
 .text._Mount   0x00005a68       0x2e ..\OVac.cydsn\emFile_V322c\LinkLibrary\PSoC5\GCC\libemf32nosnlfn.a(FS_Volume.o)
 .text.FS__AutoMount
                0x00005a96       0x14 ..\OVac.cydsn\emFile_V322c\LinkLibrary\PSoC5\GCC\libemf32nosnlfn.a(FS_Volume.o)
                0x00005a96                FS__AutoMount
 .text.FS__MountNL
                0x00005aaa       0x20 ..\OVac.cydsn\emFile_V322c\LinkLibrary\PSoC5\GCC\libemf32nosnlfn.a(FS_Volume.o)
                0x00005aaa                FS__MountNL
 .text.FS__Mount
                0x00005aca        0x4 ..\OVac.cydsn\emFile_V322c\LinkLibrary\PSoC5\GCC\libemf32nosnlfn.a(FS_Volume.o)
                0x00005aca                FS__Mount
 .text.FS_Mount
                0x00005ace       0x18 ..\OVac.cydsn\emFile_V322c\LinkLibrary\PSoC5\GCC\libemf32nosnlfn.a(FS_Volume.o)
                0x00005ace                FS_Mount
 .text.FS__Write
                0x00005ae6       0x3a ..\OVac.cydsn\emFile_V322c\LinkLibrary\PSoC5\GCC\libemf32nosnlfn.a(FS_Write.o)
                0x00005ae6                FS__Write
 .text.FS_Write
                0x00005b20        0x4 ..\OVac.cydsn\emFile_V322c\LinkLibrary\PSoC5\GCC\libemf32nosnlfn.a(FS_Write.o)
                0x00005b20                FS_Write
 .text.T.32     0x00005b24      0x400 ..\OVac.cydsn\emFile_V322c\LinkLibrary\PSoC5\GCC\libemf32nosnlfn.a(FAT_Format.o)
 .text._AutoFormat
                0x00005f24       0x7c ..\OVac.cydsn\emFile_V322c\LinkLibrary\PSoC5\GCC\libemf32nosnlfn.a(FAT_Format.o)
 .text.FS_FAT_FormatEx
                0x00005fa0       0x74 ..\OVac.cydsn\emFile_V322c\LinkLibrary\PSoC5\GCC\libemf32nosnlfn.a(FAT_Format.o)
                0x00005fa0                FS_FAT_FormatEx
 .text._IsBPB   0x00006014       0x1e ..\OVac.cydsn\emFile_V322c\LinkLibrary\PSoC5\GCC\libemf32nosnlfn.a(FS_Partition.o)
 .text._HasSignature
                0x00006032       0x18 ..\OVac.cydsn\emFile_V322c\LinkLibrary\PSoC5\GCC\libemf32nosnlfn.a(FS_Partition.o)
 .text._GetPartitionStartSector
                0x0000604a        0xc ..\OVac.cydsn\emFile_V322c\LinkLibrary\PSoC5\GCC\libemf32nosnlfn.a(FS_Partition.o)
 .text.FS__GetMediaStartSecEx
                0x00006056       0x6e ..\OVac.cydsn\emFile_V322c\LinkLibrary\PSoC5\GCC\libemf32nosnlfn.a(FS_Partition.o)
                0x00006056                FS__GetMediaStartSecEx
 .text.FS__LocatePartition
                0x000060c4       0x44 ..\OVac.cydsn\emFile_V322c\LinkLibrary\PSoC5\GCC\libemf32nosnlfn.a(FS_Partition.o)
                0x000060c4                FS__LocatePartition
 .text.FS_X_AddDevices
                0x00006108       0x20 .\ARM_GCC_493\Debug\Full_wo_failsafes.a(emFile_ConfigMMC_SPI.o)
                0x00006108                FS_X_AddDevices
 .text.FS_X_GetTimeDate
                0x00006128       0x58 .\ARM_GCC_493\Debug\Full_wo_failsafes.a(emFile_ConfigMMC_SPI.o)
                0x00006128                FS_X_GetTimeDate
 .text._CalcDataCRC16Dummy
                0x00006180        0x6 ..\OVac.cydsn\emFile_V322c\LinkLibrary\PSoC5\GCC\libemf32nosnlfn.a(MMC_Drv.o)
 *fill*         0x00006186        0x2 
 .text._MMC_GetNumUnits
                0x00006188        0xc ..\OVac.cydsn\emFile_V322c\LinkLibrary\PSoC5\GCC\libemf32nosnlfn.a(MMC_Drv.o)
 .text._MMC_GetDriverName
                0x00006194        0x8 ..\OVac.cydsn\emFile_V322c\LinkLibrary\PSoC5\GCC\libemf32nosnlfn.a(MMC_Drv.o)
 .text._MMC_GetStatus
                0x0000619c        0x4 ..\OVac.cydsn\emFile_V322c\LinkLibrary\PSoC5\GCC\libemf32nosnlfn.a(MMC_Drv.o)
 .text._CheckR1
                0x000061a0       0x38 ..\OVac.cydsn\emFile_V322c\LinkLibrary\PSoC5\GCC\libemf32nosnlfn.a(MMC_Drv.o)
 .text._WaitToGetReady
                0x000061d8       0x26 ..\OVac.cydsn\emFile_V322c\LinkLibrary\PSoC5\GCC\libemf32nosnlfn.a(MMC_Drv.o)
 .text._SendEmptyCycles
                0x000061fe       0x24 ..\OVac.cydsn\emFile_V322c\LinkLibrary\PSoC5\GCC\libemf32nosnlfn.a(MMC_Drv.o)
 *fill*         0x00006222        0x2 
 .text._MMC_AddDevice
                0x00006224       0x2c ..\OVac.cydsn\emFile_V322c\LinkLibrary\PSoC5\GCC\libemf32nosnlfn.a(MMC_Drv.o)
 .text.T.53     0x00006250       0x14 ..\OVac.cydsn\emFile_V322c\LinkLibrary\PSoC5\GCC\libemf32nosnlfn.a(MMC_Drv.o)
 .text._GetFromCSD
                0x00006264       0x34 ..\OVac.cydsn\emFile_V322c\LinkLibrary\PSoC5\GCC\libemf32nosnlfn.a(MMC_Drv.o)
 .text._ExecCmdR1
                0x00006298       0x98 ..\OVac.cydsn\emFile_V322c\LinkLibrary\PSoC5\GCC\libemf32nosnlfn.a(MMC_Drv.o)
 .text._ReadCSD
                0x00006330       0x86 ..\OVac.cydsn\emFile_V322c\LinkLibrary\PSoC5\GCC\libemf32nosnlfn.a(MMC_Drv.o)
 *fill*         0x000063b6        0x2 
 .text._MMC_Read
                0x000063b8      0x130 ..\OVac.cydsn\emFile_V322c\LinkLibrary\PSoC5\GCC\libemf32nosnlfn.a(MMC_Drv.o)
 .text._MMC_Write
                0x000064e8      0x13c ..\OVac.cydsn\emFile_V322c\LinkLibrary\PSoC5\GCC\libemf32nosnlfn.a(MMC_Drv.o)
 .text._ApplyCSD
                0x00006624      0x228 ..\OVac.cydsn\emFile_V322c\LinkLibrary\PSoC5\GCC\libemf32nosnlfn.a(MMC_Drv.o)
 .text._MMC_Init
                0x0000684c      0x1c0 ..\OVac.cydsn\emFile_V322c\LinkLibrary\PSoC5\GCC\libemf32nosnlfn.a(MMC_Drv.o)
 .text._MMC_InitMedium
                0x00006a0c       0x28 ..\OVac.cydsn\emFile_V322c\LinkLibrary\PSoC5\GCC\libemf32nosnlfn.a(MMC_Drv.o)
 .text._MMC_IoCtl
                0x00006a34       0x60 ..\OVac.cydsn\emFile_V322c\LinkLibrary\PSoC5\GCC\libemf32nosnlfn.a(MMC_Drv.o)
 .text.emFile_Init
                0x00006a94       0x64 .\ARM_GCC_493\Debug\Full_wo_failsafes.a(emFile_MMC_HW_SPI.o)
 .text.emFile_ReadWriteSPI
                0x00006af8       0x68 .\ARM_GCC_493\Debug\Full_wo_failsafes.a(emFile_MMC_HW_SPI.o)
 .text.FS_MMC_HW_X_EnableCS
                0x00006b60       0x28 .\ARM_GCC_493\Debug\Full_wo_failsafes.a(emFile_MMC_HW_SPI.o)
                0x00006b60                FS_MMC_HW_X_EnableCS
 .text.FS_MMC_HW_X_DisableCS
                0x00006b88       0x28 .\ARM_GCC_493\Debug\Full_wo_failsafes.a(emFile_MMC_HW_SPI.o)
                0x00006b88                FS_MMC_HW_X_DisableCS
 .text.FS_MMC_HW_X_IsWriteProtected
                0x00006bb0       0x2c .\ARM_GCC_493\Debug\Full_wo_failsafes.a(emFile_MMC_HW_SPI.o)
                0x00006bb0                FS_MMC_HW_X_IsWriteProtected
 .text.FS_MMC_HW_X_SetMaxSpeed
                0x00006bdc       0x88 .\ARM_GCC_493\Debug\Full_wo_failsafes.a(emFile_MMC_HW_SPI.o)
                0x00006bdc                FS_MMC_HW_X_SetMaxSpeed
 .text.FS_MMC_HW_X_SetVoltage
                0x00006c64       0x68 .\ARM_GCC_493\Debug\Full_wo_failsafes.a(emFile_MMC_HW_SPI.o)
                0x00006c64                FS_MMC_HW_X_SetVoltage
 .text.FS_MMC_HW_X_IsPresent
                0x00006ccc       0x30 .\ARM_GCC_493\Debug\Full_wo_failsafes.a(emFile_MMC_HW_SPI.o)
                0x00006ccc                FS_MMC_HW_X_IsPresent
 .text.FS_MMC_HW_X_Read
                0x00006cfc       0x34 .\ARM_GCC_493\Debug\Full_wo_failsafes.a(emFile_MMC_HW_SPI.o)
                0x00006cfc                FS_MMC_HW_X_Read
 .text.FS_MMC_HW_X_Write
                0x00006d30       0x34 .\ARM_GCC_493\Debug\Full_wo_failsafes.a(emFile_MMC_HW_SPI.o)
                0x00006d30                FS_MMC_HW_X_Write
 .text.emFile_SPI0_Init
                0x00006d64       0x30 .\ARM_GCC_493\Debug\Full_wo_failsafes.a(emFile_SPI0.o)
                0x00006d64                emFile_SPI0_Init
 .text.emFile_SPI0_Enable
                0x00006d94       0x60 .\ARM_GCC_493\Debug\Full_wo_failsafes.a(emFile_SPI0.o)
                0x00006d94                emFile_SPI0_Enable
 .text.emFile_SPI0_Start
                0x00006df4       0x20 .\ARM_GCC_493\Debug\Full_wo_failsafes.a(emFile_SPI0.o)
                0x00006df4                emFile_SPI0_Start
 .text.emFile_SPI0_EnableTxInt
                0x00006e14        0xc .\ARM_GCC_493\Debug\Full_wo_failsafes.a(emFile_SPI0.o)
                0x00006e14                emFile_SPI0_EnableTxInt
 .text.emFile_SPI0_EnableRxInt
                0x00006e20        0xc .\ARM_GCC_493\Debug\Full_wo_failsafes.a(emFile_SPI0.o)
                0x00006e20                emFile_SPI0_EnableRxInt
 .text.emFile_SPI0_ReadTxStatus
                0x00006e2c       0x20 .\ARM_GCC_493\Debug\Full_wo_failsafes.a(emFile_SPI0.o)
                0x00006e2c                emFile_SPI0_ReadTxStatus
 .text.emFile_SPI0_ReadRxStatus
                0x00006e4c       0x20 .\ARM_GCC_493\Debug\Full_wo_failsafes.a(emFile_SPI0.o)
                0x00006e4c                emFile_SPI0_ReadRxStatus
 .text.emFile_SPI0_WriteTxData
                0x00006e6c       0x34 .\ARM_GCC_493\Debug\Full_wo_failsafes.a(emFile_SPI0.o)
                0x00006e6c                emFile_SPI0_WriteTxData
 .text.emFile_SPI0_ReadRxData
                0x00006ea0       0x20 .\ARM_GCC_493\Debug\Full_wo_failsafes.a(emFile_SPI0.o)
                0x00006ea0                emFile_SPI0_ReadRxData
 .text.emFile_SPI0_ClearFIFO
                0x00006ec0       0x5c .\ARM_GCC_493\Debug\Full_wo_failsafes.a(emFile_SPI0.o)
                0x00006ec0                emFile_SPI0_ClearFIFO
 .text.emFile_Clock_1_Start
                0x00006f1c       0x34 .\ARM_GCC_493\Debug\Full_wo_failsafes.a(emFile_Clock_1.o)
                0x00006f1c                emFile_Clock_1_Start
 .text.emFile_Clock_1_Stop
                0x00006f50       0x34 .\ARM_GCC_493\Debug\Full_wo_failsafes.a(emFile_Clock_1.o)
                0x00006f50                emFile_Clock_1_Stop
 .text.emFile_Clock_1_SetDividerRegister
                0x00006f84      0x160 .\ARM_GCC_493\Debug\Full_wo_failsafes.a(emFile_Clock_1.o)
                0x00006f84                emFile_Clock_1_SetDividerRegister
 .text.emFile_Clock_1_GetDividerRegister
                0x000070e4       0x18 .\ARM_GCC_493\Debug\Full_wo_failsafes.a(emFile_Clock_1.o)
                0x000070e4                emFile_Clock_1_GetDividerRegister
 .text.emFile_Clock_1_GetSourceRegister
                0x000070fc       0x20 .\ARM_GCC_493\Debug\Full_wo_failsafes.a(emFile_Clock_1.o)
                0x000070fc                emFile_Clock_1_GetSourceRegister
 .text.emFile_SPI0_CS_Write
                0x0000711c       0x3c .\ARM_GCC_493\Debug\Full_wo_failsafes.a(emFile_SPI0_CS.o)
                0x0000711c                emFile_SPI0_CS_Write
 .text          0x00007158      0x370 c:/program files (x86)/cypress/psoc creator/4.0/psoc creator/import/gnu/arm/4.9.3/bin/../lib/gcc/arm-none-eabi/4.9.3/armv7-m\libgcc.a(_arm_addsubdf3.o)
                0x00007158                __aeabi_drsub
                0x00007160                __aeabi_dsub
                0x00007160                __subdf3
                0x00007164                __aeabi_dadd
                0x00007164                __adddf3
                0x000073dc                __floatunsidf
                0x000073dc                __aeabi_ui2d
                0x000073fc                __floatsidf
                0x000073fc                __aeabi_i2d
                0x00007420                __aeabi_f2d
                0x00007420                __extendsfdf2
                0x0000745c                __floatundidf
                0x0000745c                __aeabi_ul2d
                0x0000746c                __floatdidf
                0x0000746c                __aeabi_l2d
 .text          0x000074c8      0x424 c:/program files (x86)/cypress/psoc creator/4.0/psoc creator/import/gnu/arm/4.9.3/bin/../lib/gcc/arm-none-eabi/4.9.3/armv7-m\libgcc.a(_arm_muldivdf3.o)
                0x000074c8                __aeabi_dmul
                0x000074c8                __muldf3
                0x0000771c                __divdf3
                0x0000771c                __aeabi_ddiv
 .text          0x000078ec       0xa0 c:/program files (x86)/cypress/psoc creator/4.0/psoc creator/import/gnu/arm/4.9.3/bin/../lib/gcc/arm-none-eabi/4.9.3/armv7-m\libgcc.a(_arm_truncdfsf2.o)
                0x000078ec                __truncdfsf2
                0x000078ec                __aeabi_d2f
 .text          0x0000798c      0x21c c:/program files (x86)/cypress/psoc creator/4.0/psoc creator/import/gnu/arm/4.9.3/bin/../lib/gcc/arm-none-eabi/4.9.3/armv7-m\libgcc.a(_arm_addsubsf3.o)
                0x0000798c                __aeabi_frsub
                0x00007994                __subsf3
                0x00007994                __aeabi_fsub
                0x00007998                __aeabi_fadd
                0x00007998                __addsf3
                0x00007af8                __aeabi_ui2f
                0x00007af8                __floatunsisf
                0x00007b00                __aeabi_i2f
                0x00007b00                __floatsisf
                0x00007b1c                __aeabi_ul2f
                0x00007b1c                __floatundisf
                0x00007b2c                __aeabi_l2f
                0x00007b2c                __floatdisf
 .text          0x00007ba8      0x2a0 c:/program files (x86)/cypress/psoc creator/4.0/psoc creator/import/gnu/arm/4.9.3/bin/../lib/gcc/arm-none-eabi/4.9.3/armv7-m\libgcc.a(_arm_muldivsf3.o)
                0x00007ba8                __mulsf3
                0x00007ba8                __aeabi_fmul
                0x00007d10                __aeabi_fdiv
                0x00007d10                __divsf3
 .text          0x00007e48       0x4c c:/program files (x86)/cypress/psoc creator/4.0/psoc creator/import/gnu/arm/4.9.3/bin/../lib/gcc/arm-none-eabi/4.9.3/armv7-m\libgcc.a(_arm_fixsfsi.o)
                0x00007e48                __aeabi_f2iz
                0x00007e48                __fixsfsi
 .text.__errno  0x00007e94        0xc c:/program files (x86)/cypress/psoc creator/4.0/psoc creator/import/gnu/arm/4.9.3/bin/../lib/gcc/arm-none-eabi/4.9.3/../../../../arm-none-eabi/lib/armv7-m\libg_nano.a(lib_a-errno.o)
                0x00007e94                __errno
 .text.__libc_init_array
                0x00007ea0       0x4c c:/program files (x86)/cypress/psoc creator/4.0/psoc creator/import/gnu/arm/4.9.3/bin/../lib/gcc/arm-none-eabi/4.9.3/../../../../arm-none-eabi/lib/armv7-m\libg_nano.a(lib_a-init.o)
                0x00007ea0                __libc_init_array
 .text.memcpy   0x00007eec       0x16 c:/program files (x86)/cypress/psoc creator/4.0/psoc creator/import/gnu/arm/4.9.3/bin/../lib/gcc/arm-none-eabi/4.9.3/../../../../arm-none-eabi/lib/armv7-m\libg_nano.a(lib_a-memcpy.o)
                0x00007eec                memcpy
 .text.memset   0x00007f02       0x10 c:/program files (x86)/cypress/psoc creator/4.0/psoc creator/import/gnu/arm/4.9.3/bin/../lib/gcc/arm-none-eabi/4.9.3/../../../../arm-none-eabi/lib/armv7-m\libg_nano.a(lib_a-memset.o)
                0x00007f02                memset
 *fill*         0x00007f12        0x2 
 .text.sprintf  0x00007f14       0x48 c:/program files (x86)/cypress/psoc creator/4.0/psoc creator/import/gnu/arm/4.9.3/bin/../lib/gcc/arm-none-eabi/4.9.3/../../../../arm-none-eabi/lib/armv7-m\libg_nano.a(lib_a-sprintf.o)
                0x00007f14                siprintf
                0x00007f14                sprintf
 .text.strlen   0x00007f5c       0x10 c:/program files (x86)/cypress/psoc creator/4.0/psoc creator/import/gnu/arm/4.9.3/bin/../lib/gcc/arm-none-eabi/4.9.3/../../../../arm-none-eabi/lib/armv7-m\libg_nano.a(lib_a-strlen.o)
                0x00007f5c                strlen
 .text.strncmp  0x00007f6c       0x32 c:/program files (x86)/cypress/psoc creator/4.0/psoc creator/import/gnu/arm/4.9.3/bin/../lib/gcc/arm-none-eabi/4.9.3/../../../../arm-none-eabi/lib/armv7-m\libg_nano.a(lib_a-strncmp.o)
                0x00007f6c                strncmp
 .text.__ssputs_r
                0x00007f9e       0xb2 c:/program files (x86)/cypress/psoc creator/4.0/psoc creator/import/gnu/arm/4.9.3/bin/../lib/gcc/arm-none-eabi/4.9.3/../../../../arm-none-eabi/lib/armv7-m\libg_nano.a(lib_a-nano-svfprintf.o)
                0x00007f9e                __ssputs_r
 .text._svfprintf_r
                0x00008050      0x1e4 c:/program files (x86)/cypress/psoc creator/4.0/psoc creator/import/gnu/arm/4.9.3/bin/../lib/gcc/arm-none-eabi/4.9.3/../../../../arm-none-eabi/lib/armv7-m\libg_nano.a(lib_a-nano-svfprintf.o)
                0x00008050                _svfiprintf_r
                0x00008050                _svfprintf_r
 .text._printf_common
                0x00008234       0xea c:/program files (x86)/cypress/psoc creator/4.0/psoc creator/import/gnu/arm/4.9.3/bin/../lib/gcc/arm-none-eabi/4.9.3/../../../../arm-none-eabi/lib/armv7-m\libg_nano.a(lib_a-nano-vfprintf_i.o)
                0x00008234                _printf_common
 *fill*         0x0000831e        0x2 
 .text._printf_i
                0x00008320      0x240 c:/program files (x86)/cypress/psoc creator/4.0/psoc creator/import/gnu/arm/4.9.3/bin/../lib/gcc/arm-none-eabi/4.9.3/../../../../arm-none-eabi/lib/armv7-m\libg_nano.a(lib_a-nano-vfprintf_i.o)
                0x00008320                _printf_i
 .text.memchr   0x00008560       0x1c c:/program files (x86)/cypress/psoc creator/4.0/psoc creator/import/gnu/arm/4.9.3/bin/../lib/gcc/arm-none-eabi/4.9.3/../../../../arm-none-eabi/lib/armv7-m\libg_nano.a(lib_a-memchr.o)
                0x00008560                memchr
 .text.memmove  0x0000857c       0x36 c:/program files (x86)/cypress/psoc creator/4.0/psoc creator/import/gnu/arm/4.9.3/bin/../lib/gcc/arm-none-eabi/4.9.3/../../../../arm-none-eabi/lib/armv7-m\libg_nano.a(lib_a-memmove.o)
                0x0000857c                memmove
 *fill*         0x000085b2        0x2 
 .text._free_r  0x000085b4       0x88 c:/program files (x86)/cypress/psoc creator/4.0/psoc creator/import/gnu/arm/4.9.3/bin/../lib/gcc/arm-none-eabi/4.9.3/../../../../arm-none-eabi/lib/armv7-m\libg_nano.a(lib_a-nano-freer.o)
                0x000085b4                _free_r
 .text._malloc_r
                0x0000863c       0xac c:/program files (x86)/cypress/psoc creator/4.0/psoc creator/import/gnu/arm/4.9.3/bin/../lib/gcc/arm-none-eabi/4.9.3/../../../../arm-none-eabi/lib/armv7-m\libg_nano.a(lib_a-nano-mallocr.o)
                0x0000863c                _malloc_r
 .text._realloc_r
                0x000086e8       0x4c c:/program files (x86)/cypress/psoc creator/4.0/psoc creator/import/gnu/arm/4.9.3/bin/../lib/gcc/arm-none-eabi/4.9.3/../../../../arm-none-eabi/lib/armv7-m\libg_nano.a(lib_a-nano-reallocr.o)
                0x000086e8                _realloc_r
 .text._sbrk_r  0x00008734       0x20 c:/program files (x86)/cypress/psoc creator/4.0/psoc creator/import/gnu/arm/4.9.3/bin/../lib/gcc/arm-none-eabi/4.9.3/../../../../arm-none-eabi/lib/armv7-m\libg_nano.a(lib_a-sbrkr.o)
                0x00008734                _sbrk_r
 .text._malloc_usable_size_r
                0x00008754       0x14 c:/program files (x86)/cypress/psoc creator/4.0/psoc creator/import/gnu/arm/4.9.3/bin/../lib/gcc/arm-none-eabi/4.9.3/../../../../arm-none-eabi/lib/armv7-m\libg_nano.a(lib_a-nano-msizer.o)
                0x00008754                _malloc_usable_size_r
 *(.plt)
 *(.gnu.warning)
 *(.glue_7t)
 .glue_7t       0x00000000        0x0 linker stubs
 *(.glue_7)
 .glue_7        0x00000000        0x0 linker stubs
 *(.vfp11_veneer)
 .vfp11_veneer  0x00000000        0x0 linker stubs
 *(.bootloader)
 *(.ARM.extab* .gnu.linkonce.armextab.*)
 *(.gcc_except_table)

.v4_bx          0x00008768        0x0
 .v4_bx         0x00000000        0x0 linker stubs

.iplt           0x00008768        0x0
 .iplt          0x00000000        0x0 c:/program files (x86)/cypress/psoc creator/4.0/psoc creator/import/gnu/arm/4.9.3/bin/../lib/gcc/arm-none-eabi/4.9.3/armv7-m/crtbegin.o

.eh_frame_hdr
 *(.eh_frame_hdr)

.eh_frame       0x00008768        0x4
 *(.eh_frame)
 .eh_frame      0x00008768        0x0 c:/program files (x86)/cypress/psoc creator/4.0/psoc creator/import/gnu/arm/4.9.3/bin/../lib/gcc/arm-none-eabi/4.9.3/armv7-m/crtbegin.o
 .eh_frame      0x00008768        0x4 c:/program files (x86)/cypress/psoc creator/4.0/psoc creator/import/gnu/arm/4.9.3/bin/../lib/gcc/arm-none-eabi/4.9.3/armv7-m/crtend.o
                0x0000876c                PROVIDE (__exidx_start, .)

.ARM.exidx
 *(.ARM.exidx* .gnu.linkonce.armexidx.*)
                0x0000876c                __exidx_end = .

.rodata         0x0000876c      0x5d4
 *(.rodata .rodata.* .gnu.linkonce.r.*)
 .rodata        0x0000876c      0x1d8 .\ARM_GCC_493\Debug\main.o
 .rodata        0x00008944       0x10 .\ARM_GCC_493\Debug\LiquidCrystal_I2C.o
 .rodata        0x00008954       0xa0 .\ARM_GCC_493\Debug\functions.o
 .rodata        0x000089f4       0x70 .\ARM_GCC_493\Debug\Full_wo_failsafes.a(cyfitter_cfg.o)
                0x000089f4                ADC_AMux__addrTable
                0x000089fc                ADC_AMux__maskTable
 .rodata        0x00008a64       0x98 ..\OVac.cydsn\emFile_V322c\LinkLibrary\PSoC5\GCC\libemf32nosnlfn.a(FAT_FormatSD.o)
 .rodata        0x00008afc       0x10 ..\OVac.cydsn\emFile_V322c\LinkLibrary\PSoC5\GCC\libemf32nosnlfn.a(FAT_Misc.o)
                0x00008afc                FAT_SFN_API
 .rodata.str1.1
                0x00008b0c        0x3 ..\OVac.cydsn\emFile_V322c\LinkLibrary\PSoC5\GCC\libemf32nosnlfn.a(FAT_Open.o)
 *fill*         0x00008b0f        0x1 
 .rodata        0x00008b10       0x78 ..\OVac.cydsn\emFile_V322c\LinkLibrary\PSoC5\GCC\libemf32nosnlfn.a(FS_Misc.o)
 .rodata.str1.1
                0x00008b88       0x30 ..\OVac.cydsn\emFile_V322c\LinkLibrary\PSoC5\GCC\libemf32nosnlfn.a(FS_Misc.o)
 .rodata        0x00008bb8       0x8c ..\OVac.cydsn\emFile_V322c\LinkLibrary\PSoC5\GCC\libemf32nosnlfn.a(FAT_Format.o)
                0x00008bd0                _acVolumeLabel
 .rodata.str1.1
                0x00008c44       0x24 ..\OVac.cydsn\emFile_V322c\LinkLibrary\PSoC5\GCC\libemf32nosnlfn.a(FAT_Format.o)
 .rodata        0x00008c68       0x68 ..\OVac.cydsn\emFile_V322c\LinkLibrary\PSoC5\GCC\libemf32nosnlfn.a(MMC_Drv.o)
                0x00008cb0                FS_MMC_SPI_Driver
 .rodata.str1.1
                0x00008cd0        0x4 ..\OVac.cydsn\emFile_V322c\LinkLibrary\PSoC5\GCC\libemf32nosnlfn.a(MMC_Drv.o)
 .rodata.str1.1
                0x00008cd4        0x2 c:/program files (x86)/cypress/psoc creator/4.0/psoc creator/import/gnu/arm/4.9.3/bin/../lib/gcc/arm-none-eabi/4.9.3/../../../../arm-none-eabi/lib/armv7-m\libg_nano.a(lib_a-impure.o)
 .rodata.str1.1
                0x00008cd6       0x11 c:/program files (x86)/cypress/psoc creator/4.0/psoc creator/import/gnu/arm/4.9.3/bin/../lib/gcc/arm-none-eabi/4.9.3/../../../../arm-none-eabi/lib/armv7-m\libg_nano.a(lib_a-nano-svfprintf.o)
 .rodata.str1.1
                0x00008ce7       0x22 c:/program files (x86)/cypress/psoc creator/4.0/psoc creator/import/gnu/arm/4.9.3/bin/../lib/gcc/arm-none-eabi/4.9.3/../../../../arm-none-eabi/lib/armv7-m\libg_nano.a(lib_a-nano-vfprintf_i.o)
                0x00008d0c                . = ALIGN (0x4)
 *fill*         0x00008d09        0x3 
 *(.init)
 .init          0x00008d0c        0x4 c:/program files (x86)/cypress/psoc creator/4.0/psoc creator/import/gnu/arm/4.9.3/bin/../lib/gcc/arm-none-eabi/4.9.3/armv7-m/crti.o
                0x00008d0c                _init
 .init          0x00008d10        0x8 c:/program files (x86)/cypress/psoc creator/4.0/psoc creator/import/gnu/arm/4.9.3/bin/../lib/gcc/arm-none-eabi/4.9.3/armv7-m/crtn.o
                0x00008d18                . = ALIGN (0x4)
                0x00008d18                __preinit_array_start = .
 *(.preinit_array)
                0x00008d18                __preinit_array_end = .
                0x00008d18                . = ALIGN (0x4)
                0x00008d18                __init_array_start = .
 *(SORT(.init_array.*))
 *(.init_array)
 .init_array    0x00008d18        0x4 c:/program files (x86)/cypress/psoc creator/4.0/psoc creator/import/gnu/arm/4.9.3/bin/../lib/gcc/arm-none-eabi/4.9.3/armv7-m/crtbegin.o
 .init_array    0x00008d1c        0x4 .\ARM_GCC_493\Debug\Cm3Start.o
                0x00008d20                __init_array_end = .
                0x00008d20                . = ALIGN (0x4)
 *(.fini)
 .fini          0x00008d20        0x4 c:/program files (x86)/cypress/psoc creator/4.0/psoc creator/import/gnu/arm/4.9.3/bin/../lib/gcc/arm-none-eabi/4.9.3/armv7-m/crti.o
                0x00008d20                _fini
 .fini          0x00008d24        0x8 c:/program files (x86)/cypress/psoc creator/4.0/psoc creator/import/gnu/arm/4.9.3/bin/../lib/gcc/arm-none-eabi/4.9.3/armv7-m/crtn.o
                0x00008d2c                . = ALIGN (0x4)
                0x00008d2c                __fini_array_start = .
 *(.fini_array)
 .fini_array    0x00008d2c        0x4 c:/program files (x86)/cypress/psoc creator/4.0/psoc creator/import/gnu/arm/4.9.3/bin/../lib/gcc/arm-none-eabi/4.9.3/armv7-m/crtbegin.o
 *(SORT(.fini_array.*))
                0x00008d30                __fini_array_end = .
                0x00008d30                . = ALIGN (0x4)
 *crtbegin.o(.ctors)
 *(EXCLUDE_FILE(*crtend.o) .ctors)
 *(SORT(.ctors.*))
 *crtend.o(.ctors)
                0x00008d30                . = ALIGN (0x4)
 *crtbegin.o(.dtors)
 *(EXCLUDE_FILE(*crtend.o) .dtors)
 *(SORT(.dtors.*))
 *crtend.o(.dtors)
                0x00008d30                . = ALIGN (0x4)
                0x00008d30                __cy_regions = .
                0x00008d30        0x4 LONG 0x8d40 __cy_region_init_ram
                0x00008d34        0x4 LONG 0x1fff8108 __cy_region_start_data
                0x00008d38        0x4 LONG 0xa8 __cy_region_init_size_ram
                0x00008d3c        0x4 LONG 0x11c0 __cy_region_zero_size_ram
                0x00008d40                __cy_regions_end = .
                0x00008d40                . = ALIGN (0x8)
                0x00008d40                _etext = .

.cy_checksum_exclude
                0x00008d40        0x0
 *(.cy_checksum_exclude)

.ramvectors     0x1fff8000      0x100
                0x1fff8000                __cy_region_start_ram = .
 *(.ramvectors)
 .ramvectors    0x1fff8000      0x100 .\ARM_GCC_493\Debug\Cm3Start.o
                0x1fff8000                CyRamVectors

.noinit         0x1fff8100        0x5
 *(.noinit)
 .noinit        0x1fff8100        0x4 .\ARM_GCC_493\Debug\Cm3Start.o
 .noinit        0x1fff8104        0x1 .\ARM_GCC_493\Debug\Full_wo_failsafes.a(CyLib.o)
                0x1fff8104                CyResetStatus

.data           0x1fff8108       0xa8 load address 0x00008d40
                0x1fff8108                __cy_region_start_data = .
 *(.jcr)
 .jcr           0x1fff8108        0x0 c:/program files (x86)/cypress/psoc creator/4.0/psoc creator/import/gnu/arm/4.9.3/bin/../lib/gcc/arm-none-eabi/4.9.3/armv7-m/crtbegin.o
 .jcr           0x1fff8108        0x4 c:/program files (x86)/cypress/psoc creator/4.0/psoc creator/import/gnu/arm/4.9.3/bin/../lib/gcc/arm-none-eabi/4.9.3/armv7-m/crtend.o
 *(.got.plt)
 *(.got)
 *(.shdata)
 *(.data .data.* .gnu.linkonce.d.*)
 .data          0x1fff810c       0x20 .\ARM_GCC_493\Debug\main.o
                0x1fff810c                Addr
                0x1fff8110                id
                0x1fff8114                press_id
                0x1fff8118                STATE
                0x1fff811c                testnum
                0x1fff8120                file
 .data          0x1fff812c        0x4 .\ARM_GCC_493\Debug\Cm3Start.o
 .data          0x1fff8130       0x10 .\ARM_GCC_493\Debug\Full_wo_failsafes.a(CyLib.o)
                0x1fff8130                cydelay_freq_hz
                0x1fff8134                cydelay_freq_khz
                0x1fff8138                cydelay_freq_mhz
                0x1fff813c                cydelay_32k_ms
 .data          0x1fff8140        0x1 .\ARM_GCC_493\Debug\Full_wo_failsafes.a(ADC.o)
                0x1fff8140                ADC_Config
 .data          0x1fff8141        0x1 .\ARM_GCC_493\Debug\Full_wo_failsafes.a(ADC_AMux.o)
 *fill*         0x1fff8142        0x2 
 .data          0x1fff8144        0x4 ..\OVac.cydsn\emFile_V322c\LinkLibrary\PSoC5\GCC\libemf32nosnlfn.a(FAT_Misc.o)
                0x1fff8144                FAT_pDirEntryAPI
 .data          0x1fff8148        0x4 ..\OVac.cydsn\emFile_V322c\LinkLibrary\PSoC5\GCC\libemf32nosnlfn.a(MMC_Drv.o)
 .data.impure_data
                0x1fff814c       0x60 c:/program files (x86)/cypress/psoc creator/4.0/psoc creator/import/gnu/arm/4.9.3/bin/../lib/gcc/arm-none-eabi/4.9.3/../../../../arm-none-eabi/lib/armv7-m\libg_nano.a(lib_a-impure.o)
 .data._impure_ptr
                0x1fff81ac        0x4 c:/program files (x86)/cypress/psoc creator/4.0/psoc creator/import/gnu/arm/4.9.3/bin/../lib/gcc/arm-none-eabi/4.9.3/../../../../arm-none-eabi/lib/armv7-m\libg_nano.a(lib_a-impure.o)
                0x1fff81ac                _impure_ptr
                0x1fff81b0                . = ALIGN (0x8)
 *(.ram)
                0x1fff81b0                _edata = .

.igot.plt       0x1fff81b0        0x0 load address 0x00008de8
 .igot.plt      0x00000000        0x0 c:/program files (x86)/cypress/psoc creator/4.0/psoc creator/import/gnu/arm/4.9.3/bin/../lib/gcc/arm-none-eabi/4.9.3/armv7-m/crtbegin.o

.bss            0x1fff81b0     0x11c0 load address 0x00008de8
                0x1fff81b0                PROVIDE (__bss_start__, .)
 *(.shbss)
 *(.bss .bss.* .gnu.linkonce.b.*)
 .bss           0x1fff81b0       0x1c c:/program files (x86)/cypress/psoc creator/4.0/psoc creator/import/gnu/arm/4.9.3/bin/../lib/gcc/arm-none-eabi/4.9.3/armv7-m/crtbegin.o
 .bss           0x1fff81cc       0x90 .\ARM_GCC_493\Debug\main.o
                0x1fff81cc                data_time
                0x1fff81d0                descent_time
                0x1fff81d4                sum
                0x1fff81d8                pressure_sum
                0x1fff81dc                average
                0x1fff81de                collect_flag
                0x1fff81df                wait_flag
                0x1fff81e0                PANIC_flag
                0x1fff81e1                countdown
                0x1fff81e2                update_Data
                0x1fff81e4                RxBuffer
                0x1fff8224                msg_count
                0x1fff8228                rxflag
                0x1fff822c                bytes
                0x1fff8230                dataflag
                0x1fff8234                transmit_flag
                0x1fff8238                depth
                0x1fff823c                reset
                0x1fff8240                xavg
                0x1fff8244                yavg
                0x1fff8248                xsum
                0x1fff824c                ysum
                0x1fff8250                volume
 .bss           0x1fff825c       0x14 .\ARM_GCC_493\Debug\Full_wo_failsafes.a(ADC.o)
                0x1fff825c                ADC_convDone
                0x1fff825d                ADC_stopConversion
                0x1fff825e                ADC_initVar
                0x1fff825f                ADC_started
 .bss           0x1fff8270        0x1 .\ARM_GCC_493\Debug\Full_wo_failsafes.a(I2C_Master.o)
                0x1fff8270                I2C_Master_initVar
 .bss           0x1fff8271        0x1 .\ARM_GCC_493\Debug\Full_wo_failsafes.a(Sample_Timer.o)
                0x1fff8271                Sample_Timer_initVar
 .bss           0x1fff8272        0x1 .\ARM_GCC_493\Debug\Full_wo_failsafes.a(Countdown_timer.o)
                0x1fff8272                Countdown_timer_initVar
 .bss           0x1fff8273        0x2 .\ARM_GCC_493\Debug\Full_wo_failsafes.a(UART.o)
                0x1fff8273                UART_initVar
 *fill*         0x1fff8275        0x3 
 .bss           0x1fff8278        0xc ..\OVac.cydsn\emFile_V322c\LinkLibrary\PSoC5\GCC\libemf32nosnlfn.a(FS_Core.o)
 .bss           0x1fff8284     0x1000 .\ARM_GCC_493\Debug\Full_wo_failsafes.a(emFile_ConfigMMC_SPI.o)
 .bss           0x1fff9284       0x14 ..\OVac.cydsn\emFile_V322c\LinkLibrary\PSoC5\GCC\libemf32nosnlfn.a(MMC_Drv.o)
 .bss           0x1fff9298        0x1 .\ARM_GCC_493\Debug\Full_wo_failsafes.a(emFile_MMC_HW_SPI.o)
 .bss           0x1fff9299        0x1 .\ARM_GCC_493\Debug\Full_wo_failsafes.a(emFile_SPI0.o)
                0x1fff9299                emFile_SPI0_initVar
 *fill*         0x1fff929a        0x2 
 .bss.__malloc_sbrk_start
                0x1fff929c        0x4 c:/program files (x86)/cypress/psoc creator/4.0/psoc creator/import/gnu/arm/4.9.3/bin/../lib/gcc/arm-none-eabi/4.9.3/../../../../arm-none-eabi/lib/armv7-m\libg_nano.a(lib_a-nano-mallocr.o)
                0x1fff929c                __malloc_sbrk_start
 .bss.__malloc_free_list
                0x1fff92a0        0x4 c:/program files (x86)/cypress/psoc creator/4.0/psoc creator/import/gnu/arm/4.9.3/bin/../lib/gcc/arm-none-eabi/4.9.3/../../../../arm-none-eabi/lib/armv7-m\libg_nano.a(lib_a-nano-mallocr.o)
                0x1fff92a0                __malloc_free_list
 *(COMMON)
 COMMON         0x1fff92a4       0x1b .\ARM_GCC_493\Debug\main.o
                0x1fff92a4                fsfile
                0x1fff92a8                buffer
                0x1fff92be                devAddr
 COMMON         0x1fff92bf        0x8 .\ARM_GCC_493\Debug\LiquidCrystal_I2C.o
                0x1fff92bf                _backlightval
                0x1fff92c0                _addr
                0x1fff92c1                _displaycontrol
                0x1fff92c2                _charsize
                0x1fff92c3                _displaymode
                0x1fff92c4                _displayfunction
                0x1fff92c5                _cols
                0x1fff92c6                _rows
 *fill*         0x1fff92c7        0x1 
 COMMON         0x1fff92c8        0x8 .\ARM_GCC_493\Debug\Full_wo_failsafes.a(ADC.o)
                0x1fff92c8                ADC_Offset
                0x1fff92cc                ADC_CountsPerVolt
 COMMON         0x1fff92d0        0x1 .\ARM_GCC_493\Debug\Full_wo_failsafes.a(I2C_Master.o)
                0x1fff92d0                I2C_Master_state
 *fill*         0x1fff92d1        0x3 
 COMMON         0x1fff92d4        0xf .\ARM_GCC_493\Debug\Full_wo_failsafes.a(I2C_Master_MASTER.o)
                0x1fff92d4                I2C_Master_mstrRdBufIndex
                0x1fff92d5                I2C_Master_mstrWrBufIndex
                0x1fff92d6                I2C_Master_mstrWrBufSize
                0x1fff92d8                I2C_Master_mstrWrBufPtr
                0x1fff92dc                I2C_Master_mstrRdBufPtr
                0x1fff92e0                I2C_Master_mstrControl
                0x1fff92e1                I2C_Master_mstrStatus
                0x1fff92e2                I2C_Master_mstrRdBufSize
 *fill*         0x1fff92e3        0x1 
 COMMON         0x1fff92e4       0x88 ..\OVac.cydsn\emFile_V322c\LinkLibrary\PSoC5\GCC\libemf32nosnlfn.a(FS_Core.o)
                0x1fff92e4                FS_Global
                0x1fff9368                FS_NumBytesAllocated
 COMMON         0x1fff936c        0x4 c:/program files (x86)/cypress/psoc creator/4.0/psoc creator/import/gnu/arm/4.9.3/bin/../lib/gcc/arm-none-eabi/4.9.3/../../../../arm-none-eabi/lib/armv7-m\libg_nano.a(lib_a-reent.o)
                0x1fff936c                errno
                0x1fff9370                . = ALIGN (0x8)
 *(.ram.b)
                0x1fff9370                _end = .
                0x1fff9370                __end = .
                0x1fff9370                PROVIDE (end, .)
                0x1fff9370                PROVIDE (__bss_end__, .)
                0x00008d40                __cy_region_init_ram = LOADADDR (.data)
                0x000000a8                __cy_region_init_size_ram = (_edata - ADDR (.data))
                0x000011c0                __cy_region_zero_size_ram = (_end - _edata)

.heap           0x1fff9370       0x80 load address 0x00008de8
                0x1fff9370                . = _end
                0x1fff93f0                . = (. + 0x80)
 *fill*         0x1fff9370       0x80 
                0x1fff93f0                __cy_heap_limit = .

.stack          0x20007800      0x800
                0x20007800                __cy_stack_limit = .
                0x20008000                . = (. + 0x800)
 *fill*         0x20007800      0x800 
                0x00000001                ASSERT ((__cy_stack_limit >= __cy_heap_limit), region RAM overflowed with stack)
                0x00000000                cy_checksum_exclude_size = (CY_APPL_LOADABLE == 0x1)?SIZEOF (.cy_checksum_exclude):0x0
                0x00000001                ASSERT ((cy_checksum_exclude_size <= CY_CHECKSUM_EXCLUDE_SIZE), CY_BOOT: Section .cy_checksum_exclude size exceedes specified limit.)

.cyloadermeta
 *(.cyloadermeta)

.cyloadablemeta
 *(.cyloadablemeta)

.cyconfigecc    0x80000000      0x8d4
 *(.cyconfigecc)
 .cyconfigecc   0x80000000      0x8d4 .\ARM_GCC_493\Debug\cymetadata.o
                0x80000000                cy_meta_configecc

.cycustnvl      0x90000000        0x4
 *(.cycustnvl)
 .cycustnvl     0x90000000        0x4 .\ARM_GCC_493\Debug\cymetadata.o
                0x90000000                cy_meta_custnvl

.cywolatch      0x90100000        0x4
 *(.cywolatch)
 .cywolatch     0x90100000        0x4 .\ARM_GCC_493\Debug\cymetadata.o
                0x90100000                cy_meta_wonvl

.cyeeprom       0x90200000        0x0
 *(.cyeeprom)
                0x00000001                ASSERT ((. <= ((0x90200000 + ee_offset) + ee_size)), .cyeeprom data will not fit in EEPROM)

.cyflashprotect
                0x90400000      0x100
 *(.cyflashprotect)
 .cyflashprotect
                0x90400000      0x100 .\ARM_GCC_493\Debug\cymetadata.o
                0x90400000                cy_meta_flashprotect

.cymeta         0x90500000        0xc
 *(.cymeta)
 .cymeta        0x90500000        0xc .\ARM_GCC_493\Debug\cymetadata.o
                0x90500000                cy_metadata

.rel.dyn        0x00008de8        0x0 load address 0x9050000c
 .rel.iplt      0x00000000        0x0 c:/program files (x86)/cypress/psoc creator/4.0/psoc creator/import/gnu/arm/4.9.3/bin/../lib/gcc/arm-none-eabi/4.9.3/armv7-m/crtbegin.o

.stab
 *(.stab)

.stabstr
 *(.stabstr)

.debug
 *(.debug)

.line
 *(.line)

.debug_srcinfo
 *(.debug_srcinfo)

.debug_sfnames
 *(.debug_sfnames)

.debug_aranges  0x00000000     0x1988
 *(.debug_aranges)
 .debug_aranges
                0x00000000       0x48 .\ARM_GCC_493\Debug\main.o
 .debug_aranges
                0x00000048      0x108 .\ARM_GCC_493\Debug\LiquidCrystal_I2C.o
 .debug_aranges
                0x00000150       0x68 .\ARM_GCC_493\Debug\i2cFunctions.o
 .debug_aranges
                0x000001b8       0x40 .\ARM_GCC_493\Debug\functions.o
 .debug_aranges
                0x000001f8      0x838 .\ARM_GCC_493\Debug\mpu6050.o
 .debug_aranges
                0x00000a30       0x18 .\ARM_GCC_493\Debug\cymetadata.o
 .debug_aranges
                0x00000a48       0x48 .\ARM_GCC_493\Debug\Cm3Start.o
 .debug_aranges
                0x00000a90       0x70 .\ARM_GCC_493\Debug\Full_wo_failsafes.a(cyfitter_cfg.o)
 .debug_aranges
                0x00000b00      0x2a0 .\ARM_GCC_493\Debug\Full_wo_failsafes.a(CyLib.o)
 .debug_aranges
                0x00000da0       0x98 .\ARM_GCC_493\Debug\Full_wo_failsafes.a(cyPm.o)
 .debug_aranges
                0x00000e38       0xe8 .\ARM_GCC_493\Debug\Full_wo_failsafes.a(ADC.o)
 .debug_aranges
                0x00000f20       0x38 .\ARM_GCC_493\Debug\Full_wo_failsafes.a(ADC_INT.o)
 .debug_aranges
                0x00000f58       0x30 .\ARM_GCC_493\Debug\Full_wo_failsafes.a(ADC_AMux.o)
 .debug_aranges
                0x00000f88       0x70 .\ARM_GCC_493\Debug\Full_wo_failsafes.a(ADC_Ext_CP_Clk.o)
 .debug_aranges
                0x00000ff8       0x80 .\ARM_GCC_493\Debug\Full_wo_failsafes.a(ADC_theACLK.o)
 .debug_aranges
                0x00001078       0x38 .\ARM_GCC_493\Debug\Full_wo_failsafes.a(I2C_Master.o)
 .debug_aranges
                0x000010b0       0x20 .\ARM_GCC_493\Debug\Full_wo_failsafes.a(I2C_Master_INT.o)
 .debug_aranges
                0x000010d0       0x38 .\ARM_GCC_493\Debug\Full_wo_failsafes.a(I2C_Master_PM.o)
 .debug_aranges
                0x00001108       0x80 .\ARM_GCC_493\Debug\Full_wo_failsafes.a(I2C_Master_MASTER.o)
 .debug_aranges
                0x00001188       0x88 .\ARM_GCC_493\Debug\Full_wo_failsafes.a(Sample_Timer.o)
 .debug_aranges
                0x00001210       0x80 .\ARM_GCC_493\Debug\Full_wo_failsafes.a(Sample_ISR.o)
 .debug_aranges
                0x00001290       0x38 .\ARM_GCC_493\Debug\Full_wo_failsafes.a(Solenoid_1.o)
 .debug_aranges
                0x000012c8       0x90 .\ARM_GCC_493\Debug\Full_wo_failsafes.a(Countdown_timer.o)
 .debug_aranges
                0x00001358       0x80 .\ARM_GCC_493\Debug\Full_wo_failsafes.a(countdown.o)
 .debug_aranges
                0x000013d8       0x38 .\ARM_GCC_493\Debug\Full_wo_failsafes.a(Solenoid_2.o)
 .debug_aranges
                0x00001410       0x70 .\ARM_GCC_493\Debug\Full_wo_failsafes.a(Comp.o)
 .debug_aranges
                0x00001480       0xf0 .\ARM_GCC_493\Debug\Full_wo_failsafes.a(UART.o)
 .debug_aranges
                0x00001570       0x80 .\ARM_GCC_493\Debug\Full_wo_failsafes.a(rx_interrupt.o)
 .debug_aranges
                0x000015f0       0x70 .\ARM_GCC_493\Debug\Full_wo_failsafes.a(UART_IntClock.o)
 .debug_aranges
                0x00001660       0x20 .\ARM_GCC_493\Debug\Full_wo_failsafes.a(CyBootAsmGnu.o)
 .debug_aranges
                0x00001680       0x80 .\ARM_GCC_493\Debug\Full_wo_failsafes.a(CyFlash.o)
 .debug_aranges
                0x00001700       0x78 .\ARM_GCC_493\Debug\Full_wo_failsafes.a(CySpc.o)
 .debug_aranges
                0x00001778       0x28 .\ARM_GCC_493\Debug\Full_wo_failsafes.a(emFile_ConfigMMC_SPI.o)
 .debug_aranges
                0x000017a0       0x68 .\ARM_GCC_493\Debug\Full_wo_failsafes.a(emFile_MMC_HW_SPI.o)
 .debug_aranges
                0x00001808       0xd8 .\ARM_GCC_493\Debug\Full_wo_failsafes.a(emFile_SPI0.o)
 .debug_aranges
                0x000018e0       0x70 .\ARM_GCC_493\Debug\Full_wo_failsafes.a(emFile_Clock_1.o)
 .debug_aranges
                0x00001950       0x38 .\ARM_GCC_493\Debug\Full_wo_failsafes.a(emFile_SPI0_CS.o)

.debug_pubnames
 *(.debug_pubnames)

.debug_info     0x00000000     0x95f3
 *(.debug_info .gnu.linkonce.wi.*)
 .debug_info    0x00000000      0x697 .\ARM_GCC_493\Debug\main.o
 .debug_info    0x00000697      0x550 .\ARM_GCC_493\Debug\LiquidCrystal_I2C.o
 .debug_info    0x00000be7      0x43d .\ARM_GCC_493\Debug\i2cFunctions.o
 .debug_info    0x00001024      0x3ee .\ARM_GCC_493\Debug\functions.o
 .debug_info    0x00001412     0x21aa .\ARM_GCC_493\Debug\mpu6050.o
 .debug_info    0x000035bc      0x13f .\ARM_GCC_493\Debug\cymetadata.o
 .debug_info    0x000036fb      0x319 .\ARM_GCC_493\Debug\Cm3Start.o
 .debug_info    0x00003a14      0x4ef .\ARM_GCC_493\Debug\Full_wo_failsafes.a(cyfitter_cfg.o)
 .debug_info    0x00003f03      0xe4a .\ARM_GCC_493\Debug\Full_wo_failsafes.a(CyLib.o)
 .debug_info    0x00004d4d      0x561 .\ARM_GCC_493\Debug\Full_wo_failsafes.a(cyPm.o)
 .debug_info    0x000052ae      0x725 .\ARM_GCC_493\Debug\Full_wo_failsafes.a(ADC.o)
 .debug_info    0x000059d3       0xcc .\ARM_GCC_493\Debug\Full_wo_failsafes.a(ADC_INT.o)
 .debug_info    0x00005a9f      0x10a .\ARM_GCC_493\Debug\Full_wo_failsafes.a(ADC_AMux.o)
 .debug_info    0x00005ba9      0x25d .\ARM_GCC_493\Debug\Full_wo_failsafes.a(ADC_Ext_CP_Clk.o)
 .debug_info    0x00005e06      0x299 .\ARM_GCC_493\Debug\Full_wo_failsafes.a(ADC_theACLK.o)
 .debug_info    0x0000609f      0x1fa .\ARM_GCC_493\Debug\Full_wo_failsafes.a(I2C_Master.o)
 .debug_info    0x00006299      0x14f .\ARM_GCC_493\Debug\Full_wo_failsafes.a(I2C_Master_INT.o)
 .debug_info    0x000063e8      0x193 .\ARM_GCC_493\Debug\Full_wo_failsafes.a(I2C_Master_PM.o)
 .debug_info    0x0000657b      0x3f1 .\ARM_GCC_493\Debug\Full_wo_failsafes.a(I2C_Master_MASTER.o)
 .debug_info    0x0000696c      0x23e .\ARM_GCC_493\Debug\Full_wo_failsafes.a(Sample_Timer.o)
 .debug_info    0x00006baa      0x23a .\ARM_GCC_493\Debug\Full_wo_failsafes.a(Sample_ISR.o)
 .debug_info    0x00006de4      0x11e .\ARM_GCC_493\Debug\Full_wo_failsafes.a(Solenoid_1.o)
 .debug_info    0x00006f02      0x254 .\ARM_GCC_493\Debug\Full_wo_failsafes.a(Countdown_timer.o)
 .debug_info    0x00007156      0x23a .\ARM_GCC_493\Debug\Full_wo_failsafes.a(countdown.o)
 .debug_info    0x00007390      0x11e .\ARM_GCC_493\Debug\Full_wo_failsafes.a(Solenoid_2.o)
 .debug_info    0x000074ae      0x23f .\ARM_GCC_493\Debug\Full_wo_failsafes.a(Comp.o)
 .debug_info    0x000076ed      0x503 .\ARM_GCC_493\Debug\Full_wo_failsafes.a(UART.o)
 .debug_info    0x00007bf0      0x23a .\ARM_GCC_493\Debug\Full_wo_failsafes.a(rx_interrupt.o)
 .debug_info    0x00007e2a      0x25d .\ARM_GCC_493\Debug\Full_wo_failsafes.a(UART_IntClock.o)
 .debug_info    0x00008087       0x8d .\ARM_GCC_493\Debug\Full_wo_failsafes.a(CyBootAsmGnu.o)
 .debug_info    0x00008114      0x36a .\ARM_GCC_493\Debug\Full_wo_failsafes.a(CyFlash.o)