Archive member included because of file (symbol)

.\ARM_GCC_493\Debug\OVac.a(cyfitter_cfg.o)
                              .\ARM_GCC_493\Debug\Cm3Start.o (cyfitter_cfg)
.\ARM_GCC_493\Debug\OVac.a(CyLib.o)
                              .\ARM_GCC_493\Debug\Cm3Start.o (CyResetStatus)
.\ARM_GCC_493\Debug\OVac.a(cyPm.o)
                              .\ARM_GCC_493\Debug\OVac.a(CyLib.o) (CyPmReadStatus)
.\ARM_GCC_493\Debug\OVac.a(ADC.o)
                              .\ARM_GCC_493\Debug\main.o (ADC_Start)
.\ARM_GCC_493\Debug\OVac.a(ADC_INT.o)
                              .\ARM_GCC_493\Debug\OVac.a(ADC.o) (ADC_ISR1)
.\ARM_GCC_493\Debug\OVac.a(ADC_AMux.o)
                              .\ARM_GCC_493\Debug\OVac.a(ADC.o) (ADC_AMux_Select)
.\ARM_GCC_493\Debug\OVac.a(ADC_Ext_CP_Clk.o)
                              .\ARM_GCC_493\Debug\OVac.a(ADC.o) (ADC_Ext_CP_Clk_SetDividerRegister)
.\ARM_GCC_493\Debug\OVac.a(ADC_theACLK.o)
                              .\ARM_GCC_493\Debug\OVac.a(ADC.o) (ADC_theACLK_SetDividerRegister)
.\ARM_GCC_493\Debug\OVac.a(I2C_Master.o)
                              .\ARM_GCC_493\Debug\main.o (I2C_Master_Start)
.\ARM_GCC_493\Debug\OVac.a(I2C_Master_INT.o)
                              .\ARM_GCC_493\Debug\OVac.a(I2C_Master.o) (I2C_Master_ISR)
.\ARM_GCC_493\Debug\OVac.a(I2C_Master_PM.o)
                              .\ARM_GCC_493\Debug\OVac.a(I2C_Master.o) (I2C_Master_backup)
.\ARM_GCC_493\Debug\OVac.a(I2C_Master_MASTER.o)
                              .\ARM_GCC_493\Debug\OVac.a(I2C_Master.o) (I2C_Master_mstrStatus)
.\ARM_GCC_493\Debug\OVac.a(Sample_Timer.o)
                              .\ARM_GCC_493\Debug\main.o (Sample_Timer_Start)
.\ARM_GCC_493\Debug\OVac.a(Sample_ISR.o)
                              .\ARM_GCC_493\Debug\main.o (Sample_ISR_StartEx)
.\ARM_GCC_493\Debug\OVac.a(Solenoid_1.o)
                              .\ARM_GCC_493\Debug\main.o (Solenoid_1_Write)
.\ARM_GCC_493\Debug\OVac.a(LED2.o)
                              .\ARM_GCC_493\Debug\main.o (LED2_Write)
.\ARM_GCC_493\Debug\OVac.a(Countdown_timer.o)
                              .\ARM_GCC_493\Debug\main.o (Countdown_timer_Start)
.\ARM_GCC_493\Debug\OVac.a(countdown.o)
                              .\ARM_GCC_493\Debug\main.o (countdown_StartEx)
.\ARM_GCC_493\Debug\OVac.a(adjust_timer.o)
                              .\ARM_GCC_493\Debug\main.o (adjust_timer_Start)
.\ARM_GCC_493\Debug\OVac.a(Solenoid_2.o)
                              .\ARM_GCC_493\Debug\main.o (Solenoid_2_Write)
.\ARM_GCC_493\Debug\OVac.a(Comp.o)
                              .\ARM_GCC_493\Debug\main.o (Comp_Stop)
.\ARM_GCC_493\Debug\OVac.a(UART.o)
                              .\ARM_GCC_493\Debug\main.o (UART_Start)
.\ARM_GCC_493\Debug\OVac.a(rx_interrupt.o)
                              .\ARM_GCC_493\Debug\main.o (rx_interrupt_StartEx)
.\ARM_GCC_493\Debug\OVac.a(UART_IntClock.o)
                              .\ARM_GCC_493\Debug\OVac.a(UART.o) (UART_IntClock_Start)
.\ARM_GCC_493\Debug\OVac.a(temp_isr.o)
                              .\ARM_GCC_493\Debug\main.o (temp_isr_StartEx)
.\ARM_GCC_493\Debug\OVac.a(CyBootAsmGnu.o)
                              .\ARM_GCC_493\Debug\OVac.a(cyfitter_cfg.o) (CyDelayCycles)
.\ARM_GCC_493\Debug\OVac.a(CyFlash.o)
                              .\ARM_GCC_493\Debug\OVac.a(cyPm.o) (CyFlash_SetWaitCycles)
.\ARM_GCC_493\Debug\OVac.a(CySpc.o)
                              .\ARM_GCC_493\Debug\OVac.a(CyFlash.o) (CySpcStart)
.\emFile_V322c\LinkLibrary\PSoC5\GCC\libemf32nosnlfn.a(FAT_FormatSD.o)
                              .\ARM_GCC_493\Debug\main.o (FS_FormatSD)
.\emFile_V322c\LinkLibrary\PSoC5\GCC\libemf32nosnlfn.a(FAT_Misc.o)
                              .\emFile_V322c\LinkLibrary\PSoC5\GCC\libemf32nosnlfn.a(FAT_FormatSD.o) (FS_FAT_GetFATType)
.\emFile_V322c\LinkLibrary\PSoC5\GCC\libemf32nosnlfn.a(FAT_Open.o)
                              .\emFile_V322c\LinkLibrary\PSoC5\GCC\libemf32nosnlfn.a(FAT_Misc.o) (FS_FAT_InitDirEntryScan)
.\emFile_V322c\LinkLibrary\PSoC5\GCC\libemf32nosnlfn.a(FAT_Write.o)
                              .\emFile_V322c\LinkLibrary\PSoC5\GCC\libemf32nosnlfn.a(FAT_Misc.o) (FS_FAT_Close)
.\emFile_V322c\LinkLibrary\PSoC5\GCC\libemf32nosnlfn.a(FS_CLib.o)
                              .\emFile_V322c\LinkLibrary\PSoC5\GCC\libemf32nosnlfn.a(FAT_Open.o) (FS__CLIB_memcmp)
.\emFile_V322c\LinkLibrary\PSoC5\GCC\libemf32nosnlfn.a(FS_Core.o)
                              .\emFile_V322c\LinkLibrary\PSoC5\GCC\libemf32nosnlfn.a(FAT_FormatSD.o) (FS__DivideU32Up)
.\emFile_V322c\LinkLibrary\PSoC5\GCC\libemf32nosnlfn.a(FS_LogBlock.o)
                              .\emFile_V322c\LinkLibrary\PSoC5\GCC\libemf32nosnlfn.a(FAT_FormatSD.o) (FS_LB_GetStatus)
.\emFile_V322c\LinkLibrary\PSoC5\GCC\libemf32nosnlfn.a(FS_memcpy.o)
                              .\emFile_V322c\LinkLibrary\PSoC5\GCC\libemf32nosnlfn.a(FAT_Open.o) (FS_memcpy)
.\emFile_V322c\LinkLibrary\PSoC5\GCC\libemf32nosnlfn.a(FS_Misc.o)
[...]
Memory Configuration

Name             Origin             Length             Attributes
rom              0x00000000         0x00040000         xr
ram              0x1fff8000         0x00010000         xrw
*default*        0x00000000         0xffffffff

Linker script and memory map

LOAD c:/program files (x86)/cypress/psoc creator/4.0/psoc creator/import/gnu/arm/4.9.3/bin/../lib/gcc/arm-none-eabi/4.9.3/armv7-m/crti.o
LOAD c:/program files (x86)/cypress/psoc creator/4.0/psoc creator/import/gnu/arm/4.9.3/bin/../lib/gcc/arm-none-eabi/4.9.3/armv7-m/crtbegin.o
LOAD c:/program files (x86)/cypress/psoc creator/4.0/psoc creator/import/gnu/arm/4.9.3/bin/../lib/gcc/arm-none-eabi/4.9.3/../../../../arm-none-eabi/lib/armv7-m/crt0.o
START GROUP
LOAD .\ARM_GCC_493\Debug\main.o
LOAD .\ARM_GCC_493\Debug\LiquidCrystal_I2C.o
LOAD .\ARM_GCC_493\Debug\i2cFunctions.o
LOAD .\ARM_GCC_493\Debug\functions.o
LOAD .\ARM_GCC_493\Debug\mpu6050.o
LOAD .\ARM_GCC_493\Debug\cymetadata.o
LOAD .\ARM_GCC_493\Debug\Cm3Start.o
LOAD .\ARM_GCC_493\Debug\OVac.a
LOAD C:\Program Files (x86)\Cypress\PSoC Creator\4.0\PSoC Creator\psoc\content\cycomponentlibrary\CyComponentLibrary.cylib\CortexM3\ARM_GCC_493\Debug\CyComponentLibrary.a
LOAD .\emFile_V322c\LinkLibrary\PSoC5\GCC\libemf32nosnlfn.a
END GROUP
START GROUP
LOAD c:/program files (x86)/cypress/psoc creator/4.0/psoc creator/import/gnu/arm/4.9.3/bin/../lib/gcc/arm-none-eabi/4.9.3/armv7-m\libgcc.a
LOAD c:/program files (x86)/cypress/psoc creator/4.0/psoc creator/import/gnu/arm/4.9.3/bin/../lib/gcc/arm-none-eabi/4.9.3/../../../../arm-none-eabi/lib/armv7-m\libg_nano.a
LOAD c:/program files (x86)/cypress/psoc creator/4.0/psoc creator/import/gnu/arm/4.9.3/bin/../lib/gcc/arm-none-eabi/4.9.3/../../../../arm-none-eabi/lib/armv7-m\libc_nano.a
END GROUP
START GROUP
LOAD c:/program files (x86)/cypress/psoc creator/4.0/psoc creator/import/gnu/arm/4.9.3/bin/../lib/gcc/arm-none-eabi/4.9.3/armv7-m\libgcc.a
LOAD c:/program files (x86)/cypress/psoc creator/4.0/psoc creator/import/gnu/arm/4.9.3/bin/../lib/gcc/arm-none-eabi/4.9.3/../../../../arm-none-eabi/lib/armv7-m\libc_nano.a
END GROUP
LOAD c:/program files (x86)/cypress/psoc creator/4.0/psoc creator/import/gnu/arm/4.9.3/bin/../lib/gcc/arm-none-eabi/4.9.3/armv7-m/crtend.o
LOAD c:/program files (x86)/cypress/psoc creator/4.0/psoc creator/import/gnu/arm/4.9.3/bin/../lib/gcc/arm-none-eabi/4.9.3/armv7-m/crtn.o
START GROUP
LOAD c:/program files (x86)/cypress/psoc creator/4.0/psoc creator/import/gnu/arm/4.9.3/bin/../lib/gcc/arm-none-eabi/4.9.3/armv7-m\libgcc.a
LOAD c:/program files (x86)/cypress/psoc creator/4.0/psoc creator/import/gnu/arm/4.9.3/bin/../lib/gcc/arm-none-eabi/4.9.3/../../../../arm-none-eabi/lib/armv7-m\libc.a
LOAD c:/program files (x86)/cypress/psoc creator/4.0/psoc creator/import/gnu/arm/4.9.3/bin/../lib/gcc/arm-none-eabi/4.9.3/../../../../arm-none-eabi/lib/armv7-m\libnosys.a
END GROUP
                0x00000000                CY_APPL_ORIGIN = 0x0
                0x00000100                CY_FLASH_ROW_SIZE = 0x100
                0x00000020                CY_ECC_ROW_SIZE = 0x20
                0x00000000                CY_EE_IN_BTLDR = 0x0
                0x00000000                CY_APPL_LOADABLE = 0x0
                0x00000800                CY_EE_SIZE = 0x800
                0x00000001                CY_APPL_NUM = 0x1
                0x00000001                CY_APPL_MAX = 0x1
                0x00000040                CY_METADATA_SIZE = 0x40
                0x00000000                CY_APPL_LOADABLE = 0x0
                0x00000000                CY_CHECKSUM_EXCLUDE_SIZE = ALIGN (0x0, CY_FLASH_ROW_SIZE)
                0x1fff9358                PROVIDE (__cy_heap_start, _end)
                0x00000001                PROVIDE (__cy_region_num, ((__cy_regions_end - __cy_regions) / 0x10))
                0x20008000                PROVIDE (__cy_stack, (ORIGIN (ram) + 0x10000))
                0x20007800                PROVIDE (__cy_heap_end, (__cy_stack - 0x800))

.cybootloader   0x00000000        0x0
 *(.cybootloader)
                0x00000000                appl1_start = CY_APPL_ORIGIN?CY_APPL_ORIGIN:ALIGN (CY_FLASH_ROW_SIZE)
                0x0001ff00                appl2_start = (appl1_start + ALIGN ((((0x40000 - appl1_start) - (0x2 * CY_FLASH_ROW_SIZE)) / 0x2), CY_FLASH_ROW_SIZE))
                0x00000000                appl_start = (CY_APPL_NUM == 0x1)?appl1_start:appl2_start
                0x00000000                ecc_offset = ((appl_start / CY_FLASH_ROW_SIZE) * CY_ECC_ROW_SIZE)
                0x00000000                ee_offset = (CY_APPL_LOADABLE && ! (CY_EE_IN_BTLDR))?((CY_EE_SIZE / CY_APPL_MAX) * (CY_APPL_NUM - 0x1)):0x0
                0x00000800                ee_size = (CY_APPL_LOADABLE && ! (CY_EE_IN_BTLDR))?(CY_EE_SIZE / CY_APPL_MAX):CY_EE_SIZE
                0x00000000                PROVIDE (CY_ECC_OFFSET, ecc_offset)

.text           0x00000000     0x83a8
 CREATE_OBJECT_SYMBOLS
                0x00000000                PROVIDE (__cy_interrupt_vector, RomVectors)
 *(.romvectors)
 .romvectors    0x00000000       0x10 .\ARM_GCC_493\Debug\Cm3Start.o
                0x00000000                RomVectors
                0x00000001                ASSERT ((. != __cy_interrupt_vector), No interrupt vector)
                0x00000001                ASSERT (CY_APPL_ORIGIN?(SIZEOF (.cybootloader) <= CY_APPL_ORIGIN):0x1, Wrong image location)
                0x00000010                PROVIDE (__cy_reset, Reset)
 *(.text.Reset)
 .text.Reset    0x00000010       0x18 .\ARM_GCC_493\Debug\Cm3Start.o
                0x00000010                Reset
                0x00000001                ASSERT ((. != __cy_reset), No reset code)
 *(.dma_init)
                0x00000001                ASSERT ((((appl_start + .) <= 0x10000) || 0x1), DMA Init must be within the first 64k of flash)
 *(.text .text.* .gnu.linkonce.t.*)
 .text          0x00000028       0x5c c:/program files (x86)/cypress/psoc creator/4.0/psoc creator/import/gnu/arm/4.9.3/bin/../lib/gcc/arm-none-eabi/4.9.3/armv7-m/crtbegin.o
 .text.Sample_ISR_Handler
                0x00000084       0x38 .\ARM_GCC_493\Debug\main.o
                0x00000084                Sample_ISR_Handler
 .text.Countdown_ISR_Handler
                0x000000bc       0x3c .\ARM_GCC_493\Debug\main.o
                0x000000bc                Countdown_ISR_Handler
 .text.rx_interrupt
                0x000000f8        0xc .\ARM_GCC_493\Debug\main.o
                0x000000f8                rx_interrupt
 .text.temp_interrupt
                0x00000104       0x3c .\ARM_GCC_493\Debug\main.o
                0x00000104                temp_interrupt
 .text.main     0x00000140      0x828 .\ARM_GCC_493\Debug\main.o
                0x00000140                main
 .text.LiquidCrystal_I2C_init
                0x00000968       0x5c .\ARM_GCC_493\Debug\LiquidCrystal_I2C.o
                0x00000968                LiquidCrystal_I2C_init
 .text.begin    0x000009c4       0xd8 .\ARM_GCC_493\Debug\LiquidCrystal_I2C.o
                0x000009c4                begin
 .text.clear    0x00000a9c       0x14 .\ARM_GCC_493\Debug\LiquidCrystal_I2C.o
                0x00000a9c                clear
 .text.home     0x00000ab0       0x14 .\ARM_GCC_493\Debug\LiquidCrystal_I2C.o
                0x00000ab0                home
 .text.setCursor
                0x00000ac4       0x64 .\ARM_GCC_493\Debug\LiquidCrystal_I2C.o
                0x00000ac4                setCursor
 .text.display  0x00000b28       0x2c .\ARM_GCC_493\Debug\LiquidCrystal_I2C.o
                0x00000b28                display
 .text.command  0x00000b54       0x1c .\ARM_GCC_493\Debug\LiquidCrystal_I2C.o
                0x00000b54                command
 .text.write    0x00000b70       0x1c .\ARM_GCC_493\Debug\LiquidCrystal_I2C.o
                0x00000b70                write
 .text.send     0x00000b8c       0x44 .\ARM_GCC_493\Debug\LiquidCrystal_I2C.o
                0x00000b8c                send
 .text.write4bits
                0x00000bd0       0x24 .\ARM_GCC_493\Debug\LiquidCrystal_I2C.o
                0x00000bd0                write4bits
 .text.expanderWrite
                0x00000bf4       0x30 .\ARM_GCC_493\Debug\LiquidCrystal_I2C.o
                0x00000bf4                expanderWrite
 .text.pulseEnable
                0x00000c24       0x3c .\ARM_GCC_493\Debug\LiquidCrystal_I2C.o
                0x00000c24                pulseEnable
 .text.LCD_print
                0x00000c60       0x40 .\ARM_GCC_493\Debug\LiquidCrystal_I2C.o
                0x00000c60                LCD_print
 .text.I2C_M_write_byte
                0x00000ca0       0x30 .\ARM_GCC_493\Debug\LiquidCrystal_I2C.o
                0x00000ca0                I2C_M_write_byte
 .text.I2CReadBytes
                0x00000cd0       0x70 .\ARM_GCC_493\Debug\i2cFunctions.o
                0x00000cd0                I2CReadBytes
 .text.I2CReadByte
                0x00000d40       0x28 .\ARM_GCC_493\Debug\i2cFunctions.o
                0x00000d40                I2CReadByte
 .text.I2CWriteBytes
                0x00000d68       0x50 .\ARM_GCC_493\Debug\i2cFunctions.o
                0x00000d68                I2CWriteBytes
 .text.I2CWriteByte
                0x00000db8       0x28 .\ARM_GCC_493\Debug\i2cFunctions.o
                0x00000db8                I2CWriteByte
 .text.I2CWriteBits
                0x00000de0       0x9c .\ARM_GCC_493\Debug\i2cFunctions.o
                0x00000de0                I2CWriteBits
 .text.I2CWriteBit
                0x00000e7c       0x7c .\ARM_GCC_493\Debug\i2cFunctions.o
                0x00000e7c                I2CWriteBit
 .text.ComputeMA
                0x00000ef8       0x5c .\ARM_GCC_493\Debug\functions.o
                0x00000ef8                ComputeMA
 .text.BT_Send  0x00000f54       0xcc .\ARM_GCC_493\Debug\functions.o
                0x00000f54                BT_Send
 .text.MPU6050_init
                0x00001020       0x18 .\ARM_GCC_493\Debug\mpu6050.o
                0x00001020                MPU6050_init
 .text.MPU6050_initialize
                0x00001038       0x20 .\ARM_GCC_493\Debug\mpu6050.o
                0x00001038                MPU6050_initialize
 .text.MPU6050_setFullScaleGyroRange
                0x00001058       0x28 .\ARM_GCC_493\Debug\mpu6050.o
                0x00001058                MPU6050_setFullScaleGyroRange
 .text.MPU6050_setFullScaleAccelRange
                0x00001080       0x28 .\ARM_GCC_493\Debug\mpu6050.o
                0x00001080                MPU6050_setFullScaleAccelRange
 .text.MPU6050_getAccelerationZ
                0x000010a8       0x34 .\ARM_GCC_493\Debug\mpu6050.o
                0x000010a8                MPU6050_getAccelerationZ
 .text.MPU6050_setSleepEnabled
                0x000010dc       0x24 .\ARM_GCC_493\Debug\mpu6050.o
                0x000010dc                MPU6050_setSleepEnabled
 .text.MPU6050_setClockSource
                0x00001100       0x28 .\ARM_GCC_493\Debug\mpu6050.o
                0x00001100                MPU6050_setClockSource
 .text.IntDefaultHandler
                0x00001128       0x14 .\ARM_GCC_493\Debug\Cm3Start.o
                0x00001128                IntDefaultHandler
 .text._sbrk    0x0000113c       0x50 .\ARM_GCC_493\Debug\Cm3Start.o
                0x0000113c                _sbrk
 .text.Start_c  0x0000118c       0x98 .\ARM_GCC_493\Debug\Cm3Start.o
                0x0000118c                Start_c
 .text.initialize_psoc
                0x00001224       0x8c .\ARM_GCC_493\Debug\Cm3Start.o
                0x00001224                initialize_psoc
 .text.CYMEMZERO
                0x000012b0       0x1c .\ARM_GCC_493\Debug\OVac.a(cyfitter_cfg.o)
 .text.CYCONFIGCPY
                0x000012cc       0x1c .\ARM_GCC_493\Debug\OVac.a(cyfitter_cfg.o)
 .text.CyClockStartupError
                0x000012e8        0xc .\ARM_GCC_493\Debug\OVac.a(cyfitter_cfg.o)
 .text.cfg_write_bytes32
                0x000012f4       0x74 .\ARM_GCC_493\Debug\OVac.a(cyfitter_cfg.o)
 .text.ClockSetup
                0x00001368      0x180 .\ARM_GCC_493\Debug\OVac.a(cyfitter_cfg.o)
 .text.AnalogSetDefault
                0x000014e8       0x6c .\ARM_GCC_493\Debug\OVac.a(cyfitter_cfg.o)
 .text.ADC_AMux_Set
                0x00001554       0x40 .\ARM_GCC_493\Debug\OVac.a(cyfitter_cfg.o)
                0x00001554                ADC_AMux_Set
 .text.ADC_AMux_Unset
                0x00001594       0x44 .\ARM_GCC_493\Debug\OVac.a(cyfitter_cfg.o)
                0x00001594                ADC_AMux_Unset
 .text.cyfitter_cfg
                0x000015d8      0x1b8 .\ARM_GCC_493\Debug\OVac.a(cyfitter_cfg.o)
                0x000015d8                cyfitter_cfg
 .text.CyHalt   0x00001790       0x18 .\ARM_GCC_493\Debug\OVac.a(CyLib.o)
                0x00001790                CyHalt
 .text.CyDelay  0x000017a8       0x44 .\ARM_GCC_493\Debug\OVac.a(CyLib.o)
                0x000017a8                CyDelay
 .text.CyDelayUs
                0x000017ec       0x24 .\ARM_GCC_493\Debug\OVac.a(CyLib.o)
                0x000017ec                CyDelayUs
 .text.CyIntSetVector
                0x00001810       0x50 .\ARM_GCC_493\Debug\OVac.a(CyLib.o)
                0x00001810                CyIntSetVector
 .text.CyIntSetPriority
                0x00001860       0x44 .\ARM_GCC_493\Debug\OVac.a(CyLib.o)
                0x00001860                CyIntSetPriority
 .text.ADC_Init
                0x000018a4      0x158 .\ARM_GCC_493\Debug\OVac.a(ADC.o)
                0x000018a4                ADC_Init
 .text.ADC_Enable
                0x000019fc      0x158 .\ARM_GCC_493\Debug\OVac.a(ADC.o)
                0x000019fc                ADC_Enable
 .text.ADC_Start
                0x00001b54       0x30 .\ARM_GCC_493\Debug\OVac.a(ADC.o)
                0x00001b54                ADC_Start
 .text.ADC_StartConvert
                0x00001b84       0x20 .\ARM_GCC_493\Debug\OVac.a(ADC.o)
                0x00001b84                ADC_StartConvert
 .text.ADC_IsEndConversion
                0x00001ba4       0x50 .\ARM_GCC_493\Debug\OVac.a(ADC.o)
                0x00001ba4                ADC_IsEndConversion
 .text.ADC_GetResult32
                0x00001bf4       0xa8 .\ARM_GCC_493\Debug\OVac.a(ADC.o)
                0x00001bf4                ADC_GetResult32
 .text.ADC_InitConfig
                0x00001c9c      0x40c .\ARM_GCC_493\Debug\OVac.a(ADC.o)
 .text.ADC_GainCompensation
                0x000020a8      0x16c .\ARM_GCC_493\Debug\OVac.a(ADC.o)
 .text.ADC_SetDSMRef0Reg
                0x00002214       0x78 .\ARM_GCC_493\Debug\OVac.a(ADC.o)
 .text.ADC_ISR1
                0x0000228c        0xc .\ARM_GCC_493\Debug\OVac.a(ADC_INT.o)
                0x0000228c                ADC_ISR1
 .text.ADC_ISR2
                0x00002298        0xc .\ARM_GCC_493\Debug\OVac.a(ADC_INT.o)
                0x00002298                ADC_ISR2
 .text.ADC_ISR3
                0x000022a4        0xc .\ARM_GCC_493\Debug\OVac.a(ADC_INT.o)
                0x000022a4                ADC_ISR3
 .text.ADC_ISR4
                0x000022b0        0xc .\ARM_GCC_493\Debug\OVac.a(ADC_INT.o)
                0x000022b0                ADC_ISR4
 .text.ADC_AMux_Start
                0x000022bc       0x30 .\ARM_GCC_493\Debug\OVac.a(ADC_AMux.o)
                0x000022bc                ADC_AMux_Start
 .text.ADC_AMux_Select
                0x000022ec       0x28 .\ARM_GCC_493\Debug\OVac.a(ADC_AMux.o)
                0x000022ec                ADC_AMux_Select
 .text.ADC_Ext_CP_Clk_SetDividerRegister
                0x00002314      0x160 .\ARM_GCC_493\Debug\OVac.a(ADC_Ext_CP_Clk.o)
                0x00002314                ADC_Ext_CP_Clk_SetDividerRegister
 .text.ADC_Ext_CP_Clk_GetDividerRegister
                0x00002474       0x18 .\ARM_GCC_493\Debug\OVac.a(ADC_Ext_CP_Clk.o)
                0x00002474                ADC_Ext_CP_Clk_GetDividerRegister
 .text.ADC_Ext_CP_Clk_SetModeRegister
                0x0000248c       0x34 .\ARM_GCC_493\Debug\OVac.a(ADC_Ext_CP_Clk.o)
                0x0000248c                ADC_Ext_CP_Clk_SetModeRegister
 .text.ADC_Ext_CP_Clk_GetSourceRegister
                0x000024c0       0x20 .\ARM_GCC_493\Debug\OVac.a(ADC_Ext_CP_Clk.o)
                0x000024c0                ADC_Ext_CP_Clk_GetSourceRegister
 .text.ADC_theACLK_SetDividerRegister
                0x000024e0      0x160 .\ARM_GCC_493\Debug\OVac.a(ADC_theACLK.o)
                0x000024e0                ADC_theACLK_SetDividerRegister
 .text.ADC_theACLK_GetDividerRegister
                0x00002640       0x18 .\ARM_GCC_493\Debug\OVac.a(ADC_theACLK.o)
                0x00002640                ADC_theACLK_GetDividerRegister
 .text.ADC_theACLK_SetModeRegister
                0x00002658       0x34 .\ARM_GCC_493\Debug\OVac.a(ADC_theACLK.o)
                0x00002658                ADC_theACLK_SetModeRegister
 .text.ADC_theACLK_GetSourceRegister
                0x0000268c       0x20 .\ARM_GCC_493\Debug\OVac.a(ADC_theACLK.o)
                0x0000268c                ADC_theACLK_GetSourceRegister
 .text.I2C_Master_Init
                0x000026ac       0x80 .\ARM_GCC_493\Debug\OVac.a(I2C_Master.o)
                0x000026ac                I2C_Master_Init
 .text.I2C_Master_Enable
                0x0000272c       0x44 .\ARM_GCC_493\Debug\OVac.a(I2C_Master.o)
                0x0000272c                I2C_Master_Enable
 .text.I2C_Master_Start
                0x00002770       0x2c .\ARM_GCC_493\Debug\OVac.a(I2C_Master.o)
                0x00002770                I2C_Master_Start
 .text.I2C_Master_ISR
                0x0000279c      0x3ac .\ARM_GCC_493\Debug\OVac.a(I2C_Master_INT.o)
                0x0000279c                I2C_Master_ISR
 .text.I2C_Master_MasterSendStart
                0x00002b48       0xbc .\ARM_GCC_493\Debug\OVac.a(I2C_Master_MASTER.o)
                0x00002b48                I2C_Master_MasterSendStart
 .text.I2C_Master_MasterSendRestart
                0x00002c04       0xa4 .\ARM_GCC_493\Debug\OVac.a(I2C_Master_MASTER.o)
                0x00002c04                I2C_Master_MasterSendRestart
 .text.I2C_Master_MasterSendStop
                0x00002ca8       0x58 .\ARM_GCC_493\Debug\OVac.a(I2C_Master_MASTER.o)
                0x00002ca8                I2C_Master_MasterSendStop
 .text.I2C_Master_MasterWriteByte
                0x00002d00       0x80 .\ARM_GCC_493\Debug\OVac.a(I2C_Master_MASTER.o)
                0x00002d00                I2C_Master_MasterWriteByte
 .text.I2C_Master_MasterReadByte
                0x00002d80       0x7c .\ARM_GCC_493\Debug\OVac.a(I2C_Master_MASTER.o)
                0x00002d80                I2C_Master_MasterReadByte
 .text.Sample_Timer_Init
                0x00002dfc       0x98 .\ARM_GCC_493\Debug\OVac.a(Sample_Timer.o)
                0x00002dfc                Sample_Timer_Init
 .text.Sample_Timer_Enable
                0x00002e94       0x48 .\ARM_GCC_493\Debug\OVac.a(Sample_Timer.o)
                0x00002e94                Sample_Timer_Enable
 .text.Sample_Timer_Start
                0x00002edc       0x20 .\ARM_GCC_493\Debug\OVac.a(Sample_Timer.o)
                0x00002edc                Sample_Timer_Start
 .text.Sample_Timer_SetInterruptMode
                0x00002efc       0x20 .\ARM_GCC_493\Debug\OVac.a(Sample_Timer.o)
                0x00002efc                Sample_Timer_SetInterruptMode
 .text.Sample_Timer_WritePeriod
                0x00002f1c       0x24 .\ARM_GCC_493\Debug\OVac.a(Sample_Timer.o)
                0x00002f1c                Sample_Timer_WritePeriod
 .text.Sample_Timer_WriteCounter
                0x00002f40       0x20 .\ARM_GCC_493\Debug\OVac.a(Sample_Timer.o)
                0x00002f40                Sample_Timer_WriteCounter
 .text.Sample_ISR_StartEx
                0x00002f60       0x24 .\ARM_GCC_493\Debug\OVac.a(Sample_ISR.o)
                0x00002f60                Sample_ISR_StartEx
 .text.Sample_ISR_SetVector
                0x00002f84       0x24 .\ARM_GCC_493\Debug\OVac.a(Sample_ISR.o)
                0x00002f84                Sample_ISR_SetVector
 .text.Sample_ISR_SetPriority
                0x00002fa8       0x24 .\ARM_GCC_493\Debug\OVac.a(Sample_ISR.o)
                0x00002fa8                Sample_ISR_SetPriority
 .text.Sample_ISR_Enable
                0x00002fcc       0x18 .\ARM_GCC_493\Debug\OVac.a(Sample_ISR.o)
                0x00002fcc                Sample_ISR_Enable
 .text.Sample_ISR_Disable
                0x00002fe4       0x18 .\ARM_GCC_493\Debug\OVac.a(Sample_ISR.o)
                0x00002fe4                Sample_ISR_Disable
 .text.Solenoid_1_Write
                0x00002ffc       0x34 .\ARM_GCC_493\Debug\OVac.a(Solenoid_1.o)
                0x00002ffc                Solenoid_1_Write
 .text.LED2_Write
                0x00003030       0x3c .\ARM_GCC_493\Debug\OVac.a(LED2.o)
                0x00003030                LED2_Write
 .text.Countdown_timer_Init
                0x0000306c       0x4c .\ARM_GCC_493\Debug\OVac.a(Countdown_timer.o)
                0x0000306c                Countdown_timer_Init
 .text.Countdown_timer_Enable
                0x000030b8       0x20 .\ARM_GCC_493\Debug\OVac.a(Countdown_timer.o)
                0x000030b8                Countdown_timer_Enable
 .text.Countdown_timer_Start
                0x000030d8       0x20 .\ARM_GCC_493\Debug\OVac.a(Countdown_timer.o)
                0x000030d8                Countdown_timer_Start
 .text.Countdown_timer_SetInterruptMode
                0x000030f8       0x20 .\ARM_GCC_493\Debug\OVac.a(Countdown_timer.o)
                0x000030f8                Countdown_timer_SetInterruptMode
 .text.Countdown_timer_ReadStatusRegister
                0x00003118       0x18 .\ARM_GCC_493\Debug\OVac.a(Countdown_timer.o)
                0x00003118                Countdown_timer_ReadStatusRegister
 .text.Countdown_timer_WritePeriod
                0x00003130       0x1c .\ARM_GCC_493\Debug\OVac.a(Countdown_timer.o)
                0x00003130                Countdown_timer_WritePeriod
 .text.Countdown_timer_ReadCapture
                0x0000314c       0x18 .\ARM_GCC_493\Debug\OVac.a(Countdown_timer.o)
                0x0000314c                Countdown_timer_ReadCapture
 .text.Countdown_timer_WriteCounter
                0x00003164       0x1c .\ARM_GCC_493\Debug\OVac.a(Countdown_timer.o)
                0x00003164                Countdown_timer_WriteCounter
 .text.Countdown_timer_ClearFIFO
                0x00003180       0x1c .\ARM_GCC_493\Debug\OVac.a(Countdown_timer.o)
                0x00003180                Countdown_timer_ClearFIFO
 .text.countdown_StartEx
                0x0000319c       0x24 .\ARM_GCC_493\Debug\OVac.a(countdown.o)
                0x0000319c                countdown_StartEx
 .text.countdown_SetVector
                0x000031c0       0x24 .\ARM_GCC_493\Debug\OVac.a(countdown.o)
                0x000031c0                countdown_SetVector
 .text.countdown_SetPriority
                0x000031e4       0x24 .\ARM_GCC_493\Debug\OVac.a(countdown.o)
                0x000031e4                countdown_SetPriority
 .text.countdown_Enable
                0x00003208       0x18 .\ARM_GCC_493\Debug\OVac.a(countdown.o)
                0x00003208                countdown_Enable
 .text.countdown_Disable
                0x00003220       0x18 .\ARM_GCC_493\Debug\OVac.a(countdown.o)
                0x00003220                countdown_Disable
 .text.adjust_timer_Init
                0x00003238       0x4c .\ARM_GCC_493\Debug\OVac.a(adjust_timer.o)
                0x00003238                adjust_timer_Init
 .text.adjust_timer_Enable
                0x00003284       0x20 .\ARM_GCC_493\Debug\OVac.a(adjust_timer.o)
                0x00003284                adjust_timer_Enable
 .text.adjust_timer_Start
                0x000032a4       0x20 .\ARM_GCC_493\Debug\OVac.a(adjust_timer.o)
                0x000032a4                adjust_timer_Start
 .text.adjust_timer_SetInterruptMode
                0x000032c4       0x20 .\ARM_GCC_493\Debug\OVac.a(adjust_timer.o)
                0x000032c4                adjust_timer_SetInterruptMode
 .text.adjust_timer_ReadStatusRegister
                0x000032e4       0x18 .\ARM_GCC_493\Debug\OVac.a(adjust_timer.o)
                0x000032e4                adjust_timer_ReadStatusRegister
 .text.adjust_timer_WritePeriod
                0x000032fc       0x1c .\ARM_GCC_493\Debug\OVac.a(adjust_timer.o)
                0x000032fc                adjust_timer_WritePeriod
 .text.adjust_timer_ReadCapture
                0x00003318       0x18 .\ARM_GCC_493\Debug\OVac.a(adjust_timer.o)
                0x00003318                adjust_timer_ReadCapture
 .text.adjust_timer_WriteCounter
                0x00003330       0x1c .\ARM_GCC_493\Debug\OVac.a(adjust_timer.o)
                0x00003330                adjust_timer_WriteCounter
 .text.adjust_timer_ClearFIFO
                0x0000334c       0x1c .\ARM_GCC_493\Debug\OVac.a(adjust_timer.o)
                0x0000334c                adjust_timer_ClearFIFO
 .text.Solenoid_2_Write
                0x00003368       0x3c .\ARM_GCC_493\Debug\OVac.a(Solenoid_2.o)
                0x00003368                Solenoid_2_Write
 .text.UART_Start
                0x000033a4       0x20 .\ARM_GCC_493\Debug\OVac.a(UART.o)
                0x000033a4                UART_Start
 .text.UART_Init
                0x000033c4       0x40 .\ARM_GCC_493\Debug\OVac.a(UART.o)
                0x000033c4                UART_Init
 .text.UART_Enable
                0x00003404       0x5c .\ARM_GCC_493\Debug\OVac.a(UART.o)
                0x00003404                UART_Enable
 .text.UART_ReadTxStatus
                0x00003460       0x18 .\ARM_GCC_493\Debug\OVac.a(UART.o)
                0x00003460                UART_ReadTxStatus
 .text.UART_PutChar
                0x00003478       0x34 .\ARM_GCC_493\Debug\OVac.a(UART.o)
                0x00003478                UART_PutChar
 .text.rx_interrupt_StartEx
                0x000034ac       0x24 .\ARM_GCC_493\Debug\OVac.a(rx_interrupt.o)
                0x000034ac                rx_interrupt_StartEx
 .text.rx_interrupt_SetVector
                0x000034d0       0x24 .\ARM_GCC_493\Debug\OVac.a(rx_interrupt.o)
                0x000034d0                rx_interrupt_SetVector
 .text.rx_interrupt_SetPriority
                0x000034f4       0x24 .\ARM_GCC_493\Debug\OVac.a(rx_interrupt.o)
                0x000034f4                rx_interrupt_SetPriority
 .text.rx_interrupt_Enable
                0x00003518       0x18 .\ARM_GCC_493\Debug\OVac.a(rx_interrupt.o)
                0x00003518                rx_interrupt_Enable
 .text.rx_interrupt_Disable
                0x00003530       0x18 .\ARM_GCC_493\Debug\OVac.a(rx_interrupt.o)
                0x00003530                rx_interrupt_Disable
 .text.UART_IntClock_Start
                0x00003548       0x34 .\ARM_GCC_493\Debug\OVac.a(UART_IntClock.o)
                0x00003548                UART_IntClock_Start
 .text.temp_isr_StartEx
                0x0000357c       0x24 .\ARM_GCC_493\Debug\OVac.a(temp_isr.o)
                0x0000357c                temp_isr_StartEx
 .text.temp_isr_SetVector
                0x000035a0       0x24 .\ARM_GCC_493\Debug\OVac.a(temp_isr.o)
                0x000035a0                temp_isr_SetVector
 .text.temp_isr_SetPriority
                0x000035c4       0x24 .\ARM_GCC_493\Debug\OVac.a(temp_isr.o)
                0x000035c4                temp_isr_SetPriority
 .text.temp_isr_Enable
                0x000035e8       0x18 .\ARM_GCC_493\Debug\OVac.a(temp_isr.o)
                0x000035e8                temp_isr_Enable
 .text.temp_isr_Disable
                0x00003600       0x18 .\ARM_GCC_493\Debug\OVac.a(temp_isr.o)
                0x00003600                temp_isr_Disable
 .text          0x00003618       0x58 .\ARM_GCC_493\Debug\OVac.a(CyBootAsmGnu.o)
                0x00003618                CyDelayCycles
                0x00003656                CyEnterCriticalSection
                0x0000365e                CyExitCriticalSection
 .text.FS__SD_Format
                0x00003670      0x26c .\emFile_V322c\LinkLibrary\PSoC5\GCC\libemf32nosnlfn.a(FAT_FormatSD.o)
                0x00003670                FS__SD_Format
 .text.FS_FormatSD
                0x000038dc       0x10 .\emFile_V322c\LinkLibrary\PSoC5\GCC\libemf32nosnlfn.a(FAT_FormatSD.o)
                0x000038dc                FS_FormatSD
 .text._ClusterId2FATOff
                0x000038ec       0x18 .\emFile_V322c\LinkLibrary\PSoC5\GCC\libemf32nosnlfn.a(FAT_Misc.o)
 .text._CalcLogClusterPos
                0x00003904        0xe .\emFile_V322c\LinkLibrary\PSoC5\GCC\libemf32nosnlfn.a(FAT_Misc.o)
 .text._ReadFromFreeClusterCache
                0x00003912       0x46 .\emFile_V322c\LinkLibrary\PSoC5\GCC\libemf32nosnlfn.a(FAT_Misc.o)
 .text.FS_FAT_GetFATType
                0x00003958       0x1a .\emFile_V322c\LinkLibrary\PSoC5\GCC\libemf32nosnlfn.a(FAT_Misc.o)
                0x00003958                FS_FAT_GetFATType
 .text.FS_FAT_ClusterId2SectorNo
                0x00003972        0xc .\emFile_V322c\LinkLibrary\PSoC5\GCC\libemf32nosnlfn.a(FAT_Misc.o)
                0x00003972                FS_FAT_ClusterId2SectorNo
 .text.FS_FAT_IsValidShortNameChar
                0x0000397e       0x34 .\emFile_V322c\LinkLibrary\PSoC5\GCC\libemf32nosnlfn.a(FAT_Misc.o)
                0x0000397e                FS_FAT_IsValidShortNameChar
 .text.FS_FAT_CopyShortName
                0x000039b2       0x56 .\emFile_V322c\LinkLibrary\PSoC5\GCC\libemf32nosnlfn.a(FAT_Misc.o)
                0x000039b2                FS_FAT_CopyShortName
 .text._SFN_CreateDirEntry
                0x00003a08       0x5a .\emFile_V322c\LinkLibrary\PSoC5\GCC\libemf32nosnlfn.a(FAT_Misc.o)
 .text._SFN_FindDirEntry
                0x00003a62       0x10 .\emFile_V322c\LinkLibrary\PSoC5\GCC\libemf32nosnlfn.a(FAT_Misc.o)
 *fill*         0x00003a72        0x2 
 .text.FS_FAT_FindDirEntry
                0x00003a74       0x60 .\emFile_V322c\LinkLibrary\PSoC5\GCC\libemf32nosnlfn.a(FAT_Misc.o)
                0x00003a74                FS_FAT_FindDirEntry
 .text.FS_FAT_CopyDirEntryInfo
                0x00003ad4       0x50 .\emFile_V322c\LinkLibrary\PSoC5\GCC\libemf32nosnlfn.a(FAT_Misc.o)
                0x00003ad4                FS_FAT_CopyDirEntryInfo
 .text._SFN_ReadDirEntryInfo
                0x00003b24       0x6e .\emFile_V322c\LinkLibrary\PSoC5\GCC\libemf32nosnlfn.a(FAT_Misc.o)
 .text._SetFATSector
                0x00003b92        0x6 .\emFile_V322c\LinkLibrary\PSoC5\GCC\libemf32nosnlfn.a(FAT_Misc.o)
 .text.FS_FAT_ReadFATEntry
                0x00003b98       0xb2 .\emFile_V322c\LinkLibrary\PSoC5\GCC\libemf32nosnlfn.a(FAT_Misc.o)
                0x00003b98                FS_FAT_ReadFATEntry
 *fill*         0x00003c4a        0x2 
 .text.FS_FAT_GetNumAdjClustersInChain
                0x00003c4c       0x64 .\emFile_V322c\LinkLibrary\PSoC5\GCC\libemf32nosnlfn.a(FAT_Misc.o)
                0x00003c4c                FS_FAT_GetNumAdjClustersInChain
 .text.FS_FAT_WalkClusterEx
                0x00003cb0       0x5c .\emFile_V322c\LinkLibrary\PSoC5\GCC\libemf32nosnlfn.a(FAT_Misc.o)
                0x00003cb0                FS_FAT_WalkClusterEx
 .text.FS_FAT_GotoCluster
                0x00003d0c       0x88 .\emFile_V322c\LinkLibrary\PSoC5\GCC\libemf32nosnlfn.a(FAT_Misc.o)
                0x00003d0c                FS_FAT_GotoCluster
 .text.FS_FAT_WalkCluster
                0x00003d94       0x18 .\emFile_V322c\LinkLibrary\PSoC5\GCC\libemf32nosnlfn.a(FAT_Misc.o)
                0x00003d94                FS_FAT_WalkCluster
 .text.FS_FAT_FindLastCluster
                0x00003dac       0x34 .\emFile_V322c\LinkLibrary\PSoC5\GCC\libemf32nosnlfn.a(FAT_Misc.o)
                0x00003dac                FS_FAT_FindLastCluster
 .text._WriteFATEntry
                0x00003de0      0x18e .\emFile_V322c\LinkLibrary\PSoC5\GCC\libemf32nosnlfn.a(FAT_Misc.o)
 .text.FS_FAT_MarkClusterEOC
                0x00003f6e        0x8 .\emFile_V322c\LinkLibrary\PSoC5\GCC\libemf32nosnlfn.a(FAT_Misc.o)
                0x00003f6e                FS_FAT_MarkClusterEOC
 .text.FS_FAT_SyncFAT
                0x00003f76       0x3c .\emFile_V322c\LinkLibrary\PSoC5\GCC\libemf32nosnlfn.a(FAT_Misc.o)
                0x00003f76                FS_FAT_SyncFAT
 .text.FS_FAT_LinkCluster
                0x00003fb2       0x1c .\emFile_V322c\LinkLibrary\PSoC5\GCC\libemf32nosnlfn.a(FAT_Misc.o)
                0x00003fb2                FS_FAT_LinkCluster
 *fill*         0x00003fce        0x2 
 .text._CalcFreeClusterCnt
                0x00003fd0       0x88 .\emFile_V322c\LinkLibrary\PSoC5\GCC\libemf32nosnlfn.a(FAT_Misc.o)
 .text.FS_FAT_FindFreeCluster
                0x00004058       0xa8 .\emFile_V322c\LinkLibrary\PSoC5\GCC\libemf32nosnlfn.a(FAT_Misc.o)
                0x00004058                FS_FAT_FindFreeCluster
 .text.FS_FAT_AllocCluster
                0x00004100       0x20 .\emFile_V322c\LinkLibrary\PSoC5\GCC\libemf32nosnlfn.a(FAT_Misc.o)
                0x00004100                FS_FAT_AllocCluster
 .text._WriteEmptyFATSectors
                0x00004120       0x3c .\emFile_V322c\LinkLibrary\PSoC5\GCC\libemf32nosnlfn.a(FAT_Misc.o)
 .text.FS_FAT_FreeClusterChain
                0x0000415c       0xe0 .\emFile_V322c\LinkLibrary\PSoC5\GCC\libemf32nosnlfn.a(FAT_Misc.o)
                0x0000415c                FS_FAT_FreeClusterChain
 .text.FS_FAT_CheckBPB
                0x0000423c      0x1cc .\emFile_V322c\LinkLibrary\PSoC5\GCC\libemf32nosnlfn.a(FAT_Misc.o)
                0x0000423c                FS_FAT_CheckBPB
 .text.FS_FAT_InitDirEntryScan
                0x00004408       0x14 .\emFile_V322c\LinkLibrary\PSoC5\GCC\libemf32nosnlfn.a(FAT_Open.o)
                0x00004408                FS_FAT_InitDirEntryScan
 .text.FS_FAT_IncDirPos
                0x0000441c        0x8 .\emFile_V322c\LinkLibrary\PSoC5\GCC\libemf32nosnlfn.a(FAT_Open.o)
                0x0000441c                FS_FAT_IncDirPos
 .text._CopyDirText
                0x00004424       0x44 .\emFile_V322c\LinkLibrary\PSoC5\GCC\libemf32nosnlfn.a(FAT_Open.o)
 .text.FS_FAT_Make83Name
                0x00004468       0xb0 .\emFile_V322c\LinkLibrary\PSoC5\GCC\libemf32nosnlfn.a(FAT_Open.o)
                0x00004468                FS_FAT_Make83Name
 .text.FS_FAT_GetDirEntry
                0x00004518       0xb2 .\emFile_V322c\LinkLibrary\PSoC5\GCC\libemf32nosnlfn.a(FAT_Open.o)
                0x00004518                FS_FAT_GetDirEntry
 .text.FS_FAT_FindDirEntryShortEx
                0x000045ca       0x5a .\emFile_V322c\LinkLibrary\PSoC5\GCC\libemf32nosnlfn.a(FAT_Open.o)
                0x000045ca                FS_FAT_FindDirEntryShortEx
 .text.FS_FAT_FindDirEntryShort
                0x00004624       0x36 .\emFile_V322c\LinkLibrary\PSoC5\GCC\libemf32nosnlfn.a(FAT_Open.o)
                0x00004624                FS_FAT_FindDirEntryShort
 .text.FS_FAT_FindEmptyDirEntry
                0x0000465a       0xb0 .\emFile_V322c\LinkLibrary\PSoC5\GCC\libemf32nosnlfn.a(FAT_Open.o)
                0x0000465a                FS_FAT_FindEmptyDirEntry
 .text.FS_FAT_GetFirstCluster
                0x0000470a       0x1a .\emFile_V322c\LinkLibrary\PSoC5\GCC\libemf32nosnlfn.a(FAT_Open.o)
                0x0000470a                FS_FAT_GetFirstCluster
 .text.FS_FAT_FindPath
                0x00004724       0x7a .\emFile_V322c\LinkLibrary\PSoC5\GCC\libemf32nosnlfn.a(FAT_Open.o)
                0x00004724                FS_FAT_FindPath
 .text.FS_FAT_DeleteFileOrDir
                0x0000479e       0x48 .\emFile_V322c\LinkLibrary\PSoC5\GCC\libemf32nosnlfn.a(FAT_Open.o)
                0x0000479e                FS_FAT_DeleteFileOrDir
 *fill*         0x000047e6        0x2 
 .text.FS_FAT_Open
                0x000047e8      0x1dc .\emFile_V322c\LinkLibrary\PSoC5\GCC\libemf32nosnlfn.a(FAT_Open.o)
                0x000047e8                FS_FAT_Open
 .text.FS_FAT_WriteDirEntryCluster
                0x000049c4       0x1c .\emFile_V322c\LinkLibrary\PSoC5\GCC\libemf32nosnlfn.a(FAT_Open.o)
                0x000049c4                FS_FAT_WriteDirEntryCluster
 .text.FS_FAT_WriteDirEntry83
                0x000049e0       0x6c .\emFile_V322c\LinkLibrary\PSoC5\GCC\libemf32nosnlfn.a(FAT_Open.o)
                0x000049e0                FS_FAT_WriteDirEntry83
 .text._WriteBurst
                0x00004a4c       0x24 .\emFile_V322c\LinkLibrary\PSoC5\GCC\libemf32nosnlfn.a(FAT_Write.o)
 .text.FS_FAT_GotoClusterAllocIfReq
                0x00004a70       0xa8 .\emFile_V322c\LinkLibrary\PSoC5\GCC\libemf32nosnlfn.a(FAT_Write.o)
                0x00004a70                FS_FAT_GotoClusterAllocIfReq
 .text.FS_FAT_UpdateDirEntry
                0x00004b18       0x68 .\emFile_V322c\LinkLibrary\PSoC5\GCC\libemf32nosnlfn.a(FAT_Write.o)
                0x00004b18                FS_FAT_UpdateDirEntry
 .text.FS_FAT_Write
                0x00004b80      0x1c8 .\emFile_V322c\LinkLibrary\PSoC5\GCC\libemf32nosnlfn.a(FAT_Write.o)
                0x00004b80                FS_FAT_Write
 .text.FS__CLIB_memcmp
                0x00004d48       0x20 .\emFile_V322c\LinkLibrary\PSoC5\GCC\libemf32nosnlfn.a(FS_CLib.o)
                0x00004d48                FS__CLIB_memcmp
 .text.FS__CLIB_memset
                0x00004d68       0x6c .\emFile_V322c\LinkLibrary\PSoC5\GCC\libemf32nosnlfn.a(FS_CLib.o)
                0x00004d68                FS__CLIB_memset
 .text.FS__CLIB_strcmp
                0x00004dd4       0x1a .\emFile_V322c\LinkLibrary\PSoC5\GCC\libemf32nosnlfn.a(FS_CLib.o)
                0x00004dd4                FS__CLIB_strcmp
 .text.FS__CLIB_strlen
                0x00004dee       0x10 .\emFile_V322c\LinkLibrary\PSoC5\GCC\libemf32nosnlfn.a(FS_CLib.o)
                0x00004dee                FS__CLIB_strlen
 .text.FS__CLIB_strncmp
                0x00004dfe       0x26 .\emFile_V322c\LinkLibrary\PSoC5\GCC\libemf32nosnlfn.a(FS_CLib.o)
                0x00004dfe                FS__CLIB_strncmp
 .text.FS__CLIB_strncpy
                0x00004e24       0x2e .\emFile_V322c\LinkLibrary\PSoC5\GCC\libemf32nosnlfn.a(FS_CLib.o)
                0x00004e24                FS__CLIB_strncpy
 .text.FS__CLIB_toupper
                0x00004e52        0xe .\emFile_V322c\LinkLibrary\PSoC5\GCC\libemf32nosnlfn.a(FS_CLib.o)
                0x00004e52                FS__CLIB_toupper
 .text.FS__DivideU32Up
                0x00004e60        0xa .\emFile_V322c\LinkLibrary\PSoC5\GCC\libemf32nosnlfn.a(FS_Core.o)
                0x00004e60                FS__DivideU32Up
 .text.FS__strchr
                0x00004e6a       0x14 .\emFile_V322c\LinkLibrary\PSoC5\GCC\libemf32nosnlfn.a(FS_Core.o)
                0x00004e6a                FS__strchr
 .text.FS_LoadU32BE
                0x00004e7e       0x18 .\emFile_V322c\LinkLibrary\PSoC5\GCC\libemf32nosnlfn.a(FS_Core.o)
                0x00004e7e                FS_LoadU32BE
 .text.FS_LoadU32LE
                0x00004e96       0x16 .\emFile_V322c\LinkLibrary\PSoC5\GCC\libemf32nosnlfn.a(FS_Core.o)
                0x00004e96                FS_LoadU32LE
 .text.FS_StoreU32LE
                0x00004eac       0x14 .\emFile_V322c\LinkLibrary\PSoC5\GCC\libemf32nosnlfn.a(FS_Core.o)
                0x00004eac                FS_StoreU32LE
 .text.FS_StoreU16LE
                0x00004ec0        0x8 .\emFile_V322c\LinkLibrary\PSoC5\GCC\libemf32nosnlfn.a(FS_Core.o)
                0x00004ec0                FS_StoreU16LE
 .text.FS_LoadU16LE
                0x00004ec8        0xa .\emFile_V322c\LinkLibrary\PSoC5\GCC\libemf32nosnlfn.a(FS_Core.o)
                0x00004ec8                FS_LoadU16LE
 *fill*         0x00004ed2        0x2 
 .text._Alloc   0x00004ed4       0x30 .\emFile_V322c\LinkLibrary\PSoC5\GCC\libemf32nosnlfn.a(FS_Core.o)
 .text.FS_Alloc
                0x00004f04        0xc .\emFile_V322c\LinkLibrary\PSoC5\GCC\libemf32nosnlfn.a(FS_Core.o)
                0x00004f04                FS_Alloc
 .text.FS_TryAlloc
                0x00004f10        0x4 .\emFile_V322c\LinkLibrary\PSoC5\GCC\libemf32nosnlfn.a(FS_Core.o)
                0x00004f10                FS_TryAlloc
 .text.FS_Free  0x00004f14       0x1c .\emFile_V322c\LinkLibrary\PSoC5\GCC\libemf32nosnlfn.a(FS_Core.o)
                0x00004f14                FS_Free
 .text.FS_AssignMemory
                0x00004f30        0xc .\emFile_V322c\LinkLibrary\PSoC5\GCC\libemf32nosnlfn.a(FS_Core.o)
                0x00004f30                FS_AssignMemory
 .text.FS_AllocZeroed
                0x00004f3c       0x16 .\emFile_V322c\LinkLibrary\PSoC5\GCC\libemf32nosnlfn.a(FS_Core.o)
                0x00004f3c                FS_AllocZeroed
 *fill*         0x00004f52        0x2 
 .text.FS_STORAGE_Init
                0x00004f54       0x28 .\emFile_V322c\LinkLibrary\PSoC5\GCC\libemf32nosnlfn.a(FS_Core.o)
                0x00004f54                FS_STORAGE_Init
 .text._ClrBusyLED
                0x00004f7c        0xc .\emFile_V322c\LinkLibrary\PSoC5\GCC\libemf32nosnlfn.a(FS_LogBlock.o)
 .text._SetBusyLED
                0x00004f88        0xc .\emFile_V322c\LinkLibrary\PSoC5\GCC\libemf32nosnlfn.a(FS_LogBlock.o)
 .text._Read    0x00004f94        0xc .\emFile_V322c\LinkLibrary\PSoC5\GCC\libemf32nosnlfn.a(FS_LogBlock.o)
 .text._Write   0x00004fa0       0x12 .\emFile_V322c\LinkLibrary\PSoC5\GCC\libemf32nosnlfn.a(FS_LogBlock.o)
 .text.FS_LB_GetStatus
                0x00004fb2        0xc .\emFile_V322c\LinkLibrary\PSoC5\GCC\libemf32nosnlfn.a(FS_LogBlock.o)
                0x00004fb2                FS_LB_GetStatus
 .text.FS_LB_InitMedium
                0x00004fbe       0x1a .\emFile_V322c\LinkLibrary\PSoC5\GCC\libemf32nosnlfn.a(FS_LogBlock.o)
                0x00004fbe                FS_LB_InitMedium
 .text.FS_LB_InitMediumIfRequired
                0x00004fd8       0x10 .\emFile_V322c\LinkLibrary\PSoC5\GCC\libemf32nosnlfn.a(FS_LogBlock.o)
                0x00004fd8                FS_LB_InitMediumIfRequired
 .text.FS_LB_ReadDevice
                0x00004fe8       0x2e .\emFile_V322c\LinkLibrary\PSoC5\GCC\libemf32nosnlfn.a(FS_LogBlock.o)
                0x00004fe8                FS_LB_ReadDevice
 .text.FS_LB_ReadPart
                0x00005016        0xe .\emFile_V322c\LinkLibrary\PSoC5\GCC\libemf32nosnlfn.a(FS_LogBlock.o)
                0x00005016                FS_LB_ReadPart
 .text.FS_LB_WriteBurst
                0x00005024       0x30 .\emFile_V322c\LinkLibrary\PSoC5\GCC\libemf32nosnlfn.a(FS_LogBlock.o)
                0x00005024                FS_LB_WriteBurst
 .text.FS_LB_WriteBurstPart
                0x00005054       0x14 .\emFile_V322c\LinkLibrary\PSoC5\GCC\libemf32nosnlfn.a(FS_LogBlock.o)
                0x00005054                FS_LB_WriteBurstPart
 .text.FS_LB_WriteMultiple
                0x00005068       0x30 .\emFile_V322c\LinkLibrary\PSoC5\GCC\libemf32nosnlfn.a(FS_LogBlock.o)
                0x00005068                FS_LB_WriteMultiple
 .text.FS_LB_WriteMultiplePart
                0x00005098       0x14 .\emFile_V322c\LinkLibrary\PSoC5\GCC\libemf32nosnlfn.a(FS_LogBlock.o)
                0x00005098                FS_LB_WriteMultiplePart
 .text.FS_LB_WriteDevice
                0x000050ac       0x36 .\emFile_V322c\LinkLibrary\PSoC5\GCC\libemf32nosnlfn.a(FS_LogBlock.o)
                0x000050ac                FS_LB_WriteDevice
 .text.FS_LB_WritePart
                0x000050e2        0xe .\emFile_V322c\LinkLibrary\PSoC5\GCC\libemf32nosnlfn.a(FS_LogBlock.o)
                0x000050e2                FS_LB_WritePart
 .text.FS_GetSectorSize
                0x000050f0       0x28 .\emFile_V322c\LinkLibrary\PSoC5\GCC\libemf32nosnlfn.a(FS_LogBlock.o)
                0x000050f0                FS_GetSectorSize
 .text.FS_LB_GetDeviceInfo
                0x00005118       0x26 .\emFile_V322c\LinkLibrary\PSoC5\GCC\libemf32nosnlfn.a(FS_LogBlock.o)
                0x00005118                FS_LB_GetDeviceInfo
 .text.FS_memcpy
                0x0000513e      0x120 .\emFile_V322c\LinkLibrary\PSoC5\GCC\libemf32nosnlfn.a(FS_memcpy.o)
                0x0000513e                FS_memcpy
 *fill*         0x0000525e        0x2 
 .text.FS__AllocSectorBuffer
                0x00005260       0x2c .\emFile_V322c\LinkLibrary\PSoC5\GCC\libemf32nosnlfn.a(FS_Misc.o)
                0x00005260                FS__AllocSectorBuffer
 .text.FS__FreeSectorBuffer
                0x0000528c       0x28 .\emFile_V322c\LinkLibrary\PSoC5\GCC\libemf32nosnlfn.a(FS_Misc.o)
                0x0000528c                FS__FreeSectorBuffer
 .text.FS__SB_MarkDirty
                0x000052b4        0x6 .\emFile_V322c\LinkLibrary\PSoC5\GCC\libemf32nosnlfn.a(FS_Misc.o)
                0x000052b4                FS__SB_MarkDirty
 .text.FS__SB_MarkNotDirty
                0x000052ba        0x6 .\emFile_V322c\LinkLibrary\PSoC5\GCC\libemf32nosnlfn.a(FS_Misc.o)
                0x000052ba                FS__SB_MarkNotDirty
 .text.FS__FreeFileHandle
                0x000052c0        0xa .\emFile_V322c\LinkLibrary\PSoC5\GCC\libemf32nosnlfn.a(FS_Misc.o)
                0x000052c0                FS__FreeFileHandle
 .text.FS__FreeFileObj
                0x000052ca        0xc .\emFile_V322c\LinkLibrary\PSoC5\GCC\libemf32nosnlfn.a(FS_Misc.o)
                0x000052ca                FS__FreeFileObj
 *fill*         0x000052d6        0x2 
 .text.FS_Init  0x000052d8       0x58 .\emFile_V322c\LinkLibrary\PSoC5\GCC\libemf32nosnlfn.a(FS_Misc.o)
                0x000052d8                FS_Init
 .text.FS__SB_Create
                0x00005330       0x28 .\emFile_V322c\LinkLibrary\PSoC5\GCC\libemf32nosnlfn.a(FS_Misc.o)
                0x00005330                FS__SB_Create
 .text.FS__AllocFileObj
                0x00005358       0x48 .\emFile_V322c\LinkLibrary\PSoC5\GCC\libemf32nosnlfn.a(FS_Misc.o)
                0x00005358                FS__AllocFileObj
 .text.FS__AllocFileHandle
                0x000053a0       0x40 .\emFile_V322c\LinkLibrary\PSoC5\GCC\libemf32nosnlfn.a(FS_Misc.o)
                0x000053a0                FS__AllocFileHandle
 .text.FS__OpenEx
                0x000053e0       0x58 .\emFile_V322c\LinkLibrary\PSoC5\GCC\libemf32nosnlfn.a(FS_Misc.o)
                0x000053e0                FS__OpenEx
 .text.FS__FOpenEx
                0x00005438       0x56 .\emFile_V322c\LinkLibrary\PSoC5\GCC\libemf32nosnlfn.a(FS_Misc.o)
                0x00005438                FS__FOpenEx
 *fill*         0x0000548e        0x2 
 .text.FS__FOpen
                0x00005490       0x48 .\emFile_V322c\LinkLibrary\PSoC5\GCC\libemf32nosnlfn.a(FS_Misc.o)
                0x00005490                FS__FOpen
 .text.FS_FOpen
                0x000054d8        0x4 .\emFile_V322c\LinkLibrary\PSoC5\GCC\libemf32nosnlfn.a(FS_Misc.o)
                0x000054d8                FS_FOpen
 .text.FS__SB_Write
                0x000054dc       0x24 .\emFile_V322c\LinkLibrary\PSoC5\GCC\libemf32nosnlfn.a(FS_Misc.o)
                0x000054dc                FS__SB_Write
 .text._SB_Clean
                0x00005500       0x24 .\emFile_V322c\LinkLibrary\PSoC5\GCC\libemf32nosnlfn.a(FS_Misc.o)
 .text.FS__SB_SetSector
                0x00005524       0x20 .\emFile_V322c\LinkLibrary\PSoC5\GCC\libemf32nosnlfn.a(FS_Misc.o)
                0x00005524                FS__SB_SetSector
 .text.FS__SB_Clean
                0x00005544        0x4 .\emFile_V322c\LinkLibrary\PSoC5\GCC\libemf32nosnlfn.a(FS_Misc.o)
                0x00005544                FS__SB_Clean
 .text.FS__SB_Delete
                0x00005548       0x12 .\emFile_V322c\LinkLibrary\PSoC5\GCC\libemf32nosnlfn.a(FS_Misc.o)
                0x00005548                FS__SB_Delete
 .text.FS__SB_Flush
                0x0000555a        0x8 .\emFile_V322c\LinkLibrary\PSoC5\GCC\libemf32nosnlfn.a(FS_Misc.o)
                0x0000555a                FS__SB_Flush
 .text.FS__SB_Read
                0x00005562       0x2a .\emFile_V322c\LinkLibrary\PSoC5\GCC\libemf32nosnlfn.a(FS_Misc.o)
                0x00005562                FS__SB_Read
 .text.FS__AddPhysDevice
                0x0000558c       0x10 .\emFile_V322c\LinkLibrary\PSoC5\GCC\libemf32nosnlfn.a(FS_Storage.o)
                0x0000558c                FS__AddPhysDevice
 .text.FS_GetVolumeName
                0x0000559c       0x60 .\emFile_V322c\LinkLibrary\PSoC5\GCC\libemf32nosnlfn.a(FS_Storage.o)
                0x0000559c                FS_GetVolumeName
 .text.FS__FindVolume
                0x000055fc       0x78 .\emFile_V322c\LinkLibrary\PSoC5\GCC\libemf32nosnlfn.a(FS_Storage.o)
                0x000055fc                FS__FindVolume
 .text.FS__AddDevice
                0x00005674       0x68 .\emFile_V322c\LinkLibrary\PSoC5\GCC\libemf32nosnlfn.a(FS_Storage.o)
                0x00005674                FS__AddDevice
 .text.FS_AddDevice
                0x000056dc        0x4 .\emFile_V322c\LinkLibrary\PSoC5\GCC\libemf32nosnlfn.a(FS_Storage.o)
                0x000056dc                FS_AddDevice
 .text._Mount   0x000056e0       0x2e .\emFile_V322c\LinkLibrary\PSoC5\GCC\libemf32nosnlfn.a(FS_Volume.o)
 .text.FS__AutoMount
                0x0000570e       0x14 .\emFile_V322c\LinkLibrary\PSoC5\GCC\libemf32nosnlfn.a(FS_Volume.o)
                0x0000570e                FS__AutoMount
 .text.FS__MountNL
                0x00005722       0x20 .\emFile_V322c\LinkLibrary\PSoC5\GCC\libemf32nosnlfn.a(FS_Volume.o)
                0x00005722                FS__MountNL
 .text.FS__Mount
                0x00005742        0x4 .\emFile_V322c\LinkLibrary\PSoC5\GCC\libemf32nosnlfn.a(FS_Volume.o)
                0x00005742                FS__Mount
 .text.FS_Mount
                0x00005746       0x18 .\emFile_V322c\LinkLibrary\PSoC5\GCC\libemf32nosnlfn.a(FS_Volume.o)
                0x00005746                FS_Mount
 .text.FS__Write
                0x0000575e       0x3a .\emFile_V322c\LinkLibrary\PSoC5\GCC\libemf32nosnlfn.a(FS_Write.o)
                0x0000575e                FS__Write
 .text.FS_Write
                0x00005798        0x4 .\emFile_V322c\LinkLibrary\PSoC5\GCC\libemf32nosnlfn.a(FS_Write.o)
                0x00005798                FS_Write
 .text.T.32     0x0000579c      0x400 .\emFile_V322c\LinkLibrary\PSoC5\GCC\libemf32nosnlfn.a(FAT_Format.o)
 .text._AutoFormat
                0x00005b9c       0x7c .\emFile_V322c\LinkLibrary\PSoC5\GCC\libemf32nosnlfn.a(FAT_Format.o)
 .text.FS_FAT_FormatEx
                0x00005c18       0x74 .\emFile_V322c\LinkLibrary\PSoC5\GCC\libemf32nosnlfn.a(FAT_Format.o)
                0x00005c18                FS_FAT_FormatEx
 .text._IsBPB   0x00005c8c       0x1e .\emFile_V322c\LinkLibrary\PSoC5\GCC\libemf32nosnlfn.a(FS_Partition.o)
 .text._HasSignature
                0x00005caa       0x18 .\emFile_V322c\LinkLibrary\PSoC5\GCC\libemf32nosnlfn.a(FS_Partition.o)
 .text._GetPartitionStartSector
                0x00005cc2        0xc .\emFile_V322c\LinkLibrary\PSoC5\GCC\libemf32nosnlfn.a(FS_Partition.o)
 .text.FS__GetMediaStartSecEx
                0x00005cce       0x6e .\emFile_V322c\LinkLibrary\PSoC5\GCC\libemf32nosnlfn.a(FS_Partition.o)
                0x00005cce                FS__GetMediaStartSecEx
 .text.FS__LocatePartition
                0x00005d3c       0x44 .\emFile_V322c\LinkLibrary\PSoC5\GCC\libemf32nosnlfn.a(FS_Partition.o)
                0x00005d3c                FS__LocatePartition
 .text.FS_X_AddDevices
                0x00005d80       0x20 .\ARM_GCC_493\Debug\OVac.a(emFile_ConfigMMC_SPI.o)
                0x00005d80                FS_X_AddDevices
 .text.FS_X_GetTimeDate
                0x00005da0       0x58 .\ARM_GCC_493\Debug\OVac.a(emFile_ConfigMMC_SPI.o)
                0x00005da0                FS_X_GetTimeDate
 .text._CalcDataCRC16Dummy
                0x00005df8        0x6 .\emFile_V322c\LinkLibrary\PSoC5\GCC\libemf32nosnlfn.a(MMC_Drv.o)
 *fill*         0x00005dfe        0x2 
 .text._MMC_GetNumUnits
                0x00005e00        0xc .\emFile_V322c\LinkLibrary\PSoC5\GCC\libemf32nosnlfn.a(MMC_Drv.o)
 .text._MMC_GetDriverName
                0x00005e0c        0x8 .\emFile_V322c\LinkLibrary\PSoC5\GCC\libemf32nosnlfn.a(MMC_Drv.o)
 .text._MMC_GetStatus
                0x00005e14        0x4 .\emFile_V322c\LinkLibrary\PSoC5\GCC\libemf32nosnlfn.a(MMC_Drv.o)
 .text._CheckR1
                0x00005e18       0x38 .\emFile_V322c\LinkLibrary\PSoC5\GCC\libemf32nosnlfn.a(MMC_Drv.o)
 .text._WaitToGetReady
                0x00005e50       0x26 .\emFile_V322c\LinkLibrary\PSoC5\GCC\libemf32nosnlfn.a(MMC_Drv.o)
 .text._SendEmptyCycles
                0x00005e76       0x24 .\emFile_V322c\LinkLibrary\PSoC5\GCC\libemf32nosnlfn.a(MMC_Drv.o)
 *fill*         0x00005e9a        0x2 
 .text._MMC_AddDevice
                0x00005e9c       0x2c .\emFile_V322c\LinkLibrary\PSoC5\GCC\libemf32nosnlfn.a(MMC_Drv.o)
 .text.T.53     0x00005ec8       0x14 .\emFile_V322c\LinkLibrary\PSoC5\GCC\libemf32nosnlfn.a(MMC_Drv.o)
 .text._GetFromCSD
                0x00005edc       0x34 .\emFile_V322c\LinkLibrary\PSoC5\GCC\libemf32nosnlfn.a(MMC_Drv.o)
 .text._ExecCmdR1
                0x00005f10       0x98 .\emFile_V322c\LinkLibrary\PSoC5\GCC\libemf32nosnlfn.a(MMC_Drv.o)
 .text._ReadCSD
                0x00005fa8       0x86 .\emFile_V322c\LinkLibrary\PSoC5\GCC\libemf32nosnlfn.a(MMC_Drv.o)
 *fill*         0x0000602e        0x2 
 .text._MMC_Read
                0x00006030      0x130 .\emFile_V322c\LinkLibrary\PSoC5\GCC\libemf32nosnlfn.a(MMC_Drv.o)
 .text._MMC_Write
                0x00006160      0x13c .\emFile_V322c\LinkLibrary\PSoC5\GCC\libemf32nosnlfn.a(MMC_Drv.o)
 .text._ApplyCSD
                0x0000629c      0x228 .\emFile_V322c\LinkLibrary\PSoC5\GCC\libemf32nosnlfn.a(MMC_Drv.o)
 .text._MMC_Init
                0x000064c4      0x1c0 .\emFile_V322c\LinkLibrary\PSoC5\GCC\libemf32nosnlfn.a(MMC_Drv.o)
 .text._MMC_InitMedium
                0x00006684       0x28 .\emFile_V322c\LinkLibrary\PSoC5\GCC\libemf32nosnlfn.a(MMC_Drv.o)
 .text._MMC_IoCtl
                0x000066ac       0x60 .\emFile_V322c\LinkLibrary\PSoC5\GCC\libemf32nosnlfn.a(MMC_Drv.o)
 .text.emFile_Init
                0x0000670c       0x64 .\ARM_GCC_493\Debug\OVac.a(emFile_MMC_HW_SPI.o)
 .text.emFile_ReadWriteSPI
                0x00006770       0x68 .\ARM_GCC_493\Debug\OVac.a(emFile_MMC_HW_SPI.o)
 .text.FS_MMC_HW_X_EnableCS
                0x000067d8       0x28 .\ARM_GCC_493\Debug\OVac.a(emFile_MMC_HW_SPI.o)
                0x000067d8                FS_MMC_HW_X_EnableCS
 .text.FS_MMC_HW_X_DisableCS
                0x00006800       0x28 .\ARM_GCC_493\Debug\OVac.a(emFile_MMC_HW_SPI.o)
                0x00006800                FS_MMC_HW_X_DisableCS
 .text.FS_MMC_HW_X_IsWriteProtected
                0x00006828       0x2c .\ARM_GCC_493\Debug\OVac.a(emFile_MMC_HW_SPI.o)
                0x00006828                FS_MMC_HW_X_IsWriteProtected
 .text.FS_MMC_HW_X_SetMaxSpeed
                0x00006854       0x88 .\ARM_GCC_493\Debug\OVac.a(emFile_MMC_HW_SPI.o)
                0x00006854                FS_MMC_HW_X_SetMaxSpeed
 .text.FS_MMC_HW_X_SetVoltage
                0x000068dc       0x68 .\ARM_GCC_493\Debug\OVac.a(emFile_MMC_HW_SPI.o)
                0x000068dc                FS_MMC_HW_X_SetVoltage
 .text.FS_MMC_HW_X_IsPresent
                0x00006944       0x30 .\ARM_GCC_493\Debug\OVac.a(emFile_MMC_HW_SPI.o)
                0x00006944                FS_MMC_HW_X_IsPresent
 .text.FS_MMC_HW_X_Read
                0x00006974       0x34 .\ARM_GCC_493\Debug\OVac.a(emFile_MMC_HW_SPI.o)
                0x00006974                FS_MMC_HW_X_Read
 .text.FS_MMC_HW_X_Write
                0x000069a8       0x34 .\ARM_GCC_493\Debug\OVac.a(emFile_MMC_HW_SPI.o)
                0x000069a8                FS_MMC_HW_X_Write
 .text.emFile_SPI0_Init
                0x000069dc       0x30 .\ARM_GCC_493\Debug\OVac.a(emFile_SPI0.o)
                0x000069dc                emFile_SPI0_Init
 .text.emFile_SPI0_Enable
                0x00006a0c       0x60 .\ARM_GCC_493\Debug\OVac.a(emFile_SPI0.o)
                0x00006a0c                emFile_SPI0_Enable
 .text.emFile_SPI0_Start
                0x00006a6c       0x20 .\ARM_GCC_493\Debug\OVac.a(emFile_SPI0.o)
                0x00006a6c                emFile_SPI0_Start
 .text.emFile_SPI0_EnableTxInt
                0x00006a8c        0xc .\ARM_GCC_493\Debug\OVac.a(emFile_SPI0.o)
                0x00006a8c                emFile_SPI0_EnableTxInt
 .text.emFile_SPI0_EnableRxInt
                0x00006a98        0xc .\ARM_GCC_493\Debug\OVac.a(emFile_SPI0.o)
                0x00006a98                emFile_SPI0_EnableRxInt
 .text.emFile_SPI0_ReadTxStatus
                0x00006aa4       0x20 .\ARM_GCC_493\Debug\OVac.a(emFile_SPI0.o)
                0x00006aa4                emFile_SPI0_ReadTxStatus
 .text.emFile_SPI0_ReadRxStatus
                0x00006ac4       0x20 .\ARM_GCC_493\Debug\OVac.a(emFile_SPI0.o)
                0x00006ac4                emFile_SPI0_ReadRxStatus
 .text.emFile_SPI0_WriteTxData
                0x00006ae4       0x34 .\ARM_GCC_493\Debug\OVac.a(emFile_SPI0.o)
                0x00006ae4                emFile_SPI0_WriteTxData
 .text.emFile_SPI0_ReadRxData
                0x00006b18       0x20 .\ARM_GCC_493\Debug\OVac.a(emFile_SPI0.o)
                0x00006b18                emFile_SPI0_ReadRxData
 .text.emFile_SPI0_ClearFIFO
                0x00006b38       0x5c .\ARM_GCC_493\Debug\OVac.a(emFile_SPI0.o)
                0x00006b38                emFile_SPI0_ClearFIFO
 .text.emFile_Clock_1_Start
                0x00006b94       0x34 .\ARM_GCC_493\Debug\OVac.a(emFile_Clock_1.o)
                0x00006b94                emFile_Clock_1_Start
 .text.emFile_Clock_1_Stop
                0x00006bc8       0x34 .\ARM_GCC_493\Debug\OVac.a(emFile_Clock_1.o)
                0x00006bc8                emFile_Clock_1_Stop
 .text.emFile_Clock_1_SetDividerRegister
                0x00006bfc      0x160 .\ARM_GCC_493\Debug\OVac.a(emFile_Clock_1.o)
                0x00006bfc                emFile_Clock_1_SetDividerRegister
 .text.emFile_Clock_1_GetDividerRegister
                0x00006d5c       0x18 .\ARM_GCC_493\Debug\OVac.a(emFile_Clock_1.o)
                0x00006d5c                emFile_Clock_1_GetDividerRegister
 .text.emFile_Clock_1_GetSourceRegister
                0x00006d74       0x20 .\ARM_GCC_493\Debug\OVac.a(emFile_Clock_1.o)
                0x00006d74                emFile_Clock_1_GetSourceRegister
 .text.emFile_SPI0_CS_Write
                0x00006d94       0x34 .\ARM_GCC_493\Debug\OVac.a(emFile_SPI0_CS.o)
                0x00006d94                emFile_SPI0_CS_Write
 .text          0x00006dc8      0x370 c:/program files (x86)/cypress/psoc creator/4.0/psoc creator/import/gnu/arm/4.9.3/bin/../lib/gcc/arm-none-eabi/4.9.3/armv7-m\libgcc.a(_arm_addsubdf3.o)
                0x00006dc8                __aeabi_drsub
                0x00006dd0                __aeabi_dsub
                0x00006dd0                __subdf3
                0x00006dd4                __aeabi_dadd
                0x00006dd4                __adddf3
                0x0000704c                __floatunsidf
                0x0000704c                __aeabi_ui2d
                0x0000706c                __floatsidf
                0x0000706c                __aeabi_i2d
                0x00007090                __aeabi_f2d
                0x00007090                __extendsfdf2
                0x000070cc                __floatundidf
                0x000070cc                __aeabi_ul2d
                0x000070dc                __floatdidf
                0x000070dc                __aeabi_l2d
 .text          0x00007138      0x424 c:/program files (x86)/cypress/psoc creator/4.0/psoc creator/import/gnu/arm/4.9.3/bin/../lib/gcc/arm-none-eabi/4.9.3/armv7-m\libgcc.a(_arm_muldivdf3.o)
                0x00007138                __aeabi_dmul
                0x00007138                __muldf3
                0x0000738c                __divdf3
                0x0000738c                __aeabi_ddiv
 .text          0x0000755c       0xa0 c:/program files (x86)/cypress/psoc creator/4.0/psoc creator/import/gnu/arm/4.9.3/bin/../lib/gcc/arm-none-eabi/4.9.3/armv7-m\libgcc.a(_arm_truncdfsf2.o)
                0x0000755c                __truncdfsf2
                0x0000755c                __aeabi_d2f
 .text          0x000075fc      0x21c c:/program files (x86)/cypress/psoc creator/4.0/psoc creator/import/gnu/arm/4.9.3/bin/../lib/gcc/arm-none-eabi/4.9.3/armv7-m\libgcc.a(_arm_addsubsf3.o)
                0x000075fc                __aeabi_frsub
                0x00007604                __subsf3
                0x00007604                __aeabi_fsub
                0x00007608                __aeabi_fadd
                0x00007608                __addsf3
                0x00007768                __aeabi_ui2f
                0x00007768                __floatunsisf
                0x00007770                __aeabi_i2f
                0x00007770                __floatsisf
                0x0000778c                __aeabi_ul2f
                0x0000778c                __floatundisf
                0x0000779c                __aeabi_l2f
                0x0000779c                __floatdisf
 .text          0x00007818      0x2a0 c:/program files (x86)/cypress/psoc creator/4.0/psoc creator/import/gnu/arm/4.9.3/bin/../lib/gcc/arm-none-eabi/4.9.3/armv7-m\libgcc.a(_arm_muldivsf3.o)
                0x00007818                __mulsf3
                0x00007818                __aeabi_fmul
                0x00007980                __aeabi_fdiv
                0x00007980                __divsf3
 .text          0x00007ab8       0x4c c:/program files (x86)/cypress/psoc creator/4.0/psoc creator/import/gnu/arm/4.9.3/bin/../lib/gcc/arm-none-eabi/4.9.3/armv7-m\libgcc.a(_arm_fixsfsi.o)
                0x00007ab8                __aeabi_f2iz
                0x00007ab8                __fixsfsi
 .text.__errno  0x00007b04        0xc c:/program files (x86)/cypress/psoc creator/4.0/psoc creator/import/gnu/arm/4.9.3/bin/../lib/gcc/arm-none-eabi/4.9.3/../../../../arm-none-eabi/lib/armv7-m\libg_nano.a(lib_a-errno.o)
                0x00007b04                __errno
 .text.__libc_init_array
                0x00007b10       0x4c c:/program files (x86)/cypress/psoc creator/4.0/psoc creator/import/gnu/arm/4.9.3/bin/../lib/gcc/arm-none-eabi/4.9.3/../../../../arm-none-eabi/lib/armv7-m\libg_nano.a(lib_a-init.o)
                0x00007b10                __libc_init_array
 .text.memcpy   0x00007b5c       0x16 c:/program files (x86)/cypress/psoc creator/4.0/psoc creator/import/gnu/arm/4.9.3/bin/../lib/gcc/arm-none-eabi/4.9.3/../../../../arm-none-eabi/lib/armv7-m\libg_nano.a(lib_a-memcpy.o)
                0x00007b5c                memcpy
 .text.memset   0x00007b72       0x10 c:/program files (x86)/cypress/psoc creator/4.0/psoc creator/import/gnu/arm/4.9.3/bin/../lib/gcc/arm-none-eabi/4.9.3/../../../../arm-none-eabi/lib/armv7-m\libg_nano.a(lib_a-memset.o)
                0x00007b72                memset
 *fill*         0x00007b82        0x2 
 .text.sprintf  0x00007b84       0x48 c:/program files (x86)/cypress/psoc creator/4.0/psoc creator/import/gnu/arm/4.9.3/bin/../lib/gcc/arm-none-eabi/4.9.3/../../../../arm-none-eabi/lib/armv7-m\libg_nano.a(lib_a-sprintf.o)
                0x00007b84                siprintf
                0x00007b84                sprintf
 .text.strlen   0x00007bcc       0x10 c:/program files (x86)/cypress/psoc creator/4.0/psoc creator/import/gnu/arm/4.9.3/bin/../lib/gcc/arm-none-eabi/4.9.3/../../../../arm-none-eabi/lib/armv7-m\libg_nano.a(lib_a-strlen.o)
                0x00007bcc                strlen
 .text.__ssputs_r
                0x00007bdc       0xb2 c:/program files (x86)/cypress/psoc creator/4.0/psoc creator/import/gnu/arm/4.9.3/bin/../lib/gcc/arm-none-eabi/4.9.3/../../../../arm-none-eabi/lib/armv7-m\libg_nano.a(lib_a-nano-svfprintf.o)
                0x00007bdc                __ssputs_r
 *fill*         0x00007c8e        0x2 
 .text._svfprintf_r
                0x00007c90      0x1e4 c:/program files (x86)/cypress/psoc creator/4.0/psoc creator/import/gnu/arm/4.9.3/bin/../lib/gcc/arm-none-eabi/4.9.3/../../../../arm-none-eabi/lib/armv7-m\libg_nano.a(lib_a-nano-svfprintf.o)
                0x00007c90                _svfiprintf_r
                0x00007c90                _svfprintf_r
 .text._printf_common
                0x00007e74       0xea c:/program files (x86)/cypress/psoc creator/4.0/psoc creator/import/gnu/arm/4.9.3/bin/../lib/gcc/arm-none-eabi/4.9.3/../../../../arm-none-eabi/lib/armv7-m\libg_nano.a(lib_a-nano-vfprintf_i.o)
                0x00007e74                _printf_common
 *fill*         0x00007f5e        0x2 
 .text._printf_i
                0x00007f60      0x240 c:/program files (x86)/cypress/psoc creator/4.0/psoc creator/import/gnu/arm/4.9.3/bin/../lib/gcc/arm-none-eabi/4.9.3/../../../../arm-none-eabi/lib/armv7-m\libg_nano.a(lib_a-nano-vfprintf_i.o)
                0x00007f60                _printf_i
 .text.memchr   0x000081a0       0x1c c:/program files (x86)/cypress/psoc creator/4.0/psoc creator/import/gnu/arm/4.9.3/bin/../lib/gcc/arm-none-eabi/4.9.3/../../../../arm-none-eabi/lib/armv7-m\libg_nano.a(lib_a-memchr.o)
                0x000081a0                memchr
 .text.memmove  0x000081bc       0x36 c:/program files (x86)/cypress/psoc creator/4.0/psoc creator/import/gnu/arm/4.9.3/bin/../lib/gcc/arm-none-eabi/4.9.3/../../../../arm-none-eabi/lib/armv7-m\libg_nano.a(lib_a-memmove.o)
                0x000081bc                memmove
 *fill*         0x000081f2        0x2 
 .text._free_r  0x000081f4       0x88 c:/program files (x86)/cypress/psoc creator/4.0/psoc creator/import/gnu/arm/4.9.3/bin/../lib/gcc/arm-none-eabi/4.9.3/../../../../arm-none-eabi/lib/armv7-m\libg_nano.a(lib_a-nano-freer.o)
                0x000081f4                _free_r
 .text._malloc_r
                0x0000827c       0xac c:/program files (x86)/cypress/psoc creator/4.0/psoc creator/import/gnu/arm/4.9.3/bin/../lib/gcc/arm-none-eabi/4.9.3/../../../../arm-none-eabi/lib/armv7-m\libg_nano.a(lib_a-nano-mallocr.o)
                0x0000827c                _malloc_r
 .text._realloc_r
                0x00008328       0x4c c:/program files (x86)/cypress/psoc creator/4.0/psoc creator/import/gnu/arm/4.9.3/bin/../lib/gcc/arm-none-eabi/4.9.3/../../../../arm-none-eabi/lib/armv7-m\libg_nano.a(lib_a-nano-reallocr.o)
                0x00008328                _realloc_r
 .text._sbrk_r  0x00008374       0x20 c:/program files (x86)/cypress/psoc creator/4.0/psoc creator/import/gnu/arm/4.9.3/bin/../lib/gcc/arm-none-eabi/4.9.3/../../../../arm-none-eabi/lib/armv7-m\libg_nano.a(lib_a-sbrkr.o)
                0x00008374                _sbrk_r
 .text._malloc_usable_size_r
                0x00008394       0x14 c:/program files (x86)/cypress/psoc creator/4.0/psoc creator/import/gnu/arm/4.9.3/bin/../lib/gcc/arm-none-eabi/4.9.3/../../../../arm-none-eabi/lib/armv7-m\libg_nano.a(lib_a-nano-msizer.o)
                0x00008394                _malloc_usable_size_r
 *(.plt)
 *(.gnu.warning)
 *(.glue_7t)
 .glue_7t       0x00000000        0x0 linker stubs
 *(.glue_7)
 .glue_7        0x00000000        0x0 linker stubs
 *(.vfp11_veneer)
 .vfp11_veneer  0x00000000        0x0 linker stubs
 *(.bootloader)
 *(.ARM.extab* .gnu.linkonce.armextab.*)
 *(.gcc_except_table)

.v4_bx          0x000083a8        0x0
 .v4_bx         0x00000000        0x0 linker stubs

.iplt           0x000083a8        0x0
 .iplt          0x00000000        0x0 c:/program files (x86)/cypress/psoc creator/4.0/psoc creator/import/gnu/arm/4.9.3/bin/../lib/gcc/arm-none-eabi/4.9.3/armv7-m/crtbegin.o

.eh_frame_hdr
 *(.eh_frame_hdr)

.eh_frame       0x000083a8        0x4
 *(.eh_frame)
 .eh_frame      0x000083a8        0x0 c:/program files (x86)/cypress/psoc creator/4.0/psoc creator/import/gnu/arm/4.9.3/bin/../lib/gcc/arm-none-eabi/4.9.3/armv7-m/crtbegin.o
 .eh_frame      0x000083a8        0x4 c:/program files (x86)/cypress/psoc creator/4.0/psoc creator/import/gnu/arm/4.9.3/bin/../lib/gcc/arm-none-eabi/4.9.3/armv7-m/crtend.o
                0x000083ac                PROVIDE (__exidx_start, .)

.ARM.exidx
 *(.ARM.exidx* .gnu.linkonce.armexidx.*)
                0x000083ac                __exidx_end = .

.rodata         0x000083ac      0x5a4
 *(.rodata .rodata.* .gnu.linkonce.r.*)
 .rodata        0x000083ac      0x1dc .\ARM_GCC_493\Debug\main.o
 .rodata        0x00008588       0x10 .\ARM_GCC_493\Debug\LiquidCrystal_I2C.o
 .rodata        0x00008598       0x7c .\ARM_GCC_493\Debug\functions.o
 .rodata        0x00008614       0x5c .\ARM_GCC_493\Debug\OVac.a(cyfitter_cfg.o)
                0x00008614                ADC_AMux__addrTable
                0x0000861c                ADC_AMux__maskTable
 .rodata        0x00008670       0x98 .\emFile_V322c\LinkLibrary\PSoC5\GCC\libemf32nosnlfn.a(FAT_FormatSD.o)
 .rodata        0x00008708       0x10 .\emFile_V322c\LinkLibrary\PSoC5\GCC\libemf32nosnlfn.a(FAT_Misc.o)
                0x00008708                FAT_SFN_API
 .rodata.str1.1
                0x00008718        0x3 .\emFile_V322c\LinkLibrary\PSoC5\GCC\libemf32nosnlfn.a(FAT_Open.o)
 *fill*         0x0000871b        0x1 
 .rodata        0x0000871c       0x78 .\emFile_V322c\LinkLibrary\PSoC5\GCC\libemf32nosnlfn.a(FS_Misc.o)
 .rodata.str1.1
                0x00008794       0x30 .\emFile_V322c\LinkLibrary\PSoC5\GCC\libemf32nosnlfn.a(FS_Misc.o)
 .rodata        0x000087c4       0x8c .\emFile_V322c\LinkLibrary\PSoC5\GCC\libemf32nosnlfn.a(FAT_Format.o)
                0x000087dc                _acVolumeLabel
 .rodata.str1.1
                0x00008850       0x24 .\emFile_V322c\LinkLibrary\PSoC5\GCC\libemf32nosnlfn.a(FAT_Format.o)
 .rodata        0x00008874       0x68 .\emFile_V322c\LinkLibrary\PSoC5\GCC\libemf32nosnlfn.a(MMC_Drv.o)
                0x000088bc                FS_MMC_SPI_Driver
 .rodata.str1.1
                0x000088dc        0x4 .\emFile_V322c\LinkLibrary\PSoC5\GCC\libemf32nosnlfn.a(MMC_Drv.o)
 .rodata.str1.1
                0x000088e0        0x2 c:/program files (x86)/cypress/psoc creator/4.0/psoc creator/import/gnu/arm/4.9.3/bin/../lib/gcc/arm-none-eabi/4.9.3/../../../../arm-none-eabi/lib/armv7-m\libg_nano.a(lib_a-impure.o)
 .rodata.str1.1
                0x000088e2       0x11 c:/program files (x86)/cypress/psoc creator/4.0/psoc creator/import/gnu/arm/4.9.3/bin/../lib/gcc/arm-none-eabi/4.9.3/../../../../arm-none-eabi/lib/armv7-m\libg_nano.a(lib_a-nano-svfprintf.o)
 .rodata.str1.1
                0x000088f3       0x22 c:/program files (x86)/cypress/psoc creator/4.0/psoc creator/import/gnu/arm/4.9.3/bin/../lib/gcc/arm-none-eabi/4.9.3/../../../../arm-none-eabi/lib/armv7-m\libg_nano.a(lib_a-nano-vfprintf_i.o)
                0x00008918                . = ALIGN (0x4)
 *fill*         0x00008915        0x3 
 *(.init)
 .init          0x00008918        0x4 c:/program files (x86)/cypress/psoc creator/4.0/psoc creator/import/gnu/arm/4.9.3/bin/../lib/gcc/arm-none-eabi/4.9.3/armv7-m/crti.o
                0x00008918                _init
 .init          0x0000891c        0x8 c:/program files (x86)/cypress/psoc creator/4.0/psoc creator/import/gnu/arm/4.9.3/bin/../lib/gcc/arm-none-eabi/4.9.3/armv7-m/crtn.o
                0x00008924                . = ALIGN (0x4)
                0x00008924                __preinit_array_start = .
 *(.preinit_array)
                0x00008924                __preinit_array_end = .
                0x00008924                . = ALIGN (0x4)
                0x00008924                __init_array_start = .
 *(SORT(.init_array.*))
 *(.init_array)
 .init_array    0x00008924        0x4 c:/program files (x86)/cypress/psoc creator/4.0/psoc creator/import/gnu/arm/4.9.3/bin/../lib/gcc/arm-none-eabi/4.9.3/armv7-m/crtbegin.o
 .init_array    0x00008928        0x4 .\ARM_GCC_493\Debug\Cm3Start.o
                0x0000892c                __init_array_end = .
                0x0000892c                . = ALIGN (0x4)
 *(.fini)
 .fini          0x0000892c        0x4 c:/program files (x86)/cypress/psoc creator/4.0/psoc creator/import/gnu/arm/4.9.3/bin/../lib/gcc/arm-none-eabi/4.9.3/armv7-m/crti.o
                0x0000892c                _fini
 .fini          0x00008930        0x8 c:/program files (x86)/cypress/psoc creator/4.0/psoc creator/import/gnu/arm/4.9.3/bin/../lib/gcc/arm-none-eabi/4.9.3/armv7-m/crtn.o
                0x00008938                . = ALIGN (0x4)
                0x00008938                __fini_array_start = .
 *(.fini_array)
 .fini_array    0x00008938        0x4 c:/program files (x86)/cypress/psoc creator/4.0/psoc creator/import/gnu/arm/4.9.3/bin/../lib/gcc/arm-none-eabi/4.9.3/armv7-m/crtbegin.o
 *(SORT(.fini_array.*))
                0x0000893c                __fini_array_end = .
                0x0000893c                . = ALIGN (0x4)
 *crtbegin.o(.ctors)
 *(EXCLUDE_FILE(*crtend.o) .ctors)
 *(SORT(.ctors.*))
 *crtend.o(.ctors)
                0x0000893c                . = ALIGN (0x4)
 *crtbegin.o(.dtors)
 *(EXCLUDE_FILE(*crtend.o) .dtors)
 *(SORT(.dtors.*))
 *crtend.o(.dtors)
                0x0000893c                . = ALIGN (0x4)
                0x0000893c                __cy_regions = .
                0x0000893c        0x4 LONG 0x8950 __cy_region_init_ram
                0x00008940        0x4 LONG 0x1fff8108 __cy_region_start_data
                0x00008944        0x4 LONG 0xa8 __cy_region_init_size_ram
                0x00008948        0x4 LONG 0x11a8 __cy_region_zero_size_ram
                0x0000894c                __cy_regions_end = .
                0x00008950                . = ALIGN (0x8)
 *fill*         0x0000894c        0x4 
                0x00008950                _etext = .

.cy_checksum_exclude
                0x00008950        0x0
 *(.cy_checksum_exclude)

.ramvectors     0x1fff8000      0x100
                0x1fff8000                __cy_region_start_ram = .
 *(.ramvectors)
 .ramvectors    0x1fff8000      0x100 .\ARM_GCC_493\Debug\Cm3Start.o
                0x1fff8000                CyRamVectors

.noinit         0x1fff8100        0x5
 *(.noinit)
 .noinit        0x1fff8100        0x4 .\ARM_GCC_493\Debug\Cm3Start.o
 .noinit        0x1fff8104        0x1 .\ARM_GCC_493\Debug\OVac.a(CyLib.o)
                0x1fff8104                CyResetStatus

.data           0x1fff8108       0xa8 load address 0x00008950
                0x1fff8108                __cy_region_start_data = .
 *(.jcr)
 .jcr           0x1fff8108        0x0 c:/program files (x86)/cypress/psoc creator/4.0/psoc creator/import/gnu/arm/4.9.3/bin/../lib/gcc/arm-none-eabi/4.9.3/armv7-m/crtbegin.o
 .jcr           0x1fff8108        0x4 c:/program files (x86)/cypress/psoc creator/4.0/psoc creator/import/gnu/arm/4.9.3/bin/../lib/gcc/arm-none-eabi/4.9.3/armv7-m/crtend.o
 *(.got.plt)
 *(.got)
 *(.shdata)
 *(.data .data.* .gnu.linkonce.d.*)
 .data          0x1fff810c       0x1c .\ARM_GCC_493\Debug\main.o
                0x1fff810c                Addr
                0x1fff8110                id
                0x1fff8114                press_id
                0x1fff8118                STATE
                0x1fff8119                testnum
                0x1fff811c                file
 .data          0x1fff8128        0x4 .\ARM_GCC_493\Debug\Cm3Start.o
 .data          0x1fff812c       0x10 .\ARM_GCC_493\Debug\OVac.a(CyLib.o)
                0x1fff812c                cydelay_freq_hz
                0x1fff8130                cydelay_freq_khz
                0x1fff8134                cydelay_freq_mhz
                0x1fff8138                cydelay_32k_ms
 .data          0x1fff813c        0x1 .\ARM_GCC_493\Debug\OVac.a(ADC.o)
                0x1fff813c                ADC_Config
 .data          0x1fff813d        0x1 .\ARM_GCC_493\Debug\OVac.a(ADC_AMux.o)
 *fill*         0x1fff813e        0x2 
 .data          0x1fff8140        0x4 .\emFile_V322c\LinkLibrary\PSoC5\GCC\libemf32nosnlfn.a(FAT_Misc.o)
                0x1fff8140                FAT_pDirEntryAPI
 .data          0x1fff8144        0x4 .\emFile_V322c\LinkLibrary\PSoC5\GCC\libemf32nosnlfn.a(MMC_Drv.o)
 .data.impure_data
                0x1fff8148       0x60 c:/program files (x86)/cypress/psoc creator/4.0/psoc creator/import/gnu/arm/4.9.3/bin/../lib/gcc/arm-none-eabi/4.9.3/../../../../arm-none-eabi/lib/armv7-m\libg_nano.a(lib_a-impure.o)
 .data._impure_ptr
                0x1fff81a8        0x4 c:/program files (x86)/cypress/psoc creator/4.0/psoc creator/import/gnu/arm/4.9.3/bin/../lib/gcc/arm-none-eabi/4.9.3/../../../../arm-none-eabi/lib/armv7-m\libg_nano.a(lib_a-impure.o)
                0x1fff81a8                _impure_ptr
                0x1fff81b0                . = ALIGN (0x8)
 *fill*         0x1fff81ac        0x4 
 *(.ram)
                0x1fff81b0                _edata = .

.igot.plt       0x1fff81b0        0x0 load address 0x000089f8
 .igot.plt      0x00000000        0x0 c:/program files (x86)/cypress/psoc creator/4.0/psoc creator/import/gnu/arm/4.9.3/bin/../lib/gcc/arm-none-eabi/4.9.3/armv7-m/crtbegin.o

.bss            0x1fff81b0     0x11a8 load address 0x000089f8
                0x1fff81b0                PROVIDE (__bss_start__, .)
 *(.shbss)
 *(.bss .bss.* .gnu.linkonce.b.*)
 .bss           0x1fff81b0       0x1c c:/program files (x86)/cypress/psoc creator/4.0/psoc creator/import/gnu/arm/4.9.3/bin/../lib/gcc/arm-none-eabi/4.9.3/armv7-m/crtbegin.o
 .bss           0x1fff81cc       0x74 .\ARM_GCC_493\Debug\main.o
                0x1fff81cc                data_time
                0x1fff81d0                sum
                0x1fff81d4                pressure_sum
                0x1fff81d8                average
                0x1fff81da                collect_flag
                0x1fff81db                wait_flag
                0x1fff81dc                PANIC_flag
                0x1fff81dd                countdown
                0x1fff81de                update_Data
                0x1fff81e0                RxBuffer
                0x1fff8220                msg_count
                0x1fff8224                rxflag
                0x1fff8228                bytes
                0x1fff822c                dataflag
                0x1fff8230                transmit_flag
                0x1fff8234                volume
 .bss           0x1fff8240       0x14 .\ARM_GCC_493\Debug\OVac.a(ADC.o)
                0x1fff8240                ADC_convDone
                0x1fff8241                ADC_stopConversion
                0x1fff8242                ADC_initVar
                0x1fff8243                ADC_started
 .bss           0x1fff8254        0x1 .\ARM_GCC_493\Debug\OVac.a(I2C_Master.o)
                0x1fff8254                I2C_Master_initVar
 .bss           0x1fff8255        0x1 .\ARM_GCC_493\Debug\OVac.a(Sample_Timer.o)
                0x1fff8255                Sample_Timer_initVar
 .bss           0x1fff8256        0x1 .\ARM_GCC_493\Debug\OVac.a(Countdown_timer.o)
                0x1fff8256                Countdown_timer_initVar
 .bss           0x1fff8257        0x1 .\ARM_GCC_493\Debug\OVac.a(adjust_timer.o)
                0x1fff8257                adjust_timer_initVar
 .bss           0x1fff8258        0x2 .\ARM_GCC_493\Debug\OVac.a(UART.o)
                0x1fff8258                UART_initVar
 *fill*         0x1fff825a        0x2 
 .bss           0x1fff825c        0xc .\emFile_V322c\LinkLibrary\PSoC5\GCC\libemf32nosnlfn.a(FS_Core.o)
 .bss           0x1fff8268     0x1000 .\ARM_GCC_493\Debug\OVac.a(emFile_ConfigMMC_SPI.o)
 .bss           0x1fff9268       0x14 .\emFile_V322c\LinkLibrary\PSoC5\GCC\libemf32nosnlfn.a(MMC_Drv.o)
 .bss           0x1fff927c        0x1 .\ARM_GCC_493\Debug\OVac.a(emFile_MMC_HW_SPI.o)
 .bss           0x1fff927d        0x1 .\ARM_GCC_493\Debug\OVac.a(emFile_SPI0.o)
                0x1fff927d                emFile_SPI0_initVar
 *fill*         0x1fff927e        0x2 
 .bss.__malloc_sbrk_start
                0x1fff9280        0x4 c:/program files (x86)/cypress/psoc creator/4.0/psoc creator/import/gnu/arm/4.9.3/bin/../lib/gcc/arm-none-eabi/4.9.3/../../../../arm-none-eabi/lib/armv7-m\libg_nano.a(lib_a-nano-mallocr.o)
                0x1fff9280                __malloc_sbrk_start
 .bss.__malloc_free_list
                0x1fff9284        0x4 c:/program files (x86)/cypress/psoc creator/4.0/psoc creator/import/gnu/arm/4.9.3/bin/../lib/gcc/arm-none-eabi/4.9.3/../../../../arm-none-eabi/lib/armv7-m\libg_nano.a(lib_a-nano-mallocr.o)
                0x1fff9284                __malloc_free_list
 *(COMMON)
 COMMON         0x1fff9288       0x1b .\ARM_GCC_493\Debug\main.o
                0x1fff9288                fsfile
                0x1fff928c                buffer
                0x1fff92a2                devAddr
 COMMON         0x1fff92a3        0x8 .\ARM_GCC_493\Debug\LiquidCrystal_I2C.o
                0x1fff92a3                _backlightval
                0x1fff92a4                _addr
                0x1fff92a5                _displaycontrol
                0x1fff92a6                _charsize
                0x1fff92a7                _displaymode
                0x1fff92a8                _displayfunction
                0x1fff92a9                _cols
                0x1fff92aa                _rows
 *fill*         0x1fff92ab        0x1 
 COMMON         0x1fff92ac        0x8 .\ARM_GCC_493\Debug\OVac.a(ADC.o)
                0x1fff92ac                ADC_Offset
                0x1fff92b0                ADC_CountsPerVolt
 COMMON         0x1fff92b4        0x1 .\ARM_GCC_493\Debug\OVac.a(I2C_Master.o)
                0x1fff92b4                I2C_Master_state
 *fill*         0x1fff92b5        0x3 
 COMMON         0x1fff92b8        0xf .\ARM_GCC_493\Debug\OVac.a(I2C_Master_MASTER.o)
                0x1fff92b8                I2C_Master_mstrRdBufIndex
                0x1fff92b9                I2C_Master_mstrWrBufIndex
                0x1fff92ba                I2C_Master_mstrWrBufSize
                0x1fff92bc                I2C_Master_mstrWrBufPtr
                0x1fff92c0                I2C_Master_mstrRdBufPtr
                0x1fff92c4                I2C_Master_mstrControl
                0x1fff92c5                I2C_Master_mstrStatus
                0x1fff92c6                I2C_Master_mstrRdBufSize
 *fill*         0x1fff92c7        0x1 
 COMMON         0x1fff92c8       0x88 .\emFile_V322c\LinkLibrary\PSoC5\GCC\libemf32nosnlfn.a(FS_Core.o)
                0x1fff92c8                FS_Global
                0x1fff934c                FS_NumBytesAllocated
 COMMON         0x1fff9350        0x4 c:/program files (x86)/cypress/psoc creator/4.0/psoc creator/import/gnu/arm/4.9.3/bin/../lib/gcc/arm-none-eabi/4.9.3/../../../../arm-none-eabi/lib/armv7-m\libg_nano.a(lib_a-reent.o)
                0x1fff9350                errno
                0x1fff9358                . = ALIGN (0x8)
 *fill*         0x1fff9354        0x4 
 *(.ram.b)
                0x1fff9358                _end = .
                0x1fff9358                __end = .
                0x1fff9358                PROVIDE (end, .)
                0x1fff9358                PROVIDE (__bss_end__, .)
                0x00008950                __cy_region_init_ram = LOADADDR (.data)
                0x000000a8                __cy_region_init_size_ram = (_edata - ADDR (.data))
                0x000011a8                __cy_region_zero_size_ram = (_end - _edata)

.heap           0x1fff9358       0x80 load address 0x000089f8
                0x1fff9358                . = _end
                0x1fff93d8                . = (. + 0x80)
 *fill*         0x1fff9358       0x80 
                0x1fff93d8                __cy_heap_limit = .

.stack          0x20007800      0x800
                0x20007800                __cy_stack_limit = .
                0x20008000                . = (. + 0x800)
 *fill*         0x20007800      0x800 
                0x00000001                ASSERT ((__cy_stack_limit >= __cy_heap_limit), region RAM overflowed with stack)
                0x00000000                cy_checksum_exclude_size = (CY_APPL_LOADABLE == 0x1)?SIZEOF (.cy_checksum_exclude):0x0
                0x00000001                ASSERT ((cy_checksum_exclude_size <= CY_CHECKSUM_EXCLUDE_SIZE), CY_BOOT: Section .cy_checksum_exclude size exceedes specified limit.)

.cyloadermeta
 *(.cyloadermeta)

.cyloadablemeta
 *(.cyloadablemeta)

.cyconfigecc    0x80000000      0xaa8
 *(.cyconfigecc)
 .cyconfigecc   0x80000000      0xaa8 .\ARM_GCC_493\Debug\cymetadata.o
                0x80000000                cy_meta_configecc

.cycustnvl      0x90000000        0x4
 *(.cycustnvl)
 .cycustnvl     0x90000000        0x4 .\ARM_GCC_493\Debug\cymetadata.o
                0x90000000                cy_meta_custnvl

.cywolatch      0x90100000        0x4
 *(.cywolatch)
 .cywolatch     0x90100000        0x4 .\ARM_GCC_493\Debug\cymetadata.o
                0x90100000                cy_meta_wonvl

.cyeeprom       0x90200000        0x0
 *(.cyeeprom)
                0x00000001                ASSERT ((. <= ((0x90200000 + ee_offset) + ee_size)), .cyeeprom data will not fit in EEPROM)

.cyflashprotect
                0x90400000      0x100
 *(.cyflashprotect)
 .cyflashprotect
                0x90400000      0x100 .\ARM_GCC_493\Debug\cymetadata.o
                0x90400000                cy_meta_flashprotect

.cymeta         0x90500000        0xc
 *(.cymeta)
 .cymeta        0x90500000        0xc .\ARM_GCC_493\Debug\cymetadata.o
                0x90500000                cy_metadata

.rel.dyn        0x000089f8        0x0 load address 0x9050000c
 .rel.iplt      0x00000000        0x0 c:/program files (x86)/cypress/psoc creator/4.0/psoc creator/import/gnu/arm/4.9.3/bin/../lib/gcc/arm-none-eabi/4.9.3/armv7-m/crtbegin.o

.stab
 *(.stab)

.stabstr
 *(.stabstr)

.debug
 *(.debug)

.line
 *(.line)

.debug_srcinfo
 *(.debug_srcinfo)

.debug_sfnames
 *(.debug_sfnames)

.debug_aranges  0x00000000     0x1ad0
 *(.debug_aranges)
 .debug_aranges
                0x00000000       0x48 .\ARM_GCC_493\Debug\main.o
 .debug_aranges
                0x00000048      0x108 .\ARM_GCC_493\Debug\LiquidCrystal_I2C.o
 .debug_aranges
                0x00000150       0x68 .\ARM_GCC_493\Debug\i2cFunctions.o
 .debug_aranges
                0x000001b8       0x40 .\ARM_GCC_493\Debug\functions.o
 .debug_aranges
                0x000001f8      0x838 .\ARM_GCC_493\Debug\mpu6050.o
 .debug_aranges
                0x00000a30       0x18 .\ARM_GCC_493\Debug\cymetadata.o
 .debug_aranges
                0x00000a48       0x48 .\ARM_GCC_493\Debug\Cm3Start.o
 .debug_aranges
                0x00000a90       0x70 .\ARM_GCC_493\Debug\OVac.a(cyfitter_cfg.o)
 .debug_aranges
                0x00000b00      0x2a0 .\ARM_GCC_493\Debug\OVac.a(CyLib.o)
 .debug_aranges
                0x00000da0       0x98 .\ARM_GCC_493\Debug\OVac.a(cyPm.o)
 .debug_aranges
                0x00000e38       0xe8 .\ARM_GCC_493\Debug\OVac.a(ADC.o)
 .debug_aranges
                0x00000f20       0x38 .\ARM_GCC_493\Debug\OVac.a(ADC_INT.o)
 .debug_aranges
                0x00000f58       0x30 .\ARM_GCC_493\Debug\OVac.a(ADC_AMux.o)
 .debug_aranges
                0x00000f88       0x70 .\ARM_GCC_493\Debug\OVac.a(ADC_Ext_CP_Clk.o)
 .debug_aranges
                0x00000ff8       0x80 .\ARM_GCC_493\Debug\OVac.a(ADC_theACLK.o)
 .debug_aranges
                0x00001078       0x38 .\ARM_GCC_493\Debug\OVac.a(I2C_Master.o)
 .debug_aranges
                0x000010b0       0x20 .\ARM_GCC_493\Debug\OVac.a(I2C_Master_INT.o)
 .debug_aranges
                0x000010d0       0x38 .\ARM_GCC_493\Debug\OVac.a(I2C_Master_PM.o)
 .debug_aranges
                0x00001108       0x80 .\ARM_GCC_493\Debug\OVac.a(I2C_Master_MASTER.o)
 .debug_aranges
                0x00001188       0x88 .\ARM_GCC_493\Debug\OVac.a(Sample_Timer.o)
 .debug_aranges
                0x00001210       0x80 .\ARM_GCC_493\Debug\OVac.a(Sample_ISR.o)
 .debug_aranges
                0x00001290       0x38 .\ARM_GCC_493\Debug\OVac.a(Solenoid_1.o)
 .debug_aranges
                0x000012c8       0x38 .\ARM_GCC_493\Debug\OVac.a(LED2.o)
 .debug_aranges
                0x00001300       0x90 .\ARM_GCC_493\Debug\OVac.a(Countdown_timer.o)
 .debug_aranges
                0x00001390       0x80 .\ARM_GCC_493\Debug\OVac.a(countdown.o)
 .debug_aranges
                0x00001410       0x90 .\ARM_GCC_493\Debug\OVac.a(adjust_timer.o)
 .debug_aranges
                0x000014a0       0x38 .\ARM_GCC_493\Debug\OVac.a(Solenoid_2.o)
 .debug_aranges
                0x000014d8       0x70 .\ARM_GCC_493\Debug\OVac.a(Comp.o)
 .debug_aranges
                0x00001548       0xf0 .\ARM_GCC_493\Debug\OVac.a(UART.o)
 .debug_aranges
                0x00001638       0x80 .\ARM_GCC_493\Debug\OVac.a(rx_interrupt.o)
 .debug_aranges
                0x000016b8       0x70 .\ARM_GCC_493\Debug\OVac.a(UART_IntClock.o)
 .debug_aranges
                0x00001728       0x80 .\ARM_GCC_493\Debug\OVac.a(temp_isr.o)
 .debug_aranges
                0x000017a8       0x20 .\ARM_GCC_493\Debug\OVac.a(CyBootAsmGnu.o)
 .debug_aranges
                0x000017c8       0x80 .\ARM_GCC_493\Debug\OVac.a(CyFlash.o)
 .debug_aranges
                0x00001848       0x78 .\ARM_GCC_493\Debug\OVac.a(CySpc.o)
 .debug_aranges
                0x000018c0       0x28 .\ARM_GCC_493\Debug\OVac.a(emFile_ConfigMMC_SPI.o)
 .debug_aranges
                0x000018e8       0x68 .\ARM_GCC_493\Debug\OVac.a(emFile_MMC_HW_SPI.o)
 .debug_aranges
                0x00001950       0xd8 .\ARM_GCC_493\Debug\OVac.a(emFile_SPI0.o)
 .debug_aranges
                0x00001a28       0x70 .\ARM_GCC_493\Debug\OVac.a(emFile_Clock_1.o)
 .debug_aranges
                0x00001a98       0x38 .\ARM_GCC_493\Debug\OVac.a(emFile_SPI0_CS.o)

.debug_pubnames
 *(.debug_pubnames)

.debug_info     0x00000000     0x9a1a
 *(.debug_info .gnu.linkonce.wi.*)
 .debug_info    0x00000000      0x595 .\ARM_GCC_493\Debug\main.o
 .debug_info    0x00000595      0x550 .\ARM_GCC_493\Debug\LiquidCrystal_I2C.o
 .debug_info    0x00000ae5      0x43d .\ARM_GCC_493\Debug\i2cFunctions.o
 .debug_info    0x00000f22      0x378 .\ARM_GCC_493\Debug\functions.o
 .debug_info    0x0000129a     0x21aa .\ARM_GCC_493\Debug\mpu6050.o
 .debug_info    0x00003444      0x13f .\ARM_GCC_493\Debug\cymetadata.o
 .debug_info    0x00003583      0x319 .\ARM_GCC_493\Debug\Cm3Start.o
 .debug_info    0x0000389c      0x4ef .\ARM_GCC_493\Debug\OVac.a(cyfitter_cfg.o)
 .debug_info    0x00003d8b      0xe4a .\ARM_GCC_493\Debug\OVac.a(CyLib.o)
 .debug_info    0x00004bd5      0x561 .\ARM_GCC_493\Debug\OVac.a(cyPm.o)
 .debug_info    0x00005136      0x725 .\ARM_GCC_493\Debug\OVac.a(ADC.o)
 .debug_info    0x0000585b       0xcc .\ARM_GCC_493\Debug\OVac.a(ADC_INT.o)
 .debug_info    0x00005927      0x10a .\ARM_GCC_493\Debug\OVac.a(ADC_AMux.o)
 .debug_info    0x00005a31      0x25d .\ARM_GCC_493\Debug\OVac.a(ADC_Ext_CP_Clk.o)
 .debug_info    0x00005c8e      0x299 .\ARM_GCC_493\Debug\OVac.a(ADC_theACLK.o)
 .debug_info    0x00005f27      0x1fa .\ARM_GCC_493\Debug\OVac.a(I2C_Master.o)
 .debug_info    0x00006121      0x14f .\ARM_GCC_493\Debug\OVac.a(I2C_Master_INT.o)
 .debug_info    0x00006270      0x193 .\ARM_GCC_493\Debug\OVac.a(I2C_Master_PM.o)
 .debug_info    0x00006403      0x3f1 .\ARM_GCC_493\Debug\OVac.a(I2C_Master_MASTER.o)
 .debug_info    0x000067f4      0x23e .\ARM_GCC_493\Debug\OVac.a(Sample_Timer.o)
 .debug_info    0x00006a32      0x23a .\ARM_GCC_493\Debug\OVac.a(Sample_ISR.o)
 .debug_info    0x00006c6c      0x11e .\ARM_GCC_493\Debug\OVac.a(Solenoid_1.o)
 .debug_info    0x00006d8a      0x11e .\ARM_GCC_493\Debug\OVac.a(LED2.o)
 .debug_info    0x00006ea8      0x254 .\ARM_GCC_493\Debug\OVac.a(Countdown_timer.o)
 .debug_info    0x000070fc      0x23a .\ARM_GCC_493\Debug\OVac.a(countdown.o)
 .debug_info    0x00007336      0x254 .\ARM_GCC_493\Debug\OVac.a(adjust_timer.o)
 .debug_info    0x0000758a      0x11e .\ARM_GCC_493\Debug\OVac.a(Solenoid_2.o)
 .debug_info    0x000076a8      0x23f .\ARM_GCC_493\Debug\OVac.a(Comp.o)
 .debug_info    0x000078e7      0x503 .\ARM_GCC_493\Debug\OVac.a(UART.o)
 .debug_info    0x00007dea      0x23a .\ARM_GCC_493\Debug\OVac.a(rx_interrupt.o)
 .debug_info    0x00008024      0x25d .\ARM_GCC_493\Debug\OVac.a(UART_IntClock.o)
 .debug_info    0x00008281      0x23a .\ARM_GCC_493\Debug\OVac.a(temp_isr.o)
 .debug_info    0x000084bb       0x80 .\ARM_GCC_493\Debug\OVac.a(CyBootAsmGnu.o)
 .debug_info    0x0000853b      0x36a .\ARM_GCC_493\Debug\OVac.a(CyFlash.o)
 .debug_info    0x000088a5      0x453 .\ARM_GCC_493\Debug\OVac.a(CySpc.o)
 .debug_info    0x00008cf8      0x281 .\ARM_GCC_493\Debug\OVac.a(emFile_ConfigMMC_SPI.o)
 .debug_info    0x00008f79      0x339 .\ARM_GCC_493\Debug\OVac.a(emFile_MMC_HW_SPI.o)
 .debug_info    0x000092b2      0x3ed .\ARM_GCC_493\Debug\OVac.a(emFile_SPI0.o)
 .debug_info    0x0000969f      0x25d .\ARM_GCC_493\Debug\OVac.a(emFile_Clock_1.o)
 .debug_info    0x000098fc      0x11e .\ARM_GCC_493\Debug\OVac.a(emFile_SPI0_CS.o)

.debug_abbrev   0x00000000     0x2be2
 *(.debug_abbrev)
 .debug_abbrev  0x00000000      0x172 .\ARM_GCC_493\Debug\main.o
 .debug_abbrev  0x00000172      0x162 .\ARM_GCC_493\Debug\LiquidCrystal_I2C.o
 .debug_abbrev  0x000002d4       0x9f .\ARM_GCC_493\Debug\i2cFunctions.o
 .debug_abbrev  0x00000373      0x12c .\ARM_GCC_493\Debug\functions.o
 .debug_abbrev  0x0000049f      0x18a .\ARM_GCC_493\Debug\mpu6050.o
 .debug_abbrev  0x00000629       0x77 .\ARM_GCC_493\Debug\cymetadata.o
 .debug_abbrev  0x000006a0      0x1b6 .\ARM_GCC_493\Debug\Cm3Start.o
 .debug_abbrev  0x00000856      0x1ca .\ARM_GCC_493\Debug\OVac.a(cyfitter_cfg.o)
 .debug_abbrev  0x00000a20      0x217 .\ARM_GCC_493\Debug\OVac.a(CyLib.o)
 .debug_abbrev  0x00000c37      0x161 .\ARM_GCC_493\Debug\OVac.a(cyPm.o)
 .debug_abbrev  0x00000d98      0x19d .\ARM_GCC_493\Debug\OVac.a(ADC.o)
 .debug_abbrev  0x00000f35       0x42 .\ARM_GCC_493\Debug\OVac.a(ADC_INT.o)
 .debug_abbrev  0x00000f77       0x6f .\ARM_GCC_493\Debug\OVac.a(ADC_AMux.o)
 .debug_abbrev  0x00000fe6      0x11d .\ARM_GCC_493\Debug\OVac.a(ADC_Ext_CP_Clk.o)
 .debug_abbrev  0x00001103      0x11d .\ARM_GCC_493\Debug\OVac.a(ADC_theACLK.o)
 .debug_abbrev  0x00001220       0xe2 .\ARM_GCC_493\Debug\OVac.a(I2C_Master.o)
 .debug_abbrev  0x00001302       0x81 .\ARM_GCC_493\Debug\OVac.a(I2C_Master_INT.o)
 .debug_abbrev  0x00001383       0xf8 .\ARM_GCC_493\Debug\OVac.a(I2C_Master_PM.o)
 .debug_abbrev  0x0000147b      0x11e .\ARM_GCC_493\Debug\OVac.a(I2C_Master_MASTER.o)
 .debug_abbrev  0x00001599       0xe9 .\ARM_GCC_493\Debug\OVac.a(Sample_Timer.o)
 .debug_abbrev  0x00001682      0x172 .\ARM_GCC_493\Debug\OVac.a(Sample_ISR.o)
 .debug_abbrev  0x000017f4       0x90 .\ARM_GCC_493\Debug\OVac.a(Solenoid_1.o)
 .debug_abbrev  0x00001884       0x90 .\ARM_GCC_493\Debug\OVac.a(LED2.o)
 .debug_abbrev  0x00001914      0x11b .\ARM_GCC_493\Debug\OVac.a(Countdown_timer.o)
 .debug_abbrev  0x00001a2f      0x172 .\ARM_GCC_493\Debug\OVac.a(countdown.o)
 .debug_abbrev  0x00001ba1      0x11b .\ARM_GCC_493\Debug\OVac.a(adjust_timer.o)
 .debug_abbrev  0x00001cbc       0x90 .\ARM_GCC_493\Debug\OVac.a(Solenoid_2.o)
 .debug_abbrev  0x00001d4c      0x146 .\ARM_GCC_493\Debug\OVac.a(Comp.o)
 .debug_abbrev  0x00001e92      0x163 .\ARM_GCC_493\Debug\OVac.a(UART.o)
 .debug_abbrev  0x00001ff5      0x172 .\ARM_GCC_493\Debug\OVac.a(rx_interrupt.o)
 .debug_abbrev  0x00002167      0x11d .\ARM_GCC_493\Debug\OVac.a(UART_IntClock.o)
 .debug_abbrev  0x00002284      0x172 .\ARM_GCC_493\Debug\OVac.a(temp_isr.o)