Archive member included because of file (symbol)

.\ARM_GCC_493\Debug\OVac.a(cyfitter_cfg.o)
                              .\ARM_GCC_493\Debug\Cm3Start.o (cyfitter_cfg)
.\ARM_GCC_493\Debug\OVac.a(CyLib.o)
                              .\ARM_GCC_493\Debug\Cm3Start.o (CyResetStatus)
.\ARM_GCC_493\Debug\OVac.a(cyPm.o)
                              .\ARM_GCC_493\Debug\OVac.a(CyLib.o) (CyPmReadStatus)
.\ARM_GCC_493\Debug\OVac.a(ADC.o)
                              .\ARM_GCC_493\Debug\main.o (ADC_StartConvert)
.\ARM_GCC_493\Debug\OVac.a(ADC_INT.o)
                              .\ARM_GCC_493\Debug\OVac.a(ADC.o) (ADC_ISR1)
.\ARM_GCC_493\Debug\OVac.a(ADC_AMux.o)
                              .\ARM_GCC_493\Debug\OVac.a(ADC.o) (ADC_AMux_Select)
.\ARM_GCC_493\Debug\OVac.a(ADC_Ext_CP_Clk.o)
                              .\ARM_GCC_493\Debug\OVac.a(ADC.o) (ADC_Ext_CP_Clk_SetDividerRegister)
.\ARM_GCC_493\Debug\OVac.a(ADC_theACLK.o)
                              .\ARM_GCC_493\Debug\OVac.a(ADC.o) (ADC_theACLK_SetDividerRegister)
.\ARM_GCC_493\Debug\OVac.a(I2C_Master_MASTER.o)
                              .\ARM_GCC_493\Debug\LiquidCrystal_I2C.o (I2C_Master_MasterSendStart)
.\ARM_GCC_493\Debug\OVac.a(Sample_Timer.o)
                              .\ARM_GCC_493\Debug\main.o (Sample_Timer_Start)
.\ARM_GCC_493\Debug\OVac.a(Sample_ISR.o)
                              .\ARM_GCC_493\Debug\main.o (Sample_ISR_StartEx)
.\ARM_GCC_493\Debug\OVac.a(Solenoid_1.o)
                              .\ARM_GCC_493\Debug\main.o (Solenoid_1_Write)
.\ARM_GCC_493\Debug\OVac.a(LED2.o)
                              .\ARM_GCC_493\Debug\main.o (LED2_Write)
.\ARM_GCC_493\Debug\OVac.a(LED2_1.o)
                              .\ARM_GCC_493\Debug\main.o (LED2_1_Write)
.\ARM_GCC_493\Debug\OVac.a(LED7.o)
                              .\ARM_GCC_493\Debug\main.o (LED7_Write)
.\ARM_GCC_493\Debug\OVac.a(Solenoid_2.o)
                              .\ARM_GCC_493\Debug\main.o (Solenoid_2_Write)
.\ARM_GCC_493\Debug\OVac.a(Comp.o)
                              .\ARM_GCC_493\Debug\main.o (Comp_Stop)
.\ARM_GCC_493\Debug\OVac.a(Reset.o)
                              .\ARM_GCC_493\Debug\main.o (Reset_Read)
.\ARM_GCC_493\Debug\OVac.a(UART.o)
                              .\ARM_GCC_493\Debug\main.o (UART_Start)
.\ARM_GCC_493\Debug\OVac.a(rx_interrupt.o)
                              .\ARM_GCC_493\Debug\main.o (rx_interrupt_StartEx)
.\ARM_GCC_493\Debug\OVac.a(UART_IntClock.o)
                              .\ARM_GCC_493\Debug\OVac.a(UART.o) (UART_IntClock_Start)
.\ARM_GCC_493\Debug\OVac.a(CyBootAsmGnu.o)
                              .\ARM_GCC_493\Debug\OVac.a(cyfitter_cfg.o) (CyDelayCycles)
.\ARM_GCC_493\Debug\OVac.a(CyFlash.o)
                              .\ARM_GCC_493\Debug\OVac.a(cyPm.o) (CyFlash_SetWaitCycles)
.\ARM_GCC_493\Debug\OVac.a(CySpc.o)
                              .\ARM_GCC_493\Debug\OVac.a(CyFlash.o) (CySpcStart)
.\ARM_GCC_493\Debug\OVac.a(I2C_Master.o)
                              .\ARM_GCC_493\Debug\OVac.a(I2C_Master_MASTER.o) (I2C_Master_state)
.\ARM_GCC_493\Debug\OVac.a(I2C_Master_INT.o)
                              .\ARM_GCC_493\Debug\OVac.a(I2C_Master.o) (I2C_Master_ISR)
.\ARM_GCC_493\Debug\OVac.a(I2C_Master_PM.o)
                              .\ARM_GCC_493\Debug\OVac.a(I2C_Master.o) (I2C_Master_backup)
c:/program files (x86)/cypress/psoc creator/4.0/psoc creator/import/gnu/arm/4.9.3/bin/../lib/gcc/arm-none-eabi/4.9.3/armv7-m\libgcc.a(_arm_addsubdf3.o)
                              .\ARM_GCC_493\Debug\main.o (__aeabi_f2d)
c:/program files (x86)/cypress/psoc creator/4.0/psoc creator/import/gnu/arm/4.9.3/bin/../lib/gcc/arm-none-eabi/4.9.3/armv7-m\libgcc.a(_arm_muldivdf3.o)
                              .\ARM_GCC_493\Debug\main.o (__aeabi_dmul)
c:/program files (x86)/cypress/psoc creator/4.0/psoc creator/import/gnu/arm/4.9.3/bin/../lib/gcc/arm-none-eabi/4.9.3/armv7-m\libgcc.a(_arm_cmpdf2.o)
                              .\ARM_GCC_493\Debug\OVac.a(ADC.o) (__aeabi_dcmpgt)
c:/program files (x86)/cypress/psoc creator/4.0/psoc creator/import/gnu/arm/4.9.3/bin/../lib/gcc/arm-none-eabi/4.9.3/armv7-m\libgcc.a(_arm_truncdfsf2.o)
                              .\ARM_GCC_493\Debug\main.o (__aeabi_d2f)
c:/program files (x86)/cypress/psoc creator/4.0/psoc creator/import/gnu/arm/4.9.3/bin/../lib/gcc/arm-none-eabi/4.9.3/armv7-m\libgcc.a(_arm_addsubsf3.o)
                              .\ARM_GCC_493\Debug\main.o (__aeabi_fsub)
c:/program files (x86)/cypress/psoc creator/4.0/psoc creator/import/gnu/arm/4.9.3/bin/../lib/gcc/arm-none-eabi/4.9.3/armv7-m\libgcc.a(_arm_muldivsf3.o)
                              .\ARM_GCC_493\Debug\main.o (__aeabi_fmul)
c:/program files (x86)/cypress/psoc creator/4.0/psoc creator/import/gnu/arm/4.9.3/bin/../lib/gcc/arm-none-eabi/4.9.3/armv7-m\libgcc.a(_arm_fixsfsi.o)
                              .\ARM_GCC_493\Debug\main.o (__aeabi_f2iz)
[...]
Memory Configuration

Name             Origin             Length             Attributes
rom              0x00000000         0x00040000         xr
ram              0x1fff8000         0x00010000         xrw
*default*        0x00000000         0xffffffff

Linker script and memory map

LOAD c:/program files (x86)/cypress/psoc creator/4.0/psoc creator/import/gnu/arm/4.9.3/bin/../lib/gcc/arm-none-eabi/4.9.3/armv7-m/crti.o
LOAD c:/program files (x86)/cypress/psoc creator/4.0/psoc creator/import/gnu/arm/4.9.3/bin/../lib/gcc/arm-none-eabi/4.9.3/armv7-m/crtbegin.o
LOAD c:/program files (x86)/cypress/psoc creator/4.0/psoc creator/import/gnu/arm/4.9.3/bin/../lib/gcc/arm-none-eabi/4.9.3/../../../../arm-none-eabi/lib/armv7-m/crt0.o
START GROUP
LOAD .\ARM_GCC_493\Debug\main.o
LOAD .\ARM_GCC_493\Debug\LiquidCrystal_I2C.o
LOAD .\ARM_GCC_493\Debug\i2cFunctions.o
LOAD .\ARM_GCC_493\Debug\functions.o
LOAD .\ARM_GCC_493\Debug\mpu6050.o
LOAD .\ARM_GCC_493\Debug\cymetadata.o
LOAD .\ARM_GCC_493\Debug\Cm3Start.o
LOAD .\ARM_GCC_493\Debug\OVac.a
LOAD C:\Program Files (x86)\Cypress\PSoC Creator\4.0\PSoC Creator\psoc\content\cycomponentlibrary\CyComponentLibrary.cylib\CortexM3\ARM_GCC_493\Debug\CyComponentLibrary.a
LOAD .\emFile_V322c\LinkLibrary\PSoC5\GCC\libemf32nosnlfn.a
END GROUP
START GROUP
LOAD c:/program files (x86)/cypress/psoc creator/4.0/psoc creator/import/gnu/arm/4.9.3/bin/../lib/gcc/arm-none-eabi/4.9.3/armv7-m\libgcc.a
LOAD c:/program files (x86)/cypress/psoc creator/4.0/psoc creator/import/gnu/arm/4.9.3/bin/../lib/gcc/arm-none-eabi/4.9.3/../../../../arm-none-eabi/lib/armv7-m\libg_nano.a
LOAD c:/program files (x86)/cypress/psoc creator/4.0/psoc creator/import/gnu/arm/4.9.3/bin/../lib/gcc/arm-none-eabi/4.9.3/../../../../arm-none-eabi/lib/armv7-m\libc_nano.a
END GROUP
START GROUP
LOAD c:/program files (x86)/cypress/psoc creator/4.0/psoc creator/import/gnu/arm/4.9.3/bin/../lib/gcc/arm-none-eabi/4.9.3/armv7-m\libgcc.a
LOAD c:/program files (x86)/cypress/psoc creator/4.0/psoc creator/import/gnu/arm/4.9.3/bin/../lib/gcc/arm-none-eabi/4.9.3/../../../../arm-none-eabi/lib/armv7-m\libc_nano.a
END GROUP
LOAD c:/program files (x86)/cypress/psoc creator/4.0/psoc creator/import/gnu/arm/4.9.3/bin/../lib/gcc/arm-none-eabi/4.9.3/armv7-m/crtend.o
LOAD c:/program files (x86)/cypress/psoc creator/4.0/psoc creator/import/gnu/arm/4.9.3/bin/../lib/gcc/arm-none-eabi/4.9.3/armv7-m/crtn.o
START GROUP
LOAD c:/program files (x86)/cypress/psoc creator/4.0/psoc creator/import/gnu/arm/4.9.3/bin/../lib/gcc/arm-none-eabi/4.9.3/armv7-m\libgcc.a
LOAD c:/program files (x86)/cypress/psoc creator/4.0/psoc creator/import/gnu/arm/4.9.3/bin/../lib/gcc/arm-none-eabi/4.9.3/../../../../arm-none-eabi/lib/armv7-m\libc.a
LOAD c:/program files (x86)/cypress/psoc creator/4.0/psoc creator/import/gnu/arm/4.9.3/bin/../lib/gcc/arm-none-eabi/4.9.3/../../../../arm-none-eabi/lib/armv7-m\libnosys.a
END GROUP
                0x00000000                CY_APPL_ORIGIN = 0x0
                0x00000100                CY_FLASH_ROW_SIZE = 0x100
                0x00000020                CY_ECC_ROW_SIZE = 0x20
                0x00000000                CY_EE_IN_BTLDR = 0x0
                0x00000000                CY_APPL_LOADABLE = 0x0
                0x00000800                CY_EE_SIZE = 0x800
                0x00000001                CY_APPL_NUM = 0x1
                0x00000001                CY_APPL_MAX = 0x1
                0x00000040                CY_METADATA_SIZE = 0x40
                0x00000000                CY_APPL_LOADABLE = 0x0
                0x00000000                CY_CHECKSUM_EXCLUDE_SIZE = ALIGN (0x0, CY_FLASH_ROW_SIZE)
                0x1fff8240                PROVIDE (__cy_heap_start, _end)
                0x00000001                PROVIDE (__cy_region_num, ((__cy_regions_end - __cy_regions) / 0x10))
                0x20008000                PROVIDE (__cy_stack, (ORIGIN (ram) + 0x10000))
                0x20007800                PROVIDE (__cy_heap_end, (__cy_stack - 0x800))

.cybootloader   0x00000000        0x0
 *(.cybootloader)
                0x00000000                appl1_start = CY_APPL_ORIGIN?CY_APPL_ORIGIN:ALIGN (CY_FLASH_ROW_SIZE)
                0x0001ff00                appl2_start = (appl1_start + ALIGN ((((0x40000 - appl1_start) - (0x2 * CY_FLASH_ROW_SIZE)) / 0x2), CY_FLASH_ROW_SIZE))
                0x00000000                appl_start = (CY_APPL_NUM == 0x1)?appl1_start:appl2_start
                0x00000000                ecc_offset = ((appl_start / CY_FLASH_ROW_SIZE) * CY_ECC_ROW_SIZE)
                0x00000000                ee_offset = (CY_APPL_LOADABLE && ! (CY_EE_IN_BTLDR))?((CY_EE_SIZE / CY_APPL_MAX) * (CY_APPL_NUM - 0x1)):0x0
                0x00000800                ee_size = (CY_APPL_LOADABLE && ! (CY_EE_IN_BTLDR))?(CY_EE_SIZE / CY_APPL_MAX):CY_EE_SIZE
                0x00000000                PROVIDE (CY_ECC_OFFSET, ecc_offset)

.text           0x00000000     0x242c
 CREATE_OBJECT_SYMBOLS
                0x00000000                PROVIDE (__cy_interrupt_vector, RomVectors)
 *(.romvectors)
 .romvectors    0x00000000       0x10 .\ARM_GCC_493\Debug\Cm3Start.o
                0x00000000                RomVectors
                0x00000001                ASSERT ((. != __cy_interrupt_vector), No interrupt vector)
                0x00000001                ASSERT (CY_APPL_ORIGIN?(SIZEOF (.cybootloader) <= CY_APPL_ORIGIN):0x1, Wrong image location)
                0x00000010                PROVIDE (__cy_reset, Reset)
 *(.text.Reset)
 .text.Reset    0x00000010       0x18 .\ARM_GCC_493\Debug\Cm3Start.o
                0x00000010                Reset
                0x00000001                ASSERT ((. != __cy_reset), No reset code)
 *(.dma_init)
                0x00000001                ASSERT ((((appl_start + .) <= 0x10000) || 0x1), DMA Init must be within the first 64k of flash)
 *(.text .text.* .gnu.linkonce.t.*)
 .text          0x00000028       0x5c c:/program files (x86)/cypress/psoc creator/4.0/psoc creator/import/gnu/arm/4.9.3/bin/../lib/gcc/arm-none-eabi/4.9.3/armv7-m/crtbegin.o
 .text.Reset_system
                0x00000084       0x70 .\ARM_GCC_493\Debug\main.o
                0x00000084                Reset_system
 .text.Sample_ISR_Handler
                0x000000f4       0x38 .\ARM_GCC_493\Debug\main.o
                0x000000f4                Sample_ISR_Handler
 .text.rx_interrupt
                0x0000012c       0x50 .\ARM_GCC_493\Debug\main.o
                0x0000012c                rx_interrupt
 *fill*         0x0000017c        0x4 
 .text.main     0x00000180      0x398 .\ARM_GCC_493\Debug\main.o
                0x00000180                main
 .text.setCursor
                0x00000518       0x64 .\ARM_GCC_493\Debug\LiquidCrystal_I2C.o
                0x00000518                setCursor
 .text.command  0x0000057c       0x1c .\ARM_GCC_493\Debug\LiquidCrystal_I2C.o
                0x0000057c                command
 .text.write    0x00000598       0x1c .\ARM_GCC_493\Debug\LiquidCrystal_I2C.o
                0x00000598                write
 .text.send     0x000005b4       0x44 .\ARM_GCC_493\Debug\LiquidCrystal_I2C.o
                0x000005b4                send
 .text.write4bits
                0x000005f8       0x24 .\ARM_GCC_493\Debug\LiquidCrystal_I2C.o
                0x000005f8                write4bits
 .text.expanderWrite
                0x0000061c       0x30 .\ARM_GCC_493\Debug\LiquidCrystal_I2C.o
                0x0000061c                expanderWrite
 .text.pulseEnable
                0x0000064c       0x3c .\ARM_GCC_493\Debug\LiquidCrystal_I2C.o
                0x0000064c                pulseEnable
 .text.LCD_print
                0x00000688       0x40 .\ARM_GCC_493\Debug\LiquidCrystal_I2C.o
                0x00000688                LCD_print
 .text.I2C_M_write_byte
                0x000006c8       0x30 .\ARM_GCC_493\Debug\LiquidCrystal_I2C.o
                0x000006c8                I2C_M_write_byte
 .text.ComputeMA
                0x000006f8       0x50 .\ARM_GCC_493\Debug\functions.o
                0x000006f8                ComputeMA
 .text.Process_BT
                0x00000748       0x64 .\ARM_GCC_493\Debug\functions.o
                0x00000748                Process_BT
 .text.IntDefaultHandler
                0x000007ac       0x14 .\ARM_GCC_493\Debug\Cm3Start.o
                0x000007ac                IntDefaultHandler
 .text.Start_c  0x000007c0       0x98 .\ARM_GCC_493\Debug\Cm3Start.o
                0x000007c0                Start_c
 .text.initialize_psoc
                0x00000858       0x8c .\ARM_GCC_493\Debug\Cm3Start.o
                0x00000858                initialize_psoc
 .text.CYMEMZERO
                0x000008e4       0x1c .\ARM_GCC_493\Debug\OVac.a(cyfitter_cfg.o)
 .text.CYCONFIGCPY
                0x00000900       0x1c .\ARM_GCC_493\Debug\OVac.a(cyfitter_cfg.o)
 .text.CyClockStartupError
                0x0000091c        0xc .\ARM_GCC_493\Debug\OVac.a(cyfitter_cfg.o)
 .text.cfg_write_bytes32
                0x00000928       0x74 .\ARM_GCC_493\Debug\OVac.a(cyfitter_cfg.o)
 .text.ClockSetup
                0x0000099c      0x180 .\ARM_GCC_493\Debug\OVac.a(cyfitter_cfg.o)
 .text.AnalogSetDefault
                0x00000b1c       0x6c .\ARM_GCC_493\Debug\OVac.a(cyfitter_cfg.o)
 .text.cyfitter_cfg
                0x00000b88      0x1b8 .\ARM_GCC_493\Debug\OVac.a(cyfitter_cfg.o)
                0x00000b88                cyfitter_cfg
 .text.CyDelay  0x00000d40       0x44 .\ARM_GCC_493\Debug\OVac.a(CyLib.o)
                0x00000d40                CyDelay
 .text.CyDelayUs
                0x00000d84       0x24 .\ARM_GCC_493\Debug\OVac.a(CyLib.o)
                0x00000d84                CyDelayUs
 .text.ADC_StartConvert
                0x00000da8       0x20 .\ARM_GCC_493\Debug\OVac.a(ADC.o)
                0x00000da8                ADC_StartConvert
 .text.ADC_IsEndConversion
                0x00000dc8       0x50 .\ARM_GCC_493\Debug\OVac.a(ADC.o)
                0x00000dc8                ADC_IsEndConversion
 .text.ADC_GetResult32
                0x00000e18       0xa8 .\ARM_GCC_493\Debug\OVac.a(ADC.o)
                0x00000e18                ADC_GetResult32
 .text.I2C_Master_MasterSendStart
                0x00000ec0       0xbc .\ARM_GCC_493\Debug\OVac.a(I2C_Master_MASTER.o)
                0x00000ec0                I2C_Master_MasterSendStart
 .text.I2C_Master_MasterSendStop
                0x00000f7c       0x58 .\ARM_GCC_493\Debug\OVac.a(I2C_Master_MASTER.o)
                0x00000f7c                I2C_Master_MasterSendStop
 .text.I2C_Master_MasterWriteByte
                0x00000fd4       0x80 .\ARM_GCC_493\Debug\OVac.a(I2C_Master_MASTER.o)
                0x00000fd4                I2C_Master_MasterWriteByte
 .text.Sample_Timer_Init
                0x00001054       0x98 .\ARM_GCC_493\Debug\OVac.a(Sample_Timer.o)
                0x00001054                Sample_Timer_Init
 .text.Sample_Timer_Enable
                0x000010ec       0x48 .\ARM_GCC_493\Debug\OVac.a(Sample_Timer.o)
                0x000010ec                Sample_Timer_Enable
 .text.Sample_Timer_Start
                0x00001134       0x20 .\ARM_GCC_493\Debug\OVac.a(Sample_Timer.o)
                0x00001134                Sample_Timer_Start
 .text.Sample_Timer_SetInterruptMode
                0x00001154       0x20 .\ARM_GCC_493\Debug\OVac.a(Sample_Timer.o)
                0x00001154                Sample_Timer_SetInterruptMode
 .text.Sample_Timer_WritePeriod
                0x00001174       0x24 .\ARM_GCC_493\Debug\OVac.a(Sample_Timer.o)
                0x00001174                Sample_Timer_WritePeriod
 .text.Sample_Timer_WriteCounter
                0x00001198       0x20 .\ARM_GCC_493\Debug\OVac.a(Sample_Timer.o)
                0x00001198                Sample_Timer_WriteCounter
 .text.Sample_ISR_StartEx
                0x000011b8       0x24 .\ARM_GCC_493\Debug\OVac.a(Sample_ISR.o)
                0x000011b8                Sample_ISR_StartEx
 .text.Sample_ISR_SetVector
                0x000011dc       0x24 .\ARM_GCC_493\Debug\OVac.a(Sample_ISR.o)
                0x000011dc                Sample_ISR_SetVector
 .text.Sample_ISR_SetPriority
                0x00001200       0x24 .\ARM_GCC_493\Debug\OVac.a(Sample_ISR.o)
                0x00001200                Sample_ISR_SetPriority
 .text.Sample_ISR_Enable
                0x00001224       0x18 .\ARM_GCC_493\Debug\OVac.a(Sample_ISR.o)
                0x00001224                Sample_ISR_Enable
 .text.Sample_ISR_Disable
                0x0000123c       0x18 .\ARM_GCC_493\Debug\OVac.a(Sample_ISR.o)
                0x0000123c                Sample_ISR_Disable
 .text.Solenoid_1_Write
                0x00001254       0x34 .\ARM_GCC_493\Debug\OVac.a(Solenoid_1.o)
                0x00001254                Solenoid_1_Write
 .text.LED2_Write
                0x00001288       0x3c .\ARM_GCC_493\Debug\OVac.a(LED2.o)
                0x00001288                LED2_Write
 .text.LED2_1_Write
                0x000012c4       0x3c .\ARM_GCC_493\Debug\OVac.a(LED2_1.o)
                0x000012c4                LED2_1_Write
 .text.LED7_Write
                0x00001300       0x38 .\ARM_GCC_493\Debug\OVac.a(LED7.o)
                0x00001300                LED7_Write
 .text.Solenoid_2_Write
                0x00001338       0x3c .\ARM_GCC_493\Debug\OVac.a(Solenoid_2.o)
                0x00001338                Solenoid_2_Write
 .text.Reset_Read
                0x00001374       0x20 .\ARM_GCC_493\Debug\OVac.a(Reset.o)
                0x00001374                Reset_Read
 .text.UART_Start
                0x00001394       0x20 .\ARM_GCC_493\Debug\OVac.a(UART.o)
                0x00001394                UART_Start
 .text.UART_Init
                0x000013b4       0x40 .\ARM_GCC_493\Debug\OVac.a(UART.o)
                0x000013b4                UART_Init
 .text.UART_Enable
                0x000013f4       0x5c .\ARM_GCC_493\Debug\OVac.a(UART.o)
                0x000013f4                UART_Enable
 .text.UART_ReadRxStatus
                0x00001450       0x24 .\ARM_GCC_493\Debug\OVac.a(UART.o)
                0x00001450                UART_ReadRxStatus
 .text.UART_GetChar
                0x00001474       0x44 .\ARM_GCC_493\Debug\OVac.a(UART.o)
                0x00001474                UART_GetChar
 .text.UART_ReadTxStatus
                0x000014b8       0x18 .\ARM_GCC_493\Debug\OVac.a(UART.o)
                0x000014b8                UART_ReadTxStatus
 .text.UART_PutChar
                0x000014d0       0x34 .\ARM_GCC_493\Debug\OVac.a(UART.o)
                0x000014d0                UART_PutChar
 .text.rx_interrupt_StartEx
                0x00001504       0x24 .\ARM_GCC_493\Debug\OVac.a(rx_interrupt.o)
                0x00001504                rx_interrupt_StartEx
 .text.rx_interrupt_SetVector
                0x00001528       0x24 .\ARM_GCC_493\Debug\OVac.a(rx_interrupt.o)
                0x00001528                rx_interrupt_SetVector
 .text.rx_interrupt_SetPriority
                0x0000154c       0x24 .\ARM_GCC_493\Debug\OVac.a(rx_interrupt.o)
                0x0000154c                rx_interrupt_SetPriority
 .text.rx_interrupt_Enable
                0x00001570       0x18 .\ARM_GCC_493\Debug\OVac.a(rx_interrupt.o)
                0x00001570                rx_interrupt_Enable
 .text.rx_interrupt_Disable
                0x00001588       0x18 .\ARM_GCC_493\Debug\OVac.a(rx_interrupt.o)
                0x00001588                rx_interrupt_Disable
 .text.UART_IntClock_Start
                0x000015a0       0x34 .\ARM_GCC_493\Debug\OVac.a(UART_IntClock.o)
                0x000015a0                UART_IntClock_Start
 *fill*         0x000015d4        0x4 
 .text          0x000015d8       0x58 .\ARM_GCC_493\Debug\OVac.a(CyBootAsmGnu.o)
                0x000015d8                CyDelayCycles
                0x00001616                CyEnterCriticalSection
                0x0000161e                CyExitCriticalSection
 .text          0x00001630      0x370 c:/program files (x86)/cypress/psoc creator/4.0/psoc creator/import/gnu/arm/4.9.3/bin/../lib/gcc/arm-none-eabi/4.9.3/armv7-m\libgcc.a(_arm_addsubdf3.o)
                0x00001630                __aeabi_drsub
                0x00001638                __aeabi_dsub
                0x00001638                __subdf3
                0x0000163c                __aeabi_dadd
                0x0000163c                __adddf3
                0x000018b4                __floatunsidf
                0x000018b4                __aeabi_ui2d
                0x000018d4                __floatsidf
                0x000018d4                __aeabi_i2d
                0x000018f8                __aeabi_f2d
                0x000018f8                __extendsfdf2
                0x00001934                __floatundidf
                0x00001934                __aeabi_ul2d
                0x00001944                __floatdidf
                0x00001944                __aeabi_l2d
 .text          0x000019a0      0x424 c:/program files (x86)/cypress/psoc creator/4.0/psoc creator/import/gnu/arm/4.9.3/bin/../lib/gcc/arm-none-eabi/4.9.3/armv7-m\libgcc.a(_arm_muldivdf3.o)
                0x000019a0                __aeabi_dmul
                0x000019a0                __muldf3
                0x00001bf4                __divdf3
                0x00001bf4                __aeabi_ddiv
 .text          0x00001dc4       0xa0 c:/program files (x86)/cypress/psoc creator/4.0/psoc creator/import/gnu/arm/4.9.3/bin/../lib/gcc/arm-none-eabi/4.9.3/armv7-m\libgcc.a(_arm_truncdfsf2.o)
                0x00001dc4                __truncdfsf2
                0x00001dc4                __aeabi_d2f
 .text          0x00001e64      0x21c c:/program files (x86)/cypress/psoc creator/4.0/psoc creator/import/gnu/arm/4.9.3/bin/../lib/gcc/arm-none-eabi/4.9.3/armv7-m\libgcc.a(_arm_addsubsf3.o)
                0x00001e64                __aeabi_frsub
                0x00001e6c                __subsf3
                0x00001e6c                __aeabi_fsub
                0x00001e70                __aeabi_fadd
                0x00001e70                __addsf3
                0x00001fd0                __aeabi_ui2f
                0x00001fd0                __floatunsisf
                0x00001fd8                __aeabi_i2f
                0x00001fd8                __floatsisf
                0x00001ff4                __aeabi_ul2f
                0x00001ff4                __floatundisf
                0x00002004                __aeabi_l2f
                0x00002004                __floatdisf
 .text          0x00002080      0x2a0 c:/program files (x86)/cypress/psoc creator/4.0/psoc creator/import/gnu/arm/4.9.3/bin/../lib/gcc/arm-none-eabi/4.9.3/armv7-m\libgcc.a(_arm_muldivsf3.o)
                0x00002080                __mulsf3
                0x00002080                __aeabi_fmul
                0x000021e8                __aeabi_fdiv
                0x000021e8                __divsf3
 .text          0x00002320       0x4c c:/program files (x86)/cypress/psoc creator/4.0/psoc creator/import/gnu/arm/4.9.3/bin/../lib/gcc/arm-none-eabi/4.9.3/armv7-m\libgcc.a(_arm_fixsfsi.o)
                0x00002320                __aeabi_f2iz
                0x00002320                __fixsfsi
 .text.__errno  0x0000236c        0xc c:/program files (x86)/cypress/psoc creator/4.0/psoc creator/import/gnu/arm/4.9.3/bin/../lib/gcc/arm-none-eabi/4.9.3/../../../../arm-none-eabi/lib/armv7-m\libg_nano.a(lib_a-errno.o)
                0x0000236c                __errno
 .text.__libc_init_array
                0x00002378       0x4c c:/program files (x86)/cypress/psoc creator/4.0/psoc creator/import/gnu/arm/4.9.3/bin/../lib/gcc/arm-none-eabi/4.9.3/../../../../arm-none-eabi/lib/armv7-m\libg_nano.a(lib_a-init.o)
                0x00002378                __libc_init_array
 .text.memcpy   0x000023c4       0x16 c:/program files (x86)/cypress/psoc creator/4.0/psoc creator/import/gnu/arm/4.9.3/bin/../lib/gcc/arm-none-eabi/4.9.3/../../../../arm-none-eabi/lib/armv7-m\libg_nano.a(lib_a-memcpy.o)
                0x000023c4                memcpy
 .text.memset   0x000023da       0x10 c:/program files (x86)/cypress/psoc creator/4.0/psoc creator/import/gnu/arm/4.9.3/bin/../lib/gcc/arm-none-eabi/4.9.3/../../../../arm-none-eabi/lib/armv7-m\libg_nano.a(lib_a-memset.o)
                0x000023da                memset
 .text.strlen   0x000023ea       0x10 c:/program files (x86)/cypress/psoc creator/4.0/psoc creator/import/gnu/arm/4.9.3/bin/../lib/gcc/arm-none-eabi/4.9.3/../../../../arm-none-eabi/lib/armv7-m\libg_nano.a(lib_a-strlen.o)
                0x000023ea                strlen
 .text.strncmp  0x000023fa       0x32 c:/program files (x86)/cypress/psoc creator/4.0/psoc creator/import/gnu/arm/4.9.3/bin/../lib/gcc/arm-none-eabi/4.9.3/../../../../arm-none-eabi/lib/armv7-m\libg_nano.a(lib_a-strncmp.o)
                0x000023fa                strncmp
 *(.plt)
 *(.gnu.warning)
 *(.glue_7t)
 .glue_7t       0x00000000        0x0 linker stubs
 *(.glue_7)
 .glue_7        0x00000000        0x0 linker stubs
 *(.vfp11_veneer)
 .vfp11_veneer  0x00000000        0x0 linker stubs
 *(.bootloader)
 *(.ARM.extab* .gnu.linkonce.armextab.*)
 *(.gcc_except_table)

.v4_bx          0x0000242c        0x0
 .v4_bx         0x00000000        0x0 linker stubs

.iplt           0x0000242c        0x0
 .iplt          0x00000000        0x0 c:/program files (x86)/cypress/psoc creator/4.0/psoc creator/import/gnu/arm/4.9.3/bin/../lib/gcc/arm-none-eabi/4.9.3/armv7-m/crtbegin.o

.eh_frame_hdr
 *(.eh_frame_hdr)

.eh_frame       0x0000242c        0x4
 *(.eh_frame)
 .eh_frame      0x0000242c        0x0 c:/program files (x86)/cypress/psoc creator/4.0/psoc creator/import/gnu/arm/4.9.3/bin/../lib/gcc/arm-none-eabi/4.9.3/armv7-m/crtbegin.o
 .eh_frame      0x0000242c        0x4 c:/program files (x86)/cypress/psoc creator/4.0/psoc creator/import/gnu/arm/4.9.3/bin/../lib/gcc/arm-none-eabi/4.9.3/armv7-m/crtend.o
                0x00002430                PROVIDE (__exidx_start, .)

.ARM.exidx
 *(.ARM.exidx* .gnu.linkonce.armexidx.*)
                0x00002430                __exidx_end = .

.rodata         0x00002430       0xe0
 *(.rodata .rodata.* .gnu.linkonce.r.*)
 .rodata        0x00002430       0x20 .\ARM_GCC_493\Debug\main.o
 .rodata        0x00002450       0x10 .\ARM_GCC_493\Debug\LiquidCrystal_I2C.o
 .rodata        0x00002460       0x18 .\ARM_GCC_493\Debug\functions.o
 .rodata        0x00002478       0x5c .\ARM_GCC_493\Debug\OVac.a(cyfitter_cfg.o)
                0x00002478                ADC_AMux__addrTable
                0x00002480                ADC_AMux__maskTable
 .rodata.str1.1
                0x000024d4        0x2 c:/program files (x86)/cypress/psoc creator/4.0/psoc creator/import/gnu/arm/4.9.3/bin/../lib/gcc/arm-none-eabi/4.9.3/../../../../arm-none-eabi/lib/armv7-m\libg_nano.a(lib_a-impure.o)
                0x000024d8                . = ALIGN (0x4)
 *fill*         0x000024d6        0x2 
 *(.init)
 .init          0x000024d8        0x4 c:/program files (x86)/cypress/psoc creator/4.0/psoc creator/import/gnu/arm/4.9.3/bin/../lib/gcc/arm-none-eabi/4.9.3/armv7-m/crti.o
                0x000024d8                _init
 .init          0x000024dc        0x8 c:/program files (x86)/cypress/psoc creator/4.0/psoc creator/import/gnu/arm/4.9.3/bin/../lib/gcc/arm-none-eabi/4.9.3/armv7-m/crtn.o
                0x000024e4                . = ALIGN (0x4)
                0x000024e4                __preinit_array_start = .
 *(.preinit_array)
                0x000024e4                __preinit_array_end = .
                0x000024e4                . = ALIGN (0x4)
                0x000024e4                __init_array_start = .
 *(SORT(.init_array.*))
 *(.init_array)
 .init_array    0x000024e4        0x4 c:/program files (x86)/cypress/psoc creator/4.0/psoc creator/import/gnu/arm/4.9.3/bin/../lib/gcc/arm-none-eabi/4.9.3/armv7-m/crtbegin.o
 .init_array    0x000024e8        0x4 .\ARM_GCC_493\Debug\Cm3Start.o
                0x000024ec                __init_array_end = .
                0x000024ec                . = ALIGN (0x4)
 *(.fini)
 .fini          0x000024ec        0x4 c:/program files (x86)/cypress/psoc creator/4.0/psoc creator/import/gnu/arm/4.9.3/bin/../lib/gcc/arm-none-eabi/4.9.3/armv7-m/crti.o
                0x000024ec                _fini
 .fini          0x000024f0        0x8 c:/program files (x86)/cypress/psoc creator/4.0/psoc creator/import/gnu/arm/4.9.3/bin/../lib/gcc/arm-none-eabi/4.9.3/armv7-m/crtn.o
                0x000024f8                . = ALIGN (0x4)
                0x000024f8                __fini_array_start = .
 *(.fini_array)
 .fini_array    0x000024f8        0x4 c:/program files (x86)/cypress/psoc creator/4.0/psoc creator/import/gnu/arm/4.9.3/bin/../lib/gcc/arm-none-eabi/4.9.3/armv7-m/crtbegin.o
 *(SORT(.fini_array.*))
                0x000024fc                __fini_array_end = .
                0x000024fc                . = ALIGN (0x4)
 *crtbegin.o(.ctors)
 *(EXCLUDE_FILE(*crtend.o) .ctors)
 *(SORT(.ctors.*))
 *crtend.o(.ctors)
                0x000024fc                . = ALIGN (0x4)
 *crtbegin.o(.dtors)
 *(EXCLUDE_FILE(*crtend.o) .dtors)
 *(SORT(.dtors.*))
 *crtend.o(.dtors)
                0x000024fc                . = ALIGN (0x4)
                0x000024fc                __cy_regions = .
                0x000024fc        0x4 LONG 0x2510 __cy_region_init_ram
                0x00002500        0x4 LONG 0x1fff8108 __cy_region_start_data
                0x00002504        0x4 LONG 0x90 __cy_region_init_size_ram
                0x00002508        0x4 LONG 0xa8 __cy_region_zero_size_ram
                0x0000250c                __cy_regions_end = .
                0x00002510                . = ALIGN (0x8)
 *fill*         0x0000250c        0x4 
                0x00002510                _etext = .

.cy_checksum_exclude
                0x00002510        0x0
 *(.cy_checksum_exclude)

.ramvectors     0x1fff8000      0x100
                0x1fff8000                __cy_region_start_ram = .
 *(.ramvectors)
 .ramvectors    0x1fff8000      0x100 .\ARM_GCC_493\Debug\Cm3Start.o
                0x1fff8000                CyRamVectors

.noinit         0x1fff8100        0x5
 *(.noinit)
 .noinit        0x1fff8100        0x4 .\ARM_GCC_493\Debug\Cm3Start.o
 .noinit        0x1fff8104        0x1 .\ARM_GCC_493\Debug\OVac.a(CyLib.o)
                0x1fff8104                CyResetStatus

.data           0x1fff8108       0x90 load address 0x00002510
                0x1fff8108                __cy_region_start_data = .
 *(.jcr)
 .jcr           0x1fff8108        0x0 c:/program files (x86)/cypress/psoc creator/4.0/psoc creator/import/gnu/arm/4.9.3/bin/../lib/gcc/arm-none-eabi/4.9.3/armv7-m/crtbegin.o
 .jcr           0x1fff8108        0x4 c:/program files (x86)/cypress/psoc creator/4.0/psoc creator/import/gnu/arm/4.9.3/bin/../lib/gcc/arm-none-eabi/4.9.3/armv7-m/crtend.o
 *(.got.plt)
 *(.got)
 *(.shdata)
 *(.data .data.* .gnu.linkonce.d.*)
 .data          0x1fff810c       0x18 .\ARM_GCC_493\Debug\main.o
                0x1fff810c                Addr
                0x1fff8110                id
                0x1fff8114                STATE
                0x1fff8115                testnum
                0x1fff8118                file
 .data          0x1fff8124       0x10 .\ARM_GCC_493\Debug\OVac.a(CyLib.o)
                0x1fff8124                cydelay_freq_hz
                0x1fff8128                cydelay_freq_khz
                0x1fff812c                cydelay_freq_mhz
                0x1fff8130                cydelay_32k_ms
 .data.impure_data
                0x1fff8134       0x60 c:/program files (x86)/cypress/psoc creator/4.0/psoc creator/import/gnu/arm/4.9.3/bin/../lib/gcc/arm-none-eabi/4.9.3/../../../../arm-none-eabi/lib/armv7-m\libg_nano.a(lib_a-impure.o)
 .data._impure_ptr
                0x1fff8194        0x4 c:/program files (x86)/cypress/psoc creator/4.0/psoc creator/import/gnu/arm/4.9.3/bin/../lib/gcc/arm-none-eabi/4.9.3/../../../../arm-none-eabi/lib/armv7-m\libg_nano.a(lib_a-impure.o)
                0x1fff8194                _impure_ptr
                0x1fff8198                . = ALIGN (0x8)
 *(.ram)
                0x1fff8198                _edata = .

.igot.plt       0x1fff8198        0x0 load address 0x000025a0
 .igot.plt      0x00000000        0x0 c:/program files (x86)/cypress/psoc creator/4.0/psoc creator/import/gnu/arm/4.9.3/bin/../lib/gcc/arm-none-eabi/4.9.3/armv7-m/crtbegin.o

.bss            0x1fff8198       0xa8 load address 0x000025a0
                0x1fff8198                PROVIDE (__bss_start__, .)
 *(.shbss)
 *(.bss .bss.* .gnu.linkonce.b.*)
 .bss           0x1fff8198       0x1c c:/program files (x86)/cypress/psoc creator/4.0/psoc creator/import/gnu/arm/4.9.3/bin/../lib/gcc/arm-none-eabi/4.9.3/armv7-m/crtbegin.o
 .bss           0x1fff81b4       0x68 .\ARM_GCC_493\Debug\main.o
                0x1fff81b4                data_time
                0x1fff81b8                sum
                0x1fff81bc                average
                0x1fff81be                collect_flag
                0x1fff81bf                wait_flag
                0x1fff81c0                PANIC_flag
                0x1fff81c1                countdown
                0x1fff81c4                RxBuffer
                0x1fff8204                j
                0x1fff8208                rxflag
                0x1fff820c                bytes
                0x1fff8210                volume
 .bss           0x1fff821c       0x14 .\ARM_GCC_493\Debug\OVac.a(ADC.o)
                0x1fff821c                ADC_convDone
                0x1fff821d                ADC_stopConversion
                0x1fff821e                ADC_initVar
                0x1fff821f                ADC_started
 .bss           0x1fff8230        0x1 .\ARM_GCC_493\Debug\OVac.a(Sample_Timer.o)
                0x1fff8230                Sample_Timer_initVar
 .bss           0x1fff8231        0x2 .\ARM_GCC_493\Debug\OVac.a(UART.o)
                0x1fff8231                UART_initVar
 *(COMMON)
 COMMON         0x1fff8233        0x8 .\ARM_GCC_493\Debug\LiquidCrystal_I2C.o
                0x1fff8233                _backlightval
                0x1fff8234                _addr
                0x1fff8235                _displaycontrol
                0x1fff8236                _charsize
                0x1fff8237                _displaymode
                0x1fff8238                _displayfunction
                0x1fff8239                _cols
                0x1fff823a                _rows
 COMMON         0x1fff823b        0x1 .\ARM_GCC_493\Debug\OVac.a(I2C_Master.o)
                0x1fff823b                I2C_Master_state
                0x1fff8240                . = ALIGN (0x8)
 *fill*         0x1fff823c        0x4 
 *(.ram.b)
                0x1fff8240                _end = .
                0x1fff8240                __end = .
                0x1fff8240                PROVIDE (end, .)
                0x1fff8240                PROVIDE (__bss_end__, .)
                0x00002510                __cy_region_init_ram = LOADADDR (.data)
                0x00000090                __cy_region_init_size_ram = (_edata - ADDR (.data))
                0x000000a8                __cy_region_zero_size_ram = (_end - _edata)

.heap           0x1fff8240       0x80 load address 0x000025a0
                0x1fff8240                . = _end
                0x1fff82c0                . = (. + 0x80)
 *fill*         0x1fff8240       0x80 
                0x1fff82c0                __cy_heap_limit = .

.stack          0x20007800      0x800
                0x20007800                __cy_stack_limit = .
                0x20008000                . = (. + 0x800)
 *fill*         0x20007800      0x800 
                0x00000001                ASSERT ((__cy_stack_limit >= __cy_heap_limit), region RAM overflowed with stack)
                0x00000000                cy_checksum_exclude_size = (CY_APPL_LOADABLE == 0x1)?SIZEOF (.cy_checksum_exclude):0x0
                0x00000001                ASSERT ((cy_checksum_exclude_size <= CY_CHECKSUM_EXCLUDE_SIZE), CY_BOOT: Section .cy_checksum_exclude size exceedes specified limit.)

.cyloadermeta
 *(.cyloadermeta)

.cyloadablemeta
 *(.cyloadablemeta)

.cyconfigecc    0x80000000      0xa68
 *(.cyconfigecc)
 .cyconfigecc   0x80000000      0xa68 .\ARM_GCC_493\Debug\cymetadata.o
                0x80000000                cy_meta_configecc

.cycustnvl      0x90000000        0x4
 *(.cycustnvl)
 .cycustnvl     0x90000000        0x4 .\ARM_GCC_493\Debug\cymetadata.o
                0x90000000                cy_meta_custnvl

.cywolatch      0x90100000        0x4
 *(.cywolatch)
 .cywolatch     0x90100000        0x4 .\ARM_GCC_493\Debug\cymetadata.o
                0x90100000                cy_meta_wonvl

.cyeeprom       0x90200000        0x0
 *(.cyeeprom)
                0x00000001                ASSERT ((. <= ((0x90200000 + ee_offset) + ee_size)), .cyeeprom data will not fit in EEPROM)

.cyflashprotect
                0x90400000      0x100
 *(.cyflashprotect)
 .cyflashprotect
                0x90400000      0x100 .\ARM_GCC_493\Debug\cymetadata.o
                0x90400000                cy_meta_flashprotect

.cymeta         0x90500000        0xc
 *(.cymeta)
 .cymeta        0x90500000        0xc .\ARM_GCC_493\Debug\cymetadata.o
                0x90500000                cy_metadata

.rel.dyn        0x000025a0        0x0 load address 0x9050000c
 .rel.iplt      0x00000000        0x0 c:/program files (x86)/cypress/psoc creator/4.0/psoc creator/import/gnu/arm/4.9.3/bin/../lib/gcc/arm-none-eabi/4.9.3/armv7-m/crtbegin.o

.stab
 *(.stab)

.stabstr
 *(.stabstr)

.debug
 *(.debug)

.line
 *(.line)

.debug_srcinfo
 *(.debug_srcinfo)

.debug_sfnames
 *(.debug_sfnames)

.debug_aranges  0x00000000     0x1738
 *(.debug_aranges)
 .debug_aranges
                0x00000000       0x48 .\ARM_GCC_493\Debug\main.o
 .debug_aranges
                0x00000048      0x108 .\ARM_GCC_493\Debug\LiquidCrystal_I2C.o
 .debug_aranges
                0x00000150       0x68 .\ARM_GCC_493\Debug\i2cFunctions.o
 .debug_aranges
                0x000001b8       0x30 .\ARM_GCC_493\Debug\functions.o
 .debug_aranges
                0x000001e8      0x838 .\ARM_GCC_493\Debug\mpu6050.o
 .debug_aranges
                0x00000a20       0x18 .\ARM_GCC_493\Debug\cymetadata.o
 .debug_aranges
                0x00000a38       0x48 .\ARM_GCC_493\Debug\Cm3Start.o
 .debug_aranges
                0x00000a80       0x70 .\ARM_GCC_493\Debug\OVac.a(cyfitter_cfg.o)
 .debug_aranges
                0x00000af0      0x2a0 .\ARM_GCC_493\Debug\OVac.a(CyLib.o)
 .debug_aranges
                0x00000d90       0x98 .\ARM_GCC_493\Debug\OVac.a(cyPm.o)
 .debug_aranges
                0x00000e28       0xe8 .\ARM_GCC_493\Debug\OVac.a(ADC.o)
 .debug_aranges
                0x00000f10       0x38 .\ARM_GCC_493\Debug\OVac.a(ADC_INT.o)
 .debug_aranges
                0x00000f48       0x30 .\ARM_GCC_493\Debug\OVac.a(ADC_AMux.o)
 .debug_aranges
                0x00000f78       0x70 .\ARM_GCC_493\Debug\OVac.a(ADC_Ext_CP_Clk.o)
 .debug_aranges
                0x00000fe8       0x80 .\ARM_GCC_493\Debug\OVac.a(ADC_theACLK.o)
 .debug_aranges
                0x00001068       0x80 .\ARM_GCC_493\Debug\OVac.a(I2C_Master_MASTER.o)
 .debug_aranges
                0x000010e8       0x88 .\ARM_GCC_493\Debug\OVac.a(Sample_Timer.o)
 .debug_aranges
                0x00001170       0x80 .\ARM_GCC_493\Debug\OVac.a(Sample_ISR.o)
 .debug_aranges
                0x000011f0       0x38 .\ARM_GCC_493\Debug\OVac.a(Solenoid_1.o)
 .debug_aranges
                0x00001228       0x38 .\ARM_GCC_493\Debug\OVac.a(LED2.o)
 .debug_aranges
                0x00001260       0x38 .\ARM_GCC_493\Debug\OVac.a(LED2_1.o)
 .debug_aranges
                0x00001298       0x38 .\ARM_GCC_493\Debug\OVac.a(LED7.o)
 .debug_aranges
                0x000012d0       0x38 .\ARM_GCC_493\Debug\OVac.a(Solenoid_2.o)
 .debug_aranges
                0x00001308       0x70 .\ARM_GCC_493\Debug\OVac.a(Comp.o)
 .debug_aranges
                0x00001378       0x38 .\ARM_GCC_493\Debug\OVac.a(Reset.o)
 .debug_aranges
                0x000013b0       0xf0 .\ARM_GCC_493\Debug\OVac.a(UART.o)
 .debug_aranges
                0x000014a0       0x80 .\ARM_GCC_493\Debug\OVac.a(rx_interrupt.o)
 .debug_aranges
                0x00001520       0x70 .\ARM_GCC_493\Debug\OVac.a(UART_IntClock.o)
 .debug_aranges
                0x00001590       0x20 .\ARM_GCC_493\Debug\OVac.a(CyBootAsmGnu.o)
 .debug_aranges
                0x000015b0       0x80 .\ARM_GCC_493\Debug\OVac.a(CyFlash.o)
 .debug_aranges
                0x00001630       0x78 .\ARM_GCC_493\Debug\OVac.a(CySpc.o)
 .debug_aranges
                0x000016a8       0x38 .\ARM_GCC_493\Debug\OVac.a(I2C_Master.o)
 .debug_aranges
                0x000016e0       0x20 .\ARM_GCC_493\Debug\OVac.a(I2C_Master_INT.o)
 .debug_aranges
                0x00001700       0x38 .\ARM_GCC_493\Debug\OVac.a(I2C_Master_PM.o)

.debug_pubnames
 *(.debug_pubnames)

.debug_info     0x00000000     0x8550
 *(.debug_info .gnu.linkonce.wi.*)
 .debug_info    0x00000000      0x4cd .\ARM_GCC_493\Debug\main.o
 .debug_info    0x000004cd      0x550 .\ARM_GCC_493\Debug\LiquidCrystal_I2C.o
 .debug_info    0x00000a1d      0x43d .\ARM_GCC_493\Debug\i2cFunctions.o
 .debug_info    0x00000e5a      0x25a .\ARM_GCC_493\Debug\functions.o
 .debug_info    0x000010b4     0x21aa .\ARM_GCC_493\Debug\mpu6050.o
 .debug_info    0x0000325e      0x13f .\ARM_GCC_493\Debug\cymetadata.o
 .debug_info    0x0000339d      0x319 .\ARM_GCC_493\Debug\Cm3Start.o
 .debug_info    0x000036b6      0x4ef .\ARM_GCC_493\Debug\OVac.a(cyfitter_cfg.o)
 .debug_info    0x00003ba5      0xe4a .\ARM_GCC_493\Debug\OVac.a(CyLib.o)
 .debug_info    0x000049ef      0x561 .\ARM_GCC_493\Debug\OVac.a(cyPm.o)
 .debug_info    0x00004f50      0x725 .\ARM_GCC_493\Debug\OVac.a(ADC.o)
 .debug_info    0x00005675       0xcc .\ARM_GCC_493\Debug\OVac.a(ADC_INT.o)
 .debug_info    0x00005741      0x10a .\ARM_GCC_493\Debug\OVac.a(ADC_AMux.o)
 .debug_info    0x0000584b      0x25d .\ARM_GCC_493\Debug\OVac.a(ADC_Ext_CP_Clk.o)
 .debug_info    0x00005aa8      0x299 .\ARM_GCC_493\Debug\OVac.a(ADC_theACLK.o)
 .debug_info    0x00005d41      0x3f1 .\ARM_GCC_493\Debug\OVac.a(I2C_Master_MASTER.o)
 .debug_info    0x00006132      0x23e .\ARM_GCC_493\Debug\OVac.a(Sample_Timer.o)
 .debug_info    0x00006370      0x23a .\ARM_GCC_493\Debug\OVac.a(Sample_ISR.o)
 .debug_info    0x000065aa      0x11e .\ARM_GCC_493\Debug\OVac.a(Solenoid_1.o)
 .debug_info    0x000066c8      0x11e .\ARM_GCC_493\Debug\OVac.a(LED2.o)
 .debug_info    0x000067e6      0x11e .\ARM_GCC_493\Debug\OVac.a(LED2_1.o)
 .debug_info    0x00006904      0x11e .\ARM_GCC_493\Debug\OVac.a(LED7.o)
 .debug_info    0x00006a22      0x11e .\ARM_GCC_493\Debug\OVac.a(Solenoid_2.o)
 .debug_info    0x00006b40      0x23f .\ARM_GCC_493\Debug\OVac.a(Comp.o)
 .debug_info    0x00006d7f      0x11e .\ARM_GCC_493\Debug\OVac.a(Reset.o)
 .debug_info    0x00006e9d      0x503 .\ARM_GCC_493\Debug\OVac.a(UART.o)
 .debug_info    0x000073a0      0x23a .\ARM_GCC_493\Debug\OVac.a(rx_interrupt.o)
 .debug_info    0x000075da      0x25d .\ARM_GCC_493\Debug\OVac.a(UART_IntClock.o)
 .debug_info    0x00007837       0x80 .\ARM_GCC_493\Debug\OVac.a(CyBootAsmGnu.o)
 .debug_info    0x000078b7      0x36a .\ARM_GCC_493\Debug\OVac.a(CyFlash.o)
 .debug_info    0x00007c21      0x453 .\ARM_GCC_493\Debug\OVac.a(CySpc.o)
 .debug_info    0x00008074      0x1fa .\ARM_GCC_493\Debug\OVac.a(I2C_Master.o)
 .debug_info    0x0000826e      0x14f .\ARM_GCC_493\Debug\OVac.a(I2C_Master_INT.o)
 .debug_info    0x000083bd      0x193 .\ARM_GCC_493\Debug\OVac.a(I2C_Master_PM.o)

.debug_abbrev   0x00000000     0x2326
 *(.debug_abbrev)
 .debug_abbrev  0x00000000      0x179 .\ARM_GCC_493\Debug\main.o
 .debug_abbrev  0x00000179      0x162 .\ARM_GCC_493\Debug\LiquidCrystal_I2C.o
 .debug_abbrev  0x000002db       0x9f .\ARM_GCC_493\Debug\i2cFunctions.o
 .debug_abbrev  0x0000037a      0x103 .\ARM_GCC_493\Debug\functions.o
 .debug_abbrev  0x0000047d      0x18a .\ARM_GCC_493\Debug\mpu6050.o
 .debug_abbrev  0x00000607       0x77 .\ARM_GCC_493\Debug\cymetadata.o
 .debug_abbrev  0x0000067e      0x1b6 .\ARM_GCC_493\Debug\Cm3Start.o
 .debug_abbrev  0x00000834      0x1ca .\ARM_GCC_493\Debug\OVac.a(cyfitter_cfg.o)
 .debug_abbrev  0x000009fe      0x217 .\ARM_GCC_493\Debug\OVac.a(CyLib.o)
 .debug_abbrev  0x00000c15      0x161 .\ARM_GCC_493\Debug\OVac.a(cyPm.o)
 .debug_abbrev  0x00000d76      0x19d .\ARM_GCC_493\Debug\OVac.a(ADC.o)
 .debug_abbrev  0x00000f13       0x42 .\ARM_GCC_493\Debug\OVac.a(ADC_INT.o)
 .debug_abbrev  0x00000f55       0x6f .\ARM_GCC_493\Debug\OVac.a(ADC_AMux.o)
 .debug_abbrev  0x00000fc4      0x11d .\ARM_GCC_493\Debug\OVac.a(ADC_Ext_CP_Clk.o)
 .debug_abbrev  0x000010e1      0x11d .\ARM_GCC_493\Debug\OVac.a(ADC_theACLK.o)
 .debug_abbrev  0x000011fe      0x11e .\ARM_GCC_493\Debug\OVac.a(I2C_Master_MASTER.o)
 .debug_abbrev  0x0000131c       0xe9 .\ARM_GCC_493\Debug\OVac.a(Sample_Timer.o)
 .debug_abbrev  0x00001405      0x172 .\ARM_GCC_493\Debug\OVac.a(Sample_ISR.o)
 .debug_abbrev  0x00001577       0x90 .\ARM_GCC_493\Debug\OVac.a(Solenoid_1.o)
 .debug_abbrev  0x00001607       0x90 .\ARM_GCC_493\Debug\OVac.a(LED2.o)
 .debug_abbrev  0x00001697       0x90 .\ARM_GCC_493\Debug\OVac.a(LED2_1.o)
 .debug_abbrev  0x00001727       0x90 .\ARM_GCC_493\Debug\OVac.a(LED7.o)
 .debug_abbrev  0x000017b7       0x90 .\ARM_GCC_493\Debug\OVac.a(Solenoid_2.o)
 .debug_abbrev  0x00001847      0x146 .\ARM_GCC_493\Debug\OVac.a(Comp.o)
 .debug_abbrev  0x0000198d       0x90 .\ARM_GCC_493\Debug\OVac.a(Reset.o)
 .debug_abbrev  0x00001a1d      0x163 .\ARM_GCC_493\Debug\OVac.a(UART.o)
 .debug_abbrev  0x00001b80      0x172 .\ARM_GCC_493\Debug\OVac.a(rx_interrupt.o)
 .debug_abbrev  0x00001cf2      0x11d .\ARM_GCC_493\Debug\OVac.a(UART_IntClock.o)
 .debug_abbrev  0x00001e0f       0x14 .\ARM_GCC_493\Debug\OVac.a(CyBootAsmGnu.o)
 .debug_abbrev  0x00001e23      0x13c .\ARM_GCC_493\Debug\OVac.a(CyFlash.o)
 .debug_abbrev  0x00001f5f      0x16c .\ARM_GCC_493\Debug\OVac.a(CySpc.o)
 .debug_abbrev  0x000020cb       0xe2 .\ARM_GCC_493\Debug\OVac.a(I2C_Master.o)
 .debug_abbrev  0x000021ad       0x81 .\ARM_GCC_493\Debug\OVac.a(I2C_Master_INT.o)
 .debug_abbrev  0x0000222e       0xf8 .\ARM_GCC_493\Debug\OVac.a(I2C_Master_PM.o)

.debug_line     0x00000000     0x4ecd
 *(.debug_line)
 .debug_line    0x00000000      0x292 .\ARM_GCC_493\Debug\main.o
 .debug_line    0x00000292      0x3ed .\ARM_GCC_493\Debug\LiquidCrystal_I2C.o
 .debug_line    0x0000067f      0x233 .\ARM_GCC_493\Debug\i2cFunctions.o
 .debug_line    0x000008b2      0x1a3 .\ARM_GCC_493\Debug\functions.o
 .debug_line    0x00000a55     0x14b4 .\ARM_GCC_493\Debug\mpu6050.o
 .debug_line    0x00001f09       0x51 .\ARM_GCC_493\Debug\cymetadata.o
 .debug_line    0x00001f5a      0x1dc .\ARM_GCC_493\Debug\Cm3Start.o
 .debug_line    0x00002136      0x252 .\ARM_GCC_493\Debug\OVac.a(cyfitter_cfg.o)
 .debug_line    0x00002388      0x882 .\ARM_GCC_493\Debug\OVac.a(CyLib.o)
 .debug_line    0x00002c0a      0x37f .\ARM_GCC_493\Debug\OVac.a(cyPm.o)
 .debug_line    0x00002f89      0x3c8 .\ARM_GCC_493\Debug\OVac.a(ADC.o)
 .debug_line    0x00003351       0x8c .\ARM_GCC_493\Debug\OVac.a(ADC_INT.o)
 .debug_line    0x000033dd       0x9d .\ARM_GCC_493\Debug\OVac.a(ADC_AMux.o)
 .debug_line    0x0000347a      0x1a9 .\ARM_GCC_493\Debug\OVac.a(ADC_Ext_CP_Clk.o)
 .debug_line    0x00003623      0x1ca .\ARM_GCC_493\Debug\OVac.a(ADC_theACLK.o)
 .debug_line    0x000037ed      0x1f5 .\ARM_GCC_493\Debug\OVac.a(I2C_Master_MASTER.o)
 .debug_line    0x000039e2      0x164 .\ARM_GCC_493\Debug\OVac.a(Sample_Timer.o)
 .debug_line    0x00003b46      0x155 .\ARM_GCC_493\Debug\OVac.a(Sample_ISR.o)
 .debug_line    0x00003c9b       0x99 .\ARM_GCC_493\Debug\OVac.a(Solenoid_1.o)
 .debug_line    0x00003d34       0x93 .\ARM_GCC_493\Debug\OVac.a(LED2.o)
 .debug_line    0x00003dc7       0x95 .\ARM_GCC_493\Debug\OVac.a(LED2_1.o)
 .debug_line    0x00003e5c       0x93 .\ARM_GCC_493\Debug\OVac.a(LED7.o)
 .debug_line    0x00003eef       0x99 .\ARM_GCC_493\Debug\OVac.a(Solenoid_2.o)
 .debug_line    0x00003f88      0x169 .\ARM_GCC_493\Debug\OVac.a(Comp.o)
 .debug_line    0x000040f1       0x94 .\ARM_GCC_493\Debug\OVac.a(Reset.o)
 .debug_line    0x00004185      0x2e2 .\ARM_GCC_493\Debug\OVac.a(UART.o)
 .debug_line    0x00004467      0x157 .\ARM_GCC_493\Debug\OVac.a(rx_interrupt.o)
 .debug_line    0x000045be      0x1a8 .\ARM_GCC_493\Debug\OVac.a(UART_IntClock.o)
 .debug_line    0x00004766       0x7d .\ARM_GCC_493\Debug\OVac.a(CyBootAsmGnu.o)
 .debug_line    0x000047e3      0x205 .\ARM_GCC_493\Debug\OVac.a(CyFlash.o)
 .debug_line    0x000049e8      0x215 .\ARM_GCC_493\Debug\OVac.a(CySpc.o)
 .debug_line    0x00004bfd       0xea .\ARM_GCC_493\Debug\OVac.a(I2C_Master.o)
 .debug_line    0x00004ce7      0x120 .\ARM_GCC_493\Debug\OVac.a(I2C_Master_INT.o)
 .debug_line    0x00004e07       0xc6 .\ARM_GCC_493\Debug\OVac.a(I2C_Master_PM.o)

.debug_frame    0x00000000     0x6018
 *(.debug_frame)
 .debug_frame   0x00000000       0xe0 .\ARM_GCC_493\Debug\main.o
 .debug_frame   0x000000e0      0x3f8 .\ARM_GCC_493\Debug\LiquidCrystal_I2C.o
 .debug_frame   0x000004d8      0x1a4 .\ARM_GCC_493\Debug\i2cFunctions.o
 .debug_frame   0x0000067c       0x8c .\ARM_GCC_493\Debug\functions.o
 .debug_frame   0x00000708     0x22b4 .\ARM_GCC_493\Debug\mpu6050.o
 .debug_frame   0x000029bc       0xd8 .\ARM_GCC_493\Debug\Cm3Start.o
 .debug_frame   0x00002a94      0x1bc .\ARM_GCC_493\Debug\OVac.a(cyfitter_cfg.o)
 .debug_frame   0x00002c50      0xc0c .\ARM_GCC_493\Debug\OVac.a(CyLib.o)
 .debug_frame   0x0000385c      0x234 .\ARM_GCC_493\Debug\OVac.a(cyPm.o)
 .debug_frame   0x00003a90      0x40c .\ARM_GCC_493\Debug\OVac.a(ADC.o)
 .debug_frame   0x00003e9c       0xa0 .\ARM_GCC_493\Debug\OVac.a(ADC_INT.o)
 .debug_frame   0x00003f3c       0x88 .\ARM_GCC_493\Debug\OVac.a(ADC_AMux.o)
 .debug_frame   0x00003fc4      0x1b4 .\ARM_GCC_493\Debug\OVac.a(ADC_Ext_CP_Clk.o)
 .debug_frame   0x00004178      0x200 .\ARM_GCC_493\Debug\OVac.a(ADC_theACLK.o)
 .debug_frame   0x00004378      0x208 .\ARM_GCC_493\Debug\OVac.a(I2C_Master_MASTER.o)
 .debug_frame   0x00004580      0x208 .\ARM_GCC_493\Debug\OVac.a(Sample_Timer.o)
 .debug_frame   0x00004788      0x1e8 .\ARM_GCC_493\Debug\OVac.a(Sample_ISR.o)
 .debug_frame   0x00004970       0xa8 .\ARM_GCC_493\Debug\OVac.a(Solenoid_1.o)
 .debug_frame   0x00004a18       0xa8 .\ARM_GCC_493\Debug\OVac.a(LED2.o)
 .debug_frame   0x00004ac0       0xa8 .\ARM_GCC_493\Debug\OVac.a(LED2_1.o)
 .debug_frame   0x00004b68       0xa8 .\ARM_GCC_493\Debug\OVac.a(LED7.o)
 .debug_frame   0x00004c10       0xa8 .\ARM_GCC_493\Debug\OVac.a(Solenoid_2.o)
 .debug_frame   0x00004cb8      0x19c .\ARM_GCC_493\Debug\OVac.a(Comp.o)
 .debug_frame   0x00004e54       0xa8 .\ARM_GCC_493\Debug\OVac.a(Reset.o)
 .debug_frame   0x00004efc      0x42c .\ARM_GCC_493\Debug\OVac.a(UART.o)
 .debug_frame   0x00005328      0x1e8 .\ARM_GCC_493\Debug\OVac.a(rx_interrupt.o)
 .debug_frame   0x00005510      0x1b4 .\ARM_GCC_493\Debug\OVac.a(UART_IntClock.o)
 .debug_frame   0x000056c4      0x210 .\ARM_GCC_493\Debug\OVac.a(CyFlash.o)
 .debug_frame   0x000058d4      0x1f8 .\ARM_GCC_493\Debug\OVac.a(CySpc.o)
 .debug_frame   0x00005acc       0x98 .\ARM_GCC_493\Debug\OVac.a(I2C_Master.o)
 .debug_frame   0x00005b64       0x38 .\ARM_GCC_493\Debug\OVac.a(I2C_Master_INT.o)
 .debug_frame   0x00005b9c       0x94 .\ARM_GCC_493\Debug\OVac.a(I2C_Master_PM.o)
 .debug_frame   0x00005c30       0x20 c:/program files (x86)/cypress/psoc creator/4.0/psoc creator/import/gnu/arm/4.9.3/bin/../lib/gcc/arm-none-eabi/4.9.3/../../../../arm-none-eabi/lib/armv7-m\libg_nano.a(lib_a-errno.o)
 .debug_frame   0x00005c50       0x28 c:/program files (x86)/cypress/psoc creator/4.0/psoc creator/import/gnu/arm/4.9.3/bin/../lib/gcc/arm-none-eabi/4.9.3/../../../../arm-none-eabi/lib/armv7-m\libg_nano.a(lib_a-exit.o)
 .debug_frame   0x00005c78       0x2c c:/program files (x86)/cypress/psoc creator/4.0/psoc creator/import/gnu/arm/4.9.3/bin/../lib/gcc/arm-none-eabi/4.9.3/../../../../arm-none-eabi/lib/armv7-m\libg_nano.a(lib_a-init.o)
 .debug_frame   0x00005ca4       0x28 c:/program files (x86)/cypress/psoc creator/4.0/psoc creator/import/gnu/arm/4.9.3/bin/../lib/gcc/arm-none-eabi/4.9.3/../../../../arm-none-eabi/lib/armv7-m\libg_nano.a(lib_a-memcpy.o)
 .debug_frame   0x00005ccc       0x20 c:/program files (x86)/cypress/psoc creator/4.0/psoc creator/import/gnu/arm/4.9.3/bin/../lib/gcc/arm-none-eabi/4.9.3/../../../../arm-none-eabi/lib/armv7-m\libg_nano.a(lib_a-memset.o)
 .debug_frame   0x00005cec       0x70 c:/program files (x86)/cypress/psoc creator/4.0/psoc creator/import/gnu/arm/4.9.3/bin/../lib/gcc/arm-none-eabi/4.9.3/../../../../arm-none-eabi/lib/armv7-m\libg_nano.a(lib_a-sprintf.o)
 .debug_frame   0x00005d5c       0x20 c:/program files (x86)/cypress/psoc creator/4.0/psoc creator/import/gnu/arm/4.9.3/bin/../lib/gcc/arm-none-eabi/4.9.3/../../../../arm-none-eabi/lib/armv7-m\libg_nano.a(lib_a-strlen.o)
 .debug_frame   0x00005d7c       0x2c c:/program files (x86)/cypress/psoc creator/4.0/psoc creator/import/gnu/arm/4.9.3/bin/../lib/gcc/arm-none-eabi/4.9.3/../../../../arm-none-eabi/lib/armv7-m\libg_nano.a(lib_a-strncmp.o)
 .debug_frame   0x00005da8       0x8c c:/program files (x86)/cypress/psoc creator/4.0/psoc creator/import/gnu/arm/4.9.3/bin/../lib/gcc/arm-none-eabi/4.9.3/../../../../arm-none-eabi/lib/armv7-m\libg_nano.a(lib_a-nano-svfprintf.o)
 .debug_frame   0x00005e34       0x58 c:/program files (x86)/cypress/psoc creator/4.0/psoc creator/import/gnu/arm/4.9.3/bin/../lib/gcc/arm-none-eabi/4.9.3/../../../../arm-none-eabi/lib/armv7-m\libg_nano.a(lib_a-nano-vfprintf_i.o)
 .debug_frame   0x00005e8c       0x28 c:/program files (x86)/cypress/psoc creator/4.0/psoc creator/import/gnu/arm/4.9.3/bin/../lib/gcc/arm-none-eabi/4.9.3/../../../../arm-none-eabi/lib/armv7-m\libg_nano.a(lib_a-memchr.o)
 .debug_frame   0x00005eb4       0x28 c:/program files (x86)/cypress/psoc creator/4.0/psoc creator/import/gnu/arm/4.9.3/bin/../lib/gcc/arm-none-eabi/4.9.3/../../../../arm-none-eabi/lib/armv7-m\libg_nano.a(lib_a-memmove.o)
 .debug_frame   0x00005edc       0x2c c:/program files (x86)/cypress/psoc creator/4.0/psoc creator/import/gnu/arm/4.9.3/bin/../lib/gcc/arm-none-eabi/4.9.3/../../../../arm-none-eabi/lib/armv7-m\libg_nano.a(lib_a-nano-freer.o)
 .debug_frame   0x00005f08       0x2c c:/program files (x86)/cypress/psoc creator/4.0/psoc creator/import/gnu/arm/4.9.3/bin/../lib/gcc/arm-none-eabi/4.9.3/../../../../arm-none-eabi/lib/armv7-m\libg_nano.a(lib_a-nano-mallocr.o)
 .debug_frame   0x00005f34       0x3c c:/program files (x86)/cypress/psoc creator/4.0/psoc creator/import/gnu/arm/4.9.3/bin/../lib/gcc/arm-none-eabi/4.9.3/../../../../arm-none-eabi/lib/armv7-m\libg_nano.a(lib_a-nano-reallocr.o)
 .debug_frame   0x00005f70       0x2c c:/program files (x86)/cypress/psoc creator/4.0/psoc creator/import/gnu/arm/4.9.3/bin/../lib/gcc/arm-none-eabi/4.9.3/../../../../arm-none-eabi/lib/armv7-m\libg_nano.a(lib_a-sbrkr.o)
 .debug_frame   0x00005f9c       0x20 c:/program files (x86)/cypress/psoc creator/4.0/psoc creator/import/gnu/arm/4.9.3/bin/../lib/gcc/arm-none-eabi/4.9.3/../../../../arm-none-eabi/lib/armv7-m\libg_nano.a(lib_a-nano-msizer.o)
 .debug_frame   0x00005fbc       0x5c c:/program files (x86)/cypress/psoc creator/4.0/psoc creator/import/gnu/arm/4.9.3/bin/../lib/gcc/arm-none-eabi/4.9.3/../../../../arm-none-eabi/lib/armv7-m\libg_nano.a(lib_a-reent.o)

.debug_str      0x00000000     0x4a20
 *(.debug_str)
 .debug_str     0x00000000      0x2df .\ARM_GCC_493\Debug\main.o
                                0x35e (size before relaxing)
 .debug_str     0x000002df      0x207 .\ARM_GCC_493\Debug\LiquidCrystal_I2C.o
                                0x3e9 (size before relaxing)
 .debug_str     0x000004e6       0xbd .\ARM_GCC_493\Debug\i2cFunctions.o
                                0x264 (size before relaxing)
 .debug_str     0x000005a3       0x47 .\ARM_GCC_493\Debug\functions.o
                                0x272 (size before relaxing)
 .debug_str     0x000005ea     0x1cab .\ARM_GCC_493\Debug\mpu6050.o
                               0x1e86 (size before relaxing)
 .debug_str     0x00002295       0x75 .\ARM_GCC_493\Debug\cymetadata.o
                                0x1da (size before relaxing)
 .debug_str     0x0000230a      0x132 .\ARM_GCC_493\Debug\Cm3Start.o
                                0x2bb (size before relaxing)
 .debug_str     0x0000243c      0x1c8 .\ARM_GCC_493\Debug\OVac.a(cyfitter_cfg.o)
                                0x368 (size before relaxing)
 .debug_str     0x00002604      0x7dc .\ARM_GCC_493\Debug\OVac.a(CyLib.o)
                                0x9ce (size before relaxing)
 .debug_str     0x00002de0      0x365 .\ARM_GCC_493\Debug\OVac.a(cyPm.o)
                                0x51b (size before relaxing)
 .debug_str     0x00003145      0x2ee .\ARM_GCC_493\Debug\OVac.a(ADC.o)
                                0x4c3 (size before relaxing)
 .debug_str     0x00003433       0x45 .\ARM_GCC_493\Debug\OVac.a(ADC_INT.o)
                                0x1a4 (size before relaxing)
 .debug_str     0x00003478       0x6f .\ARM_GCC_493\Debug\OVac.a(ADC_AMux.o)
                                0x1d3 (size before relaxing)
 .debug_str     0x000034e7      0x1ae .\ARM_GCC_493\Debug\OVac.a(ADC_Ext_CP_Clk.o)
                                0x332 (size before relaxing)
 .debug_str     0x00003695      0x18a .\ARM_GCC_493\Debug\OVac.a(ADC_theACLK.o)
                                0x351 (size before relaxing)
 .debug_str     0x0000381f      0x2a6 .\ARM_GCC_493\Debug\OVac.a(I2C_Master_MASTER.o)
                                0x429 (size before relaxing)
 .debug_str     0x00003ac5      0x1ca .\ARM_GCC_493\Debug\OVac.a(Sample_Timer.o)
                                0x349 (size before relaxing)
 .debug_str     0x00003c8f      0x12c .\ARM_GCC_493\Debug\OVac.a(Sample_ISR.o)
                                0x2d0 (size before relaxing)
 .debug_str     0x00003dbb       0x7f .\ARM_GCC_493\Debug\OVac.a(Solenoid_1.o)
                                0x1eb (size before relaxing)
 .debug_str     0x00003e3a       0x56 .\ARM_GCC_493\Debug\OVac.a(LED2.o)
                                0x1cd (size before relaxing)
 .debug_str     0x00003e90       0x60 .\ARM_GCC_493\Debug\OVac.a(LED2_1.o)
                                0x1d7 (size before relaxing)
 .debug_str     0x00003ef0       0x56 .\ARM_GCC_493\Debug\OVac.a(LED7.o)
                                0x1cd (size before relaxing)
 .debug_str     0x00003f46       0x74 .\ARM_GCC_493\Debug\OVac.a(Solenoid_2.o)
                                0x1eb (size before relaxing)
 .debug_str     0x00003fba      0x11a .\ARM_GCC_493\Debug\OVac.a(Comp.o)
                                0x298 (size before relaxing)
 .debug_str     0x000040d4       0x5b .\ARM_GCC_493\Debug\OVac.a(Reset.o)
                                0x1d2 (size before relaxing)
 .debug_str     0x0000412f      0x25f .\ARM_GCC_493\Debug\OVac.a(UART.o)
                                0x405 (size before relaxing)
 .debug_str     0x0000438e      0x148 .\ARM_GCC_493\Debug\OVac.a(rx_interrupt.o)
                                0x2ec (size before relaxing)
 .debug_str     0x000044d6      0x15f .\ARM_GCC_493\Debug\OVac.a(UART_IntClock.o)
                                0x326 (size before relaxing)
 .debug_str     0x00004635      0x13e .\ARM_GCC_493\Debug\OVac.a(CyFlash.o)
                                0x2da (size before relaxing)
 .debug_str     0x00004773      0x11f .\ARM_GCC_493\Debug\OVac.a(CySpc.o)
                                0x2d7 (size before relaxing)
 .debug_str     0x00004892       0xd7 .\ARM_GCC_493\Debug\OVac.a(I2C_Master.o)
                                0x2be (size before relaxing)
 .debug_str     0x00004969       0x3e .\ARM_GCC_493\Debug\OVac.a(I2C_Master_INT.o)
                                0x289 (size before relaxing)
 .debug_str     0x000049a7       0x79 .\ARM_GCC_493\Debug\OVac.a(I2C_Master_PM.o)
                                0x251 (size before relaxing)

.debug_loc
 *(.debug_loc)

.debug_macinfo
 *(.debug_macinfo)

.debug_ranges   0x00000000     0x1500
 *(.debug_ranges)
 .debug_ranges  0x00000000       0x38 .\ARM_GCC_493\Debug\main.o
 .debug_ranges  0x00000038       0xf8 .\ARM_GCC_493\Debug\LiquidCrystal_I2C.o
 .debug_ranges  0x00000130       0x58 .\ARM_GCC_493\Debug\i2cFunctions.o
 .debug_ranges  0x00000188       0x20 .\ARM_GCC_493\Debug\functions.o
 .debug_ranges  0x000001a8      0x828 .\ARM_GCC_493\Debug\mpu6050.o
 .debug_ranges  0x000009d0       0x38 .\ARM_GCC_493\Debug\Cm3Start.o
 .debug_ranges  0x00000a08       0x60 .\ARM_GCC_493\Debug\OVac.a(cyfitter_cfg.o)
 .debug_ranges  0x00000a68      0x290 .\ARM_GCC_493\Debug\OVac.a(CyLib.o)
 .debug_ranges  0x00000cf8       0x88 .\ARM_GCC_493\Debug\OVac.a(cyPm.o)
 .debug_ranges  0x00000d80       0xd8 .\ARM_GCC_493\Debug\OVac.a(ADC.o)
 .debug_ranges  0x00000e58       0x28 .\ARM_GCC_493\Debug\OVac.a(ADC_INT.o)
 .debug_ranges  0x00000e80       0x20 .\ARM_GCC_493\Debug\OVac.a(ADC_AMux.o)
 .debug_ranges  0x00000ea0       0x60 .\ARM_GCC_493\Debug\OVac.a(ADC_Ext_CP_Clk.o)
 .debug_ranges  0x00000f00       0x70 .\ARM_GCC_493\Debug\OVac.a(ADC_theACLK.o)
 .debug_ranges  0x00000f70       0x70 .\ARM_GCC_493\Debug\OVac.a(I2C_Master_MASTER.o)
 .debug_ranges  0x00000fe0       0x78 .\ARM_GCC_493\Debug\OVac.a(Sample_Timer.o)
 .debug_ranges  0x00001058       0x70 .\ARM_GCC_493\Debug\OVac.a(Sample_ISR.o)
 .debug_ranges  0x000010c8       0x28 .\ARM_GCC_493\Debug\OVac.a(Solenoid_1.o)
 .debug_ranges  0x000010f0       0x28 .\ARM_GCC_493\Debug\OVac.a(LED2.o)
 .debug_ranges  0x00001118       0x28 .\ARM_GCC_493\Debug\OVac.a(LED2_1.o)
 .debug_ranges  0x00001140       0x28 .\ARM_GCC_493\Debug\OVac.a(LED7.o)
 .debug_ranges  0x00001168       0x28 .\ARM_GCC_493\Debug\OVac.a(Solenoid_2.o)
 .debug_ranges  0x00001190       0x60 .\ARM_GCC_493\Debug\OVac.a(Comp.o)
 .debug_ranges  0x000011f0       0x28 .\ARM_GCC_493\Debug\OVac.a(Reset.o)
 .debug_ranges  0x00001218       0xe0 .\ARM_GCC_493\Debug\OVac.a(UART.o)
 .debug_ranges  0x000012f8       0x70 .\ARM_GCC_493\Debug\OVac.a(rx_interrupt.o)
 .debug_ranges  0x00001368       0x60 .\ARM_GCC_493\Debug\OVac.a(UART_IntClock.o)
 .debug_ranges  0x000013c8       0x70 .\ARM_GCC_493\Debug\OVac.a(CyFlash.o)
 .debug_ranges  0x00001438       0x68 .\ARM_GCC_493\Debug\OVac.a(CySpc.o)
 .debug_ranges  0x000014a0       0x28 .\ARM_GCC_493\Debug\OVac.a(I2C_Master.o)
 .debug_ranges  0x000014c8       0x10 .\ARM_GCC_493\Debug\OVac.a(I2C_Master_INT.o)
 .debug_ranges  0x000014d8       0x28 .\ARM_GCC_493\Debug\OVac.a(I2C_Master_PM.o)

.comment        0x00000000       0x70
 .comment       0x00000000       0x70 .\ARM_GCC_493\Debug\main.o
                                 0x71 (size before relaxing)
 .comment       0x00000000       0x71 .\ARM_GCC_493\Debug\LiquidCrystal_I2C.o
 .comment       0x00000000       0x71 .\ARM_GCC_493\Debug\i2cFunctions.o
 .comment       0x00000000       0x71 .\ARM_GCC_493\Debug\functions.o
 .comment       0x00000000       0x71 .\ARM_GCC_493\Debug\mpu6050.o
 .comment       0x00000000       0x71 .\ARM_GCC_493\Debug\cymetadata.o
 .comment       0x00000000       0x71 .\ARM_GCC_493\Debug\Cm3Start.o
 .comment       0x00000000       0x71 .\ARM_GCC_493\Debug\OVac.a(cyfitter_cfg.o)
 .comment       0x00000000       0x71 .\ARM_GCC_493\Debug\OVac.a(CyLib.o)
 .comment       0x00000000       0x71 .\ARM_GCC_493\Debug\OVac.a(cyPm.o)
 .comment       0x00000000       0x71 .\ARM_GCC_493\Debug\OVac.a(ADC.o)
 .comment       0x00000000       0x71 .\ARM_GCC_493\Debug\OVac.a(ADC_INT.o)
 .comment       0x00000000       0x71 .\ARM_GCC_493\Debug\OVac.a(ADC_AMux.o)
 .comment       0x00000000       0x71 .\ARM_GCC_493\Debug\OVac.a(ADC_Ext_CP_Clk.o)
 .comment       0x00000000       0x71 .\ARM_GCC_493\Debug\OVac.a(ADC_theACLK.o)
 .comment       0x00000000       0x71 .\ARM_GCC_493\Debug\OVac.a(I2C_Master_MASTER.o)
 .comment       0x00000000       0x71 .\ARM_GCC_493\Debug\OVac.a(Sample_Timer.o)
 .comment       0x00000000       0x71 .\ARM_GCC_493\Debug\OVac.a(Sample_ISR.o)
 .comment       0x00000000       0x71 .\ARM_GCC_493\Debug\OVac.a(Solenoid_1.o)
 .comment       0x00000000       0x71 .\ARM_GCC_493\Debug\OVac.a(LED2.o)
 .comment       0x00000000       0x71 .\ARM_GCC_493\Debug\OVac.a(LED2_1.o)
 .comment       0x00000000       0x71 .\ARM_GCC_493\Debug\OVac.a(LED7.o)
 .comment       0x00000000       0x71 .\ARM_GCC_493\Debug\OVac.a(Solenoid_2.o)
 .comment       0x00000000       0x71 .\ARM_GCC_493\Debug\OVac.a(Comp.o)
 .comment       0x00000000       0x71 .\ARM_GCC_493\Debug\OVac.a(Reset.o)
 .comment       0x00000000       0x71 .\ARM_GCC_493\Debug\OVac.a(UART.o)
 .comment       0x00000000       0x71 .\ARM_GCC_493\Debug\OVac.a(rx_interrupt.o)
 .comment       0x00000000       0x71 .\ARM_GCC_493\Debug\OVac.a(UART_IntClock.o)
 .comment       0x00000000       0x71 .\ARM_GCC_493\Debug\OVac.a(CyFlash.o)
 .comment       0x00000000       0x71 .\ARM_GCC_493\Debug\OVac.a(CySpc.o)
 .comment       0x00000000       0x71 .\ARM_GCC_493\Debug\OVac.a(I2C_Master.o)
 .comment       0x00000000       0x71 .\ARM_GCC_493\Debug\OVac.a(I2C_Master_INT.o)
 .comment       0x00000000       0x71 .\ARM_GCC_493\Debug\OVac.a(I2C_Master_PM.o)

.debug_weaknames
 *(.debug_weaknames)

.debug_funcnames
 *(.debug_funcnames)

.debug_typenames
 *(.debug_typenames)

.debug_varnames
 *(.debug_varnames)

.note.gnu.arm.ident
 *(.note.gnu.arm.ident)

.ARM.attributes
                0x00000000       0x29
 *(.ARM.attributes)
 .ARM.attributes
                0x00000000       0x1d c:/program files (x86)/cypress/psoc creator/4.0/psoc creator/import/gnu/arm/4.9.3/bin/../lib/gcc/arm-none-eabi/4.9.3/armv7-m/crti.o
 .ARM.attributes
                0x0000001d       0x2d c:/program files (x86)/cypress/psoc creator/4.0/psoc creator/import/gnu/arm/4.9.3/bin/../lib/gcc/arm-none-eabi/4.9.3/armv7-m/crtbegin.o
 .ARM.attributes
                0x0000004a       0x1b c:/program files (x86)/cypress/psoc creator/4.0/psoc creator/import/gnu/arm/4.9.3/bin/../lib/gcc/arm-none-eabi/4.9.3/../../../../arm-none-eabi/lib/armv7-m/crt0.o
 .ARM.attributes
                0x00000065       0x33 .\ARM_GCC_493\Debug\main.o
 .ARM.attributes
                0x00000098       0x33 .\ARM_GCC_493\Debug\LiquidCrystal_I2C.o
 .ARM.attributes
                0x000000cb       0x33 .\ARM_GCC_493\Debug\i2cFunctions.o
 .ARM.attributes
                0x000000fe       0x33 .\ARM_GCC_493\Debug\functions.o
 .ARM.attributes
                0x00000131       0x33 .\ARM_GCC_493\Debug\mpu6050.o
 .ARM.attributes
                0x00000164       0x33 .\ARM_GCC_493\Debug\cymetadata.o
 .ARM.attributes
                0x00000197       0x33 .\ARM_GCC_493\Debug\Cm3Start.o
 .ARM.attributes
                0x000001ca       0x33 .\ARM_GCC_493\Debug\OVac.a(cyfitter_cfg.o)
 .ARM.attributes
                0x000001fd       0x33 .\ARM_GCC_493\Debug\OVac.a(CyLib.o)
 .ARM.attributes
                0x00000230       0x33 .\ARM_GCC_493\Debug\OVac.a(cyPm.o)
 .ARM.attributes
                0x00000263       0x33 .\ARM_GCC_493\Debug\OVac.a(ADC.o)
 .ARM.attributes
                0x00000296       0x33 .\ARM_GCC_493\Debug\OVac.a(ADC_INT.o)
 .ARM.attributes
                0x000002c9       0x33 .\ARM_GCC_493\Debug\OVac.a(ADC_AMux.o)
 .ARM.attributes
                0x000002fc       0x33 .\ARM_GCC_493\Debug\OVac.a(ADC_Ext_CP_Clk.o)
 .ARM.attributes
                0x0000032f       0x33 .\ARM_GCC_493\Debug\OVac.a(ADC_theACLK.o)
 .ARM.attributes
                0x00000362       0x33 .\ARM_GCC_493\Debug\OVac.a(I2C_Master_MASTER.o)
 .ARM.attributes
                0x00000395       0x33 .\ARM_GCC_493\Debug\OVac.a(Sample_Timer.o)
 .ARM.attributes
                0x000003c8       0x33 .\ARM_GCC_493\Debug\OVac.a(Sample_ISR.o)
 .ARM.attributes
                0x000003fb       0x33 .\ARM_GCC_493\Debug\OVac.a(Solenoid_1.o)
 .ARM.attributes
                0x0000042e       0x33 .\ARM_GCC_493\Debug\OVac.a(LED2.o)
 .ARM.attributes
                0x00000461       0x33 .\ARM_GCC_493\Debug\OVac.a(LED2_1.o)
 .ARM.attributes
                0x00000494       0x33 .\ARM_GCC_493\Debug\OVac.a(LED7.o)
 .ARM.attributes
                0x000004c7       0x33 .\ARM_GCC_493\Debug\OVac.a(Solenoid_2.o)
 .ARM.attributes
                0x000004fa       0x33 .\ARM_GCC_493\Debug\OVac.a(Comp.o)
 .ARM.attributes
                0x0000052d       0x33 .\ARM_GCC_493\Debug\OVac.a(Reset.o)
 .ARM.attributes
                0x00000560       0x33 .\ARM_GCC_493\Debug\OVac.a(UART.o)
 .ARM.attributes
                0x00000593       0x33 .\ARM_GCC_493\Debug\OVac.a(rx_interrupt.o)
 .ARM.attributes
                0x000005c6       0x33 .\ARM_GCC_493\Debug\OVac.a(UART_IntClock.o)
 .ARM.attributes
                0x000005f9       0x21 .\ARM_GCC_493\Debug\OVac.a(CyBootAsmGnu.o)
 .ARM.attributes
                0x0000061a       0x33 .\ARM_GCC_493\Debug\OVac.a(CyFlash.o)
 .ARM.attributes
                0x0000064d       0x33 .\ARM_GCC_493\Debug\OVac.a(CySpc.o)
 .ARM.attributes
                0x00000680       0x33 .\ARM_GCC_493\Debug\OVac.a(I2C_Master.o)
 .ARM.attributes
                0x000006b3       0x33 .\ARM_GCC_493\Debug\OVac.a(I2C_Master_INT.o)
 .ARM.attributes
                0x000006e6       0x33 .\ARM_GCC_493\Debug\OVac.a(I2C_Master_PM.o)
 .ARM.attributes
                0x00000719       0x1d c:/program files (x86)/cypress/psoc creator/4.0/psoc creator/import/gnu/arm/4.9.3/bin/../lib/gcc/arm-none-eabi/4.9.3/armv7-m\libgcc.a(_arm_addsubdf3.o)
 .ARM.attributes
                0x00000736       0x1d c:/program files (x86)/cypress/psoc creator/4.0/psoc creator/import/gnu/arm/4.9.3/bin/../lib/gcc/arm-none-eabi/4.9.3/armv7-m\libgcc.a(_arm_muldivdf3.o)
 .ARM.attributes
                0x00000753       0x1d c:/program files (x86)/cypress/psoc creator/4.0/psoc creator/import/gnu/arm/4.9.3/bin/../lib/gcc/arm-none-eabi/4.9.3/armv7-m\libgcc.a(_arm_cmpdf2.o)
 .ARM.attributes
                0x00000770       0x1d c:/program files (x86)/cypress/psoc creator/4.0/psoc creator/import/gnu/arm/4.9.3/bin/../lib/gcc/arm-none-eabi/4.9.3/armv7-m\libgcc.a(_arm_truncdfsf2.o)
 .ARM.attributes
                0x0000078d       0x1d c:/program files (x86)/cypress/psoc creator/4.0/psoc creator/import/gnu/arm/4.9.3/bin/../lib/gcc/arm-none-eabi/4.9.3/armv7-m\libgcc.a(_arm_addsubsf3.o)
 .ARM.attributes
                0x000007aa       0x1d c:/program files (x86)/cypress/psoc creator/4.0/psoc creator/import/gnu/arm/4.9.3/bin/../lib/gcc/arm-none-eabi/4.9.3/armv7-m\libgcc.a(_arm_muldivsf3.o)
 .ARM.attributes
                0x000007c7       0x1d c:/program files (x86)/cypress/psoc creator/4.0/psoc creator/import/gnu/arm/4.9.3/bin/../lib/gcc/arm-none-eabi/4.9.3/armv7-m\libgcc.a(_arm_fixsfsi.o)
 .ARM.attributes
                0x000007e4       0x1d c:/program files (x86)/cypress/psoc creator/4.0/psoc creator/import/gnu/arm/4.9.3/bin/../lib/gcc/arm-none-eabi/4.9.3/armv7-m\libgcc.a(_arm_fixunssfsi.o)
 .ARM.attributes
                0x00000801       0x2d c:/program files (x86)/cypress/psoc creator/4.0/psoc creator/import/gnu/arm/4.9.3/bin/../lib/gcc/arm-none-eabi/4.9.3/../../../../arm-none-eabi/lib/armv7-m\libg_nano.a(lib_a-errno.o)
 .ARM.attributes
                0x0000082e       0x2d c:/program files (x86)/cypress/psoc creator/4.0/psoc creator/import/gnu/arm/4.9.3/bin/../lib/gcc/arm-none-eabi/4.9.3/../../../../arm-none-eabi/lib/armv7-m\libg_nano.a(lib_a-exit.o)
 .ARM.attributes
                0x0000085b       0x2d c:/program files (x86)/cypress/psoc creator/4.0/psoc creator/import/gnu/arm/4.9.3/bin/../lib/gcc/arm-none-eabi/4.9.3/../../../../arm-none-eabi/lib/armv7-m\libg_nano.a(lib_a-impure.o)
 .ARM.attributes
                0x00000888       0x2d c:/program files (x86)/cypress/psoc creator/4.0/psoc creator/import/gnu/arm/4.9.3/bin/../lib/gcc/arm-none-eabi/4.9.3/../../../../arm-none-eabi/lib/armv7-m\libg_nano.a(lib_a-init.o)
 .ARM.attributes
                0x000008b5       0x2d c:/program files (x86)/cypress/psoc creator/4.0/psoc creator/import/gnu/arm/4.9.3/bin/../lib/gcc/arm-none-eabi/4.9.3/../../../../arm-none-eabi/lib/armv7-m\libg_nano.a(lib_a-memcpy.o)
 .ARM.attributes
                0x000008e2       0x2d c:/program files (x86)/cypress/psoc creator/4.0/psoc creator/import/gnu/arm/4.9.3/bin/../lib/gcc/arm-none-eabi/4.9.3/../../../../arm-none-eabi/lib/armv7-m\libg_nano.a(lib_a-memset.o)
 .ARM.attributes
                0x0000090f       0x2d c:/program files (x86)/cypress/psoc creator/4.0/psoc creator/import/gnu/arm/4.9.3/bin/../lib/gcc/arm-none-eabi/4.9.3/../../../../arm-none-eabi/lib/armv7-m\libg_nano.a(lib_a-sprintf.o)
 .ARM.attributes
                0x0000093c       0x2d c:/program files (x86)/cypress/psoc creator/4.0/psoc creator/import/gnu/arm/4.9.3/bin/../lib/gcc/arm-none-eabi/4.9.3/../../../../arm-none-eabi/lib/armv7-m\libg_nano.a(lib_a-strlen.o)
 .ARM.attributes
                0x00000969       0x2d c:/program files (x86)/cypress/psoc creator/4.0/psoc creator/import/gnu/arm/4.9.3/bin/../lib/gcc/arm-none-eabi/4.9.3/../../../../arm-none-eabi/lib/armv7-m\libg_nano.a(lib_a-strncmp.o)
 .ARM.attributes
                0x00000996       0x2d c:/program files (x86)/cypress/psoc creator/4.0/psoc creator/import/gnu/arm/4.9.3/bin/../lib/gcc/arm-none-eabi/4.9.3/../../../../arm-none-eabi/lib/armv7-m\libg_nano.a(lib_a-nano-svfprintf.o)
 .ARM.attributes
                0x000009c3       0x2d c:/program files (x86)/cypress/psoc creator/4.0/psoc creator/import/gnu/arm/4.9.3/bin/../lib/gcc/arm-none-eabi/4.9.3/../../../../arm-none-eabi/lib/armv7-m\libg_nano.a(lib_a-nano-vfprintf_i.o)
 .ARM.attributes
                0x000009f0       0x2d c:/program files (x86)/cypress/psoc creator/4.0/psoc creator/import/gnu/arm/4.9.3/bin/../lib/gcc/arm-none-eabi/4.9.3/../../../../arm-none-eabi/lib/armv7-m\libg_nano.a(lib_a-memchr.o)
 .ARM.attributes
                0x00000a1d       0x2d c:/program files (x86)/cypress/psoc creator/4.0/psoc creator/import/gnu/arm/4.9.3/bin/../lib/gcc/arm-none-eabi/4.9.3/../../../../arm-none-eabi/lib/armv7-m\libg_nano.a(lib_a-memmove.o)
 .ARM.attributes
                0x00000a4a       0x2d c:/program files (x86)/cypress/psoc creator/4.0/psoc creator/import/gnu/arm/4.9.3/bin/../lib/gcc/arm-none-eabi/4.9.3/../../../../arm-none-eabi/lib/armv7-m\libg_nano.a(lib_a-nano-freer.o)
 .ARM.attributes
                0x00000a77       0x2d c:/program files (x86)/cypress/psoc creator/4.0/psoc creator/import/gnu/arm/4.9.3/bin/../lib/gcc/arm-none-eabi/4.9.3/../../../../arm-none-eabi/lib/armv7-m\libg_nano.a(lib_a-nano-mallocr.o)
 .ARM.attributes
                0x00000aa4       0x2d c:/program files (x86)/cypress/psoc creator/4.0/psoc creator/import/gnu/arm/4.9.3/bin/../lib/gcc/arm-none-eabi/4.9.3/../../../../arm-none-eabi/lib/armv7-m\libg_nano.a(lib_a-nano-reallocr.o)
 .ARM.attributes
                0x00000ad1       0x2d c:/program files (x86)/cypress/psoc creator/4.0/psoc creator/import/gnu/arm/4.9.3/bin/../lib/gcc/arm-none-eabi/4.9.3/../../../../arm-none-eabi/lib/armv7-m\libg_nano.a(lib_a-sbrkr.o)
 .ARM.attributes
                0x00000afe       0x2d c:/program files (x86)/cypress/psoc creator/4.0/psoc creator/import/gnu/arm/4.9.3/bin/../lib/gcc/arm-none-eabi/4.9.3/../../../../arm-none-eabi/lib/armv7-m\libg_nano.a(lib_a-nano-msizer.o)
 .ARM.attributes
                0x00000b2b       0x2d c:/program files (x86)/cypress/psoc creator/4.0/psoc creator/import/gnu/arm/4.9.3/bin/../lib/gcc/arm-none-eabi/4.9.3/../../../../arm-none-eabi/lib/armv7-m\libg_nano.a(lib_a-reent.o)
 .ARM.attributes
                0x00000b58       0x2d c:/program files (x86)/cypress/psoc creator/4.0/psoc creator/import/gnu/arm/4.9.3/bin/../lib/gcc/arm-none-eabi/4.9.3/armv7-m/crtend.o
 .ARM.attributes
                0x00000b85       0x1d c:/program files (x86)/cypress/psoc creator/4.0/psoc creator/import/gnu/arm/4.9.3/bin/../lib/gcc/arm-none-eabi/4.9.3/armv7-m/crtn.o

/DISCARD/
 *(.note.GNU-stack)
OUTPUT(.\ARM_GCC_493\Debug\OVac.elf elf32-littlearm)
