Archive member included because of file (symbol)

.\ARM_GCC_493\Debug\OVac.a(cyfitter_cfg.o)
                              .\ARM_GCC_493\Debug\Cm3Start.o (cyfitter_cfg)
.\ARM_GCC_493\Debug\OVac.a(CyLib.o)
                              .\ARM_GCC_493\Debug\Cm3Start.o (CyResetStatus)
.\ARM_GCC_493\Debug\OVac.a(cyPm.o)
                              .\ARM_GCC_493\Debug\OVac.a(CyLib.o) (CyPmReadStatus)
.\ARM_GCC_493\Debug\OVac.a(ADC.o)
                              .\ARM_GCC_493\Debug\main.o (ADC_Start)
.\ARM_GCC_493\Debug\OVac.a(ADC_INT.o)
                              .\ARM_GCC_493\Debug\OVac.a(ADC.o) (ADC_ISR1)
.\ARM_GCC_493\Debug\OVac.a(ADC_AMux.o)
                              .\ARM_GCC_493\Debug\OVac.a(ADC.o) (ADC_AMux_Select)
.\ARM_GCC_493\Debug\OVac.a(ADC_Ext_CP_Clk.o)
                              .\ARM_GCC_493\Debug\OVac.a(ADC.o) (ADC_Ext_CP_Clk_SetDividerRegister)
.\ARM_GCC_493\Debug\OVac.a(ADC_theACLK.o)
                              .\ARM_GCC_493\Debug\OVac.a(ADC.o) (ADC_theACLK_SetDividerRegister)
.\ARM_GCC_493\Debug\OVac.a(I2C_Master.o)
                              .\ARM_GCC_493\Debug\main.o (I2C_Master_Start)
.\ARM_GCC_493\Debug\OVac.a(I2C_Master_INT.o)
                              .\ARM_GCC_493\Debug\OVac.a(I2C_Master.o) (I2C_Master_ISR)
.\ARM_GCC_493\Debug\OVac.a(I2C_Master_PM.o)
                              .\ARM_GCC_493\Debug\OVac.a(I2C_Master.o) (I2C_Master_backup)
.\ARM_GCC_493\Debug\OVac.a(I2C_Master_MASTER.o)
                              .\ARM_GCC_493\Debug\OVac.a(I2C_Master.o) (I2C_Master_mstrStatus)
.\ARM_GCC_493\Debug\OVac.a(Sample_Timer.o)
                              .\ARM_GCC_493\Debug\main.o (Sample_Timer_Start)
.\ARM_GCC_493\Debug\OVac.a(Sample_ISR.o)
                              .\ARM_GCC_493\Debug\main.o (Sample_ISR_StartEx)
.\ARM_GCC_493\Debug\OVac.a(Solenoid_1.o)
                              .\ARM_GCC_493\Debug\main.o (Solenoid_1_Write)
.\ARM_GCC_493\Debug\OVac.a(LED2.o)
                              .\ARM_GCC_493\Debug\main.o (LED2_Write)
.\ARM_GCC_493\Debug\OVac.a(Countdown_timer.o)
                              .\ARM_GCC_493\Debug\main.o (Countdown_timer_Start)
.\ARM_GCC_493\Debug\OVac.a(countdown.o)
                              .\ARM_GCC_493\Debug\main.o (countdown_StartEx)
.\ARM_GCC_493\Debug\OVac.a(adjust_timer.o)
                              .\ARM_GCC_493\Debug\main.o (adjust_timer_Start)
.\ARM_GCC_493\Debug\OVac.a(Solenoid_2.o)
                              .\ARM_GCC_493\Debug\main.o (Solenoid_2_Write)
.\ARM_GCC_493\Debug\OVac.a(Comp.o)
                              .\ARM_GCC_493\Debug\main.o (Comp_Stop)
.\ARM_GCC_493\Debug\OVac.a(UART.o)
                              .\ARM_GCC_493\Debug\main.o (UART_Start)
.\ARM_GCC_493\Debug\OVac.a(rx_interrupt.o)
                              .\ARM_GCC_493\Debug\main.o (rx_interrupt_StartEx)
.\ARM_GCC_493\Debug\OVac.a(UART_IntClock.o)
                              .\ARM_GCC_493\Debug\OVac.a(UART.o) (UART_IntClock_Start)
.\ARM_GCC_493\Debug\OVac.a(temp_isr.o)
                              .\ARM_GCC_493\Debug\main.o (temp_isr_StartEx)
.\ARM_GCC_493\Debug\OVac.a(CyBootAsmGnu.o)
                              .\ARM_GCC_493\Debug\OVac.a(cyfitter_cfg.o) (CyDelayCycles)
.\ARM_GCC_493\Debug\OVac.a(CyFlash.o)
                              .\ARM_GCC_493\Debug\OVac.a(cyPm.o) (CyFlash_SetWaitCycles)
.\ARM_GCC_493\Debug\OVac.a(CySpc.o)
                              .\ARM_GCC_493\Debug\OVac.a(CyFlash.o) (CySpcStart)
.\emFile_V322c\LinkLibrary\PSoC5\GCC\libemf32nosnlfn.a(FAT_FormatSD.o)
                              .\ARM_GCC_493\Debug\main.o (FS_FormatSD)
.\emFile_V322c\LinkLibrary\PSoC5\GCC\libemf32nosnlfn.a(FAT_Misc.o)
                              .\emFile_V322c\LinkLibrary\PSoC5\GCC\libemf32nosnlfn.a(FAT_FormatSD.o) (FS_FAT_GetFATType)
.\emFile_V322c\LinkLibrary\PSoC5\GCC\libemf32nosnlfn.a(FAT_Open.o)
                              .\emFile_V322c\LinkLibrary\PSoC5\GCC\libemf32nosnlfn.a(FAT_Misc.o) (FS_FAT_InitDirEntryScan)
.\emFile_V322c\LinkLibrary\PSoC5\GCC\libemf32nosnlfn.a(FAT_Write.o)
                              .\emFile_V322c\LinkLibrary\PSoC5\GCC\libemf32nosnlfn.a(FAT_Misc.o) (FS_FAT_Close)
.\emFile_V322c\LinkLibrary\PSoC5\GCC\libemf32nosnlfn.a(FS_CLib.o)
                              .\emFile_V322c\LinkLibrary\PSoC5\GCC\libemf32nosnlfn.a(FAT_Open.o) (FS__CLIB_memcmp)
.\emFile_V322c\LinkLibrary\PSoC5\GCC\libemf32nosnlfn.a(FS_Core.o)
                              .\emFile_V322c\LinkLibrary\PSoC5\GCC\libemf32nosnlfn.a(FAT_FormatSD.o) (FS__DivideU32Up)
.\emFile_V322c\LinkLibrary\PSoC5\GCC\libemf32nosnlfn.a(FS_LogBlock.o)
                              .\emFile_V322c\LinkLibrary\PSoC5\GCC\libemf32nosnlfn.a(FAT_FormatSD.o) (FS_LB_GetStatus)
.\emFile_V322c\LinkLibrary\PSoC5\GCC\libemf32nosnlfn.a(FS_memcpy.o)
                              .\emFile_V322c\LinkLibrary\PSoC5\GCC\libemf32nosnlfn.a(FAT_Open.o) (FS_memcpy)
.\emFile_V322c\LinkLibrary\PSoC5\GCC\libemf32nosnlfn.a(FS_Misc.o)
[...]
Memory Configuration

Name             Origin             Length             Attributes
rom              0x00000000         0x00040000         xr
ram              0x1fff8000         0x00010000         xrw
*default*        0x00000000         0xffffffff

Linker script and memory map

LOAD c:/program files (x86)/cypress/psoc creator/4.0/psoc creator/import/gnu/arm/4.9.3/bin/../lib/gcc/arm-none-eabi/4.9.3/armv7-m/crti.o
LOAD c:/program files (x86)/cypress/psoc creator/4.0/psoc creator/import/gnu/arm/4.9.3/bin/../lib/gcc/arm-none-eabi/4.9.3/armv7-m/crtbegin.o
LOAD c:/program files (x86)/cypress/psoc creator/4.0/psoc creator/import/gnu/arm/4.9.3/bin/../lib/gcc/arm-none-eabi/4.9.3/../../../../arm-none-eabi/lib/armv7-m/crt0.o
START GROUP
LOAD .\ARM_GCC_493\Debug\main.o
LOAD .\ARM_GCC_493\Debug\LiquidCrystal_I2C.o
LOAD .\ARM_GCC_493\Debug\i2cFunctions.o
LOAD .\ARM_GCC_493\Debug\functions.o
LOAD .\ARM_GCC_493\Debug\mpu6050.o
LOAD .\ARM_GCC_493\Debug\cymetadata.o
LOAD .\ARM_GCC_493\Debug\Cm3Start.o
LOAD .\ARM_GCC_493\Debug\OVac.a
LOAD C:\Program Files (x86)\Cypress\PSoC Creator\4.0\PSoC Creator\psoc\content\cycomponentlibrary\CyComponentLibrary.cylib\CortexM3\ARM_GCC_493\Debug\CyComponentLibrary.a
LOAD .\emFile_V322c\LinkLibrary\PSoC5\GCC\libemf32nosnlfn.a
END GROUP
START GROUP
LOAD c:/program files (x86)/cypress/psoc creator/4.0/psoc creator/import/gnu/arm/4.9.3/bin/../lib/gcc/arm-none-eabi/4.9.3/armv7-m\libgcc.a
LOAD c:/program files (x86)/cypress/psoc creator/4.0/psoc creator/import/gnu/arm/4.9.3/bin/../lib/gcc/arm-none-eabi/4.9.3/../../../../arm-none-eabi/lib/armv7-m\libg_nano.a
LOAD c:/program files (x86)/cypress/psoc creator/4.0/psoc creator/import/gnu/arm/4.9.3/bin/../lib/gcc/arm-none-eabi/4.9.3/../../../../arm-none-eabi/lib/armv7-m\libc_nano.a
END GROUP
START GROUP
LOAD c:/program files (x86)/cypress/psoc creator/4.0/psoc creator/import/gnu/arm/4.9.3/bin/../lib/gcc/arm-none-eabi/4.9.3/armv7-m\libgcc.a
LOAD c:/program files (x86)/cypress/psoc creator/4.0/psoc creator/import/gnu/arm/4.9.3/bin/../lib/gcc/arm-none-eabi/4.9.3/../../../../arm-none-eabi/lib/armv7-m\libc_nano.a
END GROUP
LOAD c:/program files (x86)/cypress/psoc creator/4.0/psoc creator/import/gnu/arm/4.9.3/bin/../lib/gcc/arm-none-eabi/4.9.3/armv7-m/crtend.o
LOAD c:/program files (x86)/cypress/psoc creator/4.0/psoc creator/import/gnu/arm/4.9.3/bin/../lib/gcc/arm-none-eabi/4.9.3/armv7-m/crtn.o
START GROUP
LOAD c:/program files (x86)/cypress/psoc creator/4.0/psoc creator/import/gnu/arm/4.9.3/bin/../lib/gcc/arm-none-eabi/4.9.3/armv7-m\libgcc.a
LOAD c:/program files (x86)/cypress/psoc creator/4.0/psoc creator/import/gnu/arm/4.9.3/bin/../lib/gcc/arm-none-eabi/4.9.3/../../../../arm-none-eabi/lib/armv7-m\libc.a
LOAD c:/program files (x86)/cypress/psoc creator/4.0/psoc creator/import/gnu/arm/4.9.3/bin/../lib/gcc/arm-none-eabi/4.9.3/../../../../arm-none-eabi/lib/armv7-m\libnosys.a
END GROUP
                0x00000000                CY_APPL_ORIGIN = 0x0
                0x00000100                CY_FLASH_ROW_SIZE = 0x100
                0x00000020                CY_ECC_ROW_SIZE = 0x20
                0x00000000                CY_EE_IN_BTLDR = 0x0
                0x00000000                CY_APPL_LOADABLE = 0x0
                0x00000800                CY_EE_SIZE = 0x800
                0x00000001                CY_APPL_NUM = 0x1
                0x00000001                CY_APPL_MAX = 0x1
                0x00000040                CY_METADATA_SIZE = 0x40
                0x00000000                CY_APPL_LOADABLE = 0x0
                0x00000000                CY_CHECKSUM_EXCLUDE_SIZE = ALIGN (0x0, CY_FLASH_ROW_SIZE)
                0x1fff9360                PROVIDE (__cy_heap_start, _end)
                0x00000001                PROVIDE (__cy_region_num, ((__cy_regions_end - __cy_regions) / 0x10))
                0x20008000                PROVIDE (__cy_stack, (ORIGIN (ram) + 0x10000))
                0x20007800                PROVIDE (__cy_heap_end, (__cy_stack - 0x800))

.cybootloader   0x00000000        0x0
 *(.cybootloader)
                0x00000000                appl1_start = CY_APPL_ORIGIN?CY_APPL_ORIGIN:ALIGN (CY_FLASH_ROW_SIZE)
                0x0001ff00                appl2_start = (appl1_start + ALIGN ((((0x40000 - appl1_start) - (0x2 * CY_FLASH_ROW_SIZE)) / 0x2), CY_FLASH_ROW_SIZE))
                0x00000000                appl_start = (CY_APPL_NUM == 0x1)?appl1_start:appl2_start
                0x00000000                ecc_offset = ((appl_start / CY_FLASH_ROW_SIZE) * CY_ECC_ROW_SIZE)
                0x00000000                ee_offset = (CY_APPL_LOADABLE && ! (CY_EE_IN_BTLDR))?((CY_EE_SIZE / CY_APPL_MAX) * (CY_APPL_NUM - 0x1)):0x0
                0x00000800                ee_size = (CY_APPL_LOADABLE && ! (CY_EE_IN_BTLDR))?(CY_EE_SIZE / CY_APPL_MAX):CY_EE_SIZE
                0x00000000                PROVIDE (CY_ECC_OFFSET, ecc_offset)

.text           0x00000000     0x8ba8
 CREATE_OBJECT_SYMBOLS
                0x00000000                PROVIDE (__cy_interrupt_vector, RomVectors)
 *(.romvectors)
 .romvectors    0x00000000       0x10 .\ARM_GCC_493\Debug\Cm3Start.o
                0x00000000                RomVectors
                0x00000001                ASSERT ((. != __cy_interrupt_vector), No interrupt vector)
                0x00000001                ASSERT (CY_APPL_ORIGIN?(SIZEOF (.cybootloader) <= CY_APPL_ORIGIN):0x1, Wrong image location)
                0x00000010                PROVIDE (__cy_reset, Reset)
 *(.text.Reset)
 .text.Reset    0x00000010       0x18 .\ARM_GCC_493\Debug\Cm3Start.o
                0x00000010                Reset
                0x00000001                ASSERT ((. != __cy_reset), No reset code)
 *(.dma_init)
                0x00000001                ASSERT ((((appl_start + .) <= 0x10000) || 0x1), DMA Init must be within the first 64k of flash)
 *(.text .text.* .gnu.linkonce.t.*)
 .text          0x00000028       0x5c c:/program files (x86)/cypress/psoc creator/4.0/psoc creator/import/gnu/arm/4.9.3/bin/../lib/gcc/arm-none-eabi/4.9.3/armv7-m/crtbegin.o
 .text.Sample_ISR_Handler
                0x00000084       0x38 .\ARM_GCC_493\Debug\main.o
                0x00000084                Sample_ISR_Handler
 .text.Countdown_ISR_Handler
                0x000000bc       0x80 .\ARM_GCC_493\Debug\main.o
                0x000000bc                Countdown_ISR_Handler
 .text.rx_interrupt
                0x0000013c       0x50 .\ARM_GCC_493\Debug\main.o
                0x0000013c                rx_interrupt
 .text.temp_interrupt
                0x0000018c       0x58 .\ARM_GCC_493\Debug\main.o
                0x0000018c                temp_interrupt
 *fill*         0x000001e4        0x4 
 .text.main     0x000001e8      0xb08 .\ARM_GCC_493\Debug\main.o
                0x000001e8                main
 .text.SD_SETUP
                0x00000cf0      0x130 .\ARM_GCC_493\Debug\main.o
                0x00000cf0                SD_SETUP
 .text.LiquidCrystal_I2C_init
                0x00000e20       0x5c .\ARM_GCC_493\Debug\LiquidCrystal_I2C.o
                0x00000e20                LiquidCrystal_I2C_init
 .text.begin    0x00000e7c       0xd8 .\ARM_GCC_493\Debug\LiquidCrystal_I2C.o
                0x00000e7c                begin
 .text.clear    0x00000f54       0x14 .\ARM_GCC_493\Debug\LiquidCrystal_I2C.o
                0x00000f54                clear
 .text.home     0x00000f68       0x14 .\ARM_GCC_493\Debug\LiquidCrystal_I2C.o
                0x00000f68                home
 .text.setCursor
                0x00000f7c       0x64 .\ARM_GCC_493\Debug\LiquidCrystal_I2C.o
                0x00000f7c                setCursor
 .text.display  0x00000fe0       0x2c .\ARM_GCC_493\Debug\LiquidCrystal_I2C.o
                0x00000fe0                display
 .text.command  0x0000100c       0x1c .\ARM_GCC_493\Debug\LiquidCrystal_I2C.o
                0x0000100c                command
 .text.write    0x00001028       0x1c .\ARM_GCC_493\Debug\LiquidCrystal_I2C.o
                0x00001028                write
 .text.send     0x00001044       0x44 .\ARM_GCC_493\Debug\LiquidCrystal_I2C.o
                0x00001044                send
 .text.write4bits
                0x00001088       0x24 .\ARM_GCC_493\Debug\LiquidCrystal_I2C.o
                0x00001088                write4bits
 .text.expanderWrite
                0x000010ac       0x30 .\ARM_GCC_493\Debug\LiquidCrystal_I2C.o
                0x000010ac                expanderWrite
 .text.pulseEnable
                0x000010dc       0x3c .\ARM_GCC_493\Debug\LiquidCrystal_I2C.o
                0x000010dc                pulseEnable
 .text.LCD_print
                0x00001118       0x40 .\ARM_GCC_493\Debug\LiquidCrystal_I2C.o
                0x00001118                LCD_print
 .text.I2C_M_write_byte
                0x00001158       0x30 .\ARM_GCC_493\Debug\LiquidCrystal_I2C.o
                0x00001158                I2C_M_write_byte
 .text.I2CReadBytes
                0x00001188       0x70 .\ARM_GCC_493\Debug\i2cFunctions.o
                0x00001188                I2CReadBytes
 .text.I2CReadByte
                0x000011f8       0x28 .\ARM_GCC_493\Debug\i2cFunctions.o
                0x000011f8                I2CReadByte
 .text.I2CWriteBytes
                0x00001220       0x50 .\ARM_GCC_493\Debug\i2cFunctions.o
                0x00001220                I2CWriteBytes
 .text.I2CWriteByte
                0x00001270       0x28 .\ARM_GCC_493\Debug\i2cFunctions.o
                0x00001270                I2CWriteByte
 .text.I2CWriteBits
                0x00001298       0x9c .\ARM_GCC_493\Debug\i2cFunctions.o
                0x00001298                I2CWriteBits
 .text.I2CWriteBit
                0x00001334       0x7c .\ARM_GCC_493\Debug\i2cFunctions.o
                0x00001334                I2CWriteBit
 .text.ComputeMA
                0x000013b0       0x5c .\ARM_GCC_493\Debug\functions.o
                0x000013b0                ComputeMA
 .text.BT_Process
                0x0000140c      0x1e4 .\ARM_GCC_493\Debug\functions.o
                0x0000140c                BT_Process
 .text.BT_Send  0x000015f0       0xd4 .\ARM_GCC_493\Debug\functions.o
                0x000015f0                BT_Send
 .text.uint8_to_char
                0x000016c4       0x3c .\ARM_GCC_493\Debug\functions.o
                0x000016c4                uint8_to_char
 .text.MPU6050_init
                0x00001700       0x18 .\ARM_GCC_493\Debug\mpu6050.o
                0x00001700                MPU6050_init
 .text.MPU6050_initialize
                0x00001718       0x20 .\ARM_GCC_493\Debug\mpu6050.o
                0x00001718                MPU6050_initialize
 .text.MPU6050_setFullScaleGyroRange
                0x00001738       0x28 .\ARM_GCC_493\Debug\mpu6050.o
                0x00001738                MPU6050_setFullScaleGyroRange
 .text.MPU6050_setFullScaleAccelRange
                0x00001760       0x28 .\ARM_GCC_493\Debug\mpu6050.o
                0x00001760                MPU6050_setFullScaleAccelRange
 .text.MPU6050_getAccelerationZ
                0x00001788       0x34 .\ARM_GCC_493\Debug\mpu6050.o
                0x00001788                MPU6050_getAccelerationZ
 .text.MPU6050_setSleepEnabled
                0x000017bc       0x24 .\ARM_GCC_493\Debug\mpu6050.o
                0x000017bc                MPU6050_setSleepEnabled
 .text.MPU6050_setClockSource
                0x000017e0       0x28 .\ARM_GCC_493\Debug\mpu6050.o
                0x000017e0                MPU6050_setClockSource
 .text.IntDefaultHandler
                0x00001808       0x14 .\ARM_GCC_493\Debug\Cm3Start.o
                0x00001808                IntDefaultHandler
 .text._sbrk    0x0000181c       0x50 .\ARM_GCC_493\Debug\Cm3Start.o
                0x0000181c                _sbrk
 .text.Start_c  0x0000186c       0x98 .\ARM_GCC_493\Debug\Cm3Start.o
                0x0000186c                Start_c
 .text.initialize_psoc
                0x00001904       0x8c .\ARM_GCC_493\Debug\Cm3Start.o
                0x00001904                initialize_psoc
 .text.CYMEMZERO
                0x00001990       0x1c .\ARM_GCC_493\Debug\OVac.a(cyfitter_cfg.o)
 .text.CYCONFIGCPY
                0x000019ac       0x1c .\ARM_GCC_493\Debug\OVac.a(cyfitter_cfg.o)
 .text.CyClockStartupError
                0x000019c8        0xc .\ARM_GCC_493\Debug\OVac.a(cyfitter_cfg.o)
 .text.cfg_write_bytes32
                0x000019d4       0x74 .\ARM_GCC_493\Debug\OVac.a(cyfitter_cfg.o)
 .text.ClockSetup
                0x00001a48      0x180 .\ARM_GCC_493\Debug\OVac.a(cyfitter_cfg.o)
 .text.AnalogSetDefault
                0x00001bc8       0x6c .\ARM_GCC_493\Debug\OVac.a(cyfitter_cfg.o)
 .text.ADC_AMux_Set
                0x00001c34       0x40 .\ARM_GCC_493\Debug\OVac.a(cyfitter_cfg.o)
                0x00001c34                ADC_AMux_Set
 .text.ADC_AMux_Unset
                0x00001c74       0x44 .\ARM_GCC_493\Debug\OVac.a(cyfitter_cfg.o)
                0x00001c74                ADC_AMux_Unset
 .text.cyfitter_cfg
                0x00001cb8      0x1b8 .\ARM_GCC_493\Debug\OVac.a(cyfitter_cfg.o)
                0x00001cb8                cyfitter_cfg
 .text.CyHalt   0x00001e70       0x18 .\ARM_GCC_493\Debug\OVac.a(CyLib.o)
                0x00001e70                CyHalt
 .text.CyDelay  0x00001e88       0x44 .\ARM_GCC_493\Debug\OVac.a(CyLib.o)
                0x00001e88                CyDelay
 .text.CyDelayUs
                0x00001ecc       0x24 .\ARM_GCC_493\Debug\OVac.a(CyLib.o)
                0x00001ecc                CyDelayUs
 .text.CyIntSetVector
                0x00001ef0       0x50 .\ARM_GCC_493\Debug\OVac.a(CyLib.o)
                0x00001ef0                CyIntSetVector
 .text.CyIntSetPriority
                0x00001f40       0x44 .\ARM_GCC_493\Debug\OVac.a(CyLib.o)
                0x00001f40                CyIntSetPriority
 .text.ADC_Init
                0x00001f84      0x158 .\ARM_GCC_493\Debug\OVac.a(ADC.o)
                0x00001f84                ADC_Init
 .text.ADC_Enable
                0x000020dc      0x158 .\ARM_GCC_493\Debug\OVac.a(ADC.o)
                0x000020dc                ADC_Enable
 .text.ADC_Start
                0x00002234       0x30 .\ARM_GCC_493\Debug\OVac.a(ADC.o)
                0x00002234                ADC_Start
 .text.ADC_StartConvert
                0x00002264       0x20 .\ARM_GCC_493\Debug\OVac.a(ADC.o)
                0x00002264                ADC_StartConvert
 .text.ADC_IsEndConversion
                0x00002284       0x50 .\ARM_GCC_493\Debug\OVac.a(ADC.o)
                0x00002284                ADC_IsEndConversion
 .text.ADC_GetResult32
                0x000022d4       0xa8 .\ARM_GCC_493\Debug\OVac.a(ADC.o)
                0x000022d4                ADC_GetResult32
 .text.ADC_InitConfig
                0x0000237c      0x40c .\ARM_GCC_493\Debug\OVac.a(ADC.o)
 .text.ADC_GainCompensation
                0x00002788      0x16c .\ARM_GCC_493\Debug\OVac.a(ADC.o)
 .text.ADC_SetDSMRef0Reg
                0x000028f4       0x78 .\ARM_GCC_493\Debug\OVac.a(ADC.o)
 .text.ADC_ISR1
                0x0000296c        0xc .\ARM_GCC_493\Debug\OVac.a(ADC_INT.o)
                0x0000296c                ADC_ISR1
 .text.ADC_ISR2
                0x00002978        0xc .\ARM_GCC_493\Debug\OVac.a(ADC_INT.o)
                0x00002978                ADC_ISR2
 .text.ADC_ISR3
                0x00002984        0xc .\ARM_GCC_493\Debug\OVac.a(ADC_INT.o)
                0x00002984                ADC_ISR3
 .text.ADC_ISR4
                0x00002990        0xc .\ARM_GCC_493\Debug\OVac.a(ADC_INT.o)
                0x00002990                ADC_ISR4
 .text.ADC_AMux_Start
                0x0000299c       0x30 .\ARM_GCC_493\Debug\OVac.a(ADC_AMux.o)
                0x0000299c                ADC_AMux_Start
 .text.ADC_AMux_Select
                0x000029cc       0x28 .\ARM_GCC_493\Debug\OVac.a(ADC_AMux.o)
                0x000029cc                ADC_AMux_Select
 .text.ADC_Ext_CP_Clk_SetDividerRegister
                0x000029f4      0x160 .\ARM_GCC_493\Debug\OVac.a(ADC_Ext_CP_Clk.o)
                0x000029f4                ADC_Ext_CP_Clk_SetDividerRegister
 .text.ADC_Ext_CP_Clk_GetDividerRegister
                0x00002b54       0x18 .\ARM_GCC_493\Debug\OVac.a(ADC_Ext_CP_Clk.o)
                0x00002b54                ADC_Ext_CP_Clk_GetDividerRegister
 .text.ADC_Ext_CP_Clk_SetModeRegister
                0x00002b6c       0x34 .\ARM_GCC_493\Debug\OVac.a(ADC_Ext_CP_Clk.o)
                0x00002b6c                ADC_Ext_CP_Clk_SetModeRegister
 .text.ADC_Ext_CP_Clk_GetSourceRegister
                0x00002ba0       0x20 .\ARM_GCC_493\Debug\OVac.a(ADC_Ext_CP_Clk.o)
                0x00002ba0                ADC_Ext_CP_Clk_GetSourceRegister
 .text.ADC_theACLK_SetDividerRegister
                0x00002bc0      0x160 .\ARM_GCC_493\Debug\OVac.a(ADC_theACLK.o)
                0x00002bc0                ADC_theACLK_SetDividerRegister
 .text.ADC_theACLK_GetDividerRegister
                0x00002d20       0x18 .\ARM_GCC_493\Debug\OVac.a(ADC_theACLK.o)
                0x00002d20                ADC_theACLK_GetDividerRegister
 .text.ADC_theACLK_SetModeRegister
                0x00002d38       0x34 .\ARM_GCC_493\Debug\OVac.a(ADC_theACLK.o)
                0x00002d38                ADC_theACLK_SetModeRegister
 .text.ADC_theACLK_GetSourceRegister
                0x00002d6c       0x20 .\ARM_GCC_493\Debug\OVac.a(ADC_theACLK.o)
                0x00002d6c                ADC_theACLK_GetSourceRegister
 .text.I2C_Master_Init
                0x00002d8c       0x80 .\ARM_GCC_493\Debug\OVac.a(I2C_Master.o)
                0x00002d8c                I2C_Master_Init
 .text.I2C_Master_Enable
                0x00002e0c       0x44 .\ARM_GCC_493\Debug\OVac.a(I2C_Master.o)
                0x00002e0c                I2C_Master_Enable
 .text.I2C_Master_Start
                0x00002e50       0x2c .\ARM_GCC_493\Debug\OVac.a(I2C_Master.o)
                0x00002e50                I2C_Master_Start
 .text.I2C_Master_ISR
                0x00002e7c      0x3ac .\ARM_GCC_493\Debug\OVac.a(I2C_Master_INT.o)
                0x00002e7c                I2C_Master_ISR
 .text.I2C_Master_MasterSendStart
                0x00003228       0xbc .\ARM_GCC_493\Debug\OVac.a(I2C_Master_MASTER.o)
                0x00003228                I2C_Master_MasterSendStart
 .text.I2C_Master_MasterSendRestart
                0x000032e4       0xa4 .\ARM_GCC_493\Debug\OVac.a(I2C_Master_MASTER.o)
                0x000032e4                I2C_Master_MasterSendRestart
 .text.I2C_Master_MasterSendStop
                0x00003388       0x58 .\ARM_GCC_493\Debug\OVac.a(I2C_Master_MASTER.o)
                0x00003388                I2C_Master_MasterSendStop
 .text.I2C_Master_MasterWriteByte
                0x000033e0       0x80 .\ARM_GCC_493\Debug\OVac.a(I2C_Master_MASTER.o)
                0x000033e0                I2C_Master_MasterWriteByte
 .text.I2C_Master_MasterReadByte
                0x00003460       0x7c .\ARM_GCC_493\Debug\OVac.a(I2C_Master_MASTER.o)
                0x00003460                I2C_Master_MasterReadByte
 .text.Sample_Timer_Init
                0x000034dc       0x98 .\ARM_GCC_493\Debug\OVac.a(Sample_Timer.o)
                0x000034dc                Sample_Timer_Init
 .text.Sample_Timer_Enable
                0x00003574       0x48 .\ARM_GCC_493\Debug\OVac.a(Sample_Timer.o)
                0x00003574                Sample_Timer_Enable
 .text.Sample_Timer_Start
                0x000035bc       0x20 .\ARM_GCC_493\Debug\OVac.a(Sample_Timer.o)
                0x000035bc                Sample_Timer_Start
 .text.Sample_Timer_SetInterruptMode
                0x000035dc       0x20 .\ARM_GCC_493\Debug\OVac.a(Sample_Timer.o)
                0x000035dc                Sample_Timer_SetInterruptMode
 .text.Sample_Timer_WritePeriod
                0x000035fc       0x24 .\ARM_GCC_493\Debug\OVac.a(Sample_Timer.o)
                0x000035fc                Sample_Timer_WritePeriod
 .text.Sample_Timer_WriteCounter
                0x00003620       0x20 .\ARM_GCC_493\Debug\OVac.a(Sample_Timer.o)
                0x00003620                Sample_Timer_WriteCounter
 .text.Sample_ISR_StartEx
                0x00003640       0x24 .\ARM_GCC_493\Debug\OVac.a(Sample_ISR.o)
                0x00003640                Sample_ISR_StartEx
 .text.Sample_ISR_SetVector
                0x00003664       0x24 .\ARM_GCC_493\Debug\OVac.a(Sample_ISR.o)
                0x00003664                Sample_ISR_SetVector
 .text.Sample_ISR_SetPriority
                0x00003688       0x24 .\ARM_GCC_493\Debug\OVac.a(Sample_ISR.o)
                0x00003688                Sample_ISR_SetPriority
 .text.Sample_ISR_Enable
                0x000036ac       0x18 .\ARM_GCC_493\Debug\OVac.a(Sample_ISR.o)
                0x000036ac                Sample_ISR_Enable
 .text.Sample_ISR_Disable
                0x000036c4       0x18 .\ARM_GCC_493\Debug\OVac.a(Sample_ISR.o)
                0x000036c4                Sample_ISR_Disable
 .text.Solenoid_1_Write
                0x000036dc       0x34 .\ARM_GCC_493\Debug\OVac.a(Solenoid_1.o)
                0x000036dc                Solenoid_1_Write
 .text.LED2_Write
                0x00003710       0x3c .\ARM_GCC_493\Debug\OVac.a(LED2.o)
                0x00003710                LED2_Write
 .text.Countdown_timer_Init
                0x0000374c       0x4c .\ARM_GCC_493\Debug\OVac.a(Countdown_timer.o)
                0x0000374c                Countdown_timer_Init
 .text.Countdown_timer_Enable
                0x00003798       0x20 .\ARM_GCC_493\Debug\OVac.a(Countdown_timer.o)
                0x00003798                Countdown_timer_Enable
 .text.Countdown_timer_Start
                0x000037b8       0x20 .\ARM_GCC_493\Debug\OVac.a(Countdown_timer.o)
                0x000037b8                Countdown_timer_Start
 .text.Countdown_timer_SetInterruptMode
                0x000037d8       0x20 .\ARM_GCC_493\Debug\OVac.a(Countdown_timer.o)
                0x000037d8                Countdown_timer_SetInterruptMode
 .text.Countdown_timer_ReadStatusRegister
                0x000037f8       0x18 .\ARM_GCC_493\Debug\OVac.a(Countdown_timer.o)
                0x000037f8                Countdown_timer_ReadStatusRegister
 .text.Countdown_timer_WritePeriod
                0x00003810       0x1c .\ARM_GCC_493\Debug\OVac.a(Countdown_timer.o)
                0x00003810                Countdown_timer_WritePeriod
 .text.Countdown_timer_ReadCapture
                0x0000382c       0x18 .\ARM_GCC_493\Debug\OVac.a(Countdown_timer.o)
                0x0000382c                Countdown_timer_ReadCapture
 .text.Countdown_timer_WriteCounter
                0x00003844       0x1c .\ARM_GCC_493\Debug\OVac.a(Countdown_timer.o)
                0x00003844                Countdown_timer_WriteCounter
 .text.Countdown_timer_ClearFIFO
                0x00003860       0x1c .\ARM_GCC_493\Debug\OVac.a(Countdown_timer.o)
                0x00003860                Countdown_timer_ClearFIFO
 .text.countdown_StartEx
                0x0000387c       0x24 .\ARM_GCC_493\Debug\OVac.a(countdown.o)
                0x0000387c                countdown_StartEx
 .text.countdown_SetVector
                0x000038a0       0x24 .\ARM_GCC_493\Debug\OVac.a(countdown.o)
                0x000038a0                countdown_SetVector
 .text.countdown_SetPriority
                0x000038c4       0x24 .\ARM_GCC_493\Debug\OVac.a(countdown.o)
                0x000038c4                countdown_SetPriority
 .text.countdown_Enable
                0x000038e8       0x18 .\ARM_GCC_493\Debug\OVac.a(countdown.o)
                0x000038e8                countdown_Enable
 .text.countdown_Disable
                0x00003900       0x18 .\ARM_GCC_493\Debug\OVac.a(countdown.o)
                0x00003900                countdown_Disable
 .text.adjust_timer_Init
                0x00003918       0x4c .\ARM_GCC_493\Debug\OVac.a(adjust_timer.o)
                0x00003918                adjust_timer_Init
 .text.adjust_timer_Enable
                0x00003964       0x20 .\ARM_GCC_493\Debug\OVac.a(adjust_timer.o)
                0x00003964                adjust_timer_Enable
 .text.adjust_timer_Start
                0x00003984       0x20 .\ARM_GCC_493\Debug\OVac.a(adjust_timer.o)
                0x00003984                adjust_timer_Start
 .text.adjust_timer_SetInterruptMode
                0x000039a4       0x20 .\ARM_GCC_493\Debug\OVac.a(adjust_timer.o)
                0x000039a4                adjust_timer_SetInterruptMode
 .text.adjust_timer_ReadStatusRegister
                0x000039c4       0x18 .\ARM_GCC_493\Debug\OVac.a(adjust_timer.o)
                0x000039c4                adjust_timer_ReadStatusRegister
 .text.adjust_timer_WritePeriod
                0x000039dc       0x1c .\ARM_GCC_493\Debug\OVac.a(adjust_timer.o)
                0x000039dc                adjust_timer_WritePeriod
 .text.adjust_timer_ReadCapture
                0x000039f8       0x18 .\ARM_GCC_493\Debug\OVac.a(adjust_timer.o)
                0x000039f8                adjust_timer_ReadCapture
 .text.adjust_timer_WriteCounter
                0x00003a10       0x1c .\ARM_GCC_493\Debug\OVac.a(adjust_timer.o)
                0x00003a10                adjust_timer_WriteCounter
 .text.adjust_timer_ClearFIFO
                0x00003a2c       0x1c .\ARM_GCC_493\Debug\OVac.a(adjust_timer.o)
                0x00003a2c                adjust_timer_ClearFIFO
 .text.Solenoid_2_Write
                0x00003a48       0x3c .\ARM_GCC_493\Debug\OVac.a(Solenoid_2.o)
                0x00003a48                Solenoid_2_Write
 .text.UART_Start
                0x00003a84       0x20 .\ARM_GCC_493\Debug\OVac.a(UART.o)
                0x00003a84                UART_Start
 .text.UART_Init
                0x00003aa4       0x40 .\ARM_GCC_493\Debug\OVac.a(UART.o)
                0x00003aa4                UART_Init
 .text.UART_Enable
                0x00003ae4       0x5c .\ARM_GCC_493\Debug\OVac.a(UART.o)
                0x00003ae4                UART_Enable
 .text.UART_ReadRxStatus
                0x00003b40       0x24 .\ARM_GCC_493\Debug\OVac.a(UART.o)
                0x00003b40                UART_ReadRxStatus
 .text.UART_GetChar
                0x00003b64       0x44 .\ARM_GCC_493\Debug\OVac.a(UART.o)
                0x00003b64                UART_GetChar
 .text.UART_ReadTxStatus
                0x00003ba8       0x18 .\ARM_GCC_493\Debug\OVac.a(UART.o)
                0x00003ba8                UART_ReadTxStatus
 .text.UART_PutChar
                0x00003bc0       0x34 .\ARM_GCC_493\Debug\OVac.a(UART.o)
                0x00003bc0                UART_PutChar
 .text.rx_interrupt_StartEx
                0x00003bf4       0x24 .\ARM_GCC_493\Debug\OVac.a(rx_interrupt.o)
                0x00003bf4                rx_interrupt_StartEx
 .text.rx_interrupt_SetVector
                0x00003c18       0x24 .\ARM_GCC_493\Debug\OVac.a(rx_interrupt.o)
                0x00003c18                rx_interrupt_SetVector
 .text.rx_interrupt_SetPriority
                0x00003c3c       0x24 .\ARM_GCC_493\Debug\OVac.a(rx_interrupt.o)
                0x00003c3c                rx_interrupt_SetPriority
 .text.rx_interrupt_Enable
                0x00003c60       0x18 .\ARM_GCC_493\Debug\OVac.a(rx_interrupt.o)
                0x00003c60                rx_interrupt_Enable
 .text.rx_interrupt_Disable
                0x00003c78       0x18 .\ARM_GCC_493\Debug\OVac.a(rx_interrupt.o)
                0x00003c78                rx_interrupt_Disable
 .text.UART_IntClock_Start
                0x00003c90       0x34 .\ARM_GCC_493\Debug\OVac.a(UART_IntClock.o)
                0x00003c90                UART_IntClock_Start
 .text.temp_isr_StartEx
                0x00003cc4       0x24 .\ARM_GCC_493\Debug\OVac.a(temp_isr.o)
                0x00003cc4                temp_isr_StartEx
 .text.temp_isr_SetVector
                0x00003ce8       0x24 .\ARM_GCC_493\Debug\OVac.a(temp_isr.o)
                0x00003ce8                temp_isr_SetVector
 .text.temp_isr_SetPriority
                0x00003d0c       0x24 .\ARM_GCC_493\Debug\OVac.a(temp_isr.o)
                0x00003d0c                temp_isr_SetPriority
 .text.temp_isr_Enable
                0x00003d30       0x18 .\ARM_GCC_493\Debug\OVac.a(temp_isr.o)
                0x00003d30                temp_isr_Enable
 .text.temp_isr_Disable
                0x00003d48       0x18 .\ARM_GCC_493\Debug\OVac.a(temp_isr.o)
                0x00003d48                temp_isr_Disable
 .text          0x00003d60       0x58 .\ARM_GCC_493\Debug\OVac.a(CyBootAsmGnu.o)
                0x00003d60                CyDelayCycles
                0x00003d9e                CyEnterCriticalSection
                0x00003da6                CyExitCriticalSection
 .text.FS__SD_Format
                0x00003db8      0x26c .\emFile_V322c\LinkLibrary\PSoC5\GCC\libemf32nosnlfn.a(FAT_FormatSD.o)
                0x00003db8                FS__SD_Format
 .text.FS_FormatSD
                0x00004024       0x10 .\emFile_V322c\LinkLibrary\PSoC5\GCC\libemf32nosnlfn.a(FAT_FormatSD.o)
                0x00004024                FS_FormatSD
 .text._ClusterId2FATOff
                0x00004034       0x18 .\emFile_V322c\LinkLibrary\PSoC5\GCC\libemf32nosnlfn.a(FAT_Misc.o)
 .text._CalcLogClusterPos
                0x0000404c        0xe .\emFile_V322c\LinkLibrary\PSoC5\GCC\libemf32nosnlfn.a(FAT_Misc.o)
 .text._ReadFromFreeClusterCache
                0x0000405a       0x46 .\emFile_V322c\LinkLibrary\PSoC5\GCC\libemf32nosnlfn.a(FAT_Misc.o)
 .text.FS_FAT_GetFATType
                0x000040a0       0x1a .\emFile_V322c\LinkLibrary\PSoC5\GCC\libemf32nosnlfn.a(FAT_Misc.o)
                0x000040a0                FS_FAT_GetFATType
 .text.FS_FAT_ClusterId2SectorNo
                0x000040ba        0xc .\emFile_V322c\LinkLibrary\PSoC5\GCC\libemf32nosnlfn.a(FAT_Misc.o)
                0x000040ba                FS_FAT_ClusterId2SectorNo
 .text.FS_FAT_IsValidShortNameChar
                0x000040c6       0x34 .\emFile_V322c\LinkLibrary\PSoC5\GCC\libemf32nosnlfn.a(FAT_Misc.o)
                0x000040c6                FS_FAT_IsValidShortNameChar
 .text.FS_FAT_CopyShortName
                0x000040fa       0x56 .\emFile_V322c\LinkLibrary\PSoC5\GCC\libemf32nosnlfn.a(FAT_Misc.o)
                0x000040fa                FS_FAT_CopyShortName
 .text._SFN_CreateDirEntry
                0x00004150       0x5a .\emFile_V322c\LinkLibrary\PSoC5\GCC\libemf32nosnlfn.a(FAT_Misc.o)
 .text._SFN_FindDirEntry
                0x000041aa       0x10 .\emFile_V322c\LinkLibrary\PSoC5\GCC\libemf32nosnlfn.a(FAT_Misc.o)
 *fill*         0x000041ba        0x2 
 .text.FS_FAT_FindDirEntry
                0x000041bc       0x60 .\emFile_V322c\LinkLibrary\PSoC5\GCC\libemf32nosnlfn.a(FAT_Misc.o)
                0x000041bc                FS_FAT_FindDirEntry
 .text.FS_FAT_CopyDirEntryInfo
                0x0000421c       0x50 .\emFile_V322c\LinkLibrary\PSoC5\GCC\libemf32nosnlfn.a(FAT_Misc.o)
                0x0000421c                FS_FAT_CopyDirEntryInfo
 .text._SFN_ReadDirEntryInfo
                0x0000426c       0x6e .\emFile_V322c\LinkLibrary\PSoC5\GCC\libemf32nosnlfn.a(FAT_Misc.o)
 .text._SetFATSector
                0x000042da        0x6 .\emFile_V322c\LinkLibrary\PSoC5\GCC\libemf32nosnlfn.a(FAT_Misc.o)
 .text.FS_FAT_ReadFATEntry
                0x000042e0       0xb2 .\emFile_V322c\LinkLibrary\PSoC5\GCC\libemf32nosnlfn.a(FAT_Misc.o)
                0x000042e0                FS_FAT_ReadFATEntry
 *fill*         0x00004392        0x2 
 .text.FS_FAT_GetNumAdjClustersInChain
                0x00004394       0x64 .\emFile_V322c\LinkLibrary\PSoC5\GCC\libemf32nosnlfn.a(FAT_Misc.o)
                0x00004394                FS_FAT_GetNumAdjClustersInChain
 .text.FS_FAT_WalkClusterEx
                0x000043f8       0x5c .\emFile_V322c\LinkLibrary\PSoC5\GCC\libemf32nosnlfn.a(FAT_Misc.o)
                0x000043f8                FS_FAT_WalkClusterEx
 .text.FS_FAT_GotoCluster
                0x00004454       0x88 .\emFile_V322c\LinkLibrary\PSoC5\GCC\libemf32nosnlfn.a(FAT_Misc.o)
                0x00004454                FS_FAT_GotoCluster
 .text.FS_FAT_WalkCluster
                0x000044dc       0x18 .\emFile_V322c\LinkLibrary\PSoC5\GCC\libemf32nosnlfn.a(FAT_Misc.o)
                0x000044dc                FS_FAT_WalkCluster
 .text.FS_FAT_FindLastCluster
                0x000044f4       0x34 .\emFile_V322c\LinkLibrary\PSoC5\GCC\libemf32nosnlfn.a(FAT_Misc.o)
                0x000044f4                FS_FAT_FindLastCluster
 .text._WriteFATEntry
                0x00004528      0x18e .\emFile_V322c\LinkLibrary\PSoC5\GCC\libemf32nosnlfn.a(FAT_Misc.o)
 .text.FS_FAT_MarkClusterEOC
                0x000046b6        0x8 .\emFile_V322c\LinkLibrary\PSoC5\GCC\libemf32nosnlfn.a(FAT_Misc.o)
                0x000046b6                FS_FAT_MarkClusterEOC
 .text.FS_FAT_SyncFAT
                0x000046be       0x3c .\emFile_V322c\LinkLibrary\PSoC5\GCC\libemf32nosnlfn.a(FAT_Misc.o)
                0x000046be                FS_FAT_SyncFAT
 .text.FS_FAT_LinkCluster
                0x000046fa       0x1c .\emFile_V322c\LinkLibrary\PSoC5\GCC\libemf32nosnlfn.a(FAT_Misc.o)
                0x000046fa                FS_FAT_LinkCluster
 *fill*         0x00004716        0x2 
 .text._CalcFreeClusterCnt
                0x00004718       0x88 .\emFile_V322c\LinkLibrary\PSoC5\GCC\libemf32nosnlfn.a(FAT_Misc.o)
 .text.FS_FAT_FindFreeCluster
                0x000047a0       0xa8 .\emFile_V322c\LinkLibrary\PSoC5\GCC\libemf32nosnlfn.a(FAT_Misc.o)
                0x000047a0                FS_FAT_FindFreeCluster
 .text.FS_FAT_AllocCluster
                0x00004848       0x20 .\emFile_V322c\LinkLibrary\PSoC5\GCC\libemf32nosnlfn.a(FAT_Misc.o)
                0x00004848                FS_FAT_AllocCluster
 .text._WriteEmptyFATSectors
                0x00004868       0x3c .\emFile_V322c\LinkLibrary\PSoC5\GCC\libemf32nosnlfn.a(FAT_Misc.o)
 .text.FS_FAT_FreeClusterChain
                0x000048a4       0xe0 .\emFile_V322c\LinkLibrary\PSoC5\GCC\libemf32nosnlfn.a(FAT_Misc.o)
                0x000048a4                FS_FAT_FreeClusterChain
 .text.FS_FAT_CheckBPB
                0x00004984      0x1cc .\emFile_V322c\LinkLibrary\PSoC5\GCC\libemf32nosnlfn.a(FAT_Misc.o)
                0x00004984                FS_FAT_CheckBPB
 .text.FS_FAT_InitDirEntryScan
                0x00004b50       0x14 .\emFile_V322c\LinkLibrary\PSoC5\GCC\libemf32nosnlfn.a(FAT_Open.o)
                0x00004b50                FS_FAT_InitDirEntryScan
 .text.FS_FAT_IncDirPos
                0x00004b64        0x8 .\emFile_V322c\LinkLibrary\PSoC5\GCC\libemf32nosnlfn.a(FAT_Open.o)
                0x00004b64                FS_FAT_IncDirPos
 .text._CopyDirText
                0x00004b6c       0x44 .\emFile_V322c\LinkLibrary\PSoC5\GCC\libemf32nosnlfn.a(FAT_Open.o)
 .text.FS_FAT_Make83Name
                0x00004bb0       0xb0 .\emFile_V322c\LinkLibrary\PSoC5\GCC\libemf32nosnlfn.a(FAT_Open.o)
                0x00004bb0                FS_FAT_Make83Name
 .text.FS_FAT_GetDirEntry
                0x00004c60       0xb2 .\emFile_V322c\LinkLibrary\PSoC5\GCC\libemf32nosnlfn.a(FAT_Open.o)
                0x00004c60                FS_FAT_GetDirEntry
 .text.FS_FAT_FindDirEntryShortEx
                0x00004d12       0x5a .\emFile_V322c\LinkLibrary\PSoC5\GCC\libemf32nosnlfn.a(FAT_Open.o)
                0x00004d12                FS_FAT_FindDirEntryShortEx
 .text.FS_FAT_FindDirEntryShort
                0x00004d6c       0x36 .\emFile_V322c\LinkLibrary\PSoC5\GCC\libemf32nosnlfn.a(FAT_Open.o)
                0x00004d6c                FS_FAT_FindDirEntryShort
 .text.FS_FAT_FindEmptyDirEntry
                0x00004da2       0xb0 .\emFile_V322c\LinkLibrary\PSoC5\GCC\libemf32nosnlfn.a(FAT_Open.o)
                0x00004da2                FS_FAT_FindEmptyDirEntry
 .text.FS_FAT_GetFirstCluster
                0x00004e52       0x1a .\emFile_V322c\LinkLibrary\PSoC5\GCC\libemf32nosnlfn.a(FAT_Open.o)
                0x00004e52                FS_FAT_GetFirstCluster
 .text.FS_FAT_FindPath
                0x00004e6c       0x7a .\emFile_V322c\LinkLibrary\PSoC5\GCC\libemf32nosnlfn.a(FAT_Open.o)
                0x00004e6c                FS_FAT_FindPath
 .text.FS_FAT_DeleteFileOrDir
                0x00004ee6       0x48 .\emFile_V322c\LinkLibrary\PSoC5\GCC\libemf32nosnlfn.a(FAT_Open.o)
                0x00004ee6                FS_FAT_DeleteFileOrDir
 *fill*         0x00004f2e        0x2 
 .text.FS_FAT_Open
                0x00004f30      0x1dc .\emFile_V322c\LinkLibrary\PSoC5\GCC\libemf32nosnlfn.a(FAT_Open.o)
                0x00004f30                FS_FAT_Open
 .text.FS_FAT_WriteDirEntryCluster
                0x0000510c       0x1c .\emFile_V322c\LinkLibrary\PSoC5\GCC\libemf32nosnlfn.a(FAT_Open.o)
                0x0000510c                FS_FAT_WriteDirEntryCluster
 .text.FS_FAT_WriteDirEntry83
                0x00005128       0x6c .\emFile_V322c\LinkLibrary\PSoC5\GCC\libemf32nosnlfn.a(FAT_Open.o)
                0x00005128                FS_FAT_WriteDirEntry83
 .text._WriteBurst
                0x00005194       0x24 .\emFile_V322c\LinkLibrary\PSoC5\GCC\libemf32nosnlfn.a(FAT_Write.o)
 .text.FS_FAT_GotoClusterAllocIfReq
                0x000051b8       0xa8 .\emFile_V322c\LinkLibrary\PSoC5\GCC\libemf32nosnlfn.a(FAT_Write.o)
                0x000051b8                FS_FAT_GotoClusterAllocIfReq
 .text.FS_FAT_UpdateDirEntry
                0x00005260       0x68 .\emFile_V322c\LinkLibrary\PSoC5\GCC\libemf32nosnlfn.a(FAT_Write.o)
                0x00005260                FS_FAT_UpdateDirEntry
 .text.FS_FAT_Close
                0x000052c8       0x44 .\emFile_V322c\LinkLibrary\PSoC5\GCC\libemf32nosnlfn.a(FAT_Write.o)
                0x000052c8                FS_FAT_Close
 .text.FS_FAT_Write
                0x0000530c      0x1c8 .\emFile_V322c\LinkLibrary\PSoC5\GCC\libemf32nosnlfn.a(FAT_Write.o)
                0x0000530c                FS_FAT_Write
 .text.FS__CLIB_memcmp
                0x000054d4       0x20 .\emFile_V322c\LinkLibrary\PSoC5\GCC\libemf32nosnlfn.a(FS_CLib.o)
                0x000054d4                FS__CLIB_memcmp
 .text.FS__CLIB_memset
                0x000054f4       0x6c .\emFile_V322c\LinkLibrary\PSoC5\GCC\libemf32nosnlfn.a(FS_CLib.o)
                0x000054f4                FS__CLIB_memset
 .text.FS__CLIB_strcmp
                0x00005560       0x1a .\emFile_V322c\LinkLibrary\PSoC5\GCC\libemf32nosnlfn.a(FS_CLib.o)
                0x00005560                FS__CLIB_strcmp
 .text.FS__CLIB_strlen
                0x0000557a       0x10 .\emFile_V322c\LinkLibrary\PSoC5\GCC\libemf32nosnlfn.a(FS_CLib.o)
                0x0000557a                FS__CLIB_strlen
 .text.FS__CLIB_strncmp
                0x0000558a       0x26 .\emFile_V322c\LinkLibrary\PSoC5\GCC\libemf32nosnlfn.a(FS_CLib.o)
                0x0000558a                FS__CLIB_strncmp
 .text.FS__CLIB_strncpy
                0x000055b0       0x2e .\emFile_V322c\LinkLibrary\PSoC5\GCC\libemf32nosnlfn.a(FS_CLib.o)
                0x000055b0                FS__CLIB_strncpy
 .text.FS__CLIB_toupper
                0x000055de        0xe .\emFile_V322c\LinkLibrary\PSoC5\GCC\libemf32nosnlfn.a(FS_CLib.o)
                0x000055de                FS__CLIB_toupper
 .text.FS__DivideU32Up
                0x000055ec        0xa .\emFile_V322c\LinkLibrary\PSoC5\GCC\libemf32nosnlfn.a(FS_Core.o)
                0x000055ec                FS__DivideU32Up
 .text.FS__strchr
                0x000055f6       0x14 .\emFile_V322c\LinkLibrary\PSoC5\GCC\libemf32nosnlfn.a(FS_Core.o)
                0x000055f6                FS__strchr
 .text.FS_LoadU32BE
                0x0000560a       0x18 .\emFile_V322c\LinkLibrary\PSoC5\GCC\libemf32nosnlfn.a(FS_Core.o)
                0x0000560a                FS_LoadU32BE
 .text.FS_LoadU32LE
                0x00005622       0x16 .\emFile_V322c\LinkLibrary\PSoC5\GCC\libemf32nosnlfn.a(FS_Core.o)
                0x00005622                FS_LoadU32LE
 .text.FS_StoreU32LE
                0x00005638       0x14 .\emFile_V322c\LinkLibrary\PSoC5\GCC\libemf32nosnlfn.a(FS_Core.o)
                0x00005638                FS_StoreU32LE
 .text.FS_StoreU16LE
                0x0000564c        0x8 .\emFile_V322c\LinkLibrary\PSoC5\GCC\libemf32nosnlfn.a(FS_Core.o)
                0x0000564c                FS_StoreU16LE
 .text.FS_LoadU16LE
                0x00005654        0xa .\emFile_V322c\LinkLibrary\PSoC5\GCC\libemf32nosnlfn.a(FS_Core.o)
                0x00005654                FS_LoadU16LE
 *fill*         0x0000565e        0x2 
 .text._Alloc   0x00005660       0x30 .\emFile_V322c\LinkLibrary\PSoC5\GCC\libemf32nosnlfn.a(FS_Core.o)
 .text.FS_Alloc
                0x00005690        0xc .\emFile_V322c\LinkLibrary\PSoC5\GCC\libemf32nosnlfn.a(FS_Core.o)
                0x00005690                FS_Alloc
 .text.FS_TryAlloc
                0x0000569c        0x4 .\emFile_V322c\LinkLibrary\PSoC5\GCC\libemf32nosnlfn.a(FS_Core.o)
                0x0000569c                FS_TryAlloc
 .text.FS_Free  0x000056a0       0x1c .\emFile_V322c\LinkLibrary\PSoC5\GCC\libemf32nosnlfn.a(FS_Core.o)
                0x000056a0                FS_Free
 .text.FS_AssignMemory
                0x000056bc        0xc .\emFile_V322c\LinkLibrary\PSoC5\GCC\libemf32nosnlfn.a(FS_Core.o)
                0x000056bc                FS_AssignMemory
 .text.FS_AllocZeroed
                0x000056c8       0x16 .\emFile_V322c\LinkLibrary\PSoC5\GCC\libemf32nosnlfn.a(FS_Core.o)
                0x000056c8                FS_AllocZeroed
 *fill*         0x000056de        0x2 
 .text.FS_STORAGE_Init
                0x000056e0       0x28 .\emFile_V322c\LinkLibrary\PSoC5\GCC\libemf32nosnlfn.a(FS_Core.o)
                0x000056e0                FS_STORAGE_Init
 .text._ClrBusyLED
                0x00005708        0xc .\emFile_V322c\LinkLibrary\PSoC5\GCC\libemf32nosnlfn.a(FS_LogBlock.o)
 .text._SetBusyLED
                0x00005714        0xc .\emFile_V322c\LinkLibrary\PSoC5\GCC\libemf32nosnlfn.a(FS_LogBlock.o)
 .text._Read    0x00005720        0xc .\emFile_V322c\LinkLibrary\PSoC5\GCC\libemf32nosnlfn.a(FS_LogBlock.o)
 .text._Write   0x0000572c       0x12 .\emFile_V322c\LinkLibrary\PSoC5\GCC\libemf32nosnlfn.a(FS_LogBlock.o)
 .text.FS_LB_GetStatus
                0x0000573e        0xc .\emFile_V322c\LinkLibrary\PSoC5\GCC\libemf32nosnlfn.a(FS_LogBlock.o)
                0x0000573e                FS_LB_GetStatus
 .text.FS_LB_InitMedium
                0x0000574a       0x1a .\emFile_V322c\LinkLibrary\PSoC5\GCC\libemf32nosnlfn.a(FS_LogBlock.o)
                0x0000574a                FS_LB_InitMedium
 .text.FS_LB_InitMediumIfRequired
                0x00005764       0x10 .\emFile_V322c\LinkLibrary\PSoC5\GCC\libemf32nosnlfn.a(FS_LogBlock.o)
                0x00005764                FS_LB_InitMediumIfRequired
 .text.FS_LB_ReadDevice
                0x00005774       0x2e .\emFile_V322c\LinkLibrary\PSoC5\GCC\libemf32nosnlfn.a(FS_LogBlock.o)
                0x00005774                FS_LB_ReadDevice
 .text.FS_LB_ReadPart
                0x000057a2        0xe .\emFile_V322c\LinkLibrary\PSoC5\GCC\libemf32nosnlfn.a(FS_LogBlock.o)
                0x000057a2                FS_LB_ReadPart
 .text.FS_LB_WriteBurst
                0x000057b0       0x30 .\emFile_V322c\LinkLibrary\PSoC5\GCC\libemf32nosnlfn.a(FS_LogBlock.o)
                0x000057b0                FS_LB_WriteBurst
 .text.FS_LB_WriteBurstPart
                0x000057e0       0x14 .\emFile_V322c\LinkLibrary\PSoC5\GCC\libemf32nosnlfn.a(FS_LogBlock.o)
                0x000057e0                FS_LB_WriteBurstPart
 .text.FS_LB_WriteMultiple
                0x000057f4       0x30 .\emFile_V322c\LinkLibrary\PSoC5\GCC\libemf32nosnlfn.a(FS_LogBlock.o)
                0x000057f4                FS_LB_WriteMultiple
 .text.FS_LB_WriteMultiplePart
                0x00005824       0x14 .\emFile_V322c\LinkLibrary\PSoC5\GCC\libemf32nosnlfn.a(FS_LogBlock.o)
                0x00005824                FS_LB_WriteMultiplePart
 .text.FS_LB_WriteDevice
                0x00005838       0x36 .\emFile_V322c\LinkLibrary\PSoC5\GCC\libemf32nosnlfn.a(FS_LogBlock.o)
                0x00005838                FS_LB_WriteDevice
 .text.FS_LB_WritePart
                0x0000586e        0xe .\emFile_V322c\LinkLibrary\PSoC5\GCC\libemf32nosnlfn.a(FS_LogBlock.o)
                0x0000586e                FS_LB_WritePart
 .text.FS_GetSectorSize
                0x0000587c       0x28 .\emFile_V322c\LinkLibrary\PSoC5\GCC\libemf32nosnlfn.a(FS_LogBlock.o)
                0x0000587c                FS_GetSectorSize
 .text.FS_LB_GetDeviceInfo
                0x000058a4       0x26 .\emFile_V322c\LinkLibrary\PSoC5\GCC\libemf32nosnlfn.a(FS_LogBlock.o)
                0x000058a4                FS_LB_GetDeviceInfo
 .text.FS_memcpy
                0x000058ca      0x120 .\emFile_V322c\LinkLibrary\PSoC5\GCC\libemf32nosnlfn.a(FS_memcpy.o)
                0x000058ca                FS_memcpy
 *fill*         0x000059ea        0x2 
 .text.FS__AllocSectorBuffer
                0x000059ec       0x2c .\emFile_V322c\LinkLibrary\PSoC5\GCC\libemf32nosnlfn.a(FS_Misc.o)
                0x000059ec                FS__AllocSectorBuffer
 .text.FS__FreeSectorBuffer
                0x00005a18       0x28 .\emFile_V322c\LinkLibrary\PSoC5\GCC\libemf32nosnlfn.a(FS_Misc.o)
                0x00005a18                FS__FreeSectorBuffer
 .text.FS__SB_MarkDirty
                0x00005a40        0x6 .\emFile_V322c\LinkLibrary\PSoC5\GCC\libemf32nosnlfn.a(FS_Misc.o)
                0x00005a40                FS__SB_MarkDirty
 .text.FS__SB_MarkNotDirty
                0x00005a46        0x6 .\emFile_V322c\LinkLibrary\PSoC5\GCC\libemf32nosnlfn.a(FS_Misc.o)
                0x00005a46                FS__SB_MarkNotDirty
 .text.FS__FreeFileHandle
                0x00005a4c        0xa .\emFile_V322c\LinkLibrary\PSoC5\GCC\libemf32nosnlfn.a(FS_Misc.o)
                0x00005a4c                FS__FreeFileHandle
 .text.FS__FreeFileObj
                0x00005a56        0xc .\emFile_V322c\LinkLibrary\PSoC5\GCC\libemf32nosnlfn.a(FS_Misc.o)
                0x00005a56                FS__FreeFileObj
 *fill*         0x00005a62        0x2 
 .text.FS_Init  0x00005a64       0x58 .\emFile_V322c\LinkLibrary\PSoC5\GCC\libemf32nosnlfn.a(FS_Misc.o)
                0x00005a64                FS_Init
 .text.FS__SB_Create
                0x00005abc       0x28 .\emFile_V322c\LinkLibrary\PSoC5\GCC\libemf32nosnlfn.a(FS_Misc.o)
                0x00005abc                FS__SB_Create
 .text.FS__FCloseNL
                0x00005ae4       0x1e .\emFile_V322c\LinkLibrary\PSoC5\GCC\libemf32nosnlfn.a(FS_Misc.o)
                0x00005ae4                FS__FCloseNL
 .text.FS__FClose
                0x00005b02       0x1a .\emFile_V322c\LinkLibrary\PSoC5\GCC\libemf32nosnlfn.a(FS_Misc.o)
                0x00005b02                FS__FClose
 .text.FS_FClose
                0x00005b1c        0xa .\emFile_V322c\LinkLibrary\PSoC5\GCC\libemf32nosnlfn.a(FS_Misc.o)
                0x00005b1c                FS_FClose
 *fill*         0x00005b26        0x2 
 .text.FS__AllocFileObj
                0x00005b28       0x48 .\emFile_V322c\LinkLibrary\PSoC5\GCC\libemf32nosnlfn.a(FS_Misc.o)
                0x00005b28                FS__AllocFileObj
 .text.FS__AllocFileHandle
                0x00005b70       0x40 .\emFile_V322c\LinkLibrary\PSoC5\GCC\libemf32nosnlfn.a(FS_Misc.o)
                0x00005b70                FS__AllocFileHandle
 .text.FS__OpenEx
                0x00005bb0       0x58 .\emFile_V322c\LinkLibrary\PSoC5\GCC\libemf32nosnlfn.a(FS_Misc.o)
                0x00005bb0                FS__OpenEx
 .text.FS__FOpenEx
                0x00005c08       0x56 .\emFile_V322c\LinkLibrary\PSoC5\GCC\libemf32nosnlfn.a(FS_Misc.o)
                0x00005c08                FS__FOpenEx
 *fill*         0x00005c5e        0x2 
 .text.FS__FOpen
                0x00005c60       0x48 .\emFile_V322c\LinkLibrary\PSoC5\GCC\libemf32nosnlfn.a(FS_Misc.o)
                0x00005c60                FS__FOpen
 .text.FS_FOpen
                0x00005ca8        0x4 .\emFile_V322c\LinkLibrary\PSoC5\GCC\libemf32nosnlfn.a(FS_Misc.o)
                0x00005ca8                FS_FOpen
 .text.FS__SB_Write
                0x00005cac       0x24 .\emFile_V322c\LinkLibrary\PSoC5\GCC\libemf32nosnlfn.a(FS_Misc.o)
                0x00005cac                FS__SB_Write
 .text._SB_Clean
                0x00005cd0       0x24 .\emFile_V322c\LinkLibrary\PSoC5\GCC\libemf32nosnlfn.a(FS_Misc.o)
 .text.FS__SB_SetSector
                0x00005cf4       0x20 .\emFile_V322c\LinkLibrary\PSoC5\GCC\libemf32nosnlfn.a(FS_Misc.o)
                0x00005cf4                FS__SB_SetSector
 .text.FS__SB_Clean
                0x00005d14        0x4 .\emFile_V322c\LinkLibrary\PSoC5\GCC\libemf32nosnlfn.a(FS_Misc.o)
                0x00005d14                FS__SB_Clean
 .text.FS__SB_Delete
                0x00005d18       0x12 .\emFile_V322c\LinkLibrary\PSoC5\GCC\libemf32nosnlfn.a(FS_Misc.o)
                0x00005d18                FS__SB_Delete
 .text.FS__SB_Flush
                0x00005d2a        0x8 .\emFile_V322c\LinkLibrary\PSoC5\GCC\libemf32nosnlfn.a(FS_Misc.o)
                0x00005d2a                FS__SB_Flush
 .text.FS__SB_Read
                0x00005d32       0x2a .\emFile_V322c\LinkLibrary\PSoC5\GCC\libemf32nosnlfn.a(FS_Misc.o)
                0x00005d32                FS__SB_Read
 .text.FS__AddPhysDevice
                0x00005d5c       0x10 .\emFile_V322c\LinkLibrary\PSoC5\GCC\libemf32nosnlfn.a(FS_Storage.o)
                0x00005d5c                FS__AddPhysDevice
 .text.FS_GetVolumeName
                0x00005d6c       0x60 .\emFile_V322c\LinkLibrary\PSoC5\GCC\libemf32nosnlfn.a(FS_Storage.o)
                0x00005d6c                FS_GetVolumeName
 .text.FS__FindVolume
                0x00005dcc       0x78 .\emFile_V322c\LinkLibrary\PSoC5\GCC\libemf32nosnlfn.a(FS_Storage.o)
                0x00005dcc                FS__FindVolume
 .text.FS__AddDevice
                0x00005e44       0x68 .\emFile_V322c\LinkLibrary\PSoC5\GCC\libemf32nosnlfn.a(FS_Storage.o)
                0x00005e44                FS__AddDevice
 .text.FS_AddDevice
                0x00005eac        0x4 .\emFile_V322c\LinkLibrary\PSoC5\GCC\libemf32nosnlfn.a(FS_Storage.o)
                0x00005eac                FS_AddDevice
 .text._Mount   0x00005eb0       0x2e .\emFile_V322c\LinkLibrary\PSoC5\GCC\libemf32nosnlfn.a(FS_Volume.o)
 .text.FS__AutoMount
                0x00005ede       0x14 .\emFile_V322c\LinkLibrary\PSoC5\GCC\libemf32nosnlfn.a(FS_Volume.o)
                0x00005ede                FS__AutoMount
 .text.FS__MountNL
                0x00005ef2       0x20 .\emFile_V322c\LinkLibrary\PSoC5\GCC\libemf32nosnlfn.a(FS_Volume.o)
                0x00005ef2                FS__MountNL
 .text.FS__Mount
                0x00005f12        0x4 .\emFile_V322c\LinkLibrary\PSoC5\GCC\libemf32nosnlfn.a(FS_Volume.o)
                0x00005f12                FS__Mount
 .text.FS_Mount
                0x00005f16       0x18 .\emFile_V322c\LinkLibrary\PSoC5\GCC\libemf32nosnlfn.a(FS_Volume.o)
                0x00005f16                FS_Mount
 .text.FS__Write
                0x00005f2e       0x3a .\emFile_V322c\LinkLibrary\PSoC5\GCC\libemf32nosnlfn.a(FS_Write.o)
                0x00005f2e                FS__Write
 .text.FS_Write
                0x00005f68        0x4 .\emFile_V322c\LinkLibrary\PSoC5\GCC\libemf32nosnlfn.a(FS_Write.o)
                0x00005f68                FS_Write
 .text.T.32     0x00005f6c      0x400 .\emFile_V322c\LinkLibrary\PSoC5\GCC\libemf32nosnlfn.a(FAT_Format.o)
 .text._AutoFormat
                0x0000636c       0x7c .\emFile_V322c\LinkLibrary\PSoC5\GCC\libemf32nosnlfn.a(FAT_Format.o)
 .text.FS_FAT_FormatEx
                0x000063e8       0x74 .\emFile_V322c\LinkLibrary\PSoC5\GCC\libemf32nosnlfn.a(FAT_Format.o)
                0x000063e8                FS_FAT_FormatEx
 .text._IsBPB   0x0000645c       0x1e .\emFile_V322c\LinkLibrary\PSoC5\GCC\libemf32nosnlfn.a(FS_Partition.o)
 .text._HasSignature
                0x0000647a       0x18 .\emFile_V322c\LinkLibrary\PSoC5\GCC\libemf32nosnlfn.a(FS_Partition.o)
 .text._GetPartitionStartSector
                0x00006492        0xc .\emFile_V322c\LinkLibrary\PSoC5\GCC\libemf32nosnlfn.a(FS_Partition.o)
 .text.FS__GetMediaStartSecEx
                0x0000649e       0x6e .\emFile_V322c\LinkLibrary\PSoC5\GCC\libemf32nosnlfn.a(FS_Partition.o)
                0x0000649e                FS__GetMediaStartSecEx
 .text.FS__LocatePartition
                0x0000650c       0x44 .\emFile_V322c\LinkLibrary\PSoC5\GCC\libemf32nosnlfn.a(FS_Partition.o)
                0x0000650c                FS__LocatePartition
 .text.FS_X_AddDevices
                0x00006550       0x20 .\ARM_GCC_493\Debug\OVac.a(emFile_ConfigMMC_SPI.o)
                0x00006550                FS_X_AddDevices
 .text.FS_X_GetTimeDate
                0x00006570       0x58 .\ARM_GCC_493\Debug\OVac.a(emFile_ConfigMMC_SPI.o)
                0x00006570                FS_X_GetTimeDate
 .text._CalcDataCRC16Dummy
                0x000065c8        0x6 .\emFile_V322c\LinkLibrary\PSoC5\GCC\libemf32nosnlfn.a(MMC_Drv.o)
 *fill*         0x000065ce        0x2 
 .text._MMC_GetNumUnits
                0x000065d0        0xc .\emFile_V322c\LinkLibrary\PSoC5\GCC\libemf32nosnlfn.a(MMC_Drv.o)
 .text._MMC_GetDriverName
                0x000065dc        0x8 .\emFile_V322c\LinkLibrary\PSoC5\GCC\libemf32nosnlfn.a(MMC_Drv.o)
 .text._MMC_GetStatus
                0x000065e4        0x4 .\emFile_V322c\LinkLibrary\PSoC5\GCC\libemf32nosnlfn.a(MMC_Drv.o)
 .text._CheckR1
                0x000065e8       0x38 .\emFile_V322c\LinkLibrary\PSoC5\GCC\libemf32nosnlfn.a(MMC_Drv.o)
 .text._WaitToGetReady
                0x00006620       0x26 .\emFile_V322c\LinkLibrary\PSoC5\GCC\libemf32nosnlfn.a(MMC_Drv.o)
 .text._SendEmptyCycles
                0x00006646       0x24 .\emFile_V322c\LinkLibrary\PSoC5\GCC\libemf32nosnlfn.a(MMC_Drv.o)
 *fill*         0x0000666a        0x2 
 .text._MMC_AddDevice
                0x0000666c       0x2c .\emFile_V322c\LinkLibrary\PSoC5\GCC\libemf32nosnlfn.a(MMC_Drv.o)
 .text.T.53     0x00006698       0x14 .\emFile_V322c\LinkLibrary\PSoC5\GCC\libemf32nosnlfn.a(MMC_Drv.o)
 .text._GetFromCSD
                0x000066ac       0x34 .\emFile_V322c\LinkLibrary\PSoC5\GCC\libemf32nosnlfn.a(MMC_Drv.o)
 .text._ExecCmdR1
                0x000066e0       0x98 .\emFile_V322c\LinkLibrary\PSoC5\GCC\libemf32nosnlfn.a(MMC_Drv.o)
 .text._ReadCSD
                0x00006778       0x86 .\emFile_V322c\LinkLibrary\PSoC5\GCC\libemf32nosnlfn.a(MMC_Drv.o)
 *fill*         0x000067fe        0x2 
 .text._MMC_Read
                0x00006800      0x130 .\emFile_V322c\LinkLibrary\PSoC5\GCC\libemf32nosnlfn.a(MMC_Drv.o)
 .text._MMC_Write
                0x00006930      0x13c .\emFile_V322c\LinkLibrary\PSoC5\GCC\libemf32nosnlfn.a(MMC_Drv.o)
 .text._ApplyCSD
                0x00006a6c      0x228 .\emFile_V322c\LinkLibrary\PSoC5\GCC\libemf32nosnlfn.a(MMC_Drv.o)
 .text._MMC_Init
                0x00006c94      0x1c0 .\emFile_V322c\LinkLibrary\PSoC5\GCC\libemf32nosnlfn.a(MMC_Drv.o)
 .text._MMC_InitMedium
                0x00006e54       0x28 .\emFile_V322c\LinkLibrary\PSoC5\GCC\libemf32nosnlfn.a(MMC_Drv.o)
 .text._MMC_IoCtl
                0x00006e7c       0x60 .\emFile_V322c\LinkLibrary\PSoC5\GCC\libemf32nosnlfn.a(MMC_Drv.o)
 .text.emFile_Init
                0x00006edc       0x64 .\ARM_GCC_493\Debug\OVac.a(emFile_MMC_HW_SPI.o)
 .text.emFile_ReadWriteSPI
                0x00006f40       0x68 .\ARM_GCC_493\Debug\OVac.a(emFile_MMC_HW_SPI.o)
 .text.FS_MMC_HW_X_EnableCS
                0x00006fa8       0x28 .\ARM_GCC_493\Debug\OVac.a(emFile_MMC_HW_SPI.o)
                0x00006fa8                FS_MMC_HW_X_EnableCS
 .text.FS_MMC_HW_X_DisableCS
                0x00006fd0       0x28 .\ARM_GCC_493\Debug\OVac.a(emFile_MMC_HW_SPI.o)
                0x00006fd0                FS_MMC_HW_X_DisableCS
 .text.FS_MMC_HW_X_IsWriteProtected
                0x00006ff8       0x2c .\ARM_GCC_493\Debug\OVac.a(emFile_MMC_HW_SPI.o)
                0x00006ff8                FS_MMC_HW_X_IsWriteProtected
 .text.FS_MMC_HW_X_SetMaxSpeed
                0x00007024       0x88 .\ARM_GCC_493\Debug\OVac.a(emFile_MMC_HW_SPI.o)
                0x00007024                FS_MMC_HW_X_SetMaxSpeed
 .text.FS_MMC_HW_X_SetVoltage
                0x000070ac       0x68 .\ARM_GCC_493\Debug\OVac.a(emFile_MMC_HW_SPI.o)
                0x000070ac                FS_MMC_HW_X_SetVoltage
 .text.FS_MMC_HW_X_IsPresent
                0x00007114       0x30 .\ARM_GCC_493\Debug\OVac.a(emFile_MMC_HW_SPI.o)
                0x00007114                FS_MMC_HW_X_IsPresent
 .text.FS_MMC_HW_X_Read
                0x00007144       0x34 .\ARM_GCC_493\Debug\OVac.a(emFile_MMC_HW_SPI.o)
                0x00007144                FS_MMC_HW_X_Read
 .text.FS_MMC_HW_X_Write
                0x00007178       0x34 .\ARM_GCC_493\Debug\OVac.a(emFile_MMC_HW_SPI.o)
                0x00007178                FS_MMC_HW_X_Write
 .text.emFile_SPI0_Init
                0x000071ac       0x30 .\ARM_GCC_493\Debug\OVac.a(emFile_SPI0.o)
                0x000071ac                emFile_SPI0_Init
 .text.emFile_SPI0_Enable
                0x000071dc       0x60 .\ARM_GCC_493\Debug\OVac.a(emFile_SPI0.o)
                0x000071dc                emFile_SPI0_Enable
 .text.emFile_SPI0_Start
                0x0000723c       0x20 .\ARM_GCC_493\Debug\OVac.a(emFile_SPI0.o)
                0x0000723c                emFile_SPI0_Start
 .text.emFile_SPI0_EnableTxInt
                0x0000725c        0xc .\ARM_GCC_493\Debug\OVac.a(emFile_SPI0.o)
                0x0000725c                emFile_SPI0_EnableTxInt
 .text.emFile_SPI0_EnableRxInt
                0x00007268        0xc .\ARM_GCC_493\Debug\OVac.a(emFile_SPI0.o)
                0x00007268                emFile_SPI0_EnableRxInt
 .text.emFile_SPI0_ReadTxStatus
                0x00007274       0x20 .\ARM_GCC_493\Debug\OVac.a(emFile_SPI0.o)
                0x00007274                emFile_SPI0_ReadTxStatus
 .text.emFile_SPI0_ReadRxStatus
                0x00007294       0x20 .\ARM_GCC_493\Debug\OVac.a(emFile_SPI0.o)
                0x00007294                emFile_SPI0_ReadRxStatus
 .text.emFile_SPI0_WriteTxData
                0x000072b4       0x34 .\ARM_GCC_493\Debug\OVac.a(emFile_SPI0.o)
                0x000072b4                emFile_SPI0_WriteTxData
 .text.emFile_SPI0_ReadRxData
                0x000072e8       0x20 .\ARM_GCC_493\Debug\OVac.a(emFile_SPI0.o)
                0x000072e8                emFile_SPI0_ReadRxData
 .text.emFile_SPI0_ClearFIFO
                0x00007308       0x5c .\ARM_GCC_493\Debug\OVac.a(emFile_SPI0.o)
                0x00007308                emFile_SPI0_ClearFIFO
 .text.emFile_Clock_1_Start
                0x00007364       0x34 .\ARM_GCC_493\Debug\OVac.a(emFile_Clock_1.o)
                0x00007364                emFile_Clock_1_Start
 .text.emFile_Clock_1_Stop
                0x00007398       0x34 .\ARM_GCC_493\Debug\OVac.a(emFile_Clock_1.o)
                0x00007398                emFile_Clock_1_Stop
 .text.emFile_Clock_1_SetDividerRegister
                0x000073cc      0x160 .\ARM_GCC_493\Debug\OVac.a(emFile_Clock_1.o)
                0x000073cc                emFile_Clock_1_SetDividerRegister
 .text.emFile_Clock_1_GetDividerRegister
                0x0000752c       0x18 .\ARM_GCC_493\Debug\OVac.a(emFile_Clock_1.o)
                0x0000752c                emFile_Clock_1_GetDividerRegister
 .text.emFile_Clock_1_GetSourceRegister
                0x00007544       0x20 .\ARM_GCC_493\Debug\OVac.a(emFile_Clock_1.o)
                0x00007544                emFile_Clock_1_GetSourceRegister
 .text.emFile_SPI0_CS_Write
                0x00007564       0x34 .\ARM_GCC_493\Debug\OVac.a(emFile_SPI0_CS.o)
                0x00007564                emFile_SPI0_CS_Write
 .text          0x00007598      0x370 c:/program files (x86)/cypress/psoc creator/4.0/psoc creator/import/gnu/arm/4.9.3/bin/../lib/gcc/arm-none-eabi/4.9.3/armv7-m\libgcc.a(_arm_addsubdf3.o)
                0x00007598                __aeabi_drsub
                0x000075a0                __aeabi_dsub
                0x000075a0                __subdf3
                0x000075a4                __aeabi_dadd
                0x000075a4                __adddf3
                0x0000781c                __floatunsidf
                0x0000781c                __aeabi_ui2d
                0x0000783c                __floatsidf
                0x0000783c                __aeabi_i2d
                0x00007860                __aeabi_f2d
                0x00007860                __extendsfdf2
                0x0000789c                __floatundidf
                0x0000789c                __aeabi_ul2d
                0x000078ac                __floatdidf
                0x000078ac                __aeabi_l2d
 .text          0x00007908      0x424 c:/program files (x86)/cypress/psoc creator/4.0/psoc creator/import/gnu/arm/4.9.3/bin/../lib/gcc/arm-none-eabi/4.9.3/armv7-m\libgcc.a(_arm_muldivdf3.o)
                0x00007908                __aeabi_dmul
                0x00007908                __muldf3
                0x00007b5c                __divdf3
                0x00007b5c                __aeabi_ddiv
 .text          0x00007d2c       0xa0 c:/program files (x86)/cypress/psoc creator/4.0/psoc creator/import/gnu/arm/4.9.3/bin/../lib/gcc/arm-none-eabi/4.9.3/armv7-m\libgcc.a(_arm_truncdfsf2.o)
                0x00007d2c                __truncdfsf2
                0x00007d2c                __aeabi_d2f
 .text          0x00007dcc      0x21c c:/program files (x86)/cypress/psoc creator/4.0/psoc creator/import/gnu/arm/4.9.3/bin/../lib/gcc/arm-none-eabi/4.9.3/armv7-m\libgcc.a(_arm_addsubsf3.o)
                0x00007dcc                __aeabi_frsub
                0x00007dd4                __subsf3
                0x00007dd4                __aeabi_fsub
                0x00007dd8                __aeabi_fadd
                0x00007dd8                __addsf3
                0x00007f38                __aeabi_ui2f
                0x00007f38                __floatunsisf
                0x00007f40                __aeabi_i2f
                0x00007f40                __floatsisf
                0x00007f5c                __aeabi_ul2f
                0x00007f5c                __floatundisf
                0x00007f6c                __aeabi_l2f
                0x00007f6c                __floatdisf
 .text          0x00007fe8      0x2a0 c:/program files (x86)/cypress/psoc creator/4.0/psoc creator/import/gnu/arm/4.9.3/bin/../lib/gcc/arm-none-eabi/4.9.3/armv7-m\libgcc.a(_arm_muldivsf3.o)
                0x00007fe8                __mulsf3
                0x00007fe8                __aeabi_fmul
                0x00008150                __aeabi_fdiv
                0x00008150                __divsf3
 .text          0x00008288       0x4c c:/program files (x86)/cypress/psoc creator/4.0/psoc creator/import/gnu/arm/4.9.3/bin/../lib/gcc/arm-none-eabi/4.9.3/armv7-m\libgcc.a(_arm_fixsfsi.o)
                0x00008288                __aeabi_f2iz
                0x00008288                __fixsfsi
 .text.__errno  0x000082d4        0xc c:/program files (x86)/cypress/psoc creator/4.0/psoc creator/import/gnu/arm/4.9.3/bin/../lib/gcc/arm-none-eabi/4.9.3/../../../../arm-none-eabi/lib/armv7-m\libg_nano.a(lib_a-errno.o)
                0x000082d4                __errno
 .text.__libc_init_array
                0x000082e0       0x4c c:/program files (x86)/cypress/psoc creator/4.0/psoc creator/import/gnu/arm/4.9.3/bin/../lib/gcc/arm-none-eabi/4.9.3/../../../../arm-none-eabi/lib/armv7-m\libg_nano.a(lib_a-init.o)
                0x000082e0                __libc_init_array
 .text.memcpy   0x0000832c       0x16 c:/program files (x86)/cypress/psoc creator/4.0/psoc creator/import/gnu/arm/4.9.3/bin/../lib/gcc/arm-none-eabi/4.9.3/../../../../arm-none-eabi/lib/armv7-m\libg_nano.a(lib_a-memcpy.o)
                0x0000832c                memcpy
 .text.memset   0x00008342       0x10 c:/program files (x86)/cypress/psoc creator/4.0/psoc creator/import/gnu/arm/4.9.3/bin/../lib/gcc/arm-none-eabi/4.9.3/../../../../arm-none-eabi/lib/armv7-m\libg_nano.a(lib_a-memset.o)
                0x00008342                memset
 *fill*         0x00008352        0x2 
 .text.sprintf  0x00008354       0x48 c:/program files (x86)/cypress/psoc creator/4.0/psoc creator/import/gnu/arm/4.9.3/bin/../lib/gcc/arm-none-eabi/4.9.3/../../../../arm-none-eabi/lib/armv7-m\libg_nano.a(lib_a-sprintf.o)
                0x00008354                siprintf
                0x00008354                sprintf
 .text.strlen   0x0000839c       0x10 c:/program files (x86)/cypress/psoc creator/4.0/psoc creator/import/gnu/arm/4.9.3/bin/../lib/gcc/arm-none-eabi/4.9.3/../../../../arm-none-eabi/lib/armv7-m\libg_nano.a(lib_a-strlen.o)
                0x0000839c                strlen
 .text.strncmp  0x000083ac       0x32 c:/program files (x86)/cypress/psoc creator/4.0/psoc creator/import/gnu/arm/4.9.3/bin/../lib/gcc/arm-none-eabi/4.9.3/../../../../arm-none-eabi/lib/armv7-m\libg_nano.a(lib_a-strncmp.o)
                0x000083ac                strncmp
 .text.__ssputs_r
                0x000083de       0xb2 c:/program files (x86)/cypress/psoc creator/4.0/psoc creator/import/gnu/arm/4.9.3/bin/../lib/gcc/arm-none-eabi/4.9.3/../../../../arm-none-eabi/lib/armv7-m\libg_nano.a(lib_a-nano-svfprintf.o)
                0x000083de                __ssputs_r
 .text._svfprintf_r
                0x00008490      0x1e4 c:/program files (x86)/cypress/psoc creator/4.0/psoc creator/import/gnu/arm/4.9.3/bin/../lib/gcc/arm-none-eabi/4.9.3/../../../../arm-none-eabi/lib/armv7-m\libg_nano.a(lib_a-nano-svfprintf.o)
                0x00008490                _svfiprintf_r
                0x00008490                _svfprintf_r
 .text._printf_common
                0x00008674       0xea c:/program files (x86)/cypress/psoc creator/4.0/psoc creator/import/gnu/arm/4.9.3/bin/../lib/gcc/arm-none-eabi/4.9.3/../../../../arm-none-eabi/lib/armv7-m\libg_nano.a(lib_a-nano-vfprintf_i.o)
                0x00008674                _printf_common
 *fill*         0x0000875e        0x2 
 .text._printf_i
                0x00008760      0x240 c:/program files (x86)/cypress/psoc creator/4.0/psoc creator/import/gnu/arm/4.9.3/bin/../lib/gcc/arm-none-eabi/4.9.3/../../../../arm-none-eabi/lib/armv7-m\libg_nano.a(lib_a-nano-vfprintf_i.o)
                0x00008760                _printf_i
 .text.memchr   0x000089a0       0x1c c:/program files (x86)/cypress/psoc creator/4.0/psoc creator/import/gnu/arm/4.9.3/bin/../lib/gcc/arm-none-eabi/4.9.3/../../../../arm-none-eabi/lib/armv7-m\libg_nano.a(lib_a-memchr.o)
                0x000089a0                memchr
 .text.memmove  0x000089bc       0x36 c:/program files (x86)/cypress/psoc creator/4.0/psoc creator/import/gnu/arm/4.9.3/bin/../lib/gcc/arm-none-eabi/4.9.3/../../../../arm-none-eabi/lib/armv7-m\libg_nano.a(lib_a-memmove.o)
                0x000089bc                memmove
 *fill*         0x000089f2        0x2 
 .text._free_r  0x000089f4       0x88 c:/program files (x86)/cypress/psoc creator/4.0/psoc creator/import/gnu/arm/4.9.3/bin/../lib/gcc/arm-none-eabi/4.9.3/../../../../arm-none-eabi/lib/armv7-m\libg_nano.a(lib_a-nano-freer.o)
                0x000089f4                _free_r
 .text._malloc_r
                0x00008a7c       0xac c:/program files (x86)/cypress/psoc creator/4.0/psoc creator/import/gnu/arm/4.9.3/bin/../lib/gcc/arm-none-eabi/4.9.3/../../../../arm-none-eabi/lib/armv7-m\libg_nano.a(lib_a-nano-mallocr.o)
                0x00008a7c                _malloc_r
 .text._realloc_r
                0x00008b28       0x4c c:/program files (x86)/cypress/psoc creator/4.0/psoc creator/import/gnu/arm/4.9.3/bin/../lib/gcc/arm-none-eabi/4.9.3/../../../../arm-none-eabi/lib/armv7-m\libg_nano.a(lib_a-nano-reallocr.o)
                0x00008b28                _realloc_r
 .text._sbrk_r  0x00008b74       0x20 c:/program files (x86)/cypress/psoc creator/4.0/psoc creator/import/gnu/arm/4.9.3/bin/../lib/gcc/arm-none-eabi/4.9.3/../../../../arm-none-eabi/lib/armv7-m\libg_nano.a(lib_a-sbrkr.o)
                0x00008b74                _sbrk_r
 .text._malloc_usable_size_r
                0x00008b94       0x14 c:/program files (x86)/cypress/psoc creator/4.0/psoc creator/import/gnu/arm/4.9.3/bin/../lib/gcc/arm-none-eabi/4.9.3/../../../../arm-none-eabi/lib/armv7-m\libg_nano.a(lib_a-nano-msizer.o)
                0x00008b94                _malloc_usable_size_r
 *(.plt)
 *(.gnu.warning)
 *(.glue_7t)
 .glue_7t       0x00000000        0x0 linker stubs
 *(.glue_7)
 .glue_7        0x00000000        0x0 linker stubs
 *(.vfp11_veneer)
 .vfp11_veneer  0x00000000        0x0 linker stubs
 *(.bootloader)
 *(.ARM.extab* .gnu.linkonce.armextab.*)
 *(.gcc_except_table)

.v4_bx          0x00008ba8        0x0
 .v4_bx         0x00000000        0x0 linker stubs

.iplt           0x00008ba8        0x0
 .iplt          0x00000000        0x0 c:/program files (x86)/cypress/psoc creator/4.0/psoc creator/import/gnu/arm/4.9.3/bin/../lib/gcc/arm-none-eabi/4.9.3/armv7-m/crtbegin.o

.eh_frame_hdr
 *(.eh_frame_hdr)

.eh_frame       0x00008ba8        0x4
 *(.eh_frame)
 .eh_frame      0x00008ba8        0x0 c:/program files (x86)/cypress/psoc creator/4.0/psoc creator/import/gnu/arm/4.9.3/bin/../lib/gcc/arm-none-eabi/4.9.3/armv7-m/crtbegin.o
 .eh_frame      0x00008ba8        0x4 c:/program files (x86)/cypress/psoc creator/4.0/psoc creator/import/gnu/arm/4.9.3/bin/../lib/gcc/arm-none-eabi/4.9.3/armv7-m/crtend.o
                0x00008bac                PROVIDE (__exidx_start, .)

.ARM.exidx
 *(.ARM.exidx* .gnu.linkonce.armexidx.*)
                0x00008bac                __exidx_end = .

.rodata         0x00008bac      0x664
 *(.rodata .rodata.* .gnu.linkonce.r.*)
 .rodata        0x00008bac      0x27c .\ARM_GCC_493\Debug\main.o
 .rodata        0x00008e28       0x10 .\ARM_GCC_493\Debug\LiquidCrystal_I2C.o
 .rodata        0x00008e38       0xa0 .\ARM_GCC_493\Debug\functions.o
 .rodata        0x00008ed8       0x5c .\ARM_GCC_493\Debug\OVac.a(cyfitter_cfg.o)
                0x00008ed8                ADC_AMux__addrTable
                0x00008ee0                ADC_AMux__maskTable
 .rodata        0x00008f34       0x98 .\emFile_V322c\LinkLibrary\PSoC5\GCC\libemf32nosnlfn.a(FAT_FormatSD.o)
 .rodata        0x00008fcc       0x10 .\emFile_V322c\LinkLibrary\PSoC5\GCC\libemf32nosnlfn.a(FAT_Misc.o)
                0x00008fcc                FAT_SFN_API
 .rodata.str1.1
                0x00008fdc        0x3 .\emFile_V322c\LinkLibrary\PSoC5\GCC\libemf32nosnlfn.a(FAT_Open.o)
 *fill*         0x00008fdf        0x1 
 .rodata        0x00008fe0       0x78 .\emFile_V322c\LinkLibrary\PSoC5\GCC\libemf32nosnlfn.a(FS_Misc.o)
 .rodata.str1.1
                0x00009058       0x30 .\emFile_V322c\LinkLibrary\PSoC5\GCC\libemf32nosnlfn.a(FS_Misc.o)
 .rodata        0x00009088       0x8c .\emFile_V322c\LinkLibrary\PSoC5\GCC\libemf32nosnlfn.a(FAT_Format.o)
                0x000090a0                _acVolumeLabel
 .rodata.str1.1
                0x00009114       0x24 .\emFile_V322c\LinkLibrary\PSoC5\GCC\libemf32nosnlfn.a(FAT_Format.o)
 .rodata        0x00009138       0x68 .\emFile_V322c\LinkLibrary\PSoC5\GCC\libemf32nosnlfn.a(MMC_Drv.o)
                0x00009180                FS_MMC_SPI_Driver
 .rodata.str1.1
                0x000091a0        0x4 .\emFile_V322c\LinkLibrary\PSoC5\GCC\libemf32nosnlfn.a(MMC_Drv.o)
 .rodata.str1.1
                0x000091a4        0x2 c:/program files (x86)/cypress/psoc creator/4.0/psoc creator/import/gnu/arm/4.9.3/bin/../lib/gcc/arm-none-eabi/4.9.3/../../../../arm-none-eabi/lib/armv7-m\libg_nano.a(lib_a-impure.o)
 .rodata.str1.1
                0x000091a6       0x11 c:/program files (x86)/cypress/psoc creator/4.0/psoc creator/import/gnu/arm/4.9.3/bin/../lib/gcc/arm-none-eabi/4.9.3/../../../../arm-none-eabi/lib/armv7-m\libg_nano.a(lib_a-nano-svfprintf.o)
 .rodata.str1.1
                0x000091b7       0x22 c:/program files (x86)/cypress/psoc creator/4.0/psoc creator/import/gnu/arm/4.9.3/bin/../lib/gcc/arm-none-eabi/4.9.3/../../../../arm-none-eabi/lib/armv7-m\libg_nano.a(lib_a-nano-vfprintf_i.o)
                0x000091dc                . = ALIGN (0x4)
 *fill*         0x000091d9        0x3 
 *(.init)
 .init          0x000091dc        0x4 c:/program files (x86)/cypress/psoc creator/4.0/psoc creator/import/gnu/arm/4.9.3/bin/../lib/gcc/arm-none-eabi/4.9.3/armv7-m/crti.o
                0x000091dc                _init
 .init          0x000091e0        0x8 c:/program files (x86)/cypress/psoc creator/4.0/psoc creator/import/gnu/arm/4.9.3/bin/../lib/gcc/arm-none-eabi/4.9.3/armv7-m/crtn.o
                0x000091e8                . = ALIGN (0x4)
                0x000091e8                __preinit_array_start = .
 *(.preinit_array)
                0x000091e8                __preinit_array_end = .
                0x000091e8                . = ALIGN (0x4)
                0x000091e8                __init_array_start = .
 *(SORT(.init_array.*))
 *(.init_array)
 .init_array    0x000091e8        0x4 c:/program files (x86)/cypress/psoc creator/4.0/psoc creator/import/gnu/arm/4.9.3/bin/../lib/gcc/arm-none-eabi/4.9.3/armv7-m/crtbegin.o
 .init_array    0x000091ec        0x4 .\ARM_GCC_493\Debug\Cm3Start.o
                0x000091f0                __init_array_end = .
                0x000091f0                . = ALIGN (0x4)
 *(.fini)
 .fini          0x000091f0        0x4 c:/program files (x86)/cypress/psoc creator/4.0/psoc creator/import/gnu/arm/4.9.3/bin/../lib/gcc/arm-none-eabi/4.9.3/armv7-m/crti.o
                0x000091f0                _fini
 .fini          0x000091f4        0x8 c:/program files (x86)/cypress/psoc creator/4.0/psoc creator/import/gnu/arm/4.9.3/bin/../lib/gcc/arm-none-eabi/4.9.3/armv7-m/crtn.o
                0x000091fc                . = ALIGN (0x4)
                0x000091fc                __fini_array_start = .
 *(.fini_array)
 .fini_array    0x000091fc        0x4 c:/program files (x86)/cypress/psoc creator/4.0/psoc creator/import/gnu/arm/4.9.3/bin/../lib/gcc/arm-none-eabi/4.9.3/armv7-m/crtbegin.o
 *(SORT(.fini_array.*))
                0x00009200                __fini_array_end = .
                0x00009200                . = ALIGN (0x4)
 *crtbegin.o(.ctors)
 *(EXCLUDE_FILE(*crtend.o) .ctors)
 *(SORT(.ctors.*))
 *crtend.o(.ctors)
                0x00009200                . = ALIGN (0x4)
 *crtbegin.o(.dtors)
 *(EXCLUDE_FILE(*crtend.o) .dtors)
 *(SORT(.dtors.*))
 *crtend.o(.dtors)
                0x00009200                . = ALIGN (0x4)
                0x00009200                __cy_regions = .
                0x00009200        0x4 LONG 0x9210 __cy_region_init_ram
                0x00009204        0x4 LONG 0x1fff8108 __cy_region_start_data
                0x00009208        0x4 LONG 0xa8 __cy_region_init_size_ram
                0x0000920c        0x4 LONG 0x11b0 __cy_region_zero_size_ram
                0x00009210                __cy_regions_end = .
                0x00009210                . = ALIGN (0x8)
                0x00009210                _etext = .

.cy_checksum_exclude
                0x00009210        0x0
 *(.cy_checksum_exclude)

.ramvectors     0x1fff8000      0x100
                0x1fff8000                __cy_region_start_ram = .
 *(.ramvectors)
 .ramvectors    0x1fff8000      0x100 .\ARM_GCC_493\Debug\Cm3Start.o
                0x1fff8000                CyRamVectors

.noinit         0x1fff8100        0x5
 *(.noinit)
 .noinit        0x1fff8100        0x4 .\ARM_GCC_493\Debug\Cm3Start.o
 .noinit        0x1fff8104        0x1 .\ARM_GCC_493\Debug\OVac.a(CyLib.o)
                0x1fff8104                CyResetStatus

.data           0x1fff8108       0xa8 load address 0x00009210
                0x1fff8108                __cy_region_start_data = .
 *(.jcr)
 .jcr           0x1fff8108        0x0 c:/program files (x86)/cypress/psoc creator/4.0/psoc creator/import/gnu/arm/4.9.3/bin/../lib/gcc/arm-none-eabi/4.9.3/armv7-m/crtbegin.o
 .jcr           0x1fff8108        0x4 c:/program files (x86)/cypress/psoc creator/4.0/psoc creator/import/gnu/arm/4.9.3/bin/../lib/gcc/arm-none-eabi/4.9.3/armv7-m/crtend.o
 *(.got.plt)
 *(.got)
 *(.shdata)
 *(.data .data.* .gnu.linkonce.d.*)
 .data          0x1fff810c       0x1c .\ARM_GCC_493\Debug\main.o
                0x1fff810c                Addr
                0x1fff8110                id
                0x1fff8114                press_id
                0x1fff8118                STATE
                0x1fff8119                testnum
                0x1fff811c                file
 .data          0x1fff8128        0x4 .\ARM_GCC_493\Debug\Cm3Start.o
 .data          0x1fff812c       0x10 .\ARM_GCC_493\Debug\OVac.a(CyLib.o)
                0x1fff812c                cydelay_freq_hz
                0x1fff8130                cydelay_freq_khz
                0x1fff8134                cydelay_freq_mhz
                0x1fff8138                cydelay_32k_ms
 .data          0x1fff813c        0x1 .\ARM_GCC_493\Debug\OVac.a(ADC.o)
                0x1fff813c                ADC_Config
 .data          0x1fff813d        0x1 .\ARM_GCC_493\Debug\OVac.a(ADC_AMux.o)
 *fill*         0x1fff813e        0x2 
 .data          0x1fff8140        0x4 .\emFile_V322c\LinkLibrary\PSoC5\GCC\libemf32nosnlfn.a(FAT_Misc.o)
                0x1fff8140                FAT_pDirEntryAPI
 .data          0x1fff8144        0x4 .\emFile_V322c\LinkLibrary\PSoC5\GCC\libemf32nosnlfn.a(MMC_Drv.o)
 .data.impure_data
                0x1fff8148       0x60 c:/program files (x86)/cypress/psoc creator/4.0/psoc creator/import/gnu/arm/4.9.3/bin/../lib/gcc/arm-none-eabi/4.9.3/../../../../arm-none-eabi/lib/armv7-m\libg_nano.a(lib_a-impure.o)
 .data._impure_ptr
                0x1fff81a8        0x4 c:/program files (x86)/cypress/psoc creator/4.0/psoc creator/import/gnu/arm/4.9.3/bin/../lib/gcc/arm-none-eabi/4.9.3/../../../../arm-none-eabi/lib/armv7-m\libg_nano.a(lib_a-impure.o)
                0x1fff81a8                _impure_ptr
                0x1fff81b0                . = ALIGN (0x8)
 *fill*         0x1fff81ac        0x4 
 *(.ram)
                0x1fff81b0                _edata = .

.igot.plt       0x1fff81b0        0x0 load address 0x000092b8
 .igot.plt      0x00000000        0x0 c:/program files (x86)/cypress/psoc creator/4.0/psoc creator/import/gnu/arm/4.9.3/bin/../lib/gcc/arm-none-eabi/4.9.3/armv7-m/crtbegin.o

.bss            0x1fff81b0     0x11b0 load address 0x000092b8
                0x1fff81b0                PROVIDE (__bss_start__, .)
 *(.shbss)
 *(.bss .bss.* .gnu.linkonce.b.*)
 .bss           0x1fff81b0       0x1c c:/program files (x86)/cypress/psoc creator/4.0/psoc creator/import/gnu/arm/4.9.3/bin/../lib/gcc/arm-none-eabi/4.9.3/armv7-m/crtbegin.o
 .bss           0x1fff81cc       0x7c .\ARM_GCC_493\Debug\main.o
                0x1fff81cc                data_time
                0x1fff81d0                sum
                0x1fff81d4                pressure_sum
                0x1fff81d8                average
                0x1fff81da                collect_flag
                0x1fff81db                wait_flag
                0x1fff81dc                PANIC_flag
                0x1fff81dd                countdown
                0x1fff81de                update_Data
                0x1fff81e0                RxBuffer
                0x1fff8220                msg_count
                0x1fff8224                rxflag
                0x1fff8228                bytes
                0x1fff822c                dataflag
                0x1fff8230                transmit_flag
                0x1fff8234                depth
                0x1fff8238                reset
                0x1fff823c                volume
 .bss           0x1fff8248       0x14 .\ARM_GCC_493\Debug\OVac.a(ADC.o)
                0x1fff8248                ADC_convDone
                0x1fff8249                ADC_stopConversion
                0x1fff824a                ADC_initVar
                0x1fff824b                ADC_started
 .bss           0x1fff825c        0x1 .\ARM_GCC_493\Debug\OVac.a(I2C_Master.o)
                0x1fff825c                I2C_Master_initVar
 .bss           0x1fff825d        0x1 .\ARM_GCC_493\Debug\OVac.a(Sample_Timer.o)
                0x1fff825d                Sample_Timer_initVar
 .bss           0x1fff825e        0x1 .\ARM_GCC_493\Debug\OVac.a(Countdown_timer.o)
                0x1fff825e                Countdown_timer_initVar
 .bss           0x1fff825f        0x1 .\ARM_GCC_493\Debug\OVac.a(adjust_timer.o)
                0x1fff825f                adjust_timer_initVar
 .bss           0x1fff8260        0x2 .\ARM_GCC_493\Debug\OVac.a(UART.o)
                0x1fff8260                UART_initVar
 *fill*         0x1fff8262        0x2 
 .bss           0x1fff8264        0xc .\emFile_V322c\LinkLibrary\PSoC5\GCC\libemf32nosnlfn.a(FS_Core.o)
 .bss           0x1fff8270     0x1000 .\ARM_GCC_493\Debug\OVac.a(emFile_ConfigMMC_SPI.o)
 .bss           0x1fff9270       0x14 .\emFile_V322c\LinkLibrary\PSoC5\GCC\libemf32nosnlfn.a(MMC_Drv.o)
 .bss           0x1fff9284        0x1 .\ARM_GCC_493\Debug\OVac.a(emFile_MMC_HW_SPI.o)
 .bss           0x1fff9285        0x1 .\ARM_GCC_493\Debug\OVac.a(emFile_SPI0.o)
                0x1fff9285                emFile_SPI0_initVar
 *fill*         0x1fff9286        0x2 
 .bss.__malloc_sbrk_start
                0x1fff9288        0x4 c:/program files (x86)/cypress/psoc creator/4.0/psoc creator/import/gnu/arm/4.9.3/bin/../lib/gcc/arm-none-eabi/4.9.3/../../../../arm-none-eabi/lib/armv7-m\libg_nano.a(lib_a-nano-mallocr.o)
                0x1fff9288                __malloc_sbrk_start
 .bss.__malloc_free_list
                0x1fff928c        0x4 c:/program files (x86)/cypress/psoc creator/4.0/psoc creator/import/gnu/arm/4.9.3/bin/../lib/gcc/arm-none-eabi/4.9.3/../../../../arm-none-eabi/lib/armv7-m\libg_nano.a(lib_a-nano-mallocr.o)
                0x1fff928c                __malloc_free_list
 *(COMMON)
 COMMON         0x1fff9290       0x1b .\ARM_GCC_493\Debug\main.o
                0x1fff9290                fsfile
                0x1fff9294                buffer
                0x1fff92aa                devAddr
 COMMON         0x1fff92ab        0x8 .\ARM_GCC_493\Debug\LiquidCrystal_I2C.o
                0x1fff92ab                _backlightval
                0x1fff92ac                _addr
                0x1fff92ad                _displaycontrol
                0x1fff92ae                _charsize
                0x1fff92af                _displaymode
                0x1fff92b0                _displayfunction
                0x1fff92b1                _cols
                0x1fff92b2                _rows
 *fill*         0x1fff92b3        0x1 
 COMMON         0x1fff92b4        0x8 .\ARM_GCC_493\Debug\OVac.a(ADC.o)
                0x1fff92b4                ADC_Offset
                0x1fff92b8                ADC_CountsPerVolt
 COMMON         0x1fff92bc        0x1 .\ARM_GCC_493\Debug\OVac.a(I2C_Master.o)
                0x1fff92bc                I2C_Master_state
 *fill*         0x1fff92bd        0x3 
 COMMON         0x1fff92c0        0xf .\ARM_GCC_493\Debug\OVac.a(I2C_Master_MASTER.o)
                0x1fff92c0                I2C_Master_mstrRdBufIndex
                0x1fff92c1                I2C_Master_mstrWrBufIndex
                0x1fff92c2                I2C_Master_mstrWrBufSize
                0x1fff92c4                I2C_Master_mstrWrBufPtr
                0x1fff92c8                I2C_Master_mstrRdBufPtr
                0x1fff92cc                I2C_Master_mstrControl
                0x1fff92cd                I2C_Master_mstrStatus
                0x1fff92ce                I2C_Master_mstrRdBufSize
 *fill*         0x1fff92cf        0x1 
 COMMON         0x1fff92d0       0x88 .\emFile_V322c\LinkLibrary\PSoC5\GCC\libemf32nosnlfn.a(FS_Core.o)
                0x1fff92d0                FS_Global
                0x1fff9354                FS_NumBytesAllocated
 COMMON         0x1fff9358        0x4 c:/program files (x86)/cypress/psoc creator/4.0/psoc creator/import/gnu/arm/4.9.3/bin/../lib/gcc/arm-none-eabi/4.9.3/../../../../arm-none-eabi/lib/armv7-m\libg_nano.a(lib_a-reent.o)
                0x1fff9358                errno
                0x1fff9360                . = ALIGN (0x8)
 *fill*         0x1fff935c        0x4 
 *(.ram.b)
                0x1fff9360                _end = .
                0x1fff9360                __end = .
                0x1fff9360                PROVIDE (end, .)
                0x1fff9360                PROVIDE (__bss_end__, .)
                0x00009210                __cy_region_init_ram = LOADADDR (.data)
                0x000000a8                __cy_region_init_size_ram = (_edata - ADDR (.data))
                0x000011b0                __cy_region_zero_size_ram = (_end - _edata)

.heap           0x1fff9360       0x80 load address 0x000092b8
                0x1fff9360                . = _end
                0x1fff93e0                . = (. + 0x80)
 *fill*         0x1fff9360       0x80 
                0x1fff93e0                __cy_heap_limit = .

.stack          0x20007800      0x800
                0x20007800                __cy_stack_limit = .
                0x20008000                . = (. + 0x800)
 *fill*         0x20007800      0x800 
                0x00000001                ASSERT ((__cy_stack_limit >= __cy_heap_limit), region RAM overflowed with stack)
                0x00000000                cy_checksum_exclude_size = (CY_APPL_LOADABLE == 0x1)?SIZEOF (.cy_checksum_exclude):0x0
                0x00000001                ASSERT ((cy_checksum_exclude_size <= CY_CHECKSUM_EXCLUDE_SIZE), CY_BOOT: Section .cy_checksum_exclude size exceedes specified limit.)

.cyloadermeta
 *(.cyloadermeta)

.cyloadablemeta
 *(.cyloadablemeta)

.cyconfigecc    0x80000000      0xaa8
 *(.cyconfigecc)
 .cyconfigecc   0x80000000      0xaa8 .\ARM_GCC_493\Debug\cymetadata.o
                0x80000000                cy_meta_configecc

.cycustnvl      0x90000000        0x4
 *(.cycustnvl)
 .cycustnvl     0x90000000        0x4 .\ARM_GCC_493\Debug\cymetadata.o
                0x90000000                cy_meta_custnvl

.cywolatch      0x90100000        0x4
 *(.cywolatch)
 .cywolatch     0x90100000        0x4 .\ARM_GCC_493\Debug\cymetadata.o
                0x90100000                cy_meta_wonvl

.cyeeprom       0x90200000        0x0
 *(.cyeeprom)
                0x00000001                ASSERT ((. <= ((0x90200000 + ee_offset) + ee_size)), .cyeeprom data will not fit in EEPROM)

.cyflashprotect
                0x90400000      0x100
 *(.cyflashprotect)
 .cyflashprotect
                0x90400000      0x100 .\ARM_GCC_493\Debug\cymetadata.o
                0x90400000                cy_meta_flashprotect

.cymeta         0x90500000        0xc
 *(.cymeta)
 .cymeta        0x90500000        0xc .\ARM_GCC_493\Debug\cymetadata.o
                0x90500000                cy_metadata

.rel.dyn        0x000092b8        0x0 load address 0x9050000c
 .rel.iplt      0x00000000        0x0 c:/program files (x86)/cypress/psoc creator/4.0/psoc creator/import/gnu/arm/4.9.3/bin/../lib/gcc/arm-none-eabi/4.9.3/armv7-m/crtbegin.o

.stab
 *(.stab)

.stabstr
 *(.stabstr)

.debug
 *(.debug)

.line
 *(.line)

.debug_srcinfo
 *(.debug_srcinfo)

.debug_sfnames
 *(.debug_sfnames)

.debug_aranges  0x00000000     0x1ad8
 *(.debug_aranges)
 .debug_aranges
                0x00000000       0x50 .\ARM_GCC_493\Debug\main.o
 .debug_aranges
                0x00000050      0x108 .\ARM_GCC_493\Debug\LiquidCrystal_I2C.o
 .debug_aranges
                0x00000158       0x68 .\ARM_GCC_493\Debug\i2cFunctions.o
 .debug_aranges
                0x000001c0       0x40 .\ARM_GCC_493\Debug\functions.o
 .debug_aranges
                0x00000200      0x838 .\ARM_GCC_493\Debug\mpu6050.o
 .debug_aranges
                0x00000a38       0x18 .\ARM_GCC_493\Debug\cymetadata.o
 .debug_aranges
                0x00000a50       0x48 .\ARM_GCC_493\Debug\Cm3Start.o
 .debug_aranges
                0x00000a98       0x70 .\ARM_GCC_493\Debug\OVac.a(cyfitter_cfg.o)
 .debug_aranges
                0x00000b08      0x2a0 .\ARM_GCC_493\Debug\OVac.a(CyLib.o)
 .debug_aranges
                0x00000da8       0x98 .\ARM_GCC_493\Debug\OVac.a(cyPm.o)
 .debug_aranges
                0x00000e40       0xe8 .\ARM_GCC_493\Debug\OVac.a(ADC.o)
 .debug_aranges
                0x00000f28       0x38 .\ARM_GCC_493\Debug\OVac.a(ADC_INT.o)
 .debug_aranges
                0x00000f60       0x30 .\ARM_GCC_493\Debug\OVac.a(ADC_AMux.o)
 .debug_aranges
                0x00000f90       0x70 .\ARM_GCC_493\Debug\OVac.a(ADC_Ext_CP_Clk.o)
 .debug_aranges
                0x00001000       0x80 .\ARM_GCC_493\Debug\OVac.a(ADC_theACLK.o)
 .debug_aranges
                0x00001080       0x38 .\ARM_GCC_493\Debug\OVac.a(I2C_Master.o)
 .debug_aranges
                0x000010b8       0x20 .\ARM_GCC_493\Debug\OVac.a(I2C_Master_INT.o)
 .debug_aranges
                0x000010d8       0x38 .\ARM_GCC_493\Debug\OVac.a(I2C_Master_PM.o)
 .debug_aranges
                0x00001110       0x80 .\ARM_GCC_493\Debug\OVac.a(I2C_Master_MASTER.o)
 .debug_aranges
                0x00001190       0x88 .\ARM_GCC_493\Debug\OVac.a(Sample_Timer.o)
 .debug_aranges
                0x00001218       0x80 .\ARM_GCC_493\Debug\OVac.a(Sample_ISR.o)
 .debug_aranges
                0x00001298       0x38 .\ARM_GCC_493\Debug\OVac.a(Solenoid_1.o)
 .debug_aranges
                0x000012d0       0x38 .\ARM_GCC_493\Debug\OVac.a(LED2.o)
 .debug_aranges
                0x00001308       0x90 .\ARM_GCC_493\Debug\OVac.a(Countdown_timer.o)
 .debug_aranges
                0x00001398       0x80 .\ARM_GCC_493\Debug\OVac.a(countdown.o)
 .debug_aranges
                0x00001418       0x90 .\ARM_GCC_493\Debug\OVac.a(adjust_timer.o)
 .debug_aranges
                0x000014a8       0x38 .\ARM_GCC_493\Debug\OVac.a(Solenoid_2.o)
 .debug_aranges
                0x000014e0       0x70 .\ARM_GCC_493\Debug\OVac.a(Comp.o)
 .debug_aranges
                0x00001550       0xf0 .\ARM_GCC_493\Debug\OVac.a(UART.o)
 .debug_aranges
                0x00001640       0x80 .\ARM_GCC_493\Debug\OVac.a(rx_interrupt.o)
 .debug_aranges
                0x000016c0       0x70 .\ARM_GCC_493\Debug\OVac.a(UART_IntClock.o)
 .debug_aranges
                0x00001730       0x80 .\ARM_GCC_493\Debug\OVac.a(temp_isr.o)
 .debug_aranges
                0x000017b0       0x20 .\ARM_GCC_493\Debug\OVac.a(CyBootAsmGnu.o)
 .debug_aranges
                0x000017d0       0x80 .\ARM_GCC_493\Debug\OVac.a(CyFlash.o)
 .debug_aranges
                0x00001850       0x78 .\ARM_GCC_493\Debug\OVac.a(CySpc.o)
 .debug_aranges
                0x000018c8       0x28 .\ARM_GCC_493\Debug\OVac.a(emFile_ConfigMMC_SPI.o)
 .debug_aranges
                0x000018f0       0x68 .\ARM_GCC_493\Debug\OVac.a(emFile_MMC_HW_SPI.o)
 .debug_aranges
                0x00001958       0xd8 .\ARM_GCC_493\Debug\OVac.a(emFile_SPI0.o)
 .debug_aranges
                0x00001a30       0x70 .\ARM_GCC_493\Debug\OVac.a(emFile_Clock_1.o)
 .debug_aranges
                0x00001aa0       0x38 .\ARM_GCC_493\Debug\OVac.a(emFile_SPI0_CS.o)

.debug_pubnames
 *(.debug_pubnames)

.debug_info     0x00000000     0x9b7e
 *(.debug_info .gnu.linkonce.wi.*)
 .debug_info    0x00000000      0x69e .\ARM_GCC_493\Debug\main.o
 .debug_info    0x0000069e      0x550 .\ARM_GCC_493\Debug\LiquidCrystal_I2C.o
 .debug_info    0x00000bee      0x43d .\ARM_GCC_493\Debug\i2cFunctions.o
 .debug_info    0x0000102b      0x3d4 .\ARM_GCC_493\Debug\functions.o
 .debug_info    0x000013ff     0x21aa .\ARM_GCC_493\Debug\mpu6050.o
 .debug_info    0x000035a9      0x13f .\ARM_GCC_493\Debug\cymetadata.o
 .debug_info    0x000036e8      0x319 .\ARM_GCC_493\Debug\Cm3Start.o
 .debug_info    0x00003a01      0x4ef .\ARM_GCC_493\Debug\OVac.a(cyfitter_cfg.o)
 .debug_info    0x00003ef0      0xe4a .\ARM_GCC_493\Debug\OVac.a(CyLib.o)
 .debug_info    0x00004d3a      0x561 .\ARM_GCC_493\Debug\OVac.a(cyPm.o)
 .debug_info    0x0000529b      0x725 .\ARM_GCC_493\Debug\OVac.a(ADC.o)
 .debug_info    0x000059c0       0xcc .\ARM_GCC_493\Debug\OVac.a(ADC_INT.o)
 .debug_info    0x00005a8c      0x10a .\ARM_GCC_493\Debug\OVac.a(ADC_AMux.o)
 .debug_info    0x00005b96      0x25d .\ARM_GCC_493\Debug\OVac.a(ADC_Ext_CP_Clk.o)
 .debug_info    0x00005df3      0x299 .\ARM_GCC_493\Debug\OVac.a(ADC_theACLK.o)
 .debug_info    0x0000608c      0x1fa .\ARM_GCC_493\Debug\OVac.a(I2C_Master.o)
 .debug_info    0x00006286      0x14f .\ARM_GCC_493\Debug\OVac.a(I2C_Master_INT.o)
 .debug_info    0x000063d5      0x193 .\ARM_GCC_493\Debug\OVac.a(I2C_Master_PM.o)
 .debug_info    0x00006568      0x3f1 .\ARM_GCC_493\Debug\OVac.a(I2C_Master_MASTER.o)
 .debug_info    0x00006959      0x23e .\ARM_GCC_493\Debug\OVac.a(Sample_Timer.o)
 .debug_info    0x00006b97      0x23a .\ARM_GCC_493\Debug\OVac.a(Sample_ISR.o)
 .debug_info    0x00006dd1      0x11e .\ARM_GCC_493\Debug\OVac.a(Solenoid_1.o)
 .debug_info    0x00006eef      0x11e .\ARM_GCC_493\Debug\OVac.a(LED2.o)
 .debug_info    0x0000700d      0x254 .\ARM_GCC_493\Debug\OVac.a(Countdown_timer.o)
 .debug_info    0x00007261      0x23a .\ARM_GCC_493\Debug\OVac.a(countdown.o)
 .debug_info    0x0000749b      0x254 .\ARM_GCC_493\Debug\OVac.a(adjust_timer.o)
 .debug_info    0x000076ef      0x11e .\ARM_GCC_493\Debug\OVac.a(Solenoid_2.o)
 .debug_info    0x0000780d      0x23f .\ARM_GCC_493\Debug\OVac.a(Comp.o)
 .debug_info    0x00007a4c      0x503 .\ARM_GCC_493\Debug\OVac.a(UART.o)
 .debug_info    0x00007f4f      0x23a .\ARM_GCC_493\Debug\OVac.a(rx_interrupt.o)
 .debug_info    0x00008189      0x25d .\ARM_GCC_493\Debug\OVac.a(UART_IntClock.o)
 .debug_info    0x000083e6      0x23a .\ARM_GCC_493\Debug\OVac.a(temp_isr.o)
 .debug_info    0x00008620       0x7f .\ARM_GCC_493\Debug\OVac.a(CyBootAsmGnu.o)
 .debug_info    0x0000869f      0x36a .\ARM_GCC_493\Debug\OVac.a(CyFlash.o)
 .debug_info    0x00008a09      0x453 .\ARM_GCC_493\Debug\OVac.a(CySpc.o)
 .debug_info    0x00008e5c      0x281 .\ARM_GCC_493\Debug\OVac.a(emFile_ConfigMMC_SPI.o)
 .debug_info    0x000090dd      0x339 .\ARM_GCC_493\Debug\OVac.a(emFile_MMC_HW_SPI.o)
 .debug_info    0x00009416      0x3ed .\ARM_GCC_493\Debug\OVac.a(emFile_SPI0.o)
 .debug_info    0x00009803      0x25d .\ARM_GCC_493\Debug\OVac.a(emFile_Clock_1.o)
 .debug_info    0x00009a60      0x11e .\ARM_GCC_493\Debug\OVac.a(emFile_SPI0_CS.o)

.debug_abbrev   0x00000000     0x2c0d
 *(.debug_abbrev)
 .debug_abbrev  0x00000000      0x19d .\ARM_GCC_493\Debug\main.o
 .debug_abbrev  0x0000019d      0x162 .\ARM_GCC_493\Debug\LiquidCrystal_I2C.o
 .debug_abbrev  0x000002ff       0x9f .\ARM_GCC_493\Debug\i2cFunctions.o
 .debug_abbrev  0x0000039e      0x12c .\ARM_GCC_493\Debug\functions.o
 .debug_abbrev  0x000004ca      0x18a .\ARM_GCC_493\Debug\mpu6050.o
 .debug_abbrev  0x00000654       0x77 .\ARM_GCC_493\Debug\cymetadata.o
 .debug_abbrev  0x000006cb      0x1b6 .\ARM_GCC_493\Debug\Cm3Start.o
 .debug_abbrev  0x00000881      0x1ca .\ARM_GCC_493\Debug\OVac.a(cyfitter_cfg.o)
 .debug_abbrev  0x00000a4b      0x217 .\ARM_GCC_493\Debug\OVac.a(CyLib.o)