Archive member included because of file (symbol)

.\ARM_GCC_493\Debug\OVac.a(cyfitter_cfg.o)
                              .\ARM_GCC_493\Debug\Cm3Start.o (cyfitter_cfg)
.\ARM_GCC_493\Debug\OVac.a(CyLib.o)
                              .\ARM_GCC_493\Debug\Cm3Start.o (CyResetStatus)
.\ARM_GCC_493\Debug\OVac.a(cyPm.o)
                              .\ARM_GCC_493\Debug\OVac.a(CyLib.o) (CyPmReadStatus)
.\ARM_GCC_493\Debug\OVac.a(ADC.o)
                              .\ARM_GCC_493\Debug\main.o (ADC_Start)
.\ARM_GCC_493\Debug\OVac.a(ADC_INT.o)
                              .\ARM_GCC_493\Debug\OVac.a(ADC.o) (ADC_ISR1)
.\ARM_GCC_493\Debug\OVac.a(ADC_AMux.o)
                              .\ARM_GCC_493\Debug\OVac.a(ADC.o) (ADC_AMux_Select)
.\ARM_GCC_493\Debug\OVac.a(ADC_Ext_CP_Clk.o)
                              .\ARM_GCC_493\Debug\OVac.a(ADC.o) (ADC_Ext_CP_Clk_SetDividerRegister)
.\ARM_GCC_493\Debug\OVac.a(ADC_theACLK.o)
                              .\ARM_GCC_493\Debug\OVac.a(ADC.o) (ADC_theACLK_SetDividerRegister)
.\ARM_GCC_493\Debug\OVac.a(I2C_Master.o)
                              .\ARM_GCC_493\Debug\main.o (I2C_Master_Start)
.\ARM_GCC_493\Debug\OVac.a(I2C_Master_INT.o)
                              .\ARM_GCC_493\Debug\OVac.a(I2C_Master.o) (I2C_Master_ISR)
.\ARM_GCC_493\Debug\OVac.a(I2C_Master_PM.o)
                              .\ARM_GCC_493\Debug\OVac.a(I2C_Master.o) (I2C_Master_backup)
.\ARM_GCC_493\Debug\OVac.a(I2C_Master_MASTER.o)
                              .\ARM_GCC_493\Debug\OVac.a(I2C_Master.o) (I2C_Master_mstrStatus)
.\ARM_GCC_493\Debug\OVac.a(Sample_Timer.o)
                              .\ARM_GCC_493\Debug\main.o (Sample_Timer_Start)
.\ARM_GCC_493\Debug\OVac.a(Sample_ISR.o)
                              .\ARM_GCC_493\Debug\main.o (Sample_ISR_StartEx)
.\ARM_GCC_493\Debug\OVac.a(Solenoid_1.o)
                              .\ARM_GCC_493\Debug\main.o (Solenoid_1_Write)
.\ARM_GCC_493\Debug\OVac.a(LED2.o)
                              .\ARM_GCC_493\Debug\main.o (LED2_Write)
.\ARM_GCC_493\Debug\OVac.a(Countdown_timer.o)
                              .\ARM_GCC_493\Debug\main.o (Countdown_timer_Start)
.\ARM_GCC_493\Debug\OVac.a(countdown.o)
                              .\ARM_GCC_493\Debug\main.o (countdown_StartEx)
.\ARM_GCC_493\Debug\OVac.a(LED2_1.o)
                              .\ARM_GCC_493\Debug\main.o (LED2_1_Write)
.\ARM_GCC_493\Debug\OVac.a(LED7.o)
                              .\ARM_GCC_493\Debug\main.o (LED7_Write)
.\ARM_GCC_493\Debug\OVac.a(Solenoid_2.o)
                              .\ARM_GCC_493\Debug\main.o (Solenoid_2_Write)
.\ARM_GCC_493\Debug\OVac.a(Comp.o)
                              .\ARM_GCC_493\Debug\main.o (Comp_Start)
.\ARM_GCC_493\Debug\OVac.a(Reset.o)
                              .\ARM_GCC_493\Debug\main.o (Reset_Read)
.\ARM_GCC_493\Debug\OVac.a(CyBootAsmGnu.o)
                              .\ARM_GCC_493\Debug\OVac.a(cyfitter_cfg.o) (CyDelayCycles)
.\ARM_GCC_493\Debug\OVac.a(CyFlash.o)
                              .\ARM_GCC_493\Debug\OVac.a(cyPm.o) (CyFlash_SetWaitCycles)
.\ARM_GCC_493\Debug\OVac.a(CySpc.o)
                              .\ARM_GCC_493\Debug\OVac.a(CyFlash.o) (CySpcStart)
c:/program files (x86)/cypress/psoc creator/4.0/psoc creator/import/gnu/arm/4.9.3/bin/../lib/gcc/arm-none-eabi/4.9.3/armv7-m\libgcc.a(_arm_addsubdf3.o)
                              .\ARM_GCC_493\Debug\main.o (__aeabi_f2d)
c:/program files (x86)/cypress/psoc creator/4.0/psoc creator/import/gnu/arm/4.9.3/bin/../lib/gcc/arm-none-eabi/4.9.3/armv7-m\libgcc.a(_arm_muldivdf3.o)
                              .\ARM_GCC_493\Debug\main.o (__aeabi_dmul)
c:/program files (x86)/cypress/psoc creator/4.0/psoc creator/import/gnu/arm/4.9.3/bin/../lib/gcc/arm-none-eabi/4.9.3/armv7-m\libgcc.a(_arm_cmpdf2.o)
                              .\ARM_GCC_493\Debug\OVac.a(ADC.o) (__aeabi_dcmpgt)
c:/program files (x86)/cypress/psoc creator/4.0/psoc creator/import/gnu/arm/4.9.3/bin/../lib/gcc/arm-none-eabi/4.9.3/armv7-m\libgcc.a(_arm_truncdfsf2.o)
                              .\ARM_GCC_493\Debug\main.o (__aeabi_d2f)
c:/program files (x86)/cypress/psoc creator/4.0/psoc creator/import/gnu/arm/4.9.3/bin/../lib/gcc/arm-none-eabi/4.9.3/armv7-m\libgcc.a(_arm_addsubsf3.o)
                              .\ARM_GCC_493\Debug\main.o (__aeabi_fsub)
c:/program files (x86)/cypress/psoc creator/4.0/psoc creator/import/gnu/arm/4.9.3/bin/../lib/gcc/arm-none-eabi/4.9.3/armv7-m\libgcc.a(_arm_muldivsf3.o)
                              .\ARM_GCC_493\Debug\main.o (__aeabi_fmul)
c:/program files (x86)/cypress/psoc creator/4.0/psoc creator/import/gnu/arm/4.9.3/bin/../lib/gcc/arm-none-eabi/4.9.3/armv7-m\libgcc.a(_arm_fixsfsi.o)
                              .\ARM_GCC_493\Debug\main.o (__aeabi_f2iz)
c:/program files (x86)/cypress/psoc creator/4.0/psoc creator/import/gnu/arm/4.9.3/bin/../lib/gcc/arm-none-eabi/4.9.3/armv7-m\libgcc.a(_arm_fixunssfsi.o)
                              .\ARM_GCC_493\Debug\OVac.a(ADC.o) (__aeabi_f2uiz)
[...]
Memory Configuration

Name             Origin             Length             Attributes
rom              0x00000000         0x00040000         xr
ram              0x1fff8000         0x00010000         xrw
*default*        0x00000000         0xffffffff

Linker script and memory map

LOAD c:/program files (x86)/cypress/psoc creator/4.0/psoc creator/import/gnu/arm/4.9.3/bin/../lib/gcc/arm-none-eabi/4.9.3/armv7-m/crti.o
LOAD c:/program files (x86)/cypress/psoc creator/4.0/psoc creator/import/gnu/arm/4.9.3/bin/../lib/gcc/arm-none-eabi/4.9.3/armv7-m/crtbegin.o
LOAD c:/program files (x86)/cypress/psoc creator/4.0/psoc creator/import/gnu/arm/4.9.3/bin/../lib/gcc/arm-none-eabi/4.9.3/../../../../arm-none-eabi/lib/armv7-m/crt0.o
START GROUP
LOAD .\ARM_GCC_493\Debug\main.o
LOAD .\ARM_GCC_493\Debug\LiquidCrystal_I2C.o
LOAD .\ARM_GCC_493\Debug\i2cFunctions.o
LOAD .\ARM_GCC_493\Debug\functions.o
LOAD .\ARM_GCC_493\Debug\mpu6050.o
LOAD .\ARM_GCC_493\Debug\cymetadata.o
LOAD .\ARM_GCC_493\Debug\Cm3Start.o
LOAD .\ARM_GCC_493\Debug\OVac.a
LOAD C:\Program Files (x86)\Cypress\PSoC Creator\4.0\PSoC Creator\psoc\content\cycomponentlibrary\CyComponentLibrary.cylib\CortexM3\ARM_GCC_493\Debug\CyComponentLibrary.a
LOAD .\emFile_V322c\LinkLibrary\PSoC5\GCC\libemf32nosnlfn.a
END GROUP
START GROUP
LOAD c:/program files (x86)/cypress/psoc creator/4.0/psoc creator/import/gnu/arm/4.9.3/bin/../lib/gcc/arm-none-eabi/4.9.3/armv7-m\libgcc.a
LOAD c:/program files (x86)/cypress/psoc creator/4.0/psoc creator/import/gnu/arm/4.9.3/bin/../lib/gcc/arm-none-eabi/4.9.3/../../../../arm-none-eabi/lib/armv7-m\libg_nano.a
LOAD c:/program files (x86)/cypress/psoc creator/4.0/psoc creator/import/gnu/arm/4.9.3/bin/../lib/gcc/arm-none-eabi/4.9.3/../../../../arm-none-eabi/lib/armv7-m\libc_nano.a
END GROUP
START GROUP
LOAD c:/program files (x86)/cypress/psoc creator/4.0/psoc creator/import/gnu/arm/4.9.3/bin/../lib/gcc/arm-none-eabi/4.9.3/armv7-m\libgcc.a
LOAD c:/program files (x86)/cypress/psoc creator/4.0/psoc creator/import/gnu/arm/4.9.3/bin/../lib/gcc/arm-none-eabi/4.9.3/../../../../arm-none-eabi/lib/armv7-m\libc_nano.a
END GROUP
LOAD c:/program files (x86)/cypress/psoc creator/4.0/psoc creator/import/gnu/arm/4.9.3/bin/../lib/gcc/arm-none-eabi/4.9.3/armv7-m/crtend.o
LOAD c:/program files (x86)/cypress/psoc creator/4.0/psoc creator/import/gnu/arm/4.9.3/bin/../lib/gcc/arm-none-eabi/4.9.3/armv7-m/crtn.o
START GROUP
LOAD c:/program files (x86)/cypress/psoc creator/4.0/psoc creator/import/gnu/arm/4.9.3/bin/../lib/gcc/arm-none-eabi/4.9.3/armv7-m\libgcc.a
LOAD c:/program files (x86)/cypress/psoc creator/4.0/psoc creator/import/gnu/arm/4.9.3/bin/../lib/gcc/arm-none-eabi/4.9.3/../../../../arm-none-eabi/lib/armv7-m\libc.a
LOAD c:/program files (x86)/cypress/psoc creator/4.0/psoc creator/import/gnu/arm/4.9.3/bin/../lib/gcc/arm-none-eabi/4.9.3/../../../../arm-none-eabi/lib/armv7-m\libnosys.a
END GROUP
                0x00000000                CY_APPL_ORIGIN = 0x0
                0x00000100                CY_FLASH_ROW_SIZE = 0x100
                0x00000020                CY_ECC_ROW_SIZE = 0x20
                0x00000000                CY_EE_IN_BTLDR = 0x0
                0x00000000                CY_APPL_LOADABLE = 0x0
                0x00000800                CY_EE_SIZE = 0x800
                0x00000001                CY_APPL_NUM = 0x1
                0x00000001                CY_APPL_MAX = 0x1
                0x00000040                CY_METADATA_SIZE = 0x40
                0x00000000                CY_APPL_LOADABLE = 0x0
                0x00000000                CY_CHECKSUM_EXCLUDE_SIZE = ALIGN (0x0, CY_FLASH_ROW_SIZE)
                0x1fff8240                PROVIDE (__cy_heap_start, _end)
                0x00000001                PROVIDE (__cy_region_num, ((__cy_regions_end - __cy_regions) / 0x10))
                0x20008000                PROVIDE (__cy_stack, (ORIGIN (ram) + 0x10000))
                0x20007800                PROVIDE (__cy_heap_end, (__cy_stack - 0x800))

.cybootloader   0x00000000        0x0
 *(.cybootloader)
                0x00000000                appl1_start = CY_APPL_ORIGIN?CY_APPL_ORIGIN:ALIGN (CY_FLASH_ROW_SIZE)
                0x0001ff00                appl2_start = (appl1_start + ALIGN ((((0x40000 - appl1_start) - (0x2 * CY_FLASH_ROW_SIZE)) / 0x2), CY_FLASH_ROW_SIZE))
                0x00000000                appl_start = (CY_APPL_NUM == 0x1)?appl1_start:appl2_start
                0x00000000                ecc_offset = ((appl_start / CY_FLASH_ROW_SIZE) * CY_ECC_ROW_SIZE)
                0x00000000                ee_offset = (CY_APPL_LOADABLE && ! (CY_EE_IN_BTLDR))?((CY_EE_SIZE / CY_APPL_MAX) * (CY_APPL_NUM - 0x1)):0x0
                0x00000800                ee_size = (CY_APPL_LOADABLE && ! (CY_EE_IN_BTLDR))?(CY_EE_SIZE / CY_APPL_MAX):CY_EE_SIZE
                0x00000000                PROVIDE (CY_ECC_OFFSET, ecc_offset)

.text           0x00000000     0x45f0
 CREATE_OBJECT_SYMBOLS
                0x00000000                PROVIDE (__cy_interrupt_vector, RomVectors)
 *(.romvectors)
 .romvectors    0x00000000       0x10 .\ARM_GCC_493\Debug\Cm3Start.o
                0x00000000                RomVectors
                0x00000001                ASSERT ((. != __cy_interrupt_vector), No interrupt vector)
                0x00000001                ASSERT (CY_APPL_ORIGIN?(SIZEOF (.cybootloader) <= CY_APPL_ORIGIN):0x1, Wrong image location)
                0x00000010                PROVIDE (__cy_reset, Reset)
 *(.text.Reset)
 .text.Reset    0x00000010       0x18 .\ARM_GCC_493\Debug\Cm3Start.o
                0x00000010                Reset
                0x00000001                ASSERT ((. != __cy_reset), No reset code)
 *(.dma_init)
                0x00000001                ASSERT ((((appl_start + .) <= 0x10000) || 0x1), DMA Init must be within the first 64k of flash)
 *(.text .text.* .gnu.linkonce.t.*)
 .text          0x00000028       0x5c c:/program files (x86)/cypress/psoc creator/4.0/psoc creator/import/gnu/arm/4.9.3/bin/../lib/gcc/arm-none-eabi/4.9.3/armv7-m/crtbegin.o
 .text.Reset_system
                0x00000084       0x70 .\ARM_GCC_493\Debug\main.o
                0x00000084                Reset_system
 .text.Sample_ISR_Handler
                0x000000f4       0x38 .\ARM_GCC_493\Debug\main.o
                0x000000f4                Sample_ISR_Handler
 .text.Countdown_ISR_Handler
                0x0000012c       0x4c .\ARM_GCC_493\Debug\main.o
                0x0000012c                Countdown_ISR_Handler
 .text.main     0x00000178      0x468 .\ARM_GCC_493\Debug\main.o
                0x00000178                main
 .text.LiquidCrystal_I2C_init
                0x000005e0       0x5c .\ARM_GCC_493\Debug\LiquidCrystal_I2C.o
                0x000005e0                LiquidCrystal_I2C_init
 .text.begin    0x0000063c       0xd8 .\ARM_GCC_493\Debug\LiquidCrystal_I2C.o
                0x0000063c                begin
 .text.clear    0x00000714       0x14 .\ARM_GCC_493\Debug\LiquidCrystal_I2C.o
                0x00000714                clear
 .text.home     0x00000728       0x14 .\ARM_GCC_493\Debug\LiquidCrystal_I2C.o
                0x00000728                home
 .text.setCursor
                0x0000073c       0x64 .\ARM_GCC_493\Debug\LiquidCrystal_I2C.o
                0x0000073c                setCursor
 .text.display  0x000007a0       0x2c .\ARM_GCC_493\Debug\LiquidCrystal_I2C.o
                0x000007a0                display
 .text.command  0x000007cc       0x1c .\ARM_GCC_493\Debug\LiquidCrystal_I2C.o
                0x000007cc                command
 .text.write    0x000007e8       0x1c .\ARM_GCC_493\Debug\LiquidCrystal_I2C.o
                0x000007e8                write
 .text.send     0x00000804       0x44 .\ARM_GCC_493\Debug\LiquidCrystal_I2C.o
                0x00000804                send
 .text.write4bits
                0x00000848       0x24 .\ARM_GCC_493\Debug\LiquidCrystal_I2C.o
                0x00000848                write4bits
 .text.expanderWrite
                0x0000086c       0x30 .\ARM_GCC_493\Debug\LiquidCrystal_I2C.o
                0x0000086c                expanderWrite
 .text.pulseEnable
                0x0000089c       0x3c .\ARM_GCC_493\Debug\LiquidCrystal_I2C.o
                0x0000089c                pulseEnable
 .text.LCD_print
                0x000008d8       0x40 .\ARM_GCC_493\Debug\LiquidCrystal_I2C.o
                0x000008d8                LCD_print
 .text.I2C_M_write_byte
                0x00000918       0x30 .\ARM_GCC_493\Debug\LiquidCrystal_I2C.o
                0x00000918                I2C_M_write_byte
 .text.I2CReadBytes
                0x00000948       0x70 .\ARM_GCC_493\Debug\i2cFunctions.o
                0x00000948                I2CReadBytes
 .text.I2CReadByte
                0x000009b8       0x28 .\ARM_GCC_493\Debug\i2cFunctions.o
                0x000009b8                I2CReadByte
 .text.I2CWriteBytes
                0x000009e0       0x50 .\ARM_GCC_493\Debug\i2cFunctions.o
                0x000009e0                I2CWriteBytes
 .text.I2CWriteByte
                0x00000a30       0x28 .\ARM_GCC_493\Debug\i2cFunctions.o
                0x00000a30                I2CWriteByte
 .text.I2CWriteBits
                0x00000a58       0x9c .\ARM_GCC_493\Debug\i2cFunctions.o
                0x00000a58                I2CWriteBits
 .text.I2CWriteBit
                0x00000af4       0x7c .\ARM_GCC_493\Debug\i2cFunctions.o
                0x00000af4                I2CWriteBit
 .text.ComputeMA
                0x00000b70       0x50 .\ARM_GCC_493\Debug\functions.o
                0x00000b70                ComputeMA
 .text.MPU6050_init
                0x00000bc0       0x18 .\ARM_GCC_493\Debug\mpu6050.o
                0x00000bc0                MPU6050_init
 .text.MPU6050_initialize
                0x00000bd8       0x20 .\ARM_GCC_493\Debug\mpu6050.o
                0x00000bd8                MPU6050_initialize
 .text.MPU6050_setFullScaleGyroRange
                0x00000bf8       0x28 .\ARM_GCC_493\Debug\mpu6050.o
                0x00000bf8                MPU6050_setFullScaleGyroRange
 .text.MPU6050_setFullScaleAccelRange
                0x00000c20       0x28 .\ARM_GCC_493\Debug\mpu6050.o
                0x00000c20                MPU6050_setFullScaleAccelRange
 .text.MPU6050_getAccelerationZ
                0x00000c48       0x34 .\ARM_GCC_493\Debug\mpu6050.o
                0x00000c48                MPU6050_getAccelerationZ
 .text.MPU6050_setSleepEnabled
                0x00000c7c       0x24 .\ARM_GCC_493\Debug\mpu6050.o
                0x00000c7c                MPU6050_setSleepEnabled
 .text.MPU6050_setClockSource
                0x00000ca0       0x28 .\ARM_GCC_493\Debug\mpu6050.o
                0x00000ca0                MPU6050_setClockSource
 .text.IntDefaultHandler
                0x00000cc8       0x14 .\ARM_GCC_493\Debug\Cm3Start.o
                0x00000cc8                IntDefaultHandler
 .text._sbrk    0x00000cdc       0x50 .\ARM_GCC_493\Debug\Cm3Start.o
                0x00000cdc                _sbrk
 .text.Start_c  0x00000d2c       0x98 .\ARM_GCC_493\Debug\Cm3Start.o
                0x00000d2c                Start_c
 .text.initialize_psoc
                0x00000dc4       0x8c .\ARM_GCC_493\Debug\Cm3Start.o
                0x00000dc4                initialize_psoc
 .text.CYMEMZERO
                0x00000e50       0x1c .\ARM_GCC_493\Debug\OVac.a(cyfitter_cfg.o)
 .text.CYCONFIGCPY
                0x00000e6c       0x1c .\ARM_GCC_493\Debug\OVac.a(cyfitter_cfg.o)
 .text.CyClockStartupError
                0x00000e88        0xc .\ARM_GCC_493\Debug\OVac.a(cyfitter_cfg.o)
 .text.cfg_write_bytes32
                0x00000e94       0x74 .\ARM_GCC_493\Debug\OVac.a(cyfitter_cfg.o)
 .text.ClockSetup
                0x00000f08      0x16c .\ARM_GCC_493\Debug\OVac.a(cyfitter_cfg.o)
 .text.AnalogSetDefault
                0x00001074       0x6c .\ARM_GCC_493\Debug\OVac.a(cyfitter_cfg.o)
 .text.ADC_AMux_Set
                0x000010e0       0x40 .\ARM_GCC_493\Debug\OVac.a(cyfitter_cfg.o)
                0x000010e0                ADC_AMux_Set
 .text.ADC_AMux_Unset
                0x00001120       0x44 .\ARM_GCC_493\Debug\OVac.a(cyfitter_cfg.o)
                0x00001120                ADC_AMux_Unset
 .text.cyfitter_cfg
                0x00001164      0x1a4 .\ARM_GCC_493\Debug\OVac.a(cyfitter_cfg.o)
                0x00001164                cyfitter_cfg
 .text.CyHalt   0x00001308       0x18 .\ARM_GCC_493\Debug\OVac.a(CyLib.o)
                0x00001308                CyHalt
 .text.CyDelay  0x00001320       0x44 .\ARM_GCC_493\Debug\OVac.a(CyLib.o)
                0x00001320                CyDelay
 .text.CyDelayUs
                0x00001364       0x24 .\ARM_GCC_493\Debug\OVac.a(CyLib.o)
                0x00001364                CyDelayUs
 .text.CyIntSetVector
                0x00001388       0x50 .\ARM_GCC_493\Debug\OVac.a(CyLib.o)
                0x00001388                CyIntSetVector
 .text.CyIntSetPriority
                0x000013d8       0x44 .\ARM_GCC_493\Debug\OVac.a(CyLib.o)
                0x000013d8                CyIntSetPriority
 .text.ADC_Init
                0x0000141c      0x158 .\ARM_GCC_493\Debug\OVac.a(ADC.o)
                0x0000141c                ADC_Init
 .text.ADC_Enable
                0x00001574      0x158 .\ARM_GCC_493\Debug\OVac.a(ADC.o)
                0x00001574                ADC_Enable
 .text.ADC_Start
                0x000016cc       0x30 .\ARM_GCC_493\Debug\OVac.a(ADC.o)
                0x000016cc                ADC_Start
 .text.ADC_StartConvert
                0x000016fc       0x20 .\ARM_GCC_493\Debug\OVac.a(ADC.o)
                0x000016fc                ADC_StartConvert
 .text.ADC_IsEndConversion
                0x0000171c       0x50 .\ARM_GCC_493\Debug\OVac.a(ADC.o)
                0x0000171c                ADC_IsEndConversion
 .text.ADC_GetResult32
                0x0000176c       0xa8 .\ARM_GCC_493\Debug\OVac.a(ADC.o)
                0x0000176c                ADC_GetResult32
 .text.ADC_InitConfig
                0x00001814      0x40c .\ARM_GCC_493\Debug\OVac.a(ADC.o)
 .text.ADC_GainCompensation
                0x00001c20      0x16c .\ARM_GCC_493\Debug\OVac.a(ADC.o)
 .text.ADC_SetDSMRef0Reg
                0x00001d8c       0x78 .\ARM_GCC_493\Debug\OVac.a(ADC.o)
 .text.ADC_ISR1
                0x00001e04        0xc .\ARM_GCC_493\Debug\OVac.a(ADC_INT.o)
                0x00001e04                ADC_ISR1
 .text.ADC_ISR2
                0x00001e10        0xc .\ARM_GCC_493\Debug\OVac.a(ADC_INT.o)
                0x00001e10                ADC_ISR2
 .text.ADC_ISR3
                0x00001e1c        0xc .\ARM_GCC_493\Debug\OVac.a(ADC_INT.o)
                0x00001e1c                ADC_ISR3
 .text.ADC_ISR4
                0x00001e28        0xc .\ARM_GCC_493\Debug\OVac.a(ADC_INT.o)
                0x00001e28                ADC_ISR4
 .text.ADC_AMux_Start
                0x00001e34       0x30 .\ARM_GCC_493\Debug\OVac.a(ADC_AMux.o)
                0x00001e34                ADC_AMux_Start
 .text.ADC_AMux_Select
                0x00001e64       0x28 .\ARM_GCC_493\Debug\OVac.a(ADC_AMux.o)
                0x00001e64                ADC_AMux_Select
 .text.ADC_Ext_CP_Clk_SetDividerRegister
                0x00001e8c      0x160 .\ARM_GCC_493\Debug\OVac.a(ADC_Ext_CP_Clk.o)
                0x00001e8c                ADC_Ext_CP_Clk_SetDividerRegister
 .text.ADC_Ext_CP_Clk_GetDividerRegister
                0x00001fec       0x18 .\ARM_GCC_493\Debug\OVac.a(ADC_Ext_CP_Clk.o)
                0x00001fec                ADC_Ext_CP_Clk_GetDividerRegister
 .text.ADC_Ext_CP_Clk_SetModeRegister
                0x00002004       0x34 .\ARM_GCC_493\Debug\OVac.a(ADC_Ext_CP_Clk.o)
                0x00002004                ADC_Ext_CP_Clk_SetModeRegister
 .text.ADC_Ext_CP_Clk_GetSourceRegister
                0x00002038       0x20 .\ARM_GCC_493\Debug\OVac.a(ADC_Ext_CP_Clk.o)
                0x00002038                ADC_Ext_CP_Clk_GetSourceRegister
 .text.ADC_theACLK_SetDividerRegister
                0x00002058      0x160 .\ARM_GCC_493\Debug\OVac.a(ADC_theACLK.o)
                0x00002058                ADC_theACLK_SetDividerRegister
 .text.ADC_theACLK_GetDividerRegister
                0x000021b8       0x18 .\ARM_GCC_493\Debug\OVac.a(ADC_theACLK.o)
                0x000021b8                ADC_theACLK_GetDividerRegister
 .text.ADC_theACLK_SetModeRegister
                0x000021d0       0x34 .\ARM_GCC_493\Debug\OVac.a(ADC_theACLK.o)
                0x000021d0                ADC_theACLK_SetModeRegister
 .text.ADC_theACLK_GetSourceRegister
                0x00002204       0x20 .\ARM_GCC_493\Debug\OVac.a(ADC_theACLK.o)
                0x00002204                ADC_theACLK_GetSourceRegister
 .text.I2C_Master_Init
                0x00002224       0x80 .\ARM_GCC_493\Debug\OVac.a(I2C_Master.o)
                0x00002224                I2C_Master_Init
 .text.I2C_Master_Enable
                0x000022a4       0x44 .\ARM_GCC_493\Debug\OVac.a(I2C_Master.o)
                0x000022a4                I2C_Master_Enable
 .text.I2C_Master_Start
                0x000022e8       0x2c .\ARM_GCC_493\Debug\OVac.a(I2C_Master.o)
                0x000022e8                I2C_Master_Start
 .text.I2C_Master_ISR
                0x00002314      0x3ac .\ARM_GCC_493\Debug\OVac.a(I2C_Master_INT.o)
                0x00002314                I2C_Master_ISR
 .text.I2C_Master_MasterSendStart
                0x000026c0       0xbc .\ARM_GCC_493\Debug\OVac.a(I2C_Master_MASTER.o)
                0x000026c0                I2C_Master_MasterSendStart
 .text.I2C_Master_MasterSendRestart
                0x0000277c       0xa4 .\ARM_GCC_493\Debug\OVac.a(I2C_Master_MASTER.o)
                0x0000277c                I2C_Master_MasterSendRestart
 .text.I2C_Master_MasterSendStop
                0x00002820       0x58 .\ARM_GCC_493\Debug\OVac.a(I2C_Master_MASTER.o)
                0x00002820                I2C_Master_MasterSendStop
 .text.I2C_Master_MasterWriteByte
                0x00002878       0x80 .\ARM_GCC_493\Debug\OVac.a(I2C_Master_MASTER.o)
                0x00002878                I2C_Master_MasterWriteByte
 .text.I2C_Master_MasterReadByte
                0x000028f8       0x7c .\ARM_GCC_493\Debug\OVac.a(I2C_Master_MASTER.o)
                0x000028f8                I2C_Master_MasterReadByte
 .text.Sample_Timer_Init
                0x00002974       0x98 .\ARM_GCC_493\Debug\OVac.a(Sample_Timer.o)
                0x00002974                Sample_Timer_Init
 .text.Sample_Timer_Enable
                0x00002a0c       0x48 .\ARM_GCC_493\Debug\OVac.a(Sample_Timer.o)
                0x00002a0c                Sample_Timer_Enable
 .text.Sample_Timer_Start
                0x00002a54       0x20 .\ARM_GCC_493\Debug\OVac.a(Sample_Timer.o)
                0x00002a54                Sample_Timer_Start
 .text.Sample_Timer_SetInterruptMode
                0x00002a74       0x20 .\ARM_GCC_493\Debug\OVac.a(Sample_Timer.o)
                0x00002a74                Sample_Timer_SetInterruptMode
 .text.Sample_Timer_WritePeriod
                0x00002a94       0x24 .\ARM_GCC_493\Debug\OVac.a(Sample_Timer.o)
                0x00002a94                Sample_Timer_WritePeriod
 .text.Sample_Timer_WriteCounter
                0x00002ab8       0x20 .\ARM_GCC_493\Debug\OVac.a(Sample_Timer.o)
                0x00002ab8                Sample_Timer_WriteCounter
 .text.Sample_ISR_StartEx
                0x00002ad8       0x24 .\ARM_GCC_493\Debug\OVac.a(Sample_ISR.o)
                0x00002ad8                Sample_ISR_StartEx
 .text.Sample_ISR_SetVector
                0x00002afc       0x24 .\ARM_GCC_493\Debug\OVac.a(Sample_ISR.o)
                0x00002afc                Sample_ISR_SetVector
 .text.Sample_ISR_SetPriority
                0x00002b20       0x24 .\ARM_GCC_493\Debug\OVac.a(Sample_ISR.o)
                0x00002b20                Sample_ISR_SetPriority
 .text.Sample_ISR_Enable
                0x00002b44       0x18 .\ARM_GCC_493\Debug\OVac.a(Sample_ISR.o)
                0x00002b44                Sample_ISR_Enable
 .text.Sample_ISR_Disable
                0x00002b5c       0x18 .\ARM_GCC_493\Debug\OVac.a(Sample_ISR.o)
                0x00002b5c                Sample_ISR_Disable
 .text.Solenoid_1_Write
                0x00002b74       0x34 .\ARM_GCC_493\Debug\OVac.a(Solenoid_1.o)
                0x00002b74                Solenoid_1_Write
 .text.LED2_Write
                0x00002ba8       0x3c .\ARM_GCC_493\Debug\OVac.a(LED2.o)
                0x00002ba8                LED2_Write
 .text.Countdown_timer_Init
                0x00002be4       0x4c .\ARM_GCC_493\Debug\OVac.a(Countdown_timer.o)
                0x00002be4                Countdown_timer_Init
 .text.Countdown_timer_Enable
                0x00002c30       0x20 .\ARM_GCC_493\Debug\OVac.a(Countdown_timer.o)
                0x00002c30                Countdown_timer_Enable
 .text.Countdown_timer_Start
                0x00002c50       0x20 .\ARM_GCC_493\Debug\OVac.a(Countdown_timer.o)
                0x00002c50                Countdown_timer_Start
 .text.Countdown_timer_SetInterruptMode
                0x00002c70       0x20 .\ARM_GCC_493\Debug\OVac.a(Countdown_timer.o)
                0x00002c70                Countdown_timer_SetInterruptMode
 .text.Countdown_timer_ReadStatusRegister
                0x00002c90       0x18 .\ARM_GCC_493\Debug\OVac.a(Countdown_timer.o)
                0x00002c90                Countdown_timer_ReadStatusRegister
 .text.Countdown_timer_WritePeriod
                0x00002ca8       0x1c .\ARM_GCC_493\Debug\OVac.a(Countdown_timer.o)
                0x00002ca8                Countdown_timer_WritePeriod
 .text.Countdown_timer_ReadCapture
                0x00002cc4       0x18 .\ARM_GCC_493\Debug\OVac.a(Countdown_timer.o)
                0x00002cc4                Countdown_timer_ReadCapture
 .text.Countdown_timer_WriteCounter
                0x00002cdc       0x1c .\ARM_GCC_493\Debug\OVac.a(Countdown_timer.o)
                0x00002cdc                Countdown_timer_WriteCounter
 .text.Countdown_timer_ClearFIFO
                0x00002cf8       0x1c .\ARM_GCC_493\Debug\OVac.a(Countdown_timer.o)
                0x00002cf8                Countdown_timer_ClearFIFO
 .text.countdown_StartEx
                0x00002d14       0x24 .\ARM_GCC_493\Debug\OVac.a(countdown.o)
                0x00002d14                countdown_StartEx
 .text.countdown_SetVector
                0x00002d38       0x24 .\ARM_GCC_493\Debug\OVac.a(countdown.o)
                0x00002d38                countdown_SetVector
 .text.countdown_SetPriority
                0x00002d5c       0x24 .\ARM_GCC_493\Debug\OVac.a(countdown.o)
                0x00002d5c                countdown_SetPriority
 .text.countdown_Enable
                0x00002d80       0x18 .\ARM_GCC_493\Debug\OVac.a(countdown.o)
                0x00002d80                countdown_Enable
 .text.countdown_Disable
                0x00002d98       0x18 .\ARM_GCC_493\Debug\OVac.a(countdown.o)
                0x00002d98                countdown_Disable
 .text.LED2_1_Write
                0x00002db0       0x3c .\ARM_GCC_493\Debug\OVac.a(LED2_1.o)
                0x00002db0                LED2_1_Write
 .text.LED7_Write
                0x00002dec       0x34 .\ARM_GCC_493\Debug\OVac.a(LED7.o)
                0x00002dec                LED7_Write
 .text.Solenoid_2_Write
                0x00002e20       0x3c .\ARM_GCC_493\Debug\OVac.a(Solenoid_2.o)
                0x00002e20                Solenoid_2_Write
 .text.Comp_Init
                0x00002e5c       0x64 .\ARM_GCC_493\Debug\OVac.a(Comp.o)
                0x00002e5c                Comp_Init
 .text.Comp_Enable
                0x00002ec0       0x34 .\ARM_GCC_493\Debug\OVac.a(Comp.o)
                0x00002ec0                Comp_Enable
 .text.Comp_Start
                0x00002ef4       0x20 .\ARM_GCC_493\Debug\OVac.a(Comp.o)
                0x00002ef4                Comp_Start
 .text.Comp_SetSpeed
                0x00002f14       0x80 .\ARM_GCC_493\Debug\OVac.a(Comp.o)
                0x00002f14                Comp_SetSpeed
 .text.Reset_Read
                0x00002f94       0x20 .\ARM_GCC_493\Debug\OVac.a(Reset.o)
                0x00002f94                Reset_Read
 *fill*         0x00002fb4        0x4 
 .text          0x00002fb8       0x58 .\ARM_GCC_493\Debug\OVac.a(CyBootAsmGnu.o)
                0x00002fb8                CyDelayCycles
                0x00002ff6                CyEnterCriticalSection
                0x00002ffe                CyExitCriticalSection
 .text          0x00003010      0x370 c:/program files (x86)/cypress/psoc creator/4.0/psoc creator/import/gnu/arm/4.9.3/bin/../lib/gcc/arm-none-eabi/4.9.3/armv7-m\libgcc.a(_arm_addsubdf3.o)
                0x00003010                __aeabi_drsub
                0x00003018                __aeabi_dsub
                0x00003018                __subdf3
                0x0000301c                __aeabi_dadd
                0x0000301c                __adddf3
                0x00003294                __floatunsidf
                0x00003294                __aeabi_ui2d
                0x000032b4                __floatsidf
                0x000032b4                __aeabi_i2d
                0x000032d8                __aeabi_f2d
                0x000032d8                __extendsfdf2
                0x00003314                __floatundidf
                0x00003314                __aeabi_ul2d
                0x00003324                __floatdidf
                0x00003324                __aeabi_l2d
 .text          0x00003380      0x424 c:/program files (x86)/cypress/psoc creator/4.0/psoc creator/import/gnu/arm/4.9.3/bin/../lib/gcc/arm-none-eabi/4.9.3/armv7-m\libgcc.a(_arm_muldivdf3.o)
                0x00003380                __aeabi_dmul
                0x00003380                __muldf3
                0x000035d4                __divdf3
                0x000035d4                __aeabi_ddiv
 .text          0x000037a4       0xa0 c:/program files (x86)/cypress/psoc creator/4.0/psoc creator/import/gnu/arm/4.9.3/bin/../lib/gcc/arm-none-eabi/4.9.3/armv7-m\libgcc.a(_arm_truncdfsf2.o)
                0x000037a4                __truncdfsf2
                0x000037a4                __aeabi_d2f
 .text          0x00003844      0x21c c:/program files (x86)/cypress/psoc creator/4.0/psoc creator/import/gnu/arm/4.9.3/bin/../lib/gcc/arm-none-eabi/4.9.3/armv7-m\libgcc.a(_arm_addsubsf3.o)
                0x00003844                __aeabi_frsub
                0x0000384c                __subsf3
                0x0000384c                __aeabi_fsub
                0x00003850                __aeabi_fadd
                0x00003850                __addsf3
                0x000039b0                __aeabi_ui2f
                0x000039b0                __floatunsisf
                0x000039b8                __aeabi_i2f
                0x000039b8                __floatsisf
                0x000039d4                __aeabi_ul2f
                0x000039d4                __floatundisf
                0x000039e4                __aeabi_l2f
                0x000039e4                __floatdisf
 .text          0x00003a60      0x2a0 c:/program files (x86)/cypress/psoc creator/4.0/psoc creator/import/gnu/arm/4.9.3/bin/../lib/gcc/arm-none-eabi/4.9.3/armv7-m\libgcc.a(_arm_muldivsf3.o)
                0x00003a60                __mulsf3
                0x00003a60                __aeabi_fmul
                0x00003bc8                __aeabi_fdiv
                0x00003bc8                __divsf3
 .text          0x00003d00       0x4c c:/program files (x86)/cypress/psoc creator/4.0/psoc creator/import/gnu/arm/4.9.3/bin/../lib/gcc/arm-none-eabi/4.9.3/armv7-m\libgcc.a(_arm_fixsfsi.o)
                0x00003d00                __aeabi_f2iz
                0x00003d00                __fixsfsi
 .text.__errno  0x00003d4c        0xc c:/program files (x86)/cypress/psoc creator/4.0/psoc creator/import/gnu/arm/4.9.3/bin/../lib/gcc/arm-none-eabi/4.9.3/../../../../arm-none-eabi/lib/armv7-m\libg_nano.a(lib_a-errno.o)
                0x00003d4c                __errno
 .text.__libc_init_array
                0x00003d58       0x4c c:/program files (x86)/cypress/psoc creator/4.0/psoc creator/import/gnu/arm/4.9.3/bin/../lib/gcc/arm-none-eabi/4.9.3/../../../../arm-none-eabi/lib/armv7-m\libg_nano.a(lib_a-init.o)
                0x00003d58                __libc_init_array
 .text.memcpy   0x00003da4       0x16 c:/program files (x86)/cypress/psoc creator/4.0/psoc creator/import/gnu/arm/4.9.3/bin/../lib/gcc/arm-none-eabi/4.9.3/../../../../arm-none-eabi/lib/armv7-m\libg_nano.a(lib_a-memcpy.o)
                0x00003da4                memcpy
 .text.memset   0x00003dba       0x10 c:/program files (x86)/cypress/psoc creator/4.0/psoc creator/import/gnu/arm/4.9.3/bin/../lib/gcc/arm-none-eabi/4.9.3/../../../../arm-none-eabi/lib/armv7-m\libg_nano.a(lib_a-memset.o)
                0x00003dba                memset
 *fill*         0x00003dca        0x2 
 .text.sprintf  0x00003dcc       0x48 c:/program files (x86)/cypress/psoc creator/4.0/psoc creator/import/gnu/arm/4.9.3/bin/../lib/gcc/arm-none-eabi/4.9.3/../../../../arm-none-eabi/lib/armv7-m\libg_nano.a(lib_a-sprintf.o)
                0x00003dcc                siprintf
                0x00003dcc                sprintf
 .text.strlen   0x00003e14       0x10 c:/program files (x86)/cypress/psoc creator/4.0/psoc creator/import/gnu/arm/4.9.3/bin/../lib/gcc/arm-none-eabi/4.9.3/../../../../arm-none-eabi/lib/armv7-m\libg_nano.a(lib_a-strlen.o)
                0x00003e14                strlen
 .text.__ssputs_r
                0x00003e24       0xb2 c:/program files (x86)/cypress/psoc creator/4.0/psoc creator/import/gnu/arm/4.9.3/bin/../lib/gcc/arm-none-eabi/4.9.3/../../../../arm-none-eabi/lib/armv7-m\libg_nano.a(lib_a-nano-svfprintf.o)
                0x00003e24                __ssputs_r
 *fill*         0x00003ed6        0x2 
 .text._svfprintf_r
                0x00003ed8      0x1e4 c:/program files (x86)/cypress/psoc creator/4.0/psoc creator/import/gnu/arm/4.9.3/bin/../lib/gcc/arm-none-eabi/4.9.3/../../../../arm-none-eabi/lib/armv7-m\libg_nano.a(lib_a-nano-svfprintf.o)
                0x00003ed8                _svfiprintf_r
                0x00003ed8                _svfprintf_r
 .text._printf_common
                0x000040bc       0xea c:/program files (x86)/cypress/psoc creator/4.0/psoc creator/import/gnu/arm/4.9.3/bin/../lib/gcc/arm-none-eabi/4.9.3/../../../../arm-none-eabi/lib/armv7-m\libg_nano.a(lib_a-nano-vfprintf_i.o)
                0x000040bc                _printf_common
 *fill*         0x000041a6        0x2 
 .text._printf_i
                0x000041a8      0x240 c:/program files (x86)/cypress/psoc creator/4.0/psoc creator/import/gnu/arm/4.9.3/bin/../lib/gcc/arm-none-eabi/4.9.3/../../../../arm-none-eabi/lib/armv7-m\libg_nano.a(lib_a-nano-vfprintf_i.o)
                0x000041a8                _printf_i
 .text.memchr   0x000043e8       0x1c c:/program files (x86)/cypress/psoc creator/4.0/psoc creator/import/gnu/arm/4.9.3/bin/../lib/gcc/arm-none-eabi/4.9.3/../../../../arm-none-eabi/lib/armv7-m\libg_nano.a(lib_a-memchr.o)
                0x000043e8                memchr
 .text.memmove  0x00004404       0x36 c:/program files (x86)/cypress/psoc creator/4.0/psoc creator/import/gnu/arm/4.9.3/bin/../lib/gcc/arm-none-eabi/4.9.3/../../../../arm-none-eabi/lib/armv7-m\libg_nano.a(lib_a-memmove.o)
                0x00004404                memmove
 *fill*         0x0000443a        0x2 
 .text._free_r  0x0000443c       0x88 c:/program files (x86)/cypress/psoc creator/4.0/psoc creator/import/gnu/arm/4.9.3/bin/../lib/gcc/arm-none-eabi/4.9.3/../../../../arm-none-eabi/lib/armv7-m\libg_nano.a(lib_a-nano-freer.o)
                0x0000443c                _free_r
 .text._malloc_r
                0x000044c4       0xac c:/program files (x86)/cypress/psoc creator/4.0/psoc creator/import/gnu/arm/4.9.3/bin/../lib/gcc/arm-none-eabi/4.9.3/../../../../arm-none-eabi/lib/armv7-m\libg_nano.a(lib_a-nano-mallocr.o)
                0x000044c4                _malloc_r
 .text._realloc_r
                0x00004570       0x4c c:/program files (x86)/cypress/psoc creator/4.0/psoc creator/import/gnu/arm/4.9.3/bin/../lib/gcc/arm-none-eabi/4.9.3/../../../../arm-none-eabi/lib/armv7-m\libg_nano.a(lib_a-nano-reallocr.o)
                0x00004570                _realloc_r
 .text._sbrk_r  0x000045bc       0x20 c:/program files (x86)/cypress/psoc creator/4.0/psoc creator/import/gnu/arm/4.9.3/bin/../lib/gcc/arm-none-eabi/4.9.3/../../../../arm-none-eabi/lib/armv7-m\libg_nano.a(lib_a-sbrkr.o)
                0x000045bc                _sbrk_r
 .text._malloc_usable_size_r
                0x000045dc       0x14 c:/program files (x86)/cypress/psoc creator/4.0/psoc creator/import/gnu/arm/4.9.3/bin/../lib/gcc/arm-none-eabi/4.9.3/../../../../arm-none-eabi/lib/armv7-m\libg_nano.a(lib_a-nano-msizer.o)
                0x000045dc                _malloc_usable_size_r
 *(.plt)
 *(.gnu.warning)
 *(.glue_7t)
 .glue_7t       0x00000000        0x0 linker stubs
 *(.glue_7)
 .glue_7        0x00000000        0x0 linker stubs
 *(.vfp11_veneer)
 .vfp11_veneer  0x00000000        0x0 linker stubs
 *(.bootloader)
 *(.ARM.extab* .gnu.linkonce.armextab.*)
 *(.gcc_except_table)

.v4_bx          0x000045f0        0x0
 .v4_bx         0x00000000        0x0 linker stubs

.iplt           0x000045f0        0x0
 .iplt          0x00000000        0x0 c:/program files (x86)/cypress/psoc creator/4.0/psoc creator/import/gnu/arm/4.9.3/bin/../lib/gcc/arm-none-eabi/4.9.3/armv7-m/crtbegin.o

.eh_frame_hdr
 *(.eh_frame_hdr)

.eh_frame       0x000045f0        0x4
 *(.eh_frame)
 .eh_frame      0x000045f0        0x0 c:/program files (x86)/cypress/psoc creator/4.0/psoc creator/import/gnu/arm/4.9.3/bin/../lib/gcc/arm-none-eabi/4.9.3/armv7-m/crtbegin.o
 .eh_frame      0x000045f0        0x4 c:/program files (x86)/cypress/psoc creator/4.0/psoc creator/import/gnu/arm/4.9.3/bin/../lib/gcc/arm-none-eabi/4.9.3/armv7-m/crtend.o
                0x000045f4                PROVIDE (__exidx_start, .)

.ARM.exidx
 *(.ARM.exidx* .gnu.linkonce.armexidx.*)
                0x000045f4                __exidx_end = .

.rodata         0x000045f4      0x19c
 *(.rodata .rodata.* .gnu.linkonce.r.*)
 .rodata        0x000045f4       0xa8 .\ARM_GCC_493\Debug\main.o
 .rodata        0x0000469c       0x10 .\ARM_GCC_493\Debug\LiquidCrystal_I2C.o
 .rodata        0x000046ac       0x74 .\ARM_GCC_493\Debug\OVac.a(cyfitter_cfg.o)
                0x000046ac                ADC_AMux__addrTable
                0x000046b4                ADC_AMux__maskTable
 .rodata.str1.1
                0x00004720        0x2 c:/program files (x86)/cypress/psoc creator/4.0/psoc creator/import/gnu/arm/4.9.3/bin/../lib/gcc/arm-none-eabi/4.9.3/../../../../arm-none-eabi/lib/armv7-m\libg_nano.a(lib_a-impure.o)
 .rodata.str1.1
                0x00004722       0x11 c:/program files (x86)/cypress/psoc creator/4.0/psoc creator/import/gnu/arm/4.9.3/bin/../lib/gcc/arm-none-eabi/4.9.3/../../../../arm-none-eabi/lib/armv7-m\libg_nano.a(lib_a-nano-svfprintf.o)
 .rodata.str1.1
                0x00004733       0x22 c:/program files (x86)/cypress/psoc creator/4.0/psoc creator/import/gnu/arm/4.9.3/bin/../lib/gcc/arm-none-eabi/4.9.3/../../../../arm-none-eabi/lib/armv7-m\libg_nano.a(lib_a-nano-vfprintf_i.o)
                0x00004758                . = ALIGN (0x4)
 *fill*         0x00004755        0x3 
 *(.init)
 .init          0x00004758        0x4 c:/program files (x86)/cypress/psoc creator/4.0/psoc creator/import/gnu/arm/4.9.3/bin/../lib/gcc/arm-none-eabi/4.9.3/armv7-m/crti.o
                0x00004758                _init
 .init          0x0000475c        0x8 c:/program files (x86)/cypress/psoc creator/4.0/psoc creator/import/gnu/arm/4.9.3/bin/../lib/gcc/arm-none-eabi/4.9.3/armv7-m/crtn.o
                0x00004764                . = ALIGN (0x4)
                0x00004764                __preinit_array_start = .
 *(.preinit_array)
                0x00004764                __preinit_array_end = .
                0x00004764                . = ALIGN (0x4)
                0x00004764                __init_array_start = .
 *(SORT(.init_array.*))
 *(.init_array)
 .init_array    0x00004764        0x4 c:/program files (x86)/cypress/psoc creator/4.0/psoc creator/import/gnu/arm/4.9.3/bin/../lib/gcc/arm-none-eabi/4.9.3/armv7-m/crtbegin.o
 .init_array    0x00004768        0x4 .\ARM_GCC_493\Debug\Cm3Start.o
                0x0000476c                __init_array_end = .
                0x0000476c                . = ALIGN (0x4)
 *(.fini)
 .fini          0x0000476c        0x4 c:/program files (x86)/cypress/psoc creator/4.0/psoc creator/import/gnu/arm/4.9.3/bin/../lib/gcc/arm-none-eabi/4.9.3/armv7-m/crti.o
                0x0000476c                _fini
 .fini          0x00004770        0x8 c:/program files (x86)/cypress/psoc creator/4.0/psoc creator/import/gnu/arm/4.9.3/bin/../lib/gcc/arm-none-eabi/4.9.3/armv7-m/crtn.o
                0x00004778                . = ALIGN (0x4)
                0x00004778                __fini_array_start = .
 *(.fini_array)
 .fini_array    0x00004778        0x4 c:/program files (x86)/cypress/psoc creator/4.0/psoc creator/import/gnu/arm/4.9.3/bin/../lib/gcc/arm-none-eabi/4.9.3/armv7-m/crtbegin.o
 *(SORT(.fini_array.*))
                0x0000477c                __fini_array_end = .
                0x0000477c                . = ALIGN (0x4)
 *crtbegin.o(.ctors)
 *(EXCLUDE_FILE(*crtend.o) .ctors)
 *(SORT(.ctors.*))
 *crtend.o(.ctors)
                0x0000477c                . = ALIGN (0x4)
 *crtbegin.o(.dtors)
 *(EXCLUDE_FILE(*crtend.o) .dtors)
 *(SORT(.dtors.*))
 *crtend.o(.dtors)
                0x0000477c                . = ALIGN (0x4)
                0x0000477c                __cy_regions = .
                0x0000477c        0x4 LONG 0x4790 __cy_region_init_ram
                0x00004780        0x4 LONG 0x1fff8108 __cy_region_start_data
                0x00004784        0x4 LONG 0x98 __cy_region_init_size_ram
                0x00004788        0x4 LONG 0xa0 __cy_region_zero_size_ram
                0x0000478c                __cy_regions_end = .
                0x00004790                . = ALIGN (0x8)
 *fill*         0x0000478c        0x4 
                0x00004790                _etext = .

.cy_checksum_exclude
                0x00004790        0x0
 *(.cy_checksum_exclude)

.ramvectors     0x1fff8000      0x100
                0x1fff8000                __cy_region_start_ram = .
 *(.ramvectors)
 .ramvectors    0x1fff8000      0x100 .\ARM_GCC_493\Debug\Cm3Start.o
                0x1fff8000                CyRamVectors

.noinit         0x1fff8100        0x5
 *(.noinit)
 .noinit        0x1fff8100        0x4 .\ARM_GCC_493\Debug\Cm3Start.o
 .noinit        0x1fff8104        0x1 .\ARM_GCC_493\Debug\OVac.a(CyLib.o)
                0x1fff8104                CyResetStatus

.data           0x1fff8108       0x98 load address 0x00004790
                0x1fff8108                __cy_region_start_data = .
 *(.jcr)
 .jcr           0x1fff8108        0x0 c:/program files (x86)/cypress/psoc creator/4.0/psoc creator/import/gnu/arm/4.9.3/bin/../lib/gcc/arm-none-eabi/4.9.3/armv7-m/crtbegin.o
 .jcr           0x1fff8108        0x4 c:/program files (x86)/cypress/psoc creator/4.0/psoc creator/import/gnu/arm/4.9.3/bin/../lib/gcc/arm-none-eabi/4.9.3/armv7-m/crtend.o
 *(.got.plt)
 *(.got)
 *(.shdata)
 *(.data .data.* .gnu.linkonce.d.*)
 .data          0x1fff810c       0x18 .\ARM_GCC_493\Debug\main.o
                0x1fff810c                Addr
                0x1fff8110                id
                0x1fff8114                STATE
                0x1fff8115                testnum
                0x1fff8118                file
 .data          0x1fff8124        0x4 .\ARM_GCC_493\Debug\Cm3Start.o
 .data          0x1fff8128       0x10 .\ARM_GCC_493\Debug\OVac.a(CyLib.o)
                0x1fff8128                cydelay_freq_hz
                0x1fff812c                cydelay_freq_khz
                0x1fff8130                cydelay_freq_mhz
                0x1fff8134                cydelay_32k_ms
 .data          0x1fff8138        0x1 .\ARM_GCC_493\Debug\OVac.a(ADC.o)
                0x1fff8138                ADC_Config
 .data          0x1fff8139        0x1 .\ARM_GCC_493\Debug\OVac.a(ADC_AMux.o)
 *fill*         0x1fff813a        0x2 
 .data.impure_data
                0x1fff813c       0x60 c:/program files (x86)/cypress/psoc creator/4.0/psoc creator/import/gnu/arm/4.9.3/bin/../lib/gcc/arm-none-eabi/4.9.3/../../../../arm-none-eabi/lib/armv7-m\libg_nano.a(lib_a-impure.o)
 .data._impure_ptr
                0x1fff819c        0x4 c:/program files (x86)/cypress/psoc creator/4.0/psoc creator/import/gnu/arm/4.9.3/bin/../lib/gcc/arm-none-eabi/4.9.3/../../../../arm-none-eabi/lib/armv7-m\libg_nano.a(lib_a-impure.o)
                0x1fff819c                _impure_ptr
                0x1fff81a0                . = ALIGN (0x8)
 *(.ram)
                0x1fff81a0                _edata = .

.igot.plt       0x1fff81a0        0x0 load address 0x00004828
 .igot.plt      0x00000000        0x0 c:/program files (x86)/cypress/psoc creator/4.0/psoc creator/import/gnu/arm/4.9.3/bin/../lib/gcc/arm-none-eabi/4.9.3/armv7-m/crtbegin.o

.bss            0x1fff81a0       0xa0 load address 0x00004828
                0x1fff81a0                PROVIDE (__bss_start__, .)
 *(.shbss)
 *(.bss .bss.* .gnu.linkonce.b.*)
 .bss           0x1fff81a0       0x1c c:/program files (x86)/cypress/psoc creator/4.0/psoc creator/import/gnu/arm/4.9.3/bin/../lib/gcc/arm-none-eabi/4.9.3/armv7-m/crtbegin.o
 .bss           0x1fff81bc       0x1c .\ARM_GCC_493\Debug\main.o
                0x1fff81bc                data_time
                0x1fff81c0                sum
                0x1fff81c4                average
                0x1fff81c6                collect_flag
                0x1fff81c7                wait_flag
                0x1fff81c8                PANIC_flag
                0x1fff81c9                countdown
                0x1fff81cc                volume
 .bss           0x1fff81d8       0x14 .\ARM_GCC_493\Debug\OVac.a(ADC.o)
                0x1fff81d8                ADC_convDone
                0x1fff81d9                ADC_stopConversion
                0x1fff81da                ADC_initVar
                0x1fff81db                ADC_started
 .bss           0x1fff81ec        0x1 .\ARM_GCC_493\Debug\OVac.a(I2C_Master.o)
                0x1fff81ec                I2C_Master_initVar
 .bss           0x1fff81ed        0x1 .\ARM_GCC_493\Debug\OVac.a(Sample_Timer.o)
                0x1fff81ed                Sample_Timer_initVar
 .bss           0x1fff81ee        0x1 .\ARM_GCC_493\Debug\OVac.a(Countdown_timer.o)
                0x1fff81ee                Countdown_timer_initVar
 .bss           0x1fff81ef        0x1 .\ARM_GCC_493\Debug\OVac.a(Comp.o)
                0x1fff81ef                Comp_initVar
 .bss.__malloc_sbrk_start
                0x1fff81f0        0x4 c:/program files (x86)/cypress/psoc creator/4.0/psoc creator/import/gnu/arm/4.9.3/bin/../lib/gcc/arm-none-eabi/4.9.3/../../../../arm-none-eabi/lib/armv7-m\libg_nano.a(lib_a-nano-mallocr.o)
                0x1fff81f0                __malloc_sbrk_start
 .bss.__malloc_free_list
                0x1fff81f4        0x4 c:/program files (x86)/cypress/psoc creator/4.0/psoc creator/import/gnu/arm/4.9.3/bin/../lib/gcc/arm-none-eabi/4.9.3/../../../../arm-none-eabi/lib/armv7-m\libg_nano.a(lib_a-nano-mallocr.o)
                0x1fff81f4                __malloc_free_list
 *(COMMON)
 COMMON         0x1fff81f8       0x1b .\ARM_GCC_493\Debug\main.o
                0x1fff81f8                fsfile
                0x1fff81fc                buffer
                0x1fff8212                devAddr
 COMMON         0x1fff8213        0x8 .\ARM_GCC_493\Debug\LiquidCrystal_I2C.o
                0x1fff8213                _backlightval
                0x1fff8214                _addr
                0x1fff8215                _displaycontrol
                0x1fff8216                _charsize
                0x1fff8217                _displaymode
                0x1fff8218                _displayfunction
                0x1fff8219                _cols
                0x1fff821a                _rows
 *fill*         0x1fff821b        0x1 
 COMMON         0x1fff821c        0x8 .\ARM_GCC_493\Debug\OVac.a(ADC.o)
                0x1fff821c                ADC_Offset
                0x1fff8220                ADC_CountsPerVolt
 COMMON         0x1fff8224        0x1 .\ARM_GCC_493\Debug\OVac.a(I2C_Master.o)
                0x1fff8224                I2C_Master_state
 *fill*         0x1fff8225        0x3 
 COMMON         0x1fff8228        0xf .\ARM_GCC_493\Debug\OVac.a(I2C_Master_MASTER.o)
                0x1fff8228                I2C_Master_mstrRdBufIndex
                0x1fff8229                I2C_Master_mstrWrBufIndex
                0x1fff822a                I2C_Master_mstrWrBufSize
                0x1fff822c                I2C_Master_mstrWrBufPtr
                0x1fff8230                I2C_Master_mstrRdBufPtr
                0x1fff8234                I2C_Master_mstrControl
                0x1fff8235                I2C_Master_mstrStatus
                0x1fff8236                I2C_Master_mstrRdBufSize
 *fill*         0x1fff8237        0x1 
 COMMON         0x1fff8238        0x4 c:/program files (x86)/cypress/psoc creator/4.0/psoc creator/import/gnu/arm/4.9.3/bin/../lib/gcc/arm-none-eabi/4.9.3/../../../../arm-none-eabi/lib/armv7-m\libg_nano.a(lib_a-reent.o)
                0x1fff8238                errno
                0x1fff8240                . = ALIGN (0x8)
 *fill*         0x1fff823c        0x4 
 *(.ram.b)
                0x1fff8240                _end = .
                0x1fff8240                __end = .
                0x1fff8240                PROVIDE (end, .)
                0x1fff8240                PROVIDE (__bss_end__, .)
                0x00004790                __cy_region_init_ram = LOADADDR (.data)
                0x00000098                __cy_region_init_size_ram = (_edata - ADDR (.data))
                0x000000a0                __cy_region_zero_size_ram = (_end - _edata)

.heap           0x1fff8240       0x80 load address 0x00004828
                0x1fff8240                . = _end
                0x1fff82c0                . = (. + 0x80)
 *fill*         0x1fff8240       0x80 
                0x1fff82c0                __cy_heap_limit = .

.stack          0x20007800      0x800
                0x20007800                __cy_stack_limit = .
                0x20008000                . = (. + 0x800)
 *fill*         0x20007800      0x800 
                0x00000001                ASSERT ((__cy_stack_limit >= __cy_heap_limit), region RAM overflowed with stack)
                0x00000000                cy_checksum_exclude_size = (CY_APPL_LOADABLE == 0x1)?SIZEOF (.cy_checksum_exclude):0x0
                0x00000001                ASSERT ((cy_checksum_exclude_size <= CY_CHECKSUM_EXCLUDE_SIZE), CY_BOOT: Section .cy_checksum_exclude size exceedes specified limit.)

.cyloadermeta
 *(.cyloadermeta)

.cyloadablemeta
 *(.cyloadablemeta)

.cyconfigecc    0x80000000      0x630
 *(.cyconfigecc)
 .cyconfigecc   0x80000000      0x630 .\ARM_GCC_493\Debug\cymetadata.o
                0x80000000                cy_meta_configecc

.cycustnvl      0x90000000        0x4
 *(.cycustnvl)
 .cycustnvl     0x90000000        0x4 .\ARM_GCC_493\Debug\cymetadata.o
                0x90000000                cy_meta_custnvl

.cywolatch      0x90100000        0x4
 *(.cywolatch)
 .cywolatch     0x90100000        0x4 .\ARM_GCC_493\Debug\cymetadata.o
                0x90100000                cy_meta_wonvl

.cyeeprom       0x90200000        0x0
 *(.cyeeprom)
                0x00000001                ASSERT ((. <= ((0x90200000 + ee_offset) + ee_size)), .cyeeprom data will not fit in EEPROM)

.cyflashprotect
                0x90400000      0x100
 *(.cyflashprotect)
 .cyflashprotect
                0x90400000      0x100 .\ARM_GCC_493\Debug\cymetadata.o
                0x90400000                cy_meta_flashprotect

.cymeta         0x90500000        0xc
 *(.cymeta)
 .cymeta        0x90500000        0xc .\ARM_GCC_493\Debug\cymetadata.o
                0x90500000                cy_metadata

.rel.dyn        0x00004828        0x0 load address 0x9050000c
 .rel.iplt      0x00000000        0x0 c:/program files (x86)/cypress/psoc creator/4.0/psoc creator/import/gnu/arm/4.9.3/bin/../lib/gcc/arm-none-eabi/4.9.3/armv7-m/crtbegin.o

.stab
 *(.stab)

.stabstr
 *(.stabstr)

.debug
 *(.debug)

.line
 *(.line)

.debug_srcinfo
 *(.debug_srcinfo)

.debug_sfnames
 *(.debug_sfnames)

.debug_aranges  0x00000000     0x1660
 *(.debug_aranges)
 .debug_aranges
                0x00000000       0x40 .\ARM_GCC_493\Debug\main.o
 .debug_aranges
                0x00000040      0x108 .\ARM_GCC_493\Debug\LiquidCrystal_I2C.o
 .debug_aranges
                0x00000148       0x68 .\ARM_GCC_493\Debug\i2cFunctions.o
 .debug_aranges
                0x000001b0       0x30 .\ARM_GCC_493\Debug\functions.o
 .debug_aranges
                0x000001e0      0x838 .\ARM_GCC_493\Debug\mpu6050.o
 .debug_aranges
                0x00000a18       0x18 .\ARM_GCC_493\Debug\cymetadata.o
 .debug_aranges
                0x00000a30       0x48 .\ARM_GCC_493\Debug\Cm3Start.o
 .debug_aranges
                0x00000a78       0x70 .\ARM_GCC_493\Debug\OVac.a(cyfitter_cfg.o)
 .debug_aranges
                0x00000ae8      0x2a0 .\ARM_GCC_493\Debug\OVac.a(CyLib.o)
 .debug_aranges
                0x00000d88       0x98 .\ARM_GCC_493\Debug\OVac.a(cyPm.o)
 .debug_aranges
                0x00000e20       0xe8 .\ARM_GCC_493\Debug\OVac.a(ADC.o)
 .debug_aranges
                0x00000f08       0x38 .\ARM_GCC_493\Debug\OVac.a(ADC_INT.o)
 .debug_aranges
                0x00000f40       0x30 .\ARM_GCC_493\Debug\OVac.a(ADC_AMux.o)
 .debug_aranges
                0x00000f70       0x70 .\ARM_GCC_493\Debug\OVac.a(ADC_Ext_CP_Clk.o)
 .debug_aranges
                0x00000fe0       0x80 .\ARM_GCC_493\Debug\OVac.a(ADC_theACLK.o)
 .debug_aranges
                0x00001060       0x38 .\ARM_GCC_493\Debug\OVac.a(I2C_Master.o)
 .debug_aranges
                0x00001098       0x20 .\ARM_GCC_493\Debug\OVac.a(I2C_Master_INT.o)
 .debug_aranges
                0x000010b8       0x38 .\ARM_GCC_493\Debug\OVac.a(I2C_Master_PM.o)
 .debug_aranges
                0x000010f0       0x80 .\ARM_GCC_493\Debug\OVac.a(I2C_Master_MASTER.o)
 .debug_aranges
                0x00001170       0x88 .\ARM_GCC_493\Debug\OVac.a(Sample_Timer.o)
 .debug_aranges
                0x000011f8       0x80 .\ARM_GCC_493\Debug\OVac.a(Sample_ISR.o)
 .debug_aranges
                0x00001278       0x38 .\ARM_GCC_493\Debug\OVac.a(Solenoid_1.o)
 .debug_aranges
                0x000012b0       0x38 .\ARM_GCC_493\Debug\OVac.a(LED2.o)
 .debug_aranges
                0x000012e8       0x90 .\ARM_GCC_493\Debug\OVac.a(Countdown_timer.o)
 .debug_aranges
                0x00001378       0x80 .\ARM_GCC_493\Debug\OVac.a(countdown.o)
 .debug_aranges
                0x000013f8       0x38 .\ARM_GCC_493\Debug\OVac.a(LED2_1.o)
 .debug_aranges
                0x00001430       0x38 .\ARM_GCC_493\Debug\OVac.a(LED7.o)
 .debug_aranges
                0x00001468       0x38 .\ARM_GCC_493\Debug\OVac.a(Solenoid_2.o)
 .debug_aranges
                0x000014a0       0x70 .\ARM_GCC_493\Debug\OVac.a(Comp.o)
 .debug_aranges
                0x00001510       0x38 .\ARM_GCC_493\Debug\OVac.a(Reset.o)
 .debug_aranges
                0x00001548       0x20 .\ARM_GCC_493\Debug\OVac.a(CyBootAsmGnu.o)
 .debug_aranges
                0x00001568       0x80 .\ARM_GCC_493\Debug\OVac.a(CyFlash.o)
 .debug_aranges
                0x000015e8       0x78 .\ARM_GCC_493\Debug\OVac.a(CySpc.o)

.debug_pubnames
 *(.debug_pubnames)

.debug_info     0x00000000     0x7f50
 *(.debug_info .gnu.linkonce.wi.*)
 .debug_info    0x00000000      0x443 .\ARM_GCC_493\Debug\main.o
 .debug_info    0x00000443      0x550 .\ARM_GCC_493\Debug\LiquidCrystal_I2C.o
 .debug_info    0x00000993      0x43d .\ARM_GCC_493\Debug\i2cFunctions.o
 .debug_info    0x00000dd0      0x1f1 .\ARM_GCC_493\Debug\functions.o
 .debug_info    0x00000fc1     0x21aa .\ARM_GCC_493\Debug\mpu6050.o
 .debug_info    0x0000316b      0x13e .\ARM_GCC_493\Debug\cymetadata.o
 .debug_info    0x000032a9      0x319 .\ARM_GCC_493\Debug\Cm3Start.o
 .debug_info    0x000035c2      0x4ef .\ARM_GCC_493\Debug\OVac.a(cyfitter_cfg.o)
 .debug_info    0x00003ab1      0xe4a .\ARM_GCC_493\Debug\OVac.a(CyLib.o)
 .debug_info    0x000048fb      0x561 .\ARM_GCC_493\Debug\OVac.a(cyPm.o)
 .debug_info    0x00004e5c      0x725 .\ARM_GCC_493\Debug\OVac.a(ADC.o)
 .debug_info    0x00005581       0xcc .\ARM_GCC_493\Debug\OVac.a(ADC_INT.o)
 .debug_info    0x0000564d      0x10a .\ARM_GCC_493\Debug\OVac.a(ADC_AMux.o)
 .debug_info    0x00005757      0x25d .\ARM_GCC_493\Debug\OVac.a(ADC_Ext_CP_Clk.o)
 .debug_info    0x000059b4      0x299 .\ARM_GCC_493\Debug\OVac.a(ADC_theACLK.o)
 .debug_info    0x00005c4d      0x1fa .\ARM_GCC_493\Debug\OVac.a(I2C_Master.o)
 .debug_info    0x00005e47      0x14f .\ARM_GCC_493\Debug\OVac.a(I2C_Master_INT.o)
 .debug_info    0x00005f96      0x193 .\ARM_GCC_493\Debug\OVac.a(I2C_Master_PM.o)
 .debug_info    0x00006129      0x3f1 .\ARM_GCC_493\Debug\OVac.a(I2C_Master_MASTER.o)
 .debug_info    0x0000651a      0x23e .\ARM_GCC_493\Debug\OVac.a(Sample_Timer.o)
 .debug_info    0x00006758      0x23a .\ARM_GCC_493\Debug\OVac.a(Sample_ISR.o)
 .debug_info    0x00006992      0x11e .\ARM_GCC_493\Debug\OVac.a(Solenoid_1.o)
 .debug_info    0x00006ab0      0x11e .\ARM_GCC_493\Debug\OVac.a(LED2.o)
 .debug_info    0x00006bce      0x254 .\ARM_GCC_493\Debug\OVac.a(Countdown_timer.o)
 .debug_info    0x00006e22      0x23a .\ARM_GCC_493\Debug\OVac.a(countdown.o)
 .debug_info    0x0000705c      0x11e .\ARM_GCC_493\Debug\OVac.a(LED2_1.o)
 .debug_info    0x0000717a      0x11e .\ARM_GCC_493\Debug\OVac.a(LED7.o)
 .debug_info    0x00007298      0x11e .\ARM_GCC_493\Debug\OVac.a(Solenoid_2.o)
 .debug_info    0x000073b6      0x23f .\ARM_GCC_493\Debug\OVac.a(Comp.o)
 .debug_info    0x000075f5      0x11e .\ARM_GCC_493\Debug\OVac.a(Reset.o)
 .debug_info    0x00007713       0x80 .\ARM_GCC_493\Debug\OVac.a(CyBootAsmGnu.o)
 .debug_info    0x00007793      0x36a .\ARM_GCC_493\Debug\OVac.a(CyFlash.o)
 .debug_info    0x00007afd      0x453 .\ARM_GCC_493\Debug\OVac.a(CySpc.o)

.debug_abbrev   0x00000000     0x2192
 *(.debug_abbrev)
 .debug_abbrev  0x00000000      0x179 .\ARM_GCC_493\Debug\main.o
 .debug_abbrev  0x00000179      0x162 .\ARM_GCC_493\Debug\LiquidCrystal_I2C.o
 .debug_abbrev  0x000002db       0x9f .\ARM_GCC_493\Debug\i2cFunctions.o
 .debug_abbrev  0x0000037a       0xd4 .\ARM_GCC_493\Debug\functions.o
 .debug_abbrev  0x0000044e      0x18a .\ARM_GCC_493\Debug\mpu6050.o
 .debug_abbrev  0x000005d8       0x77 .\ARM_GCC_493\Debug\cymetadata.o
 .debug_abbrev  0x0000064f      0x1b6 .\ARM_GCC_493\Debug\Cm3Start.o
 .debug_abbrev  0x00000805      0x1ca .\ARM_GCC_493\Debug\OVac.a(cyfitter_cfg.o)
 .debug_abbrev  0x000009cf      0x217 .\ARM_GCC_493\Debug\OVac.a(CyLib.o)
 .debug_abbrev  0x00000be6      0x161 .\ARM_GCC_493\Debug\OVac.a(cyPm.o)
 .debug_abbrev  0x00000d47      0x19d .\ARM_GCC_493\Debug\OVac.a(ADC.o)
 .debug_abbrev  0x00000ee4       0x42 .\ARM_GCC_493\Debug\OVac.a(ADC_INT.o)
 .debug_abbrev  0x00000f26       0x6f .\ARM_GCC_493\Debug\OVac.a(ADC_AMux.o)
 .debug_abbrev  0x00000f95      0x11d .\ARM_GCC_493\Debug\OVac.a(ADC_Ext_CP_Clk.o)
 .debug_abbrev  0x000010b2      0x11d .\ARM_GCC_493\Debug\OVac.a(ADC_theACLK.o)
 .debug_abbrev  0x000011cf       0xe2 .\ARM_GCC_493\Debug\OVac.a(I2C_Master.o)
 .debug_abbrev  0x000012b1       0x81 .\ARM_GCC_493\Debug\OVac.a(I2C_Master_INT.o)
 .debug_abbrev  0x00001332       0xf8 .\ARM_GCC_493\Debug\OVac.a(I2C_Master_PM.o)
 .debug_abbrev  0x0000142a      0x11e .\ARM_GCC_493\Debug\OVac.a(I2C_Master_MASTER.o)
 .debug_abbrev  0x00001548       0xe9 .\ARM_GCC_493\Debug\OVac.a(Sample_Timer.o)
 .debug_abbrev  0x00001631      0x172 .\ARM_GCC_493\Debug\OVac.a(Sample_ISR.o)
 .debug_abbrev  0x000017a3       0x90 .\ARM_GCC_493\Debug\OVac.a(Solenoid_1.o)
 .debug_abbrev  0x00001833       0x90 .\ARM_GCC_493\Debug\OVac.a(LED2.o)
 .debug_abbrev  0x000018c3      0x11b .\ARM_GCC_493\Debug\OVac.a(Countdown_timer.o)
 .debug_abbrev  0x000019de      0x172 .\ARM_GCC_493\Debug\OVac.a(countdown.o)
 .debug_abbrev  0x00001b50       0x90 .\ARM_GCC_493\Debug\OVac.a(LED2_1.o)
 .debug_abbrev  0x00001be0       0x90 .\ARM_GCC_493\Debug\OVac.a(LED7.o)
 .debug_abbrev  0x00001c70       0x90 .\ARM_GCC_493\Debug\OVac.a(Solenoid_2.o)
 .debug_abbrev  0x00001d00      0x146 .\ARM_GCC_493\Debug\OVac.a(Comp.o)
 .debug_abbrev  0x00001e46       0x90 .\ARM_GCC_493\Debug\OVac.a(Reset.o)
 .debug_abbrev  0x00001ed6       0x14 .\ARM_GCC_493\Debug\OVac.a(CyBootAsmGnu.o)
 .debug_abbrev  0x00001eea      0x13c .\ARM_GCC_493\Debug\OVac.a(CyFlash.o)
 .debug_abbrev  0x00002026      0x16c .\ARM_GCC_493\Debug\OVac.a(CySpc.o)

.debug_line     0x00000000     0x4b76
 *(.debug_line)
 .debug_line    0x00000000      0x286 .\ARM_GCC_493\Debug\main.o
 .debug_line    0x00000286      0x3ed .\ARM_GCC_493\Debug\LiquidCrystal_I2C.o
 .debug_line    0x00000673      0x233 .\ARM_GCC_493\Debug\i2cFunctions.o
 .debug_line    0x000008a6      0x180 .\ARM_GCC_493\Debug\functions.o
 .debug_line    0x00000a26     0x14b4 .\ARM_GCC_493\Debug\mpu6050.o
 .debug_line    0x00001eda       0x51 .\ARM_GCC_493\Debug\cymetadata.o
 .debug_line    0x00001f2b      0x1dc .\ARM_GCC_493\Debug\Cm3Start.o
 .debug_line    0x00002107      0x24f .\ARM_GCC_493\Debug\OVac.a(cyfitter_cfg.o)
 .debug_line    0x00002356      0x882 .\ARM_GCC_493\Debug\OVac.a(CyLib.o)
 .debug_line    0x00002bd8      0x37f .\ARM_GCC_493\Debug\OVac.a(cyPm.o)
 .debug_line    0x00002f57      0x3c8 .\ARM_GCC_493\Debug\OVac.a(ADC.o)
 .debug_line    0x0000331f       0x8c .\ARM_GCC_493\Debug\OVac.a(ADC_INT.o)
 .debug_line    0x000033ab       0x9d .\ARM_GCC_493\Debug\OVac.a(ADC_AMux.o)
 .debug_line    0x00003448      0x1a9 .\ARM_GCC_493\Debug\OVac.a(ADC_Ext_CP_Clk.o)
 .debug_line    0x000035f1      0x1ca .\ARM_GCC_493\Debug\OVac.a(ADC_theACLK.o)
 .debug_line    0x000037bb       0xea .\ARM_GCC_493\Debug\OVac.a(I2C_Master.o)
 .debug_line    0x000038a5      0x120 .\ARM_GCC_493\Debug\OVac.a(I2C_Master_INT.o)
 .debug_line    0x000039c5       0xc6 .\ARM_GCC_493\Debug\OVac.a(I2C_Master_PM.o)
 .debug_line    0x00003a8b      0x1f5 .\ARM_GCC_493\Debug\OVac.a(I2C_Master_MASTER.o)
 .debug_line    0x00003c80      0x164 .\ARM_GCC_493\Debug\OVac.a(Sample_Timer.o)
 .debug_line    0x00003de4      0x155 .\ARM_GCC_493\Debug\OVac.a(Sample_ISR.o)
 .debug_line    0x00003f39       0x99 .\ARM_GCC_493\Debug\OVac.a(Solenoid_1.o)
 .debug_line    0x00003fd2       0x93 .\ARM_GCC_493\Debug\OVac.a(LED2.o)
 .debug_line    0x00004065      0x178 .\ARM_GCC_493\Debug\OVac.a(Countdown_timer.o)
 .debug_line    0x000041dd      0x144 .\ARM_GCC_493\Debug\OVac.a(countdown.o)
 .debug_line    0x00004321       0x95 .\ARM_GCC_493\Debug\OVac.a(LED2_1.o)
 .debug_line    0x000043b6       0x93 .\ARM_GCC_493\Debug\OVac.a(LED7.o)
 .debug_line    0x00004449       0x99 .\ARM_GCC_493\Debug\OVac.a(Solenoid_2.o)
 .debug_line    0x000044e2      0x169 .\ARM_GCC_493\Debug\OVac.a(Comp.o)
 .debug_line    0x0000464b       0x94 .\ARM_GCC_493\Debug\OVac.a(Reset.o)
 .debug_line    0x000046df       0x7d .\ARM_GCC_493\Debug\OVac.a(CyBootAsmGnu.o)
 .debug_line    0x0000475c      0x205 .\ARM_GCC_493\Debug\OVac.a(CyFlash.o)
 .debug_line    0x00004961      0x215 .\ARM_GCC_493\Debug\OVac.a(CySpc.o)

.debug_frame    0x00000000     0x5c2c
 *(.debug_frame)
 .debug_frame   0x00000000       0xbc .\ARM_GCC_493\Debug\main.o
 .debug_frame   0x000000bc      0x3f8 .\ARM_GCC_493\Debug\LiquidCrystal_I2C.o
 .debug_frame   0x000004b4      0x1a4 .\ARM_GCC_493\Debug\i2cFunctions.o
 .debug_frame   0x00000658       0xa0 .\ARM_GCC_493\Debug\functions.o
 .debug_frame   0x000006f8     0x22b4 .\ARM_GCC_493\Debug\mpu6050.o
 .debug_frame   0x000029ac       0xd8 .\ARM_GCC_493\Debug\Cm3Start.o
 .debug_frame   0x00002a84      0x1bc .\ARM_GCC_493\Debug\OVac.a(cyfitter_cfg.o)
 .debug_frame   0x00002c40      0xc0c .\ARM_GCC_493\Debug\OVac.a(CyLib.o)
 .debug_frame   0x0000384c      0x234 .\ARM_GCC_493\Debug\OVac.a(cyPm.o)
 .debug_frame   0x00003a80      0x40c .\ARM_GCC_493\Debug\OVac.a(ADC.o)
 .debug_frame   0x00003e8c       0xa0 .\ARM_GCC_493\Debug\OVac.a(ADC_INT.o)
 .debug_frame   0x00003f2c       0x88 .\ARM_GCC_493\Debug\OVac.a(ADC_AMux.o)
 .debug_frame   0x00003fb4      0x1b4 .\ARM_GCC_493\Debug\OVac.a(ADC_Ext_CP_Clk.o)
 .debug_frame   0x00004168      0x200 .\ARM_GCC_493\Debug\OVac.a(ADC_theACLK.o)
 .debug_frame   0x00004368       0x98 .\ARM_GCC_493\Debug\OVac.a(I2C_Master.o)
 .debug_frame   0x00004400       0x38 .\ARM_GCC_493\Debug\OVac.a(I2C_Master_INT.o)
 .debug_frame   0x00004438       0x94 .\ARM_GCC_493\Debug\OVac.a(I2C_Master_PM.o)
 .debug_frame   0x000044cc      0x208 .\ARM_GCC_493\Debug\OVac.a(I2C_Master_MASTER.o)
 .debug_frame   0x000046d4      0x208 .\ARM_GCC_493\Debug\OVac.a(Sample_Timer.o)
 .debug_frame   0x000048dc      0x1e8 .\ARM_GCC_493\Debug\OVac.a(Sample_ISR.o)
 .debug_frame   0x00004ac4       0xa8 .\ARM_GCC_493\Debug\OVac.a(Solenoid_1.o)
 .debug_frame   0x00004b6c       0xa8 .\ARM_GCC_493\Debug\OVac.a(LED2.o)
 .debug_frame   0x00004c14      0x230 .\ARM_GCC_493\Debug\OVac.a(Countdown_timer.o)
 .debug_frame   0x00004e44      0x1e8 .\ARM_GCC_493\Debug\OVac.a(countdown.o)
 .debug_frame   0x0000502c       0xa8 .\ARM_GCC_493\Debug\OVac.a(LED2_1.o)
 .debug_frame   0x000050d4       0xa8 .\ARM_GCC_493\Debug\OVac.a(LED7.o)
 .debug_frame   0x0000517c       0xa8 .\ARM_GCC_493\Debug\OVac.a(Solenoid_2.o)
 .debug_frame   0x00005224      0x19c .\ARM_GCC_493\Debug\OVac.a(Comp.o)
 .debug_frame   0x000053c0       0xa8 .\ARM_GCC_493\Debug\OVac.a(Reset.o)
 .debug_frame   0x00005468      0x210 .\ARM_GCC_493\Debug\OVac.a(CyFlash.o)
 .debug_frame   0x00005678      0x1f8 .\ARM_GCC_493\Debug\OVac.a(CySpc.o)
 .debug_frame   0x00005870       0x20 c:/program files (x86)/cypress/psoc creator/4.0/psoc creator/import/gnu/arm/4.9.3/bin/../lib/gcc/arm-none-eabi/4.9.3/../../../../arm-none-eabi/lib/armv7-m\libg_nano.a(lib_a-errno.o)
 .debug_frame   0x00005890       0x28 c:/program files (x86)/cypress/psoc creator/4.0/psoc creator/import/gnu/arm/4.9.3/bin/../lib/gcc/arm-none-eabi/4.9.3/../../../../arm-none-eabi/lib/armv7-m\libg_nano.a(lib_a-exit.o)
 .debug_frame   0x000058b8       0x2c c:/program files (x86)/cypress/psoc creator/4.0/psoc creator/import/gnu/arm/4.9.3/bin/../lib/gcc/arm-none-eabi/4.9.3/../../../../arm-none-eabi/lib/armv7-m\libg_nano.a(lib_a-init.o)
 .debug_frame   0x000058e4       0x28 c:/program files (x86)/cypress/psoc creator/4.0/psoc creator/import/gnu/arm/4.9.3/bin/../lib/gcc/arm-none-eabi/4.9.3/../../../../arm-none-eabi/lib/armv7-m\libg_nano.a(lib_a-memcpy.o)
 .debug_frame   0x0000590c       0x20 c:/program files (x86)/cypress/psoc creator/4.0/psoc creator/import/gnu/arm/4.9.3/bin/../lib/gcc/arm-none-eabi/4.9.3/../../../../arm-none-eabi/lib/armv7-m\libg_nano.a(lib_a-memset.o)
 .debug_frame   0x0000592c       0x70 c:/program files (x86)/cypress/psoc creator/4.0/psoc creator/import/gnu/arm/4.9.3/bin/../lib/gcc/arm-none-eabi/4.9.3/../../../../arm-none-eabi/lib/armv7-m\libg_nano.a(lib_a-sprintf.o)
 .debug_frame   0x0000599c       0x20 c:/program files (x86)/cypress/psoc creator/4.0/psoc creator/import/gnu/arm/4.9.3/bin/../lib/gcc/arm-none-eabi/4.9.3/../../../../arm-none-eabi/lib/armv7-m\libg_nano.a(lib_a-strlen.o)
 .debug_frame   0x000059bc       0x8c c:/program files (x86)/cypress/psoc creator/4.0/psoc creator/import/gnu/arm/4.9.3/bin/../lib/gcc/arm-none-eabi/4.9.3/../../../../arm-none-eabi/lib/armv7-m\libg_nano.a(lib_a-nano-svfprintf.o)
 .debug_frame   0x00005a48       0x58 c:/program files (x86)/cypress/psoc creator/4.0/psoc creator/import/gnu/arm/4.9.3/bin/../lib/gcc/arm-none-eabi/4.9.3/../../../../arm-none-eabi/lib/armv7-m\libg_nano.a(lib_a-nano-vfprintf_i.o)
 .debug_frame   0x00005aa0       0x28 c:/program files (x86)/cypress/psoc creator/4.0/psoc creator/import/gnu/arm/4.9.3/bin/../lib/gcc/arm-none-eabi/4.9.3/../../../../arm-none-eabi/lib/armv7-m\libg_nano.a(lib_a-memchr.o)
 .debug_frame   0x00005ac8       0x28 c:/program files (x86)/cypress/psoc creator/4.0/psoc creator/import/gnu/arm/4.9.3/bin/../lib/gcc/arm-none-eabi/4.9.3/../../../../arm-none-eabi/lib/armv7-m\libg_nano.a(lib_a-memmove.o)
 .debug_frame   0x00005af0       0x2c c:/program files (x86)/cypress/psoc creator/4.0/psoc creator/import/gnu/arm/4.9.3/bin/../lib/gcc/arm-none-eabi/4.9.3/../../../../arm-none-eabi/lib/armv7-m\libg_nano.a(lib_a-nano-freer.o)
 .debug_frame   0x00005b1c       0x2c c:/program files (x86)/cypress/psoc creator/4.0/psoc creator/import/gnu/arm/4.9.3/bin/../lib/gcc/arm-none-eabi/4.9.3/../../../../arm-none-eabi/lib/armv7-m\libg_nano.a(lib_a-nano-mallocr.o)
 .debug_frame   0x00005b48       0x3c c:/program files (x86)/cypress/psoc creator/4.0/psoc creator/import/gnu/arm/4.9.3/bin/../lib/gcc/arm-none-eabi/4.9.3/../../../../arm-none-eabi/lib/armv7-m\libg_nano.a(lib_a-nano-reallocr.o)
 .debug_frame   0x00005b84       0x2c c:/program files (x86)/cypress/psoc creator/4.0/psoc creator/import/gnu/arm/4.9.3/bin/../lib/gcc/arm-none-eabi/4.9.3/../../../../arm-none-eabi/lib/armv7-m\libg_nano.a(lib_a-sbrkr.o)
 .debug_frame   0x00005bb0       0x20 c:/program files (x86)/cypress/psoc creator/4.0/psoc creator/import/gnu/arm/4.9.3/bin/../lib/gcc/arm-none-eabi/4.9.3/../../../../arm-none-eabi/lib/armv7-m\libg_nano.a(lib_a-nano-msizer.o)
 .debug_frame   0x00005bd0       0x5c c:/program files (x86)/cypress/psoc creator/4.0/psoc creator/import/gnu/arm/4.9.3/bin/../lib/gcc/arm-none-eabi/4.9.3/../../../../arm-none-eabi/lib/armv7-m\libg_nano.a(lib_a-reent.o)

.debug_str      0x00000000     0x4821
 *(.debug_str)
 .debug_str     0x00000000      0x2c1 .\ARM_GCC_493\Debug\main.o
                                0x331 (size before relaxing)
 .debug_str     0x000002c1      0x207 .\ARM_GCC_493\Debug\LiquidCrystal_I2C.o
                                0x3e9 (size before relaxing)
 .debug_str     0x000004c8       0xbd .\ARM_GCC_493\Debug\i2cFunctions.o
                                0x264 (size before relaxing)
 .debug_str     0x00000585       0x53 .\ARM_GCC_493\Debug\functions.o
                                0x215 (size before relaxing)
 .debug_str     0x000005d8     0x1cab .\ARM_GCC_493\Debug\mpu6050.o
                               0x1e86 (size before relaxing)
 .debug_str     0x00002283       0x75 .\ARM_GCC_493\Debug\cymetadata.o
                                0x1da (size before relaxing)
 .debug_str     0x000022f8      0x132 .\ARM_GCC_493\Debug\Cm3Start.o
                                0x2bb (size before relaxing)
 .debug_str     0x0000242a      0x1c8 .\ARM_GCC_493\Debug\OVac.a(cyfitter_cfg.o)
                                0x368 (size before relaxing)
 .debug_str     0x000025f2      0x7cd .\ARM_GCC_493\Debug\OVac.a(CyLib.o)
                                0x9ce (size before relaxing)
 .debug_str     0x00002dbf      0x365 .\ARM_GCC_493\Debug\OVac.a(cyPm.o)
                                0x51b (size before relaxing)
 .debug_str     0x00003124      0x2ee .\ARM_GCC_493\Debug\OVac.a(ADC.o)
                                0x4c3 (size before relaxing)
 .debug_str     0x00003412       0x45 .\ARM_GCC_493\Debug\OVac.a(ADC_INT.o)
                                0x1a4 (size before relaxing)
 .debug_str     0x00003457       0x6f .\ARM_GCC_493\Debug\OVac.a(ADC_AMux.o)
                                0x1d3 (size before relaxing)
 .debug_str     0x000034c6      0x1ae .\ARM_GCC_493\Debug\OVac.a(ADC_Ext_CP_Clk.o)
                                0x332 (size before relaxing)
 .debug_str     0x00003674      0x18a .\ARM_GCC_493\Debug\OVac.a(ADC_theACLK.o)
                                0x351 (size before relaxing)
 .debug_str     0x000037fe      0x132 .\ARM_GCC_493\Debug\OVac.a(I2C_Master.o)
                                0x2be (size before relaxing)
 .debug_str     0x00003930       0xb7 .\ARM_GCC_493\Debug\OVac.a(I2C_Master_INT.o)
                                0x289 (size before relaxing)
 .debug_str     0x000039e7       0x79 .\ARM_GCC_493\Debug\OVac.a(I2C_Master_PM.o)
                                0x251 (size before relaxing)
 .debug_str     0x00003a60      0x1d2 .\ARM_GCC_493\Debug\OVac.a(I2C_Master_MASTER.o)
                                0x429 (size before relaxing)
 .debug_str     0x00003c32      0x1ca .\ARM_GCC_493\Debug\OVac.a(Sample_Timer.o)
                                0x349 (size before relaxing)
 .debug_str     0x00003dfc      0x12c .\ARM_GCC_493\Debug\OVac.a(Sample_ISR.o)
                                0x2d0 (size before relaxing)
 .debug_str     0x00003f28       0x7f .\ARM_GCC_493\Debug\OVac.a(Solenoid_1.o)
                                0x1eb (size before relaxing)
 .debug_str     0x00003fa7       0x56 .\ARM_GCC_493\Debug\OVac.a(LED2.o)
                                0x1cd (size before relaxing)
 .debug_str     0x00003ffd      0x20a .\ARM_GCC_493\Debug\OVac.a(Countdown_timer.o)
                                0x3a6 (size before relaxing)
 .debug_str     0x00004207      0x11e .\ARM_GCC_493\Debug\OVac.a(countdown.o)
                                0x2c2 (size before relaxing)
 .debug_str     0x00004325       0x60 .\ARM_GCC_493\Debug\OVac.a(LED2_1.o)
                                0x1d7 (size before relaxing)
 .debug_str     0x00004385       0x56 .\ARM_GCC_493\Debug\OVac.a(LED7.o)
                                0x1cd (size before relaxing)
 .debug_str     0x000043db       0x74 .\ARM_GCC_493\Debug\OVac.a(Solenoid_2.o)
                                0x1eb (size before relaxing)
 .debug_str     0x0000444f      0x11a .\ARM_GCC_493\Debug\OVac.a(Comp.o)
                                0x298 (size before relaxing)
 .debug_str     0x00004569       0x5b .\ARM_GCC_493\Debug\OVac.a(Reset.o)
                                0x1d2 (size before relaxing)
 .debug_str     0x000045c4      0x13e .\ARM_GCC_493\Debug\OVac.a(CyFlash.o)
                                0x2da (size before relaxing)
 .debug_str     0x00004702      0x11f .\ARM_GCC_493\Debug\OVac.a(CySpc.o)
                                0x2d7 (size before relaxing)

.debug_loc
 *(.debug_loc)

.debug_macinfo
 *(.debug_macinfo)

.debug_ranges   0x00000000     0x1438
 *(.debug_ranges)
 .debug_ranges  0x00000000       0x30 .\ARM_GCC_493\Debug\main.o
 .debug_ranges  0x00000030       0xf8 .\ARM_GCC_493\Debug\LiquidCrystal_I2C.o
 .debug_ranges  0x00000128       0x58 .\ARM_GCC_493\Debug\i2cFunctions.o
 .debug_ranges  0x00000180       0x20 .\ARM_GCC_493\Debug\functions.o
 .debug_ranges  0x000001a0      0x828 .\ARM_GCC_493\Debug\mpu6050.o
 .debug_ranges  0x000009c8       0x38 .\ARM_GCC_493\Debug\Cm3Start.o
 .debug_ranges  0x00000a00       0x60 .\ARM_GCC_493\Debug\OVac.a(cyfitter_cfg.o)
 .debug_ranges  0x00000a60      0x290 .\ARM_GCC_493\Debug\OVac.a(CyLib.o)
 .debug_ranges  0x00000cf0       0x88 .\ARM_GCC_493\Debug\OVac.a(cyPm.o)
 .debug_ranges  0x00000d78       0xd8 .\ARM_GCC_493\Debug\OVac.a(ADC.o)
 .debug_ranges  0x00000e50       0x28 .\ARM_GCC_493\Debug\OVac.a(ADC_INT.o)
 .debug_ranges  0x00000e78       0x20 .\ARM_GCC_493\Debug\OVac.a(ADC_AMux.o)
 .debug_ranges  0x00000e98       0x60 .\ARM_GCC_493\Debug\OVac.a(ADC_Ext_CP_Clk.o)
 .debug_ranges  0x00000ef8       0x70 .\ARM_GCC_493\Debug\OVac.a(ADC_theACLK.o)
 .debug_ranges  0x00000f68       0x28 .\ARM_GCC_493\Debug\OVac.a(I2C_Master.o)
 .debug_ranges  0x00000f90       0x10 .\ARM_GCC_493\Debug\OVac.a(I2C_Master_INT.o)
 .debug_ranges  0x00000fa0       0x28 .\ARM_GCC_493\Debug\OVac.a(I2C_Master_PM.o)
 .debug_ranges  0x00000fc8       0x70 .\ARM_GCC_493\Debug\OVac.a(I2C_Master_MASTER.o)
 .debug_ranges  0x00001038       0x78 .\ARM_GCC_493\Debug\OVac.a(Sample_Timer.o)
 .debug_ranges  0x000010b0       0x70 .\ARM_GCC_493\Debug\OVac.a(Sample_ISR.o)
 .debug_ranges  0x00001120       0x28 .\ARM_GCC_493\Debug\OVac.a(Solenoid_1.o)
 .debug_ranges  0x00001148       0x28 .\ARM_GCC_493\Debug\OVac.a(LED2.o)
 .debug_ranges  0x00001170       0x80 .\ARM_GCC_493\Debug\OVac.a(Countdown_timer.o)
 .debug_ranges  0x000011f0       0x70 .\ARM_GCC_493\Debug\OVac.a(countdown.o)
 .debug_ranges  0x00001260       0x28 .\ARM_GCC_493\Debug\OVac.a(LED2_1.o)
 .debug_ranges  0x00001288       0x28 .\ARM_GCC_493\Debug\OVac.a(LED7.o)
 .debug_ranges  0x000012b0       0x28 .\ARM_GCC_493\Debug\OVac.a(Solenoid_2.o)
 .debug_ranges  0x000012d8       0x60 .\ARM_GCC_493\Debug\OVac.a(Comp.o)
 .debug_ranges  0x00001338       0x28 .\ARM_GCC_493\Debug\OVac.a(Reset.o)
 .debug_ranges  0x00001360       0x70 .\ARM_GCC_493\Debug\OVac.a(CyFlash.o)
 .debug_ranges  0x000013d0       0x68 .\ARM_GCC_493\Debug\OVac.a(CySpc.o)

.comment        0x00000000       0x70
 .comment       0x00000000       0x70 .\ARM_GCC_493\Debug\main.o
                                 0x71 (size before relaxing)
 .comment       0x00000000       0x71 .\ARM_GCC_493\Debug\LiquidCrystal_I2C.o
 .comment       0x00000000       0x71 .\ARM_GCC_493\Debug\i2cFunctions.o
 .comment       0x00000000       0x71 .\ARM_GCC_493\Debug\functions.o
 .comment       0x00000000       0x71 .\ARM_GCC_493\Debug\mpu6050.o
 .comment       0x00000000       0x71 .\ARM_GCC_493\Debug\cymetadata.o
 .comment       0x00000000       0x71 .\ARM_GCC_493\Debug\Cm3Start.o
 .comment       0x00000000       0x71 .\ARM_GCC_493\Debug\OVac.a(cyfitter_cfg.o)
 .comment       0x00000000       0x71 .\ARM_GCC_493\Debug\OVac.a(CyLib.o)
 .comment       0x00000000       0x71 .\ARM_GCC_493\Debug\OVac.a(cyPm.o)
 .comment       0x00000000       0x71 .\ARM_GCC_493\Debug\OVac.a(ADC.o)
 .comment       0x00000000       0x71 .\ARM_GCC_493\Debug\OVac.a(ADC_INT.o)
 .comment       0x00000000       0x71 .\ARM_GCC_493\Debug\OVac.a(ADC_AMux.o)
 .comment       0x00000000       0x71 .\ARM_GCC_493\Debug\OVac.a(ADC_Ext_CP_Clk.o)
 .comment       0x00000000       0x71 .\ARM_GCC_493\Debug\OVac.a(ADC_theACLK.o)
 .comment       0x00000000       0x71 .\ARM_GCC_493\Debug\OVac.a(I2C_Master.o)
 .comment       0x00000000       0x71 .\ARM_GCC_493\Debug\OVac.a(I2C_Master_INT.o)
 .comment       0x00000000       0x71 .\ARM_GCC_493\Debug\OVac.a(I2C_Master_PM.o)
 .comment       0x00000000       0x71 .\ARM_GCC_493\Debug\OVac.a(I2C_Master_MASTER.o)
 .comment       0x00000000       0x71 .\ARM_GCC_493\Debug\OVac.a(Sample_Timer.o)
 .comment       0x00000000       0x71 .\ARM_GCC_493\Debug\OVac.a(Sample_ISR.o)
 .comment       0x00000000       0x71 .\ARM_GCC_493\Debug\OVac.a(Solenoid_1.o)
 .comment       0x00000000       0x71 .\ARM_GCC_493\Debug\OVac.a(LED2.o)
 .comment       0x00000000       0x71 .\ARM_GCC_493\Debug\OVac.a(Countdown_timer.o)
 .comment       0x00000000       0x71 .\ARM_GCC_493\Debug\OVac.a(countdown.o)
 .comment       0x00000000       0x71 .\ARM_GCC_493\Debug\OVac.a(LED2_1.o)
 .comment       0x00000000       0x71 .\ARM_GCC_493\Debug\OVac.a(LED7.o)
 .comment       0x00000000       0x71 .\ARM_GCC_493\Debug\OVac.a(Solenoid_2.o)
 .comment       0x00000000       0x71 .\ARM_GCC_493\Debug\OVac.a(Comp.o)
 .comment       0x00000000       0x71 .\ARM_GCC_493\Debug\OVac.a(Reset.o)
 .comment       0x00000000       0x71 .\ARM_GCC_493\Debug\OVac.a(CyFlash.o)
 .comment       0x00000000       0x71 .\ARM_GCC_493\Debug\OVac.a(CySpc.o)

.debug_weaknames
 *(.debug_weaknames)

.debug_funcnames
 *(.debug_funcnames)

.debug_typenames
 *(.debug_typenames)

.debug_varnames
 *(.debug_varnames)

.note.gnu.arm.ident
 *(.note.gnu.arm.ident)

.ARM.attributes
                0x00000000       0x29
 *(.ARM.attributes)
 .ARM.attributes
                0x00000000       0x1d c:/program files (x86)/cypress/psoc creator/4.0/psoc creator/import/gnu/arm/4.9.3/bin/../lib/gcc/arm-none-eabi/4.9.3/armv7-m/crti.o
 .ARM.attributes
                0x0000001d       0x2d c:/program files (x86)/cypress/psoc creator/4.0/psoc creator/import/gnu/arm/4.9.3/bin/../lib/gcc/arm-none-eabi/4.9.3/armv7-m/crtbegin.o
 .ARM.attributes
                0x0000004a       0x1b c:/program files (x86)/cypress/psoc creator/4.0/psoc creator/import/gnu/arm/4.9.3/bin/../lib/gcc/arm-none-eabi/4.9.3/../../../../arm-none-eabi/lib/armv7-m/crt0.o
 .ARM.attributes
                0x00000065       0x33 .\ARM_GCC_493\Debug\main.o
 .ARM.attributes
                0x00000098       0x33 .\ARM_GCC_493\Debug\LiquidCrystal_I2C.o
 .ARM.attributes
                0x000000cb       0x33 .\ARM_GCC_493\Debug\i2cFunctions.o
 .ARM.attributes
                0x000000fe       0x33 .\ARM_GCC_493\Debug\functions.o
 .ARM.attributes
                0x00000131       0x33 .\ARM_GCC_493\Debug\mpu6050.o
 .ARM.attributes
                0x00000164       0x33 .\ARM_GCC_493\Debug\cymetadata.o
 .ARM.attributes
                0x00000197       0x33 .\ARM_GCC_493\Debug\Cm3Start.o
 .ARM.attributes
                0x000001ca       0x33 .\ARM_GCC_493\Debug\OVac.a(cyfitter_cfg.o)
 .ARM.attributes
                0x000001fd       0x33 .\ARM_GCC_493\Debug\OVac.a(CyLib.o)
 .ARM.attributes
                0x00000230       0x33 .\ARM_GCC_493\Debug\OVac.a(cyPm.o)
 .ARM.attributes
                0x00000263       0x33 .\ARM_GCC_493\Debug\OVac.a(ADC.o)
 .ARM.attributes
                0x00000296       0x33 .\ARM_GCC_493\Debug\OVac.a(ADC_INT.o)
 .ARM.attributes
                0x000002c9       0x33 .\ARM_GCC_493\Debug\OVac.a(ADC_AMux.o)
 .ARM.attributes
                0x000002fc       0x33 .\ARM_GCC_493\Debug\OVac.a(ADC_Ext_CP_Clk.o)
 .ARM.attributes
                0x0000032f       0x33 .\ARM_GCC_493\Debug\OVac.a(ADC_theACLK.o)
 .ARM.attributes
                0x00000362       0x33 .\ARM_GCC_493\Debug\OVac.a(I2C_Master.o)
 .ARM.attributes
                0x00000395       0x33 .\ARM_GCC_493\Debug\OVac.a(I2C_Master_INT.o)
 .ARM.attributes
                0x000003c8       0x33 .\ARM_GCC_493\Debug\OVac.a(I2C_Master_PM.o)
 .ARM.attributes
                0x000003fb       0x33 .\ARM_GCC_493\Debug\OVac.a(I2C_Master_MASTER.o)
 .ARM.attributes
                0x0000042e       0x33 .\ARM_GCC_493\Debug\OVac.a(Sample_Timer.o)
 .ARM.attributes
                0x00000461       0x33 .\ARM_GCC_493\Debug\OVac.a(Sample_ISR.o)
 .ARM.attributes
                0x00000494       0x33 .\ARM_GCC_493\Debug\OVac.a(Solenoid_1.o)
 .ARM.attributes
                0x000004c7       0x33 .\ARM_GCC_493\Debug\OVac.a(LED2.o)
 .ARM.attributes
                0x000004fa       0x33 .\ARM_GCC_493\Debug\OVac.a(Countdown_timer.o)
 .ARM.attributes
                0x0000052d       0x33 .\ARM_GCC_493\Debug\OVac.a(countdown.o)
 .ARM.attributes
                0x00000560       0x33 .\ARM_GCC_493\Debug\OVac.a(LED2_1.o)
 .ARM.attributes
                0x00000593       0x33 .\ARM_GCC_493\Debug\OVac.a(LED7.o)
 .ARM.attributes
                0x000005c6       0x33 .\ARM_GCC_493\Debug\OVac.a(Solenoid_2.o)
 .ARM.attributes
                0x000005f9       0x33 .\ARM_GCC_493\Debug\OVac.a(Comp.o)
 .ARM.attributes
                0x0000062c       0x33 .\ARM_GCC_493\Debug\OVac.a(Reset.o)
 .ARM.attributes
                0x0000065f       0x21 .\ARM_GCC_493\Debug\OVac.a(CyBootAsmGnu.o)
 .ARM.attributes
                0x00000680       0x33 .\ARM_GCC_493\Debug\OVac.a(CyFlash.o)
 .ARM.attributes
                0x000006b3       0x33 .\ARM_GCC_493\Debug\OVac.a(CySpc.o)
 .ARM.attributes
                0x000006e6       0x1d c:/program files (x86)/cypress/psoc creator/4.0/psoc creator/import/gnu/arm/4.9.3/bin/../lib/gcc/arm-none-eabi/4.9.3/armv7-m\libgcc.a(_arm_addsubdf3.o)
 .ARM.attributes
                0x00000703       0x1d c:/program files (x86)/cypress/psoc creator/4.0/psoc creator/import/gnu/arm/4.9.3/bin/../lib/gcc/arm-none-eabi/4.9.3/armv7-m\libgcc.a(_arm_muldivdf3.o)
 .ARM.attributes
                0x00000720       0x1d c:/program files (x86)/cypress/psoc creator/4.0/psoc creator/import/gnu/arm/4.9.3/bin/../lib/gcc/arm-none-eabi/4.9.3/armv7-m\libgcc.a(_arm_cmpdf2.o)
 .ARM.attributes
                0x0000073d       0x1d c:/program files (x86)/cypress/psoc creator/4.0/psoc creator/import/gnu/arm/4.9.3/bin/../lib/gcc/arm-none-eabi/4.9.3/armv7-m\libgcc.a(_arm_truncdfsf2.o)
 .ARM.attributes
                0x0000075a       0x1d c:/program files (x86)/cypress/psoc creator/4.0/psoc creator/import/gnu/arm/4.9.3/bin/../lib/gcc/arm-none-eabi/4.9.3/armv7-m\libgcc.a(_arm_addsubsf3.o)
 .ARM.attributes
                0x00000777       0x1d c:/program files (x86)/cypress/psoc creator/4.0/psoc creator/import/gnu/arm/4.9.3/bin/../lib/gcc/arm-none-eabi/4.9.3/armv7-m\libgcc.a(_arm_muldivsf3.o)
 .ARM.attributes
                0x00000794       0x1d c:/program files (x86)/cypress/psoc creator/4.0/psoc creator/import/gnu/arm/4.9.3/bin/../lib/gcc/arm-none-eabi/4.9.3/armv7-m\libgcc.a(_arm_fixsfsi.o)
 .ARM.attributes
                0x000007b1       0x1d c:/program files (x86)/cypress/psoc creator/4.0/psoc creator/import/gnu/arm/4.9.3/bin/../lib/gcc/arm-none-eabi/4.9.3/armv7-m\libgcc.a(_arm_fixunssfsi.o)
 .ARM.attributes
                0x000007ce       0x2d c:/program files (x86)/cypress/psoc creator/4.0/psoc creator/import/gnu/arm/4.9.3/bin/../lib/gcc/arm-none-eabi/4.9.3/../../../../arm-none-eabi/lib/armv7-m\libg_nano.a(lib_a-errno.o)
 .ARM.attributes
                0x000007fb       0x2d c:/program files (x86)/cypress/psoc creator/4.0/psoc creator/import/gnu/arm/4.9.3/bin/../lib/gcc/arm-none-eabi/4.9.3/../../../../arm-none-eabi/lib/armv7-m\libg_nano.a(lib_a-exit.o)
 .ARM.attributes
                0x00000828       0x2d c:/program files (x86)/cypress/psoc creator/4.0/psoc creator/import/gnu/arm/4.9.3/bin/../lib/gcc/arm-none-eabi/4.9.3/../../../../arm-none-eabi/lib/armv7-m\libg_nano.a(lib_a-impure.o)
 .ARM.attributes
                0x00000855       0x2d c:/program files (x86)/cypress/psoc creator/4.0/psoc creator/import/gnu/arm/4.9.3/bin/../lib/gcc/arm-none-eabi/4.9.3/../../../../arm-none-eabi/lib/armv7-m\libg_nano.a(lib_a-init.o)
 .ARM.attributes
                0x00000882       0x2d c:/program files (x86)/cypress/psoc creator/4.0/psoc creator/import/gnu/arm/4.9.3/bin/../lib/gcc/arm-none-eabi/4.9.3/../../../../arm-none-eabi/lib/armv7-m\libg_nano.a(lib_a-memcpy.o)
 .ARM.attributes
                0x000008af       0x2d c:/program files (x86)/cypress/psoc creator/4.0/psoc creator/import/gnu/arm/4.9.3/bin/../lib/gcc/arm-none-eabi/4.9.3/../../../../arm-none-eabi/lib/armv7-m\libg_nano.a(lib_a-memset.o)
 .ARM.attributes
                0x000008dc       0x2d c:/program files (x86)/cypress/psoc creator/4.0/psoc creator/import/gnu/arm/4.9.3/bin/../lib/gcc/arm-none-eabi/4.9.3/../../../../arm-none-eabi/lib/armv7-m\libg_nano.a(lib_a-sprintf.o)
 .ARM.attributes
                0x00000909       0x2d c:/program files (x86)/cypress/psoc creator/4.0/psoc creator/import/gnu/arm/4.9.3/bin/../lib/gcc/arm-none-eabi/4.9.3/../../../../arm-none-eabi/lib/armv7-m\libg_nano.a(lib_a-strlen.o)
 .ARM.attributes
                0x00000936       0x2d c:/program files (x86)/cypress/psoc creator/4.0/psoc creator/import/gnu/arm/4.9.3/bin/../lib/gcc/arm-none-eabi/4.9.3/../../../../arm-none-eabi/lib/armv7-m\libg_nano.a(lib_a-nano-svfprintf.o)
 .ARM.attributes
                0x00000963       0x2d c:/program files (x86)/cypress/psoc creator/4.0/psoc creator/import/gnu/arm/4.9.3/bin/../lib/gcc/arm-none-eabi/4.9.3/../../../../arm-none-eabi/lib/armv7-m\libg_nano.a(lib_a-nano-vfprintf_i.o)
 .ARM.attributes
                0x00000990       0x2d c:/program files (x86)/cypress/psoc creator/4.0/psoc creator/import/gnu/arm/4.9.3/bin/../lib/gcc/arm-none-eabi/4.9.3/../../../../arm-none-eabi/lib/armv7-m\libg_nano.a(lib_a-memchr.o)
 .ARM.attributes
                0x000009bd       0x2d c:/program files (x86)/cypress/psoc creator/4.0/psoc creator/import/gnu/arm/4.9.3/bin/../lib/gcc/arm-none-eabi/4.9.3/../../../../arm-none-eabi/lib/armv7-m\libg_nano.a(lib_a-memmove.o)
 .ARM.attributes
                0x000009ea       0x2d c:/program files (x86)/cypress/psoc creator/4.0/psoc creator/import/gnu/arm/4.9.3/bin/../lib/gcc/arm-none-eabi/4.9.3/../../../../arm-none-eabi/lib/armv7-m\libg_nano.a(lib_a-nano-freer.o)
 .ARM.attributes
                0x00000a17       0x2d c:/program files (x86)/cypress/psoc creator/4.0/psoc creator/import/gnu/arm/4.9.3/bin/../lib/gcc/arm-none-eabi/4.9.3/../../../../arm-none-eabi/lib/armv7-m\libg_nano.a(lib_a-nano-mallocr.o)
 .ARM.attributes
                0x00000a44       0x2d c:/program files (x86)/cypress/psoc creator/4.0/psoc creator/import/gnu/arm/4.9.3/bin/../lib/gcc/arm-none-eabi/4.9.3/../../../../arm-none-eabi/lib/armv7-m\libg_nano.a(lib_a-nano-reallocr.o)
 .ARM.attributes
                0x00000a71       0x2d c:/program files (x86)/cypress/psoc creator/4.0/psoc creator/import/gnu/arm/4.9.3/bin/../lib/gcc/arm-none-eabi/4.9.3/../../../../arm-none-eabi/lib/armv7-m\libg_nano.a(lib_a-sbrkr.o)
 .ARM.attributes
                0x00000a9e       0x2d c:/program files (x86)/cypress/psoc creator/4.0/psoc creator/import/gnu/arm/4.9.3/bin/../lib/gcc/arm-none-eabi/4.9.3/../../../../arm-none-eabi/lib/armv7-m\libg_nano.a(lib_a-nano-msizer.o)
 .ARM.attributes
                0x00000acb       0x2d c:/program files (x86)/cypress/psoc creator/4.0/psoc creator/import/gnu/arm/4.9.3/bin/../lib/gcc/arm-none-eabi/4.9.3/../../../../arm-none-eabi/lib/armv7-m\libg_nano.a(lib_a-reent.o)
 .ARM.attributes
                0x00000af8       0x2d c:/program files (x86)/cypress/psoc creator/4.0/psoc creator/import/gnu/arm/4.9.3/bin/../lib/gcc/arm-none-eabi/4.9.3/armv7-m/crtend.o
 .ARM.attributes
                0x00000b25       0x1d c:/program files (x86)/cypress/psoc creator/4.0/psoc creator/import/gnu/arm/4.9.3/bin/../lib/gcc/arm-none-eabi/4.9.3/armv7-m/crtn.o

/DISCARD/
 *(.note.GNU-stack)
OUTPUT(.\ARM_GCC_493\Debug\OVac.elf elf32-littlearm)
