Archive member included because of file (symbol)

.\ARM_GCC_493\Debug\OVac.a(cyfitter_cfg.o)
                              .\ARM_GCC_493\Debug\Cm3Start.o (cyfitter_cfg)
.\ARM_GCC_493\Debug\OVac.a(CyLib.o)
                              .\ARM_GCC_493\Debug\Cm3Start.o (CyResetStatus)
.\ARM_GCC_493\Debug\OVac.a(cyPm.o)
                              .\ARM_GCC_493\Debug\OVac.a(CyLib.o) (CyPmReadStatus)
.\ARM_GCC_493\Debug\OVac.a(ADC.o)
                              .\ARM_GCC_493\Debug\main.o (ADC_StartConvert)
.\ARM_GCC_493\Debug\OVac.a(ADC_INT.o)
                              .\ARM_GCC_493\Debug\OVac.a(ADC.o) (ADC_ISR1)
.\ARM_GCC_493\Debug\OVac.a(ADC_AMux.o)
                              .\ARM_GCC_493\Debug\OVac.a(ADC.o) (ADC_AMux_Select)
.\ARM_GCC_493\Debug\OVac.a(ADC_Ext_CP_Clk.o)
                              .\ARM_GCC_493\Debug\OVac.a(ADC.o) (ADC_Ext_CP_Clk_SetDividerRegister)
.\ARM_GCC_493\Debug\OVac.a(ADC_theACLK.o)
                              .\ARM_GCC_493\Debug\OVac.a(ADC.o) (ADC_theACLK_SetDividerRegister)
.\ARM_GCC_493\Debug\OVac.a(I2C_Master_MASTER.o)
                              .\ARM_GCC_493\Debug\LiquidCrystal_I2C.o (I2C_Master_MasterSendStart)
.\ARM_GCC_493\Debug\OVac.a(Sample_Timer.o)
                              .\ARM_GCC_493\Debug\main.o (Sample_Timer_Start)
.\ARM_GCC_493\Debug\OVac.a(Sample_ISR.o)
                              .\ARM_GCC_493\Debug\main.o (Sample_ISR_StartEx)
.\ARM_GCC_493\Debug\OVac.a(Solenoid_1.o)
                              .\ARM_GCC_493\Debug\main.o (Solenoid_1_Write)
.\ARM_GCC_493\Debug\OVac.a(LED2.o)
                              .\ARM_GCC_493\Debug\main.o (LED2_Write)
.\ARM_GCC_493\Debug\OVac.a(Countdown_timer.o)
                              .\ARM_GCC_493\Debug\main.o (Countdown_timer_Start)
.\ARM_GCC_493\Debug\OVac.a(countdown.o)
                              .\ARM_GCC_493\Debug\main.o (countdown_StartEx)
.\ARM_GCC_493\Debug\OVac.a(LED2_1.o)
                              .\ARM_GCC_493\Debug\main.o (LED2_1_Write)
.\ARM_GCC_493\Debug\OVac.a(LED7.o)
                              .\ARM_GCC_493\Debug\main.o (LED7_Write)
.\ARM_GCC_493\Debug\OVac.a(Solenoid_2.o)
                              .\ARM_GCC_493\Debug\main.o (Solenoid_2_Write)
.\ARM_GCC_493\Debug\OVac.a(Comp.o)
                              .\ARM_GCC_493\Debug\main.o (Comp_Stop)
.\ARM_GCC_493\Debug\OVac.a(UART.o)
                              .\ARM_GCC_493\Debug\main.o (UART_Start)
.\ARM_GCC_493\Debug\OVac.a(rx_interrupt.o)
                              .\ARM_GCC_493\Debug\main.o (rx_interrupt_StartEx)
.\ARM_GCC_493\Debug\OVac.a(UART_IntClock.o)
                              .\ARM_GCC_493\Debug\OVac.a(UART.o) (UART_IntClock_Start)
.\ARM_GCC_493\Debug\OVac.a(CyBootAsmGnu.o)
                              .\ARM_GCC_493\Debug\OVac.a(cyfitter_cfg.o) (CyDelayCycles)
.\ARM_GCC_493\Debug\OVac.a(CyFlash.o)
                              .\ARM_GCC_493\Debug\OVac.a(cyPm.o) (CyFlash_SetWaitCycles)
.\ARM_GCC_493\Debug\OVac.a(CySpc.o)
                              .\ARM_GCC_493\Debug\OVac.a(CyFlash.o) (CySpcStart)
.\ARM_GCC_493\Debug\OVac.a(I2C_Master.o)
                              .\ARM_GCC_493\Debug\OVac.a(I2C_Master_MASTER.o) (I2C_Master_state)
.\ARM_GCC_493\Debug\OVac.a(I2C_Master_INT.o)
                              .\ARM_GCC_493\Debug\OVac.a(I2C_Master.o) (I2C_Master_ISR)
.\ARM_GCC_493\Debug\OVac.a(I2C_Master_PM.o)
                              .\ARM_GCC_493\Debug\OVac.a(I2C_Master.o) (I2C_Master_backup)
c:/program files (x86)/cypress/psoc creator/4.0/psoc creator/import/gnu/arm/4.9.3/bin/../lib/gcc/arm-none-eabi/4.9.3/armv7-m\libgcc.a(_arm_addsubdf3.o)
                              .\ARM_GCC_493\Debug\main.o (__aeabi_f2d)
c:/program files (x86)/cypress/psoc creator/4.0/psoc creator/import/gnu/arm/4.9.3/bin/../lib/gcc/arm-none-eabi/4.9.3/armv7-m\libgcc.a(_arm_muldivdf3.o)
                              .\ARM_GCC_493\Debug\main.o (__aeabi_dmul)
c:/program files (x86)/cypress/psoc creator/4.0/psoc creator/import/gnu/arm/4.9.3/bin/../lib/gcc/arm-none-eabi/4.9.3/armv7-m\libgcc.a(_arm_cmpdf2.o)
                              .\ARM_GCC_493\Debug\OVac.a(ADC.o) (__aeabi_dcmpgt)
c:/program files (x86)/cypress/psoc creator/4.0/psoc creator/import/gnu/arm/4.9.3/bin/../lib/gcc/arm-none-eabi/4.9.3/armv7-m\libgcc.a(_arm_truncdfsf2.o)
                              .\ARM_GCC_493\Debug\main.o (__aeabi_d2f)
c:/program files (x86)/cypress/psoc creator/4.0/psoc creator/import/gnu/arm/4.9.3/bin/../lib/gcc/arm-none-eabi/4.9.3/armv7-m\libgcc.a(_arm_addsubsf3.o)
                              .\ARM_GCC_493\Debug\main.o (__aeabi_fsub)
c:/program files (x86)/cypress/psoc creator/4.0/psoc creator/import/gnu/arm/4.9.3/bin/../lib/gcc/arm-none-eabi/4.9.3/armv7-m\libgcc.a(_arm_muldivsf3.o)
                              .\ARM_GCC_493\Debug\main.o (__aeabi_fmul)
c:/program files (x86)/cypress/psoc creator/4.0/psoc creator/import/gnu/arm/4.9.3/bin/../lib/gcc/arm-none-eabi/4.9.3/armv7-m\libgcc.a(_arm_fixsfsi.o)
[...]
Memory Configuration

Name             Origin             Length             Attributes
rom              0x00000000         0x00040000         xr
ram              0x1fff8000         0x00010000         xrw
*default*        0x00000000         0xffffffff

Linker script and memory map

LOAD c:/program files (x86)/cypress/psoc creator/4.0/psoc creator/import/gnu/arm/4.9.3/bin/../lib/gcc/arm-none-eabi/4.9.3/armv7-m/crti.o
LOAD c:/program files (x86)/cypress/psoc creator/4.0/psoc creator/import/gnu/arm/4.9.3/bin/../lib/gcc/arm-none-eabi/4.9.3/armv7-m/crtbegin.o
LOAD c:/program files (x86)/cypress/psoc creator/4.0/psoc creator/import/gnu/arm/4.9.3/bin/../lib/gcc/arm-none-eabi/4.9.3/../../../../arm-none-eabi/lib/armv7-m/crt0.o
START GROUP
LOAD .\ARM_GCC_493\Debug\main.o
LOAD .\ARM_GCC_493\Debug\LiquidCrystal_I2C.o
LOAD .\ARM_GCC_493\Debug\i2cFunctions.o
LOAD .\ARM_GCC_493\Debug\functions.o
LOAD .\ARM_GCC_493\Debug\mpu6050.o
LOAD .\ARM_GCC_493\Debug\cymetadata.o
LOAD .\ARM_GCC_493\Debug\Cm3Start.o
LOAD .\ARM_GCC_493\Debug\OVac.a
LOAD C:\Program Files (x86)\Cypress\PSoC Creator\4.0\PSoC Creator\psoc\content\cycomponentlibrary\CyComponentLibrary.cylib\CortexM3\ARM_GCC_493\Debug\CyComponentLibrary.a
LOAD .\emFile_V322c\LinkLibrary\PSoC5\GCC\libemf32nosnlfn.a
END GROUP
START GROUP
LOAD c:/program files (x86)/cypress/psoc creator/4.0/psoc creator/import/gnu/arm/4.9.3/bin/../lib/gcc/arm-none-eabi/4.9.3/armv7-m\libgcc.a
LOAD c:/program files (x86)/cypress/psoc creator/4.0/psoc creator/import/gnu/arm/4.9.3/bin/../lib/gcc/arm-none-eabi/4.9.3/../../../../arm-none-eabi/lib/armv7-m\libg_nano.a
LOAD c:/program files (x86)/cypress/psoc creator/4.0/psoc creator/import/gnu/arm/4.9.3/bin/../lib/gcc/arm-none-eabi/4.9.3/../../../../arm-none-eabi/lib/armv7-m\libc_nano.a
END GROUP
START GROUP
LOAD c:/program files (x86)/cypress/psoc creator/4.0/psoc creator/import/gnu/arm/4.9.3/bin/../lib/gcc/arm-none-eabi/4.9.3/armv7-m\libgcc.a
LOAD c:/program files (x86)/cypress/psoc creator/4.0/psoc creator/import/gnu/arm/4.9.3/bin/../lib/gcc/arm-none-eabi/4.9.3/../../../../arm-none-eabi/lib/armv7-m\libc_nano.a
END GROUP
LOAD c:/program files (x86)/cypress/psoc creator/4.0/psoc creator/import/gnu/arm/4.9.3/bin/../lib/gcc/arm-none-eabi/4.9.3/armv7-m/crtend.o
LOAD c:/program files (x86)/cypress/psoc creator/4.0/psoc creator/import/gnu/arm/4.9.3/bin/../lib/gcc/arm-none-eabi/4.9.3/armv7-m/crtn.o
START GROUP
LOAD c:/program files (x86)/cypress/psoc creator/4.0/psoc creator/import/gnu/arm/4.9.3/bin/../lib/gcc/arm-none-eabi/4.9.3/armv7-m\libgcc.a
LOAD c:/program files (x86)/cypress/psoc creator/4.0/psoc creator/import/gnu/arm/4.9.3/bin/../lib/gcc/arm-none-eabi/4.9.3/../../../../arm-none-eabi/lib/armv7-m\libc.a
LOAD c:/program files (x86)/cypress/psoc creator/4.0/psoc creator/import/gnu/arm/4.9.3/bin/../lib/gcc/arm-none-eabi/4.9.3/../../../../arm-none-eabi/lib/armv7-m\libnosys.a
END GROUP
                0x00000000                CY_APPL_ORIGIN = 0x0
                0x00000100                CY_FLASH_ROW_SIZE = 0x100
                0x00000020                CY_ECC_ROW_SIZE = 0x20
                0x00000000                CY_EE_IN_BTLDR = 0x0
                0x00000000                CY_APPL_LOADABLE = 0x0
                0x00000800                CY_EE_SIZE = 0x800
                0x00000001                CY_APPL_NUM = 0x1
                0x00000001                CY_APPL_MAX = 0x1
                0x00000040                CY_METADATA_SIZE = 0x40
                0x00000000                CY_APPL_LOADABLE = 0x0
                0x00000000                CY_CHECKSUM_EXCLUDE_SIZE = ALIGN (0x0, CY_FLASH_ROW_SIZE)
                0x1fff8248                PROVIDE (__cy_heap_start, _end)
                0x00000001                PROVIDE (__cy_region_num, ((__cy_regions_end - __cy_regions) / 0x10))
                0x20008000                PROVIDE (__cy_stack, (ORIGIN (ram) + 0x10000))
                0x20007800                PROVIDE (__cy_heap_end, (__cy_stack - 0x800))

.cybootloader   0x00000000        0x0
 *(.cybootloader)
                0x00000000                appl1_start = CY_APPL_ORIGIN?CY_APPL_ORIGIN:ALIGN (CY_FLASH_ROW_SIZE)
                0x0001ff00                appl2_start = (appl1_start + ALIGN ((((0x40000 - appl1_start) - (0x2 * CY_FLASH_ROW_SIZE)) / 0x2), CY_FLASH_ROW_SIZE))
                0x00000000                appl_start = (CY_APPL_NUM == 0x1)?appl1_start:appl2_start
                0x00000000                ecc_offset = ((appl_start / CY_FLASH_ROW_SIZE) * CY_ECC_ROW_SIZE)
                0x00000000                ee_offset = (CY_APPL_LOADABLE && ! (CY_EE_IN_BTLDR))?((CY_EE_SIZE / CY_APPL_MAX) * (CY_APPL_NUM - 0x1)):0x0
                0x00000800                ee_size = (CY_APPL_LOADABLE && ! (CY_EE_IN_BTLDR))?(CY_EE_SIZE / CY_APPL_MAX):CY_EE_SIZE
                0x00000000                PROVIDE (CY_ECC_OFFSET, ecc_offset)

.text           0x00000000     0x2804
 CREATE_OBJECT_SYMBOLS
                0x00000000                PROVIDE (__cy_interrupt_vector, RomVectors)
 *(.romvectors)
 .romvectors    0x00000000       0x10 .\ARM_GCC_493\Debug\Cm3Start.o
                0x00000000                RomVectors
                0x00000001                ASSERT ((. != __cy_interrupt_vector), No interrupt vector)
                0x00000001                ASSERT (CY_APPL_ORIGIN?(SIZEOF (.cybootloader) <= CY_APPL_ORIGIN):0x1, Wrong image location)
                0x00000010                PROVIDE (__cy_reset, Reset)
 *(.text.Reset)
 .text.Reset    0x00000010       0x18 .\ARM_GCC_493\Debug\Cm3Start.o
                0x00000010                Reset
                0x00000001                ASSERT ((. != __cy_reset), No reset code)
 *(.dma_init)
                0x00000001                ASSERT ((((appl_start + .) <= 0x10000) || 0x1), DMA Init must be within the first 64k of flash)
 *(.text .text.* .gnu.linkonce.t.*)
 .text          0x00000028       0x5c c:/program files (x86)/cypress/psoc creator/4.0/psoc creator/import/gnu/arm/4.9.3/bin/../lib/gcc/arm-none-eabi/4.9.3/armv7-m/crtbegin.o
 .text.Sample_ISR_Handler
                0x00000084       0x38 .\ARM_GCC_493\Debug\main.o
                0x00000084                Sample_ISR_Handler
 .text.Countdown_ISR_Handler
                0x000000bc       0x84 .\ARM_GCC_493\Debug\main.o
                0x000000bc                Countdown_ISR_Handler
 .text.rx_interrupt
                0x00000140       0x50 .\ARM_GCC_493\Debug\main.o
                0x00000140                rx_interrupt
 .text.main     0x00000190      0x468 .\ARM_GCC_493\Debug\main.o
                0x00000190                main
 .text.setCursor
                0x000005f8       0x64 .\ARM_GCC_493\Debug\LiquidCrystal_I2C.o
                0x000005f8                setCursor
 .text.command  0x0000065c       0x1c .\ARM_GCC_493\Debug\LiquidCrystal_I2C.o
                0x0000065c                command
 .text.write    0x00000678       0x1c .\ARM_GCC_493\Debug\LiquidCrystal_I2C.o
                0x00000678                write
 .text.send     0x00000694       0x44 .\ARM_GCC_493\Debug\LiquidCrystal_I2C.o
                0x00000694                send
 .text.write4bits
                0x000006d8       0x24 .\ARM_GCC_493\Debug\LiquidCrystal_I2C.o
                0x000006d8                write4bits
 .text.expanderWrite
                0x000006fc       0x30 .\ARM_GCC_493\Debug\LiquidCrystal_I2C.o
                0x000006fc                expanderWrite
 .text.pulseEnable
                0x0000072c       0x3c .\ARM_GCC_493\Debug\LiquidCrystal_I2C.o
                0x0000072c                pulseEnable
 .text.LCD_print
                0x00000768       0x40 .\ARM_GCC_493\Debug\LiquidCrystal_I2C.o
                0x00000768                LCD_print
 .text.I2C_M_write_byte
                0x000007a8       0x30 .\ARM_GCC_493\Debug\LiquidCrystal_I2C.o
                0x000007a8                I2C_M_write_byte
 .text.ComputeMA
                0x000007d8       0x50 .\ARM_GCC_493\Debug\functions.o
                0x000007d8                ComputeMA
 .text.BT_Process
                0x00000828       0xac .\ARM_GCC_493\Debug\functions.o
                0x00000828                BT_Process
 .text.BT_Send  0x000008d4       0xcc .\ARM_GCC_493\Debug\functions.o
                0x000008d4                BT_Send
 .text.uint8_to_char
                0x000009a0       0x3c .\ARM_GCC_493\Debug\functions.o
                0x000009a0                uint8_to_char
 .text.IntDefaultHandler
                0x000009dc       0x14 .\ARM_GCC_493\Debug\Cm3Start.o
                0x000009dc                IntDefaultHandler
 .text.Start_c  0x000009f0       0x98 .\ARM_GCC_493\Debug\Cm3Start.o
                0x000009f0                Start_c
 .text.initialize_psoc
                0x00000a88       0x8c .\ARM_GCC_493\Debug\Cm3Start.o
                0x00000a88                initialize_psoc
 .text.CYMEMZERO
                0x00000b14       0x1c .\ARM_GCC_493\Debug\OVac.a(cyfitter_cfg.o)
 .text.CYCONFIGCPY
                0x00000b30       0x1c .\ARM_GCC_493\Debug\OVac.a(cyfitter_cfg.o)
 .text.CyClockStartupError
                0x00000b4c        0xc .\ARM_GCC_493\Debug\OVac.a(cyfitter_cfg.o)
 .text.cfg_write_bytes32
                0x00000b58       0x74 .\ARM_GCC_493\Debug\OVac.a(cyfitter_cfg.o)
 .text.ClockSetup
                0x00000bcc      0x180 .\ARM_GCC_493\Debug\OVac.a(cyfitter_cfg.o)
 .text.AnalogSetDefault
                0x00000d4c       0x6c .\ARM_GCC_493\Debug\OVac.a(cyfitter_cfg.o)
 .text.cyfitter_cfg
                0x00000db8      0x1b8 .\ARM_GCC_493\Debug\OVac.a(cyfitter_cfg.o)
                0x00000db8                cyfitter_cfg
 .text.CyDelay  0x00000f70       0x44 .\ARM_GCC_493\Debug\OVac.a(CyLib.o)
                0x00000f70                CyDelay
 .text.CyDelayUs
                0x00000fb4       0x24 .\ARM_GCC_493\Debug\OVac.a(CyLib.o)
                0x00000fb4                CyDelayUs
 .text.ADC_StartConvert
                0x00000fd8       0x20 .\ARM_GCC_493\Debug\OVac.a(ADC.o)
                0x00000fd8                ADC_StartConvert
 .text.ADC_IsEndConversion
                0x00000ff8       0x50 .\ARM_GCC_493\Debug\OVac.a(ADC.o)
                0x00000ff8                ADC_IsEndConversion
 .text.ADC_GetResult32
                0x00001048       0xa8 .\ARM_GCC_493\Debug\OVac.a(ADC.o)
                0x00001048                ADC_GetResult32
 .text.I2C_Master_MasterSendStart
                0x000010f0       0xbc .\ARM_GCC_493\Debug\OVac.a(I2C_Master_MASTER.o)
                0x000010f0                I2C_Master_MasterSendStart
 .text.I2C_Master_MasterSendStop
                0x000011ac       0x58 .\ARM_GCC_493\Debug\OVac.a(I2C_Master_MASTER.o)
                0x000011ac                I2C_Master_MasterSendStop
 .text.I2C_Master_MasterWriteByte
                0x00001204       0x80 .\ARM_GCC_493\Debug\OVac.a(I2C_Master_MASTER.o)
                0x00001204                I2C_Master_MasterWriteByte
 .text.Sample_Timer_Init
                0x00001284       0x98 .\ARM_GCC_493\Debug\OVac.a(Sample_Timer.o)
                0x00001284                Sample_Timer_Init
 .text.Sample_Timer_Enable
                0x0000131c       0x48 .\ARM_GCC_493\Debug\OVac.a(Sample_Timer.o)
                0x0000131c                Sample_Timer_Enable
 .text.Sample_Timer_Start
                0x00001364       0x20 .\ARM_GCC_493\Debug\OVac.a(Sample_Timer.o)
                0x00001364                Sample_Timer_Start
 .text.Sample_Timer_SetInterruptMode
                0x00001384       0x20 .\ARM_GCC_493\Debug\OVac.a(Sample_Timer.o)
                0x00001384                Sample_Timer_SetInterruptMode
 .text.Sample_Timer_WritePeriod
                0x000013a4       0x24 .\ARM_GCC_493\Debug\OVac.a(Sample_Timer.o)
                0x000013a4                Sample_Timer_WritePeriod
 .text.Sample_Timer_WriteCounter
                0x000013c8       0x20 .\ARM_GCC_493\Debug\OVac.a(Sample_Timer.o)
                0x000013c8                Sample_Timer_WriteCounter
 .text.Sample_ISR_StartEx
                0x000013e8       0x24 .\ARM_GCC_493\Debug\OVac.a(Sample_ISR.o)
                0x000013e8                Sample_ISR_StartEx
 .text.Sample_ISR_SetVector
                0x0000140c       0x24 .\ARM_GCC_493\Debug\OVac.a(Sample_ISR.o)
                0x0000140c                Sample_ISR_SetVector
 .text.Sample_ISR_SetPriority
                0x00001430       0x24 .\ARM_GCC_493\Debug\OVac.a(Sample_ISR.o)
                0x00001430                Sample_ISR_SetPriority
 .text.Sample_ISR_Enable
                0x00001454       0x18 .\ARM_GCC_493\Debug\OVac.a(Sample_ISR.o)
                0x00001454                Sample_ISR_Enable
 .text.Sample_ISR_Disable
                0x0000146c       0x18 .\ARM_GCC_493\Debug\OVac.a(Sample_ISR.o)
                0x0000146c                Sample_ISR_Disable
 .text.Solenoid_1_Write
                0x00001484       0x34 .\ARM_GCC_493\Debug\OVac.a(Solenoid_1.o)
                0x00001484                Solenoid_1_Write
 .text.LED2_Write
                0x000014b8       0x3c .\ARM_GCC_493\Debug\OVac.a(LED2.o)
                0x000014b8                LED2_Write
 .text.Countdown_timer_Init
                0x000014f4       0x4c .\ARM_GCC_493\Debug\OVac.a(Countdown_timer.o)
                0x000014f4                Countdown_timer_Init
 .text.Countdown_timer_Enable
                0x00001540       0x20 .\ARM_GCC_493\Debug\OVac.a(Countdown_timer.o)
                0x00001540                Countdown_timer_Enable
 .text.Countdown_timer_Start
                0x00001560       0x20 .\ARM_GCC_493\Debug\OVac.a(Countdown_timer.o)
                0x00001560                Countdown_timer_Start
 .text.Countdown_timer_SetInterruptMode
                0x00001580       0x20 .\ARM_GCC_493\Debug\OVac.a(Countdown_timer.o)
                0x00001580                Countdown_timer_SetInterruptMode
 .text.Countdown_timer_ReadStatusRegister
                0x000015a0       0x18 .\ARM_GCC_493\Debug\OVac.a(Countdown_timer.o)
                0x000015a0                Countdown_timer_ReadStatusRegister
 .text.Countdown_timer_WritePeriod
                0x000015b8       0x1c .\ARM_GCC_493\Debug\OVac.a(Countdown_timer.o)
                0x000015b8                Countdown_timer_WritePeriod
 .text.Countdown_timer_ReadCapture
                0x000015d4       0x18 .\ARM_GCC_493\Debug\OVac.a(Countdown_timer.o)
                0x000015d4                Countdown_timer_ReadCapture
 .text.Countdown_timer_WriteCounter
                0x000015ec       0x1c .\ARM_GCC_493\Debug\OVac.a(Countdown_timer.o)
                0x000015ec                Countdown_timer_WriteCounter
 .text.Countdown_timer_ClearFIFO
                0x00001608       0x1c .\ARM_GCC_493\Debug\OVac.a(Countdown_timer.o)
                0x00001608                Countdown_timer_ClearFIFO
 .text.countdown_StartEx
                0x00001624       0x24 .\ARM_GCC_493\Debug\OVac.a(countdown.o)
                0x00001624                countdown_StartEx
 .text.countdown_SetVector
                0x00001648       0x24 .\ARM_GCC_493\Debug\OVac.a(countdown.o)
                0x00001648                countdown_SetVector
 .text.countdown_SetPriority
                0x0000166c       0x24 .\ARM_GCC_493\Debug\OVac.a(countdown.o)
                0x0000166c                countdown_SetPriority
 .text.countdown_Enable
                0x00001690       0x18 .\ARM_GCC_493\Debug\OVac.a(countdown.o)
                0x00001690                countdown_Enable
 .text.countdown_Disable
                0x000016a8       0x18 .\ARM_GCC_493\Debug\OVac.a(countdown.o)
                0x000016a8                countdown_Disable
 .text.LED2_1_Write
                0x000016c0       0x3c .\ARM_GCC_493\Debug\OVac.a(LED2_1.o)
                0x000016c0                LED2_1_Write
 .text.LED7_Write
                0x000016fc       0x38 .\ARM_GCC_493\Debug\OVac.a(LED7.o)
                0x000016fc                LED7_Write
 .text.Solenoid_2_Write
                0x00001734       0x3c .\ARM_GCC_493\Debug\OVac.a(Solenoid_2.o)
                0x00001734                Solenoid_2_Write
 .text.UART_Start
                0x00001770       0x20 .\ARM_GCC_493\Debug\OVac.a(UART.o)
                0x00001770                UART_Start
 .text.UART_Init
                0x00001790       0x40 .\ARM_GCC_493\Debug\OVac.a(UART.o)
                0x00001790                UART_Init
 .text.UART_Enable
                0x000017d0       0x5c .\ARM_GCC_493\Debug\OVac.a(UART.o)
                0x000017d0                UART_Enable
 .text.UART_ReadRxStatus
                0x0000182c       0x24 .\ARM_GCC_493\Debug\OVac.a(UART.o)
                0x0000182c                UART_ReadRxStatus
 .text.UART_GetChar
                0x00001850       0x44 .\ARM_GCC_493\Debug\OVac.a(UART.o)
                0x00001850                UART_GetChar
 .text.UART_ReadTxStatus
                0x00001894       0x18 .\ARM_GCC_493\Debug\OVac.a(UART.o)
                0x00001894                UART_ReadTxStatus
 .text.UART_PutChar
                0x000018ac       0x34 .\ARM_GCC_493\Debug\OVac.a(UART.o)
                0x000018ac                UART_PutChar
 .text.rx_interrupt_StartEx
                0x000018e0       0x24 .\ARM_GCC_493\Debug\OVac.a(rx_interrupt.o)
                0x000018e0                rx_interrupt_StartEx
 .text.rx_interrupt_SetVector
                0x00001904       0x24 .\ARM_GCC_493\Debug\OVac.a(rx_interrupt.o)
                0x00001904                rx_interrupt_SetVector
 .text.rx_interrupt_SetPriority
                0x00001928       0x24 .\ARM_GCC_493\Debug\OVac.a(rx_interrupt.o)
                0x00001928                rx_interrupt_SetPriority
 .text.rx_interrupt_Enable
                0x0000194c       0x18 .\ARM_GCC_493\Debug\OVac.a(rx_interrupt.o)
                0x0000194c                rx_interrupt_Enable
 .text.rx_interrupt_Disable
                0x00001964       0x18 .\ARM_GCC_493\Debug\OVac.a(rx_interrupt.o)
                0x00001964                rx_interrupt_Disable
 .text.UART_IntClock_Start
                0x0000197c       0x34 .\ARM_GCC_493\Debug\OVac.a(UART_IntClock.o)
                0x0000197c                UART_IntClock_Start
 .text          0x000019b0       0x58 .\ARM_GCC_493\Debug\OVac.a(CyBootAsmGnu.o)
                0x000019b0                CyDelayCycles
                0x000019ee                CyEnterCriticalSection
                0x000019f6                CyExitCriticalSection
 .text          0x00001a08      0x370 c:/program files (x86)/cypress/psoc creator/4.0/psoc creator/import/gnu/arm/4.9.3/bin/../lib/gcc/arm-none-eabi/4.9.3/armv7-m\libgcc.a(_arm_addsubdf3.o)
                0x00001a08                __aeabi_drsub
                0x00001a10                __aeabi_dsub
                0x00001a10                __subdf3
                0x00001a14                __aeabi_dadd
                0x00001a14                __adddf3
                0x00001c8c                __floatunsidf
                0x00001c8c                __aeabi_ui2d
                0x00001cac                __floatsidf
                0x00001cac                __aeabi_i2d
                0x00001cd0                __aeabi_f2d
                0x00001cd0                __extendsfdf2
                0x00001d0c                __floatundidf
                0x00001d0c                __aeabi_ul2d
                0x00001d1c                __floatdidf
                0x00001d1c                __aeabi_l2d
 .text          0x00001d78      0x424 c:/program files (x86)/cypress/psoc creator/4.0/psoc creator/import/gnu/arm/4.9.3/bin/../lib/gcc/arm-none-eabi/4.9.3/armv7-m\libgcc.a(_arm_muldivdf3.o)
                0x00001d78                __aeabi_dmul
                0x00001d78                __muldf3
                0x00001fcc                __divdf3
                0x00001fcc                __aeabi_ddiv
 .text          0x0000219c       0xa0 c:/program files (x86)/cypress/psoc creator/4.0/psoc creator/import/gnu/arm/4.9.3/bin/../lib/gcc/arm-none-eabi/4.9.3/armv7-m\libgcc.a(_arm_truncdfsf2.o)
                0x0000219c                __truncdfsf2
                0x0000219c                __aeabi_d2f
 .text          0x0000223c      0x21c c:/program files (x86)/cypress/psoc creator/4.0/psoc creator/import/gnu/arm/4.9.3/bin/../lib/gcc/arm-none-eabi/4.9.3/armv7-m\libgcc.a(_arm_addsubsf3.o)
                0x0000223c                __aeabi_frsub
                0x00002244                __subsf3
                0x00002244                __aeabi_fsub
                0x00002248                __aeabi_fadd
                0x00002248                __addsf3
                0x000023a8                __aeabi_ui2f
                0x000023a8                __floatunsisf
                0x000023b0                __aeabi_i2f
                0x000023b0                __floatsisf
                0x000023cc                __aeabi_ul2f
                0x000023cc                __floatundisf
                0x000023dc                __aeabi_l2f
                0x000023dc                __floatdisf
 .text          0x00002458      0x2a0 c:/program files (x86)/cypress/psoc creator/4.0/psoc creator/import/gnu/arm/4.9.3/bin/../lib/gcc/arm-none-eabi/4.9.3/armv7-m\libgcc.a(_arm_muldivsf3.o)
                0x00002458                __mulsf3
                0x00002458                __aeabi_fmul
                0x000025c0                __aeabi_fdiv
                0x000025c0                __divsf3
 .text          0x000026f8       0x4c c:/program files (x86)/cypress/psoc creator/4.0/psoc creator/import/gnu/arm/4.9.3/bin/../lib/gcc/arm-none-eabi/4.9.3/armv7-m\libgcc.a(_arm_fixsfsi.o)
                0x000026f8                __aeabi_f2iz
                0x000026f8                __fixsfsi
 .text.__errno  0x00002744        0xc c:/program files (x86)/cypress/psoc creator/4.0/psoc creator/import/gnu/arm/4.9.3/bin/../lib/gcc/arm-none-eabi/4.9.3/../../../../arm-none-eabi/lib/armv7-m\libg_nano.a(lib_a-errno.o)
                0x00002744                __errno
 .text.__libc_init_array
                0x00002750       0x4c c:/program files (x86)/cypress/psoc creator/4.0/psoc creator/import/gnu/arm/4.9.3/bin/../lib/gcc/arm-none-eabi/4.9.3/../../../../arm-none-eabi/lib/armv7-m\libg_nano.a(lib_a-init.o)
                0x00002750                __libc_init_array
 .text.memcpy   0x0000279c       0x16 c:/program files (x86)/cypress/psoc creator/4.0/psoc creator/import/gnu/arm/4.9.3/bin/../lib/gcc/arm-none-eabi/4.9.3/../../../../arm-none-eabi/lib/armv7-m\libg_nano.a(lib_a-memcpy.o)
                0x0000279c                memcpy
 .text.memset   0x000027b2       0x10 c:/program files (x86)/cypress/psoc creator/4.0/psoc creator/import/gnu/arm/4.9.3/bin/../lib/gcc/arm-none-eabi/4.9.3/../../../../arm-none-eabi/lib/armv7-m\libg_nano.a(lib_a-memset.o)
                0x000027b2                memset
 .text.strlen   0x000027c2       0x10 c:/program files (x86)/cypress/psoc creator/4.0/psoc creator/import/gnu/arm/4.9.3/bin/../lib/gcc/arm-none-eabi/4.9.3/../../../../arm-none-eabi/lib/armv7-m\libg_nano.a(lib_a-strlen.o)
                0x000027c2                strlen
 .text.strncmp  0x000027d2       0x32 c:/program files (x86)/cypress/psoc creator/4.0/psoc creator/import/gnu/arm/4.9.3/bin/../lib/gcc/arm-none-eabi/4.9.3/../../../../arm-none-eabi/lib/armv7-m\libg_nano.a(lib_a-strncmp.o)
                0x000027d2                strncmp
 *(.plt)
 *(.gnu.warning)
 *(.glue_7t)
 .glue_7t       0x00000000        0x0 linker stubs
 *(.glue_7)
 .glue_7        0x00000000        0x0 linker stubs
 *(.vfp11_veneer)
 .vfp11_veneer  0x00000000        0x0 linker stubs
 *(.bootloader)
 *(.ARM.extab* .gnu.linkonce.armextab.*)
 *(.gcc_except_table)

.v4_bx          0x00002804        0x0
 .v4_bx         0x00000000        0x0 linker stubs

.iplt           0x00002804        0x0
 .iplt          0x00000000        0x0 c:/program files (x86)/cypress/psoc creator/4.0/psoc creator/import/gnu/arm/4.9.3/bin/../lib/gcc/arm-none-eabi/4.9.3/armv7-m/crtbegin.o

.eh_frame_hdr
 *(.eh_frame_hdr)

.eh_frame       0x00002804        0x4
 *(.eh_frame)
 .eh_frame      0x00002804        0x0 c:/program files (x86)/cypress/psoc creator/4.0/psoc creator/import/gnu/arm/4.9.3/bin/../lib/gcc/arm-none-eabi/4.9.3/armv7-m/crtbegin.o
 .eh_frame      0x00002804        0x4 c:/program files (x86)/cypress/psoc creator/4.0/psoc creator/import/gnu/arm/4.9.3/bin/../lib/gcc/arm-none-eabi/4.9.3/armv7-m/crtend.o
                0x00002808                PROVIDE (__exidx_start, .)

.ARM.exidx
 *(.ARM.exidx* .gnu.linkonce.armexidx.*)
                0x00002808                __exidx_end = .

.rodata         0x00002808      0x118
 *(.rodata .rodata.* .gnu.linkonce.r.*)
 .rodata        0x00002808       0x20 .\ARM_GCC_493\Debug\main.o
 .rodata        0x00002828       0x10 .\ARM_GCC_493\Debug\LiquidCrystal_I2C.o
 .rodata        0x00002838       0x54 .\ARM_GCC_493\Debug\functions.o
 .rodata        0x0000288c       0x5c .\ARM_GCC_493\Debug\OVac.a(cyfitter_cfg.o)
                0x0000288c                ADC_AMux__addrTable
                0x00002894                ADC_AMux__maskTable
 .rodata.str1.1
                0x000028e8        0x2 c:/program files (x86)/cypress/psoc creator/4.0/psoc creator/import/gnu/arm/4.9.3/bin/../lib/gcc/arm-none-eabi/4.9.3/../../../../arm-none-eabi/lib/armv7-m\libg_nano.a(lib_a-impure.o)
                0x000028ec                . = ALIGN (0x4)
 *fill*         0x000028ea        0x2 
 *(.init)
 .init          0x000028ec        0x4 c:/program files (x86)/cypress/psoc creator/4.0/psoc creator/import/gnu/arm/4.9.3/bin/../lib/gcc/arm-none-eabi/4.9.3/armv7-m/crti.o
                0x000028ec                _init
 .init          0x000028f0        0x8 c:/program files (x86)/cypress/psoc creator/4.0/psoc creator/import/gnu/arm/4.9.3/bin/../lib/gcc/arm-none-eabi/4.9.3/armv7-m/crtn.o
                0x000028f8                . = ALIGN (0x4)
                0x000028f8                __preinit_array_start = .
 *(.preinit_array)
                0x000028f8                __preinit_array_end = .
                0x000028f8                . = ALIGN (0x4)
                0x000028f8                __init_array_start = .
 *(SORT(.init_array.*))
 *(.init_array)
 .init_array    0x000028f8        0x4 c:/program files (x86)/cypress/psoc creator/4.0/psoc creator/import/gnu/arm/4.9.3/bin/../lib/gcc/arm-none-eabi/4.9.3/armv7-m/crtbegin.o
 .init_array    0x000028fc        0x4 .\ARM_GCC_493\Debug\Cm3Start.o
                0x00002900                __init_array_end = .
                0x00002900                . = ALIGN (0x4)
 *(.fini)
 .fini          0x00002900        0x4 c:/program files (x86)/cypress/psoc creator/4.0/psoc creator/import/gnu/arm/4.9.3/bin/../lib/gcc/arm-none-eabi/4.9.3/armv7-m/crti.o
                0x00002900                _fini
 .fini          0x00002904        0x8 c:/program files (x86)/cypress/psoc creator/4.0/psoc creator/import/gnu/arm/4.9.3/bin/../lib/gcc/arm-none-eabi/4.9.3/armv7-m/crtn.o
                0x0000290c                . = ALIGN (0x4)
                0x0000290c                __fini_array_start = .
 *(.fini_array)
 .fini_array    0x0000290c        0x4 c:/program files (x86)/cypress/psoc creator/4.0/psoc creator/import/gnu/arm/4.9.3/bin/../lib/gcc/arm-none-eabi/4.9.3/armv7-m/crtbegin.o
 *(SORT(.fini_array.*))
                0x00002910                __fini_array_end = .
                0x00002910                . = ALIGN (0x4)
 *crtbegin.o(.ctors)
 *(EXCLUDE_FILE(*crtend.o) .ctors)
 *(SORT(.ctors.*))
 *crtend.o(.ctors)
                0x00002910                . = ALIGN (0x4)
 *crtbegin.o(.dtors)
 *(EXCLUDE_FILE(*crtend.o) .dtors)
 *(SORT(.dtors.*))
 *crtend.o(.dtors)
                0x00002910                . = ALIGN (0x4)
                0x00002910                __cy_regions = .
                0x00002910        0x4 LONG 0x2920 __cy_region_init_ram
                0x00002914        0x4 LONG 0x1fff8108 __cy_region_start_data
                0x00002918        0x4 LONG 0x90 __cy_region_init_size_ram
                0x0000291c        0x4 LONG 0xb0 __cy_region_zero_size_ram
                0x00002920                __cy_regions_end = .
                0x00002920                . = ALIGN (0x8)
                0x00002920                _etext = .

.cy_checksum_exclude
                0x00002920        0x0
 *(.cy_checksum_exclude)

.ramvectors     0x1fff8000      0x100
                0x1fff8000                __cy_region_start_ram = .
 *(.ramvectors)
 .ramvectors    0x1fff8000      0x100 .\ARM_GCC_493\Debug\Cm3Start.o
                0x1fff8000                CyRamVectors

.noinit         0x1fff8100        0x5
 *(.noinit)
 .noinit        0x1fff8100        0x4 .\ARM_GCC_493\Debug\Cm3Start.o
 .noinit        0x1fff8104        0x1 .\ARM_GCC_493\Debug\OVac.a(CyLib.o)
                0x1fff8104                CyResetStatus

.data           0x1fff8108       0x90 load address 0x00002920
                0x1fff8108                __cy_region_start_data = .
 *(.jcr)
 .jcr           0x1fff8108        0x0 c:/program files (x86)/cypress/psoc creator/4.0/psoc creator/import/gnu/arm/4.9.3/bin/../lib/gcc/arm-none-eabi/4.9.3/armv7-m/crtbegin.o
 .jcr           0x1fff8108        0x4 c:/program files (x86)/cypress/psoc creator/4.0/psoc creator/import/gnu/arm/4.9.3/bin/../lib/gcc/arm-none-eabi/4.9.3/armv7-m/crtend.o
 *(.got.plt)
 *(.got)
 *(.shdata)
 *(.data .data.* .gnu.linkonce.d.*)
 .data          0x1fff810c       0x18 .\ARM_GCC_493\Debug\main.o
                0x1fff810c                Addr
                0x1fff8110                id
                0x1fff8114                STATE
                0x1fff8115                testnum
                0x1fff8118                file
 .data          0x1fff8124       0x10 .\ARM_GCC_493\Debug\OVac.a(CyLib.o)
                0x1fff8124                cydelay_freq_hz
                0x1fff8128                cydelay_freq_khz
                0x1fff812c                cydelay_freq_mhz
                0x1fff8130                cydelay_32k_ms
 .data.impure_data
                0x1fff8134       0x60 c:/program files (x86)/cypress/psoc creator/4.0/psoc creator/import/gnu/arm/4.9.3/bin/../lib/gcc/arm-none-eabi/4.9.3/../../../../arm-none-eabi/lib/armv7-m\libg_nano.a(lib_a-impure.o)
 .data._impure_ptr
                0x1fff8194        0x4 c:/program files (x86)/cypress/psoc creator/4.0/psoc creator/import/gnu/arm/4.9.3/bin/../lib/gcc/arm-none-eabi/4.9.3/../../../../arm-none-eabi/lib/armv7-m\libg_nano.a(lib_a-impure.o)
                0x1fff8194                _impure_ptr
                0x1fff8198                . = ALIGN (0x8)
 *(.ram)
                0x1fff8198                _edata = .

.igot.plt       0x1fff8198        0x0 load address 0x000029b0
 .igot.plt      0x00000000        0x0 c:/program files (x86)/cypress/psoc creator/4.0/psoc creator/import/gnu/arm/4.9.3/bin/../lib/gcc/arm-none-eabi/4.9.3/armv7-m/crtbegin.o

.bss            0x1fff8198       0xb0 load address 0x000029b0
                0x1fff8198                PROVIDE (__bss_start__, .)
 *(.shbss)
 *(.bss .bss.* .gnu.linkonce.b.*)
 .bss           0x1fff8198       0x1c c:/program files (x86)/cypress/psoc creator/4.0/psoc creator/import/gnu/arm/4.9.3/bin/../lib/gcc/arm-none-eabi/4.9.3/armv7-m/crtbegin.o
 .bss           0x1fff81b4       0x70 .\ARM_GCC_493\Debug\main.o
                0x1fff81b4                data_time
                0x1fff81b8                sum
                0x1fff81bc                average
                0x1fff81be                collect_flag
                0x1fff81bf                wait_flag
                0x1fff81c0                PANIC_flag
                0x1fff81c1                countdown
                0x1fff81c2                update_Data
                0x1fff81c4                RxBuffer
                0x1fff8204                msg_count
                0x1fff8208                rxflag
                0x1fff820c                bytes
                0x1fff8210                dataflag
                0x1fff8214                transmit_flag
                0x1fff8218                volume
 .bss           0x1fff8224       0x14 .\ARM_GCC_493\Debug\OVac.a(ADC.o)
                0x1fff8224                ADC_convDone
                0x1fff8225                ADC_stopConversion
                0x1fff8226                ADC_initVar
                0x1fff8227                ADC_started
 .bss           0x1fff8238        0x1 .\ARM_GCC_493\Debug\OVac.a(Sample_Timer.o)
                0x1fff8238                Sample_Timer_initVar
 .bss           0x1fff8239        0x1 .\ARM_GCC_493\Debug\OVac.a(Countdown_timer.o)
                0x1fff8239                Countdown_timer_initVar
 .bss           0x1fff823a        0x2 .\ARM_GCC_493\Debug\OVac.a(UART.o)
                0x1fff823a                UART_initVar
 *(COMMON)
 COMMON         0x1fff823c        0x8 .\ARM_GCC_493\Debug\LiquidCrystal_I2C.o
                0x1fff823c                _backlightval
                0x1fff823d                _addr
                0x1fff823e                _displaycontrol
                0x1fff823f                _charsize
                0x1fff8240                _displaymode
                0x1fff8241                _displayfunction
                0x1fff8242                _cols
                0x1fff8243                _rows
 COMMON         0x1fff8244        0x1 .\ARM_GCC_493\Debug\OVac.a(I2C_Master.o)
                0x1fff8244                I2C_Master_state
                0x1fff8248                . = ALIGN (0x8)
 *fill*         0x1fff8245        0x3 
 *(.ram.b)
                0x1fff8248                _end = .
                0x1fff8248                __end = .
                0x1fff8248                PROVIDE (end, .)
                0x1fff8248                PROVIDE (__bss_end__, .)
                0x00002920                __cy_region_init_ram = LOADADDR (.data)
                0x00000090                __cy_region_init_size_ram = (_edata - ADDR (.data))
                0x000000b0                __cy_region_zero_size_ram = (_end - _edata)

.heap           0x1fff8248       0x80 load address 0x000029b0
                0x1fff8248                . = _end
                0x1fff82c8                . = (. + 0x80)
 *fill*         0x1fff8248       0x80 
                0x1fff82c8                __cy_heap_limit = .

.stack          0x20007800      0x800
                0x20007800                __cy_stack_limit = .
                0x20008000                . = (. + 0x800)
 *fill*         0x20007800      0x800 
                0x00000001                ASSERT ((__cy_stack_limit >= __cy_heap_limit), region RAM overflowed with stack)
                0x00000000                cy_checksum_exclude_size = (CY_APPL_LOADABLE == 0x1)?SIZEOF (.cy_checksum_exclude):0x0
                0x00000001                ASSERT ((cy_checksum_exclude_size <= CY_CHECKSUM_EXCLUDE_SIZE), CY_BOOT: Section .cy_checksum_exclude size exceedes specified limit.)

.cyloadermeta
 *(.cyloadermeta)

.cyloadablemeta
 *(.cyloadablemeta)

.cyconfigecc    0x80000000      0xa68
 *(.cyconfigecc)
 .cyconfigecc   0x80000000      0xa68 .\ARM_GCC_493\Debug\cymetadata.o
                0x80000000                cy_meta_configecc

.cycustnvl      0x90000000        0x4
 *(.cycustnvl)
 .cycustnvl     0x90000000        0x4 .\ARM_GCC_493\Debug\cymetadata.o
                0x90000000                cy_meta_custnvl

.cywolatch      0x90100000        0x4
 *(.cywolatch)
 .cywolatch     0x90100000        0x4 .\ARM_GCC_493\Debug\cymetadata.o
                0x90100000                cy_meta_wonvl

.cyeeprom       0x90200000        0x0
 *(.cyeeprom)
                0x00000001                ASSERT ((. <= ((0x90200000 + ee_offset) + ee_size)), .cyeeprom data will not fit in EEPROM)

.cyflashprotect
                0x90400000      0x100
 *(.cyflashprotect)
 .cyflashprotect
                0x90400000      0x100 .\ARM_GCC_493\Debug\cymetadata.o
                0x90400000                cy_meta_flashprotect

.cymeta         0x90500000        0xc
 *(.cymeta)
 .cymeta        0x90500000        0xc .\ARM_GCC_493\Debug\cymetadata.o
                0x90500000                cy_metadata

.rel.dyn        0x000029b0        0x0 load address 0x9050000c
 .rel.iplt      0x00000000        0x0 c:/program files (x86)/cypress/psoc creator/4.0/psoc creator/import/gnu/arm/4.9.3/bin/../lib/gcc/arm-none-eabi/4.9.3/armv7-m/crtbegin.o

.stab
 *(.stab)

.stabstr
 *(.stabstr)

.debug
 *(.debug)

.line
 *(.line)

.debug_srcinfo
 *(.debug_srcinfo)

.debug_sfnames
 *(.debug_sfnames)

.debug_aranges  0x00000000     0x1818
 *(.debug_aranges)
 .debug_aranges
                0x00000000       0x40 .\ARM_GCC_493\Debug\main.o
 .debug_aranges
                0x00000040      0x108 .\ARM_GCC_493\Debug\LiquidCrystal_I2C.o
 .debug_aranges
                0x00000148       0x68 .\ARM_GCC_493\Debug\i2cFunctions.o
 .debug_aranges
                0x000001b0       0x40 .\ARM_GCC_493\Debug\functions.o
 .debug_aranges
                0x000001f0      0x838 .\ARM_GCC_493\Debug\mpu6050.o
 .debug_aranges
                0x00000a28       0x18 .\ARM_GCC_493\Debug\cymetadata.o
 .debug_aranges
                0x00000a40       0x48 .\ARM_GCC_493\Debug\Cm3Start.o
 .debug_aranges
                0x00000a88       0x70 .\ARM_GCC_493\Debug\OVac.a(cyfitter_cfg.o)
 .debug_aranges
                0x00000af8      0x2a0 .\ARM_GCC_493\Debug\OVac.a(CyLib.o)
 .debug_aranges
                0x00000d98       0x98 .\ARM_GCC_493\Debug\OVac.a(cyPm.o)
 .debug_aranges
                0x00000e30       0xe8 .\ARM_GCC_493\Debug\OVac.a(ADC.o)
 .debug_aranges
                0x00000f18       0x38 .\ARM_GCC_493\Debug\OVac.a(ADC_INT.o)
 .debug_aranges
                0x00000f50       0x30 .\ARM_GCC_493\Debug\OVac.a(ADC_AMux.o)
 .debug_aranges
                0x00000f80       0x70 .\ARM_GCC_493\Debug\OVac.a(ADC_Ext_CP_Clk.o)
 .debug_aranges
                0x00000ff0       0x80 .\ARM_GCC_493\Debug\OVac.a(ADC_theACLK.o)
 .debug_aranges
                0x00001070       0x80 .\ARM_GCC_493\Debug\OVac.a(I2C_Master_MASTER.o)
 .debug_aranges
                0x000010f0       0x88 .\ARM_GCC_493\Debug\OVac.a(Sample_Timer.o)
 .debug_aranges
                0x00001178       0x80 .\ARM_GCC_493\Debug\OVac.a(Sample_ISR.o)
 .debug_aranges
                0x000011f8       0x38 .\ARM_GCC_493\Debug\OVac.a(Solenoid_1.o)
 .debug_aranges
                0x00001230       0x38 .\ARM_GCC_493\Debug\OVac.a(LED2.o)
 .debug_aranges
                0x00001268       0x90 .\ARM_GCC_493\Debug\OVac.a(Countdown_timer.o)
 .debug_aranges
                0x000012f8       0x80 .\ARM_GCC_493\Debug\OVac.a(countdown.o)
 .debug_aranges
                0x00001378       0x38 .\ARM_GCC_493\Debug\OVac.a(LED2_1.o)
 .debug_aranges
                0x000013b0       0x38 .\ARM_GCC_493\Debug\OVac.a(LED7.o)
 .debug_aranges
                0x000013e8       0x38 .\ARM_GCC_493\Debug\OVac.a(Solenoid_2.o)
 .debug_aranges
                0x00001420       0x70 .\ARM_GCC_493\Debug\OVac.a(Comp.o)
 .debug_aranges
                0x00001490       0xf0 .\ARM_GCC_493\Debug\OVac.a(UART.o)
 .debug_aranges
                0x00001580       0x80 .\ARM_GCC_493\Debug\OVac.a(rx_interrupt.o)
 .debug_aranges
                0x00001600       0x70 .\ARM_GCC_493\Debug\OVac.a(UART_IntClock.o)
 .debug_aranges
                0x00001670       0x20 .\ARM_GCC_493\Debug\OVac.a(CyBootAsmGnu.o)
 .debug_aranges
                0x00001690       0x80 .\ARM_GCC_493\Debug\OVac.a(CyFlash.o)
 .debug_aranges
                0x00001710       0x78 .\ARM_GCC_493\Debug\OVac.a(CySpc.o)
 .debug_aranges
                0x00001788       0x38 .\ARM_GCC_493\Debug\OVac.a(I2C_Master.o)
 .debug_aranges
                0x000017c0       0x20 .\ARM_GCC_493\Debug\OVac.a(I2C_Master_INT.o)
 .debug_aranges
                0x000017e0       0x38 .\ARM_GCC_493\Debug\OVac.a(I2C_Master_PM.o)

.debug_pubnames
 *(.debug_pubnames)

.debug_info     0x00000000     0x8a2b
 *(.debug_info .gnu.linkonce.wi.*)
 .debug_info    0x00000000      0x52e .\ARM_GCC_493\Debug\main.o
 .debug_info    0x0000052e      0x550 .\ARM_GCC_493\Debug\LiquidCrystal_I2C.o
 .debug_info    0x00000a7e      0x43d .\ARM_GCC_493\Debug\i2cFunctions.o
 .debug_info    0x00000ebb      0x364 .\ARM_GCC_493\Debug\functions.o
 .debug_info    0x0000121f     0x21aa .\ARM_GCC_493\Debug\mpu6050.o
 .debug_info    0x000033c9      0x13f .\ARM_GCC_493\Debug\cymetadata.o
 .debug_info    0x00003508      0x319 .\ARM_GCC_493\Debug\Cm3Start.o
 .debug_info    0x00003821      0x4ef .\ARM_GCC_493\Debug\OVac.a(cyfitter_cfg.o)
 .debug_info    0x00003d10      0xe4a .\ARM_GCC_493\Debug\OVac.a(CyLib.o)
 .debug_info    0x00004b5a      0x561 .\ARM_GCC_493\Debug\OVac.a(cyPm.o)
 .debug_info    0x000050bb      0x725 .\ARM_GCC_493\Debug\OVac.a(ADC.o)
 .debug_info    0x000057e0       0xcc .\ARM_GCC_493\Debug\OVac.a(ADC_INT.o)
 .debug_info    0x000058ac      0x10a .\ARM_GCC_493\Debug\OVac.a(ADC_AMux.o)
 .debug_info    0x000059b6      0x25d .\ARM_GCC_493\Debug\OVac.a(ADC_Ext_CP_Clk.o)
 .debug_info    0x00005c13      0x299 .\ARM_GCC_493\Debug\OVac.a(ADC_theACLK.o)
 .debug_info    0x00005eac      0x3f1 .\ARM_GCC_493\Debug\OVac.a(I2C_Master_MASTER.o)
 .debug_info    0x0000629d      0x23e .\ARM_GCC_493\Debug\OVac.a(Sample_Timer.o)
 .debug_info    0x000064db      0x23a .\ARM_GCC_493\Debug\OVac.a(Sample_ISR.o)
 .debug_info    0x00006715      0x11e .\ARM_GCC_493\Debug\OVac.a(Solenoid_1.o)
 .debug_info    0x00006833      0x11e .\ARM_GCC_493\Debug\OVac.a(LED2.o)
 .debug_info    0x00006951      0x254 .\ARM_GCC_493\Debug\OVac.a(Countdown_timer.o)
 .debug_info    0x00006ba5      0x23a .\ARM_GCC_493\Debug\OVac.a(countdown.o)
 .debug_info    0x00006ddf      0x11e .\ARM_GCC_493\Debug\OVac.a(LED2_1.o)
 .debug_info    0x00006efd      0x11e .\ARM_GCC_493\Debug\OVac.a(LED7.o)
 .debug_info    0x0000701b      0x11e .\ARM_GCC_493\Debug\OVac.a(Solenoid_2.o)
 .debug_info    0x00007139      0x23f .\ARM_GCC_493\Debug\OVac.a(Comp.o)
 .debug_info    0x00007378      0x503 .\ARM_GCC_493\Debug\OVac.a(UART.o)
 .debug_info    0x0000787b      0x23a .\ARM_GCC_493\Debug\OVac.a(rx_interrupt.o)
 .debug_info    0x00007ab5      0x25d .\ARM_GCC_493\Debug\OVac.a(UART_IntClock.o)
 .debug_info    0x00007d12       0x80 .\ARM_GCC_493\Debug\OVac.a(CyBootAsmGnu.o)
 .debug_info    0x00007d92      0x36a .\ARM_GCC_493\Debug\OVac.a(CyFlash.o)
 .debug_info    0x000080fc      0x453 .\ARM_GCC_493\Debug\OVac.a(CySpc.o)
 .debug_info    0x0000854f      0x1fa .\ARM_GCC_493\Debug\OVac.a(I2C_Master.o)
 .debug_info    0x00008749      0x14f .\ARM_GCC_493\Debug\OVac.a(I2C_Master_INT.o)
 .debug_info    0x00008898      0x193 .\ARM_GCC_493\Debug\OVac.a(I2C_Master_PM.o)

.debug_abbrev   0x00000000     0x2545
 *(.debug_abbrev)
 .debug_abbrev  0x00000000      0x172 .\ARM_GCC_493\Debug\main.o
 .debug_abbrev  0x00000172      0x162 .\ARM_GCC_493\Debug\LiquidCrystal_I2C.o
 .debug_abbrev  0x000002d4       0x9f .\ARM_GCC_493\Debug\i2cFunctions.o
 .debug_abbrev  0x00000373      0x12c .\ARM_GCC_493\Debug\functions.o
 .debug_abbrev  0x0000049f      0x18a .\ARM_GCC_493\Debug\mpu6050.o
 .debug_abbrev  0x00000629       0x77 .\ARM_GCC_493\Debug\cymetadata.o
 .debug_abbrev  0x000006a0      0x1b6 .\ARM_GCC_493\Debug\Cm3Start.o
 .debug_abbrev  0x00000856      0x1ca .\ARM_GCC_493\Debug\OVac.a(cyfitter_cfg.o)
 .debug_abbrev  0x00000a20      0x217 .\ARM_GCC_493\Debug\OVac.a(CyLib.o)
 .debug_abbrev  0x00000c37      0x161 .\ARM_GCC_493\Debug\OVac.a(cyPm.o)
 .debug_abbrev  0x00000d98      0x19d .\ARM_GCC_493\Debug\OVac.a(ADC.o)
 .debug_abbrev  0x00000f35       0x42 .\ARM_GCC_493\Debug\OVac.a(ADC_INT.o)
 .debug_abbrev  0x00000f77       0x6f .\ARM_GCC_493\Debug\OVac.a(ADC_AMux.o)
 .debug_abbrev  0x00000fe6      0x11d .\ARM_GCC_493\Debug\OVac.a(ADC_Ext_CP_Clk.o)
 .debug_abbrev  0x00001103      0x11d .\ARM_GCC_493\Debug\OVac.a(ADC_theACLK.o)
 .debug_abbrev  0x00001220      0x11e .\ARM_GCC_493\Debug\OVac.a(I2C_Master_MASTER.o)
 .debug_abbrev  0x0000133e       0xe9 .\ARM_GCC_493\Debug\OVac.a(Sample_Timer.o)
 .debug_abbrev  0x00001427      0x172 .\ARM_GCC_493\Debug\OVac.a(Sample_ISR.o)
 .debug_abbrev  0x00001599       0x90 .\ARM_GCC_493\Debug\OVac.a(Solenoid_1.o)
 .debug_abbrev  0x00001629       0x90 .\ARM_GCC_493\Debug\OVac.a(LED2.o)
 .debug_abbrev  0x000016b9      0x11b .\ARM_GCC_493\Debug\OVac.a(Countdown_timer.o)
 .debug_abbrev  0x000017d4      0x172 .\ARM_GCC_493\Debug\OVac.a(countdown.o)
 .debug_abbrev  0x00001946       0x90 .\ARM_GCC_493\Debug\OVac.a(LED2_1.o)
 .debug_abbrev  0x000019d6       0x90 .\ARM_GCC_493\Debug\OVac.a(LED7.o)
 .debug_abbrev  0x00001a66       0x90 .\ARM_GCC_493\Debug\OVac.a(Solenoid_2.o)
 .debug_abbrev  0x00001af6      0x146 .\ARM_GCC_493\Debug\OVac.a(Comp.o)
 .debug_abbrev  0x00001c3c      0x163 .\ARM_GCC_493\Debug\OVac.a(UART.o)
 .debug_abbrev  0x00001d9f      0x172 .\ARM_GCC_493\Debug\OVac.a(rx_interrupt.o)
 .debug_abbrev  0x00001f11      0x11d .\ARM_GCC_493\Debug\OVac.a(UART_IntClock.o)
 .debug_abbrev  0x0000202e       0x14 .\ARM_GCC_493\Debug\OVac.a(CyBootAsmGnu.o)
 .debug_abbrev  0x00002042      0x13c .\ARM_GCC_493\Debug\OVac.a(CyFlash.o)
 .debug_abbrev  0x0000217e      0x16c .\ARM_GCC_493\Debug\OVac.a(CySpc.o)
 .debug_abbrev  0x000022ea       0xe2 .\ARM_GCC_493\Debug\OVac.a(I2C_Master.o)
 .debug_abbrev  0x000023cc       0x81 .\ARM_GCC_493\Debug\OVac.a(I2C_Master_INT.o)
 .debug_abbrev  0x0000244d       0xf8 .\ARM_GCC_493\Debug\OVac.a(I2C_Master_PM.o)

.debug_line     0x00000000     0x5152
 *(.debug_line)
 .debug_line    0x00000000      0x297 .\ARM_GCC_493\Debug\main.o
 .debug_line    0x00000297      0x3ed .\ARM_GCC_493\Debug\LiquidCrystal_I2C.o
 .debug_line    0x00000684      0x233 .\ARM_GCC_493\Debug\i2cFunctions.o
 .debug_line    0x000008b7      0x1fb .\ARM_GCC_493\Debug\functions.o
 .debug_line    0x00000ab2     0x14b4 .\ARM_GCC_493\Debug\mpu6050.o
 .debug_line    0x00001f66       0x51 .\ARM_GCC_493\Debug\cymetadata.o
 .debug_line    0x00001fb7      0x1dc .\ARM_GCC_493\Debug\Cm3Start.o
 .debug_line    0x00002193      0x252 .\ARM_GCC_493\Debug\OVac.a(cyfitter_cfg.o)
 .debug_line    0x000023e5      0x882 .\ARM_GCC_493\Debug\OVac.a(CyLib.o)
 .debug_line    0x00002c67      0x37f .\ARM_GCC_493\Debug\OVac.a(cyPm.o)
 .debug_line    0x00002fe6      0x3c8 .\ARM_GCC_493\Debug\OVac.a(ADC.o)
 .debug_line    0x000033ae       0x8c .\ARM_GCC_493\Debug\OVac.a(ADC_INT.o)
 .debug_line    0x0000343a       0x9d .\ARM_GCC_493\Debug\OVac.a(ADC_AMux.o)
 .debug_line    0x000034d7      0x1a9 .\ARM_GCC_493\Debug\OVac.a(ADC_Ext_CP_Clk.o)
 .debug_line    0x00003680      0x1ca .\ARM_GCC_493\Debug\OVac.a(ADC_theACLK.o)
 .debug_line    0x0000384a      0x1f5 .\ARM_GCC_493\Debug\OVac.a(I2C_Master_MASTER.o)
 .debug_line    0x00003a3f      0x164 .\ARM_GCC_493\Debug\OVac.a(Sample_Timer.o)
 .debug_line    0x00003ba3      0x155 .\ARM_GCC_493\Debug\OVac.a(Sample_ISR.o)
 .debug_line    0x00003cf8       0x99 .\ARM_GCC_493\Debug\OVac.a(Solenoid_1.o)
 .debug_line    0x00003d91       0x93 .\ARM_GCC_493\Debug\OVac.a(LED2.o)
 .debug_line    0x00003e24      0x178 .\ARM_GCC_493\Debug\OVac.a(Countdown_timer.o)
 .debug_line    0x00003f9c      0x144 .\ARM_GCC_493\Debug\OVac.a(countdown.o)
 .debug_line    0x000040e0       0x95 .\ARM_GCC_493\Debug\OVac.a(LED2_1.o)
 .debug_line    0x00004175       0x93 .\ARM_GCC_493\Debug\OVac.a(LED7.o)
 .debug_line    0x00004208       0x99 .\ARM_GCC_493\Debug\OVac.a(Solenoid_2.o)
 .debug_line    0x000042a1      0x169 .\ARM_GCC_493\Debug\OVac.a(Comp.o)
 .debug_line    0x0000440a      0x2e2 .\ARM_GCC_493\Debug\OVac.a(UART.o)
 .debug_line    0x000046ec      0x157 .\ARM_GCC_493\Debug\OVac.a(rx_interrupt.o)
 .debug_line    0x00004843      0x1a8 .\ARM_GCC_493\Debug\OVac.a(UART_IntClock.o)
 .debug_line    0x000049eb       0x7d .\ARM_GCC_493\Debug\OVac.a(CyBootAsmGnu.o)
 .debug_line    0x00004a68      0x205 .\ARM_GCC_493\Debug\OVac.a(CyFlash.o)
 .debug_line    0x00004c6d      0x215 .\ARM_GCC_493\Debug\OVac.a(CySpc.o)
 .debug_line    0x00004e82       0xea .\ARM_GCC_493\Debug\OVac.a(I2C_Master.o)
 .debug_line    0x00004f6c      0x120 .\ARM_GCC_493\Debug\OVac.a(I2C_Master_INT.o)
 .debug_line    0x0000508c       0xc6 .\ARM_GCC_493\Debug\OVac.a(I2C_Master_PM.o)

.debug_frame    0x00000000     0x63b8
 *(.debug_frame)
 .debug_frame   0x00000000       0xbc .\ARM_GCC_493\Debug\main.o
 .debug_frame   0x000000bc      0x3f8 .\ARM_GCC_493\Debug\LiquidCrystal_I2C.o
 .debug_frame   0x000004b4      0x1a4 .\ARM_GCC_493\Debug\i2cFunctions.o
 .debug_frame   0x00000658       0xe0 .\ARM_GCC_493\Debug\functions.o
 .debug_frame   0x00000738     0x22b4 .\ARM_GCC_493\Debug\mpu6050.o
 .debug_frame   0x000029ec       0xd8 .\ARM_GCC_493\Debug\Cm3Start.o
 .debug_frame   0x00002ac4      0x1bc .\ARM_GCC_493\Debug\OVac.a(cyfitter_cfg.o)
 .debug_frame   0x00002c80      0xc0c .\ARM_GCC_493\Debug\OVac.a(CyLib.o)
 .debug_frame   0x0000388c      0x234 .\ARM_GCC_493\Debug\OVac.a(cyPm.o)
 .debug_frame   0x00003ac0      0x40c .\ARM_GCC_493\Debug\OVac.a(ADC.o)
 .debug_frame   0x00003ecc       0xa0 .\ARM_GCC_493\Debug\OVac.a(ADC_INT.o)
 .debug_frame   0x00003f6c       0x88 .\ARM_GCC_493\Debug\OVac.a(ADC_AMux.o)
 .debug_frame   0x00003ff4      0x1b4 .\ARM_GCC_493\Debug\OVac.a(ADC_Ext_CP_Clk.o)
 .debug_frame   0x000041a8      0x200 .\ARM_GCC_493\Debug\OVac.a(ADC_theACLK.o)
 .debug_frame   0x000043a8      0x208 .\ARM_GCC_493\Debug\OVac.a(I2C_Master_MASTER.o)
 .debug_frame   0x000045b0      0x208 .\ARM_GCC_493\Debug\OVac.a(Sample_Timer.o)
 .debug_frame   0x000047b8      0x1e8 .\ARM_GCC_493\Debug\OVac.a(Sample_ISR.o)
 .debug_frame   0x000049a0       0xa8 .\ARM_GCC_493\Debug\OVac.a(Solenoid_1.o)
 .debug_frame   0x00004a48       0xa8 .\ARM_GCC_493\Debug\OVac.a(LED2.o)
 .debug_frame   0x00004af0      0x230 .\ARM_GCC_493\Debug\OVac.a(Countdown_timer.o)
 .debug_frame   0x00004d20      0x1e8 .\ARM_GCC_493\Debug\OVac.a(countdown.o)
 .debug_frame   0x00004f08       0xa8 .\ARM_GCC_493\Debug\OVac.a(LED2_1.o)
 .debug_frame   0x00004fb0       0xa8 .\ARM_GCC_493\Debug\OVac.a(LED7.o)
 .debug_frame   0x00005058       0xa8 .\ARM_GCC_493\Debug\OVac.a(Solenoid_2.o)
 .debug_frame   0x00005100      0x19c .\ARM_GCC_493\Debug\OVac.a(Comp.o)
 .debug_frame   0x0000529c      0x42c .\ARM_GCC_493\Debug\OVac.a(UART.o)
 .debug_frame   0x000056c8      0x1e8 .\ARM_GCC_493\Debug\OVac.a(rx_interrupt.o)
 .debug_frame   0x000058b0      0x1b4 .\ARM_GCC_493\Debug\OVac.a(UART_IntClock.o)
 .debug_frame   0x00005a64      0x210 .\ARM_GCC_493\Debug\OVac.a(CyFlash.o)
 .debug_frame   0x00005c74      0x1f8 .\ARM_GCC_493\Debug\OVac.a(CySpc.o)
 .debug_frame   0x00005e6c       0x98 .\ARM_GCC_493\Debug\OVac.a(I2C_Master.o)
 .debug_frame   0x00005f04       0x38 .\ARM_GCC_493\Debug\OVac.a(I2C_Master_INT.o)
 .debug_frame   0x00005f3c       0x94 .\ARM_GCC_493\Debug\OVac.a(I2C_Master_PM.o)
 .debug_frame   0x00005fd0       0x20 c:/program files (x86)/cypress/psoc creator/4.0/psoc creator/import/gnu/arm/4.9.3/bin/../lib/gcc/arm-none-eabi/4.9.3/../../../../arm-none-eabi/lib/armv7-m\libg_nano.a(lib_a-errno.o)
 .debug_frame   0x00005ff0       0x28 c:/program files (x86)/cypress/psoc creator/4.0/psoc creator/import/gnu/arm/4.9.3/bin/../lib/gcc/arm-none-eabi/4.9.3/../../../../arm-none-eabi/lib/armv7-m\libg_nano.a(lib_a-exit.o)
 .debug_frame   0x00006018       0x2c c:/program files (x86)/cypress/psoc creator/4.0/psoc creator/import/gnu/arm/4.9.3/bin/../lib/gcc/arm-none-eabi/4.9.3/../../../../arm-none-eabi/lib/armv7-m\libg_nano.a(lib_a-init.o)
 .debug_frame   0x00006044       0x28 c:/program files (x86)/cypress/psoc creator/4.0/psoc creator/import/gnu/arm/4.9.3/bin/../lib/gcc/arm-none-eabi/4.9.3/../../../../arm-none-eabi/lib/armv7-m\libg_nano.a(lib_a-memcpy.o)
 .debug_frame   0x0000606c       0x20 c:/program files (x86)/cypress/psoc creator/4.0/psoc creator/import/gnu/arm/4.9.3/bin/../lib/gcc/arm-none-eabi/4.9.3/../../../../arm-none-eabi/lib/armv7-m\libg_nano.a(lib_a-memset.o)
 .debug_frame   0x0000608c       0x70 c:/program files (x86)/cypress/psoc creator/4.0/psoc creator/import/gnu/arm/4.9.3/bin/../lib/gcc/arm-none-eabi/4.9.3/../../../../arm-none-eabi/lib/armv7-m\libg_nano.a(lib_a-sprintf.o)
 .debug_frame   0x000060fc       0x20 c:/program files (x86)/cypress/psoc creator/4.0/psoc creator/import/gnu/arm/4.9.3/bin/../lib/gcc/arm-none-eabi/4.9.3/../../../../arm-none-eabi/lib/armv7-m\libg_nano.a(lib_a-strlen.o)
 .debug_frame   0x0000611c       0x2c c:/program files (x86)/cypress/psoc creator/4.0/psoc creator/import/gnu/arm/4.9.3/bin/../lib/gcc/arm-none-eabi/4.9.3/../../../../arm-none-eabi/lib/armv7-m\libg_nano.a(lib_a-strncmp.o)
 .debug_frame   0x00006148       0x8c c:/program files (x86)/cypress/psoc creator/4.0/psoc creator/import/gnu/arm/4.9.3/bin/../lib/gcc/arm-none-eabi/4.9.3/../../../../arm-none-eabi/lib/armv7-m\libg_nano.a(lib_a-nano-svfprintf.o)
 .debug_frame   0x000061d4       0x58 c:/program files (x86)/cypress/psoc creator/4.0/psoc creator/import/gnu/arm/4.9.3/bin/../lib/gcc/arm-none-eabi/4.9.3/../../../../arm-none-eabi/lib/armv7-m\libg_nano.a(lib_a-nano-vfprintf_i.o)
 .debug_frame   0x0000622c       0x28 c:/program files (x86)/cypress/psoc creator/4.0/psoc creator/import/gnu/arm/4.9.3/bin/../lib/gcc/arm-none-eabi/4.9.3/../../../../arm-none-eabi/lib/armv7-m\libg_nano.a(lib_a-memchr.o)
 .debug_frame   0x00006254       0x28 c:/program files (x86)/cypress/psoc creator/4.0/psoc creator/import/gnu/arm/4.9.3/bin/../lib/gcc/arm-none-eabi/4.9.3/../../../../arm-none-eabi/lib/armv7-m\libg_nano.a(lib_a-memmove.o)
 .debug_frame   0x0000627c       0x2c c:/program files (x86)/cypress/psoc creator/4.0/psoc creator/import/gnu/arm/4.9.3/bin/../lib/gcc/arm-none-eabi/4.9.3/../../../../arm-none-eabi/lib/armv7-m\libg_nano.a(lib_a-nano-freer.o)
 .debug_frame   0x000062a8       0x2c c:/program files (x86)/cypress/psoc creator/4.0/psoc creator/import/gnu/arm/4.9.3/bin/../lib/gcc/arm-none-eabi/4.9.3/../../../../arm-none-eabi/lib/armv7-m\libg_nano.a(lib_a-nano-mallocr.o)
 .debug_frame   0x000062d4       0x3c c:/program files (x86)/cypress/psoc creator/4.0/psoc creator/import/gnu/arm/4.9.3/bin/../lib/gcc/arm-none-eabi/4.9.3/../../../../arm-none-eabi/lib/armv7-m\libg_nano.a(lib_a-nano-reallocr.o)
 .debug_frame   0x00006310       0x2c c:/program files (x86)/cypress/psoc creator/4.0/psoc creator/import/gnu/arm/4.9.3/bin/../lib/gcc/arm-none-eabi/4.9.3/../../../../arm-none-eabi/lib/armv7-m\libg_nano.a(lib_a-sbrkr.o)
 .debug_frame   0x0000633c       0x20 c:/program files (x86)/cypress/psoc creator/4.0/psoc creator/import/gnu/arm/4.9.3/bin/../lib/gcc/arm-none-eabi/4.9.3/../../../../arm-none-eabi/lib/armv7-m\libg_nano.a(lib_a-nano-msizer.o)
 .debug_frame   0x0000635c       0x5c c:/program files (x86)/cypress/psoc creator/4.0/psoc creator/import/gnu/arm/4.9.3/bin/../lib/gcc/arm-none-eabi/4.9.3/../../../../arm-none-eabi/lib/armv7-m\libg_nano.a(lib_a-reent.o)

.debug_str      0x00000000     0x4d3a
 *(.debug_str)
 .debug_str     0x00000000      0x2ff .\ARM_GCC_493\Debug\main.o
                                0x37e (size before relaxing)
 .debug_str     0x000002ff      0x207 .\ARM_GCC_493\Debug\LiquidCrystal_I2C.o
                                0x3e9 (size before relaxing)
 .debug_str     0x00000506       0xbd .\ARM_GCC_493\Debug\i2cFunctions.o
                                0x264 (size before relaxing)
 .debug_str     0x000005c3       0x89 .\ARM_GCC_493\Debug\functions.o
                                0x2c6 (size before relaxing)
 .debug_str     0x0000064c     0x1cab .\ARM_GCC_493\Debug\mpu6050.o
                               0x1e86 (size before relaxing)
 .debug_str     0x000022f7       0x75 .\ARM_GCC_493\Debug\cymetadata.o
                                0x1da (size before relaxing)
 .debug_str     0x0000236c      0x12c .\ARM_GCC_493\Debug\Cm3Start.o
                                0x2bb (size before relaxing)
 .debug_str     0x00002498      0x1c8 .\ARM_GCC_493\Debug\OVac.a(cyfitter_cfg.o)
                                0x368 (size before relaxing)
 .debug_str     0x00002660      0x7cd .\ARM_GCC_493\Debug\OVac.a(CyLib.o)
                                0x9ce (size before relaxing)
 .debug_str     0x00002e2d      0x365 .\ARM_GCC_493\Debug\OVac.a(cyPm.o)
                                0x51b (size before relaxing)
 .debug_str     0x00003192      0x2ee .\ARM_GCC_493\Debug\OVac.a(ADC.o)
                                0x4c3 (size before relaxing)
 .debug_str     0x00003480       0x45 .\ARM_GCC_493\Debug\OVac.a(ADC_INT.o)
                                0x1a4 (size before relaxing)
 .debug_str     0x000034c5       0x6f .\ARM_GCC_493\Debug\OVac.a(ADC_AMux.o)
                                0x1d3 (size before relaxing)
 .debug_str     0x00003534      0x1ae .\ARM_GCC_493\Debug\OVac.a(ADC_Ext_CP_Clk.o)
                                0x332 (size before relaxing)
 .debug_str     0x000036e2      0x18a .\ARM_GCC_493\Debug\OVac.a(ADC_theACLK.o)
                                0x351 (size before relaxing)
 .debug_str     0x0000386c      0x2a6 .\ARM_GCC_493\Debug\OVac.a(I2C_Master_MASTER.o)
                                0x429 (size before relaxing)
 .debug_str     0x00003b12      0x1ca .\ARM_GCC_493\Debug\OVac.a(Sample_Timer.o)
                                0x349 (size before relaxing)
 .debug_str     0x00003cdc      0x12c .\ARM_GCC_493\Debug\OVac.a(Sample_ISR.o)
                                0x2d0 (size before relaxing)
 .debug_str     0x00003e08       0x7f .\ARM_GCC_493\Debug\OVac.a(Solenoid_1.o)
                                0x1eb (size before relaxing)
 .debug_str     0x00003e87       0x56 .\ARM_GCC_493\Debug\OVac.a(LED2.o)
                                0x1cd (size before relaxing)
 .debug_str     0x00003edd      0x20a .\ARM_GCC_493\Debug\OVac.a(Countdown_timer.o)
                                0x3a6 (size before relaxing)
 .debug_str     0x000040e7      0x11e .\ARM_GCC_493\Debug\OVac.a(countdown.o)
                                0x2c2 (size before relaxing)
 .debug_str     0x00004205       0x60 .\ARM_GCC_493\Debug\OVac.a(LED2_1.o)
                                0x1d7 (size before relaxing)
 .debug_str     0x00004265       0x56 .\ARM_GCC_493\Debug\OVac.a(LED7.o)
                                0x1cd (size before relaxing)
 .debug_str     0x000042bb       0x74 .\ARM_GCC_493\Debug\OVac.a(Solenoid_2.o)
                                0x1eb (size before relaxing)
 .debug_str     0x0000432f      0x11a .\ARM_GCC_493\Debug\OVac.a(Comp.o)
                                0x298 (size before relaxing)
 .debug_str     0x00004449      0x25f .\ARM_GCC_493\Debug\OVac.a(UART.o)
                                0x405 (size before relaxing)
 .debug_str     0x000046a8      0x148 .\ARM_GCC_493\Debug\OVac.a(rx_interrupt.o)
                                0x2ec (size before relaxing)
 .debug_str     0x000047f0      0x15f .\ARM_GCC_493\Debug\OVac.a(UART_IntClock.o)
                                0x326 (size before relaxing)
 .debug_str     0x0000494f      0x13e .\ARM_GCC_493\Debug\OVac.a(CyFlash.o)
                                0x2da (size before relaxing)
 .debug_str     0x00004a8d      0x11f .\ARM_GCC_493\Debug\OVac.a(CySpc.o)
                                0x2d7 (size before relaxing)
 .debug_str     0x00004bac       0xd7 .\ARM_GCC_493\Debug\OVac.a(I2C_Master.o)
                                0x2be (size before relaxing)
 .debug_str     0x00004c83       0x3e .\ARM_GCC_493\Debug\OVac.a(I2C_Master_INT.o)
                                0x289 (size before relaxing)
 .debug_str     0x00004cc1       0x79 .\ARM_GCC_493\Debug\OVac.a(I2C_Master_PM.o)
                                0x251 (size before relaxing)

.debug_loc
 *(.debug_loc)

.debug_macinfo
 *(.debug_macinfo)

.debug_ranges   0x00000000     0x15d0
 *(.debug_ranges)
 .debug_ranges  0x00000000       0x30 .\ARM_GCC_493\Debug\main.o
 .debug_ranges  0x00000030       0xf8 .\ARM_GCC_493\Debug\LiquidCrystal_I2C.o
 .debug_ranges  0x00000128       0x58 .\ARM_GCC_493\Debug\i2cFunctions.o
 .debug_ranges  0x00000180       0x30 .\ARM_GCC_493\Debug\functions.o
 .debug_ranges  0x000001b0      0x828 .\ARM_GCC_493\Debug\mpu6050.o
 .debug_ranges  0x000009d8       0x38 .\ARM_GCC_493\Debug\Cm3Start.o
 .debug_ranges  0x00000a10       0x60 .\ARM_GCC_493\Debug\OVac.a(cyfitter_cfg.o)
 .debug_ranges  0x00000a70      0x290 .\ARM_GCC_493\Debug\OVac.a(CyLib.o)
 .debug_ranges  0x00000d00       0x88 .\ARM_GCC_493\Debug\OVac.a(cyPm.o)
 .debug_ranges  0x00000d88       0xd8 .\ARM_GCC_493\Debug\OVac.a(ADC.o)
 .debug_ranges  0x00000e60       0x28 .\ARM_GCC_493\Debug\OVac.a(ADC_INT.o)
 .debug_ranges  0x00000e88       0x20 .\ARM_GCC_493\Debug\OVac.a(ADC_AMux.o)
 .debug_ranges  0x00000ea8       0x60 .\ARM_GCC_493\Debug\OVac.a(ADC_Ext_CP_Clk.o)
 .debug_ranges  0x00000f08       0x70 .\ARM_GCC_493\Debug\OVac.a(ADC_theACLK.o)
 .debug_ranges  0x00000f78       0x70 .\ARM_GCC_493\Debug\OVac.a(I2C_Master_MASTER.o)
 .debug_ranges  0x00000fe8       0x78 .\ARM_GCC_493\Debug\OVac.a(Sample_Timer.o)
 .debug_ranges  0x00001060       0x70 .\ARM_GCC_493\Debug\OVac.a(Sample_ISR.o)
 .debug_ranges  0x000010d0       0x28 .\ARM_GCC_493\Debug\OVac.a(Solenoid_1.o)
 .debug_ranges  0x000010f8       0x28 .\ARM_GCC_493\Debug\OVac.a(LED2.o)
 .debug_ranges  0x00001120       0x80 .\ARM_GCC_493\Debug\OVac.a(Countdown_timer.o)
 .debug_ranges  0x000011a0       0x70 .\ARM_GCC_493\Debug\OVac.a(countdown.o)
 .debug_ranges  0x00001210       0x28 .\ARM_GCC_493\Debug\OVac.a(LED2_1.o)
 .debug_ranges  0x00001238       0x28 .\ARM_GCC_493\Debug\OVac.a(LED7.o)
 .debug_ranges  0x00001260       0x28 .\ARM_GCC_493\Debug\OVac.a(Solenoid_2.o)
 .debug_ranges  0x00001288       0x60 .\ARM_GCC_493\Debug\OVac.a(Comp.o)
 .debug_ranges  0x000012e8       0xe0 .\ARM_GCC_493\Debug\OVac.a(UART.o)
 .debug_ranges  0x000013c8       0x70 .\ARM_GCC_493\Debug\OVac.a(rx_interrupt.o)
 .debug_ranges  0x00001438       0x60 .\ARM_GCC_493\Debug\OVac.a(UART_IntClock.o)
 .debug_ranges  0x00001498       0x70 .\ARM_GCC_493\Debug\OVac.a(CyFlash.o)
 .debug_ranges  0x00001508       0x68 .\ARM_GCC_493\Debug\OVac.a(CySpc.o)
 .debug_ranges  0x00001570       0x28 .\ARM_GCC_493\Debug\OVac.a(I2C_Master.o)
 .debug_ranges  0x00001598       0x10 .\ARM_GCC_493\Debug\OVac.a(I2C_Master_INT.o)
 .debug_ranges  0x000015a8       0x28 .\ARM_GCC_493\Debug\OVac.a(I2C_Master_PM.o)

.comment        0x00000000       0x70
 .comment       0x00000000       0x70 .\ARM_GCC_493\Debug\main.o
                                 0x71 (size before relaxing)
 .comment       0x00000000       0x71 .\ARM_GCC_493\Debug\LiquidCrystal_I2C.o
 .comment       0x00000000       0x71 .\ARM_GCC_493\Debug\i2cFunctions.o
 .comment       0x00000000       0x71 .\ARM_GCC_493\Debug\functions.o
 .comment       0x00000000       0x71 .\ARM_GCC_493\Debug\mpu6050.o
 .comment       0x00000000       0x71 .\ARM_GCC_493\Debug\cymetadata.o
 .comment       0x00000000       0x71 .\ARM_GCC_493\Debug\Cm3Start.o
 .comment       0x00000000       0x71 .\ARM_GCC_493\Debug\OVac.a(cyfitter_cfg.o)
 .comment       0x00000000       0x71 .\ARM_GCC_493\Debug\OVac.a(CyLib.o)
 .comment       0x00000000       0x71 .\ARM_GCC_493\Debug\OVac.a(cyPm.o)
 .comment       0x00000000       0x71 .\ARM_GCC_493\Debug\OVac.a(ADC.o)
 .comment       0x00000000       0x71 .\ARM_GCC_493\Debug\OVac.a(ADC_INT.o)
 .comment       0x00000000       0x71 .\ARM_GCC_493\Debug\OVac.a(ADC_AMux.o)
 .comment       0x00000000       0x71 .\ARM_GCC_493\Debug\OVac.a(ADC_Ext_CP_Clk.o)
 .comment       0x00000000       0x71 .\ARM_GCC_493\Debug\OVac.a(ADC_theACLK.o)
 .comment       0x00000000       0x71 .\ARM_GCC_493\Debug\OVac.a(I2C_Master_MASTER.o)
 .comment       0x00000000       0x71 .\ARM_GCC_493\Debug\OVac.a(Sample_Timer.o)
 .comment       0x00000000       0x71 .\ARM_GCC_493\Debug\OVac.a(Sample_ISR.o)
 .comment       0x00000000       0x71 .\ARM_GCC_493\Debug\OVac.a(Solenoid_1.o)
 .comment       0x00000000       0x71 .\ARM_GCC_493\Debug\OVac.a(LED2.o)
 .comment       0x00000000       0x71 .\ARM_GCC_493\Debug\OVac.a(Countdown_timer.o)
 .comment       0x00000000       0x71 .\ARM_GCC_493\Debug\OVac.a(countdown.o)
 .comment       0x00000000       0x71 .\ARM_GCC_493\Debug\OVac.a(LED2_1.o)
 .comment       0x00000000       0x71 .\ARM_GCC_493\Debug\OVac.a(LED7.o)
 .comment       0x00000000       0x71 .\ARM_GCC_493\Debug\OVac.a(Solenoid_2.o)
 .comment       0x00000000       0x71 .\ARM_GCC_493\Debug\OVac.a(Comp.o)
 .comment       0x00000000       0x71 .\ARM_GCC_493\Debug\OVac.a(UART.o)
 .comment       0x00000000       0x71 .\ARM_GCC_493\Debug\OVac.a(rx_interrupt.o)
 .comment       0x00000000       0x71 .\ARM_GCC_493\Debug\OVac.a(UART_IntClock.o)
 .comment       0x00000000       0x71 .\ARM_GCC_493\Debug\OVac.a(CyFlash.o)
 .comment       0x00000000       0x71 .\ARM_GCC_493\Debug\OVac.a(CySpc.o)
 .comment       0x00000000       0x71 .\ARM_GCC_493\Debug\OVac.a(I2C_Master.o)
 .comment       0x00000000       0x71 .\ARM_GCC_493\Debug\OVac.a(I2C_Master_INT.o)
 .comment       0x00000000       0x71 .\ARM_GCC_493\Debug\OVac.a(I2C_Master_PM.o)

.debug_weaknames
 *(.debug_weaknames)

.debug_funcnames
 *(.debug_funcnames)

.debug_typenames
 *(.debug_typenames)

.debug_varnames
 *(.debug_varnames)

.note.gnu.arm.ident
 *(.note.gnu.arm.ident)

.ARM.attributes
                0x00000000       0x29
 *(.ARM.attributes)
 .ARM.attributes
                0x00000000       0x1d c:/program files (x86)/cypress/psoc creator/4.0/psoc creator/import/gnu/arm/4.9.3/bin/../lib/gcc/arm-none-eabi/4.9.3/armv7-m/crti.o
 .ARM.attributes
                0x0000001d       0x2d c:/program files (x86)/cypress/psoc creator/4.0/psoc creator/import/gnu/arm/4.9.3/bin/../lib/gcc/arm-none-eabi/4.9.3/armv7-m/crtbegin.o
 .ARM.attributes
                0x0000004a       0x1b c:/program files (x86)/cypress/psoc creator/4.0/psoc creator/import/gnu/arm/4.9.3/bin/../lib/gcc/arm-none-eabi/4.9.3/../../../../arm-none-eabi/lib/armv7-m/crt0.o
 .ARM.attributes
                0x00000065       0x33 .\ARM_GCC_493\Debug\main.o
 .ARM.attributes
                0x00000098       0x33 .\ARM_GCC_493\Debug\LiquidCrystal_I2C.o
 .ARM.attributes
                0x000000cb       0x33 .\ARM_GCC_493\Debug\i2cFunctions.o
 .ARM.attributes
                0x000000fe       0x33 .\ARM_GCC_493\Debug\functions.o
 .ARM.attributes
                0x00000131       0x33 .\ARM_GCC_493\Debug\mpu6050.o
 .ARM.attributes
                0x00000164       0x33 .\ARM_GCC_493\Debug\cymetadata.o
 .ARM.attributes
                0x00000197       0x33 .\ARM_GCC_493\Debug\Cm3Start.o
 .ARM.attributes
                0x000001ca       0x33 .\ARM_GCC_493\Debug\OVac.a(cyfitter_cfg.o)
 .ARM.attributes
                0x000001fd       0x33 .\ARM_GCC_493\Debug\OVac.a(CyLib.o)
 .ARM.attributes
                0x00000230       0x33 .\ARM_GCC_493\Debug\OVac.a(cyPm.o)
 .ARM.attributes
                0x00000263       0x33 .\ARM_GCC_493\Debug\OVac.a(ADC.o)
 .ARM.attributes
                0x00000296       0x33 .\ARM_GCC_493\Debug\OVac.a(ADC_INT.o)
 .ARM.attributes
                0x000002c9       0x33 .\ARM_GCC_493\Debug\OVac.a(ADC_AMux.o)
 .ARM.attributes
                0x000002fc       0x33 .\ARM_GCC_493\Debug\OVac.a(ADC_Ext_CP_Clk.o)
 .ARM.attributes
                0x0000032f       0x33 .\ARM_GCC_493\Debug\OVac.a(ADC_theACLK.o)
 .ARM.attributes
                0x00000362       0x33 .\ARM_GCC_493\Debug\OVac.a(I2C_Master_MASTER.o)
 .ARM.attributes
                0x00000395       0x33 .\ARM_GCC_493\Debug\OVac.a(Sample_Timer.o)
 .ARM.attributes
                0x000003c8       0x33 .\ARM_GCC_493\Debug\OVac.a(Sample_ISR.o)
 .ARM.attributes
                0x000003fb       0x33 .\ARM_GCC_493\Debug\OVac.a(Solenoid_1.o)
 .ARM.attributes
                0x0000042e       0x33 .\ARM_GCC_493\Debug\OVac.a(LED2.o)
 .ARM.attributes
                0x00000461       0x33 .\ARM_GCC_493\Debug\OVac.a(Countdown_timer.o)
 .ARM.attributes
                0x00000494       0x33 .\ARM_GCC_493\Debug\OVac.a(countdown.o)
 .ARM.attributes
                0x000004c7       0x33 .\ARM_GCC_493\Debug\OVac.a(LED2_1.o)
 .ARM.attributes
                0x000004fa       0x33 .\ARM_GCC_493\Debug\OVac.a(LED7.o)
 .ARM.attributes
                0x0000052d       0x33 .\ARM_GCC_493\Debug\OVac.a(Solenoid_2.o)
 .ARM.attributes
                0x00000560       0x33 .\ARM_GCC_493\Debug\OVac.a(Comp.o)
 .ARM.attributes
                0x00000593       0x33 .\ARM_GCC_493\Debug\OVac.a(UART.o)
 .ARM.attributes
                0x000005c6       0x33 .\ARM_GCC_493\Debug\OVac.a(rx_interrupt.o)
 .ARM.attributes
                0x000005f9       0x33 .\ARM_GCC_493\Debug\OVac.a(UART_IntClock.o)
 .ARM.attributes
                0x0000062c       0x21 .\ARM_GCC_493\Debug\OVac.a(CyBootAsmGnu.o)
 .ARM.attributes
                0x0000064d       0x33 .\ARM_GCC_493\Debug\OVac.a(CyFlash.o)
 .ARM.attributes
                0x00000680       0x33 .\ARM_GCC_493\Debug\OVac.a(CySpc.o)
 .ARM.attributes
                0x000006b3       0x33 .\ARM_GCC_493\Debug\OVac.a(I2C_Master.o)
 .ARM.attributes
                0x000006e6       0x33 .\ARM_GCC_493\Debug\OVac.a(I2C_Master_INT.o)
 .ARM.attributes
                0x00000719       0x33 .\ARM_GCC_493\Debug\OVac.a(I2C_Master_PM.o)
 .ARM.attributes
                0x0000074c       0x1d c:/program files (x86)/cypress/psoc creator/4.0/psoc creator/import/gnu/arm/4.9.3/bin/../lib/gcc/arm-none-eabi/4.9.3/armv7-m\libgcc.a(_arm_addsubdf3.o)
 .ARM.attributes
                0x00000769       0x1d c:/program files (x86)/cypress/psoc creator/4.0/psoc creator/import/gnu/arm/4.9.3/bin/../lib/gcc/arm-none-eabi/4.9.3/armv7-m\libgcc.a(_arm_muldivdf3.o)
 .ARM.attributes
                0x00000786       0x1d c:/program files (x86)/cypress/psoc creator/4.0/psoc creator/import/gnu/arm/4.9.3/bin/../lib/gcc/arm-none-eabi/4.9.3/armv7-m\libgcc.a(_arm_cmpdf2.o)
 .ARM.attributes
                0x000007a3       0x1d c:/program files (x86)/cypress/psoc creator/4.0/psoc creator/import/gnu/arm/4.9.3/bin/../lib/gcc/arm-none-eabi/4.9.3/armv7-m\libgcc.a(_arm_truncdfsf2.o)
 .ARM.attributes
                0x000007c0       0x1d c:/program files (x86)/cypress/psoc creator/4.0/psoc creator/import/gnu/arm/4.9.3/bin/../lib/gcc/arm-none-eabi/4.9.3/armv7-m\libgcc.a(_arm_addsubsf3.o)
 .ARM.attributes
                0x000007dd       0x1d c:/program files (x86)/cypress/psoc creator/4.0/psoc creator/import/gnu/arm/4.9.3/bin/../lib/gcc/arm-none-eabi/4.9.3/armv7-m\libgcc.a(_arm_muldivsf3.o)
 .ARM.attributes
                0x000007fa       0x1d c:/program files (x86)/cypress/psoc creator/4.0/psoc creator/import/gnu/arm/4.9.3/bin/../lib/gcc/arm-none-eabi/4.9.3/armv7-m\libgcc.a(_arm_fixsfsi.o)
 .ARM.attributes
                0x00000817       0x1d c:/program files (x86)/cypress/psoc creator/4.0/psoc creator/import/gnu/arm/4.9.3/bin/../lib/gcc/arm-none-eabi/4.9.3/armv7-m\libgcc.a(_arm_fixunssfsi.o)
 .ARM.attributes
                0x00000834       0x2d c:/program files (x86)/cypress/psoc creator/4.0/psoc creator/import/gnu/arm/4.9.3/bin/../lib/gcc/arm-none-eabi/4.9.3/../../../../arm-none-eabi/lib/armv7-m\libg_nano.a(lib_a-errno.o)
 .ARM.attributes
                0x00000861       0x2d c:/program files (x86)/cypress/psoc creator/4.0/psoc creator/import/gnu/arm/4.9.3/bin/../lib/gcc/arm-none-eabi/4.9.3/../../../../arm-none-eabi/lib/armv7-m\libg_nano.a(lib_a-exit.o)
 .ARM.attributes
                0x0000088e       0x2d c:/program files (x86)/cypress/psoc creator/4.0/psoc creator/import/gnu/arm/4.9.3/bin/../lib/gcc/arm-none-eabi/4.9.3/../../../../arm-none-eabi/lib/armv7-m\libg_nano.a(lib_a-impure.o)
 .ARM.attributes
                0x000008bb       0x2d c:/program files (x86)/cypress/psoc creator/4.0/psoc creator/import/gnu/arm/4.9.3/bin/../lib/gcc/arm-none-eabi/4.9.3/../../../../arm-none-eabi/lib/armv7-m\libg_nano.a(lib_a-init.o)
 .ARM.attributes
                0x000008e8       0x2d c:/program files (x86)/cypress/psoc creator/4.0/psoc creator/import/gnu/arm/4.9.3/bin/../lib/gcc/arm-none-eabi/4.9.3/../../../../arm-none-eabi/lib/armv7-m\libg_nano.a(lib_a-memcpy.o)
 .ARM.attributes
                0x00000915       0x2d c:/program files (x86)/cypress/psoc creator/4.0/psoc creator/import/gnu/arm/4.9.3/bin/../lib/gcc/arm-none-eabi/4.9.3/../../../../arm-none-eabi/lib/armv7-m\libg_nano.a(lib_a-memset.o)
 .ARM.attributes
                0x00000942       0x2d c:/program files (x86)/cypress/psoc creator/4.0/psoc creator/import/gnu/arm/4.9.3/bin/../lib/gcc/arm-none-eabi/4.9.3/../../../../arm-none-eabi/lib/armv7-m\libg_nano.a(lib_a-sprintf.o)
 .ARM.attributes
                0x0000096f       0x2d c:/program files (x86)/cypress/psoc creator/4.0/psoc creator/import/gnu/arm/4.9.3/bin/../lib/gcc/arm-none-eabi/4.9.3/../../../../arm-none-eabi/lib/armv7-m\libg_nano.a(lib_a-strlen.o)
 .ARM.attributes
                0x0000099c       0x2d c:/program files (x86)/cypress/psoc creator/4.0/psoc creator/import/gnu/arm/4.9.3/bin/../lib/gcc/arm-none-eabi/4.9.3/../../../../arm-none-eabi/lib/armv7-m\libg_nano.a(lib_a-strncmp.o)
 .ARM.attributes
                0x000009c9       0x2d c:/program files (x86)/cypress/psoc creator/4.0/psoc creator/import/gnu/arm/4.9.3/bin/../lib/gcc/arm-none-eabi/4.9.3/../../../../arm-none-eabi/lib/armv7-m\libg_nano.a(lib_a-nano-svfprintf.o)
 .ARM.attributes
                0x000009f6       0x2d c:/program files (x86)/cypress/psoc creator/4.0/psoc creator/import/gnu/arm/4.9.3/bin/../lib/gcc/arm-none-eabi/4.9.3/../../../../arm-none-eabi/lib/armv7-m\libg_nano.a(lib_a-nano-vfprintf_i.o)
 .ARM.attributes
                0x00000a23       0x2d c:/program files (x86)/cypress/psoc creator/4.0/psoc creator/import/gnu/arm/4.9.3/bin/../lib/gcc/arm-none-eabi/4.9.3/../../../../arm-none-eabi/lib/armv7-m\libg_nano.a(lib_a-memchr.o)
 .ARM.attributes
                0x00000a50       0x2d c:/program files (x86)/cypress/psoc creator/4.0/psoc creator/import/gnu/arm/4.9.3/bin/../lib/gcc/arm-none-eabi/4.9.3/../../../../arm-none-eabi/lib/armv7-m\libg_nano.a(lib_a-memmove.o)
 .ARM.attributes
                0x00000a7d       0x2d c:/program files (x86)/cypress/psoc creator/4.0/psoc creator/import/gnu/arm/4.9.3/bin/../lib/gcc/arm-none-eabi/4.9.3/../../../../arm-none-eabi/lib/armv7-m\libg_nano.a(lib_a-nano-freer.o)
 .ARM.attributes
                0x00000aaa       0x2d c:/program files (x86)/cypress/psoc creator/4.0/psoc creator/import/gnu/arm/4.9.3/bin/../lib/gcc/arm-none-eabi/4.9.3/../../../../arm-none-eabi/lib/armv7-m\libg_nano.a(lib_a-nano-mallocr.o)
 .ARM.attributes
                0x00000ad7       0x2d c:/program files (x86)/cypress/psoc creator/4.0/psoc creator/import/gnu/arm/4.9.3/bin/../lib/gcc/arm-none-eabi/4.9.3/../../../../arm-none-eabi/lib/armv7-m\libg_nano.a(lib_a-nano-reallocr.o)
 .ARM.attributes
                0x00000b04       0x2d c:/program files (x86)/cypress/psoc creator/4.0/psoc creator/import/gnu/arm/4.9.3/bin/../lib/gcc/arm-none-eabi/4.9.3/../../../../arm-none-eabi/lib/armv7-m\libg_nano.a(lib_a-sbrkr.o)
 .ARM.attributes
                0x00000b31       0x2d c:/program files (x86)/cypress/psoc creator/4.0/psoc creator/import/gnu/arm/4.9.3/bin/../lib/gcc/arm-none-eabi/4.9.3/../../../../arm-none-eabi/lib/armv7-m\libg_nano.a(lib_a-nano-msizer.o)
 .ARM.attributes
                0x00000b5e       0x2d c:/program files (x86)/cypress/psoc creator/4.0/psoc creator/import/gnu/arm/4.9.3/bin/../lib/gcc/arm-none-eabi/4.9.3/../../../../arm-none-eabi/lib/armv7-m\libg_nano.a(lib_a-reent.o)
 .ARM.attributes
                0x00000b8b       0x2d c:/program files (x86)/cypress/psoc creator/4.0/psoc creator/import/gnu/arm/4.9.3/bin/../lib/gcc/arm-none-eabi/4.9.3/armv7-m/crtend.o
 .ARM.attributes
                0x00000bb8       0x1d c:/program files (x86)/cypress/psoc creator/4.0/psoc creator/import/gnu/arm/4.9.3/bin/../lib/gcc/arm-none-eabi/4.9.3/armv7-m/crtn.o

/DISCARD/
 *(.note.GNU-stack)
OUTPUT(.\ARM_GCC_493\Debug\OVac.elf elf32-littlearm)
