Archive member included because of file (symbol)

.\ARM_GCC_493\Debug\OVac.a(cyfitter_cfg.o)
                              .\ARM_GCC_493\Debug\Cm3Start.o (cyfitter_cfg)
.\ARM_GCC_493\Debug\OVac.a(CyLib.o)
                              .\ARM_GCC_493\Debug\Cm3Start.o (CyResetStatus)
.\ARM_GCC_493\Debug\OVac.a(cyPm.o)
                              .\ARM_GCC_493\Debug\OVac.a(CyLib.o) (CyPmReadStatus)
.\ARM_GCC_493\Debug\OVac.a(ADC.o)
                              .\ARM_GCC_493\Debug\main.o (ADC_Start)
.\ARM_GCC_493\Debug\OVac.a(ADC_INT.o)
                              .\ARM_GCC_493\Debug\OVac.a(ADC.o) (ADC_ISR1)
.\ARM_GCC_493\Debug\OVac.a(ADC_AMux.o)
                              .\ARM_GCC_493\Debug\OVac.a(ADC.o) (ADC_AMux_Select)
.\ARM_GCC_493\Debug\OVac.a(ADC_Ext_CP_Clk.o)
                              .\ARM_GCC_493\Debug\OVac.a(ADC.o) (ADC_Ext_CP_Clk_SetDividerRegister)
.\ARM_GCC_493\Debug\OVac.a(ADC_theACLK.o)
                              .\ARM_GCC_493\Debug\OVac.a(ADC.o) (ADC_theACLK_SetDividerRegister)
.\ARM_GCC_493\Debug\OVac.a(I2C_Master.o)
                              .\ARM_GCC_493\Debug\main.o (I2C_Master_Start)
.\ARM_GCC_493\Debug\OVac.a(I2C_Master_INT.o)
                              .\ARM_GCC_493\Debug\OVac.a(I2C_Master.o) (I2C_Master_ISR)
.\ARM_GCC_493\Debug\OVac.a(I2C_Master_PM.o)
                              .\ARM_GCC_493\Debug\OVac.a(I2C_Master.o) (I2C_Master_backup)
.\ARM_GCC_493\Debug\OVac.a(I2C_Master_MASTER.o)
                              .\ARM_GCC_493\Debug\OVac.a(I2C_Master.o) (I2C_Master_mstrStatus)
.\ARM_GCC_493\Debug\OVac.a(Sample_Timer.o)
                              .\ARM_GCC_493\Debug\main.o (Sample_Timer_Start)
.\ARM_GCC_493\Debug\OVac.a(Sample_ISR.o)
                              .\ARM_GCC_493\Debug\main.o (Sample_ISR_StartEx)
.\ARM_GCC_493\Debug\OVac.a(Solenoid_1.o)
                              .\ARM_GCC_493\Debug\main.o (Solenoid_1_Write)
.\ARM_GCC_493\Debug\OVac.a(LED2.o)
                              .\ARM_GCC_493\Debug\main.o (LED2_Write)
.\ARM_GCC_493\Debug\OVac.a(Countdown_timer.o)
                              .\ARM_GCC_493\Debug\main.o (Countdown_timer_Start)
.\ARM_GCC_493\Debug\OVac.a(countdown.o)
                              .\ARM_GCC_493\Debug\main.o (countdown_StartEx)
.\ARM_GCC_493\Debug\OVac.a(LED2_1.o)
                              .\ARM_GCC_493\Debug\main.o (LED2_1_Write)
.\ARM_GCC_493\Debug\OVac.a(LED7.o)
                              .\ARM_GCC_493\Debug\main.o (LED7_Write)
.\ARM_GCC_493\Debug\OVac.a(Solenoid_2.o)
                              .\ARM_GCC_493\Debug\main.o (Solenoid_2_Write)
.\ARM_GCC_493\Debug\OVac.a(CyBootAsmGnu.o)
                              .\ARM_GCC_493\Debug\OVac.a(cyfitter_cfg.o) (CyDelayCycles)
.\ARM_GCC_493\Debug\OVac.a(CyFlash.o)
                              .\ARM_GCC_493\Debug\OVac.a(cyPm.o) (CyFlash_SetWaitCycles)
.\ARM_GCC_493\Debug\OVac.a(CySpc.o)
                              .\ARM_GCC_493\Debug\OVac.a(CyFlash.o) (CySpcStart)
.\emFile_V322c\LinkLibrary\PSoC5\GCC\libemf32nosnlfn.a(FAT_FormatSD.o)
                              .\ARM_GCC_493\Debug\main.o (FS_FormatSD)
.\emFile_V322c\LinkLibrary\PSoC5\GCC\libemf32nosnlfn.a(FAT_Misc.o)
                              .\emFile_V322c\LinkLibrary\PSoC5\GCC\libemf32nosnlfn.a(FAT_FormatSD.o) (FS_FAT_GetFATType)
.\emFile_V322c\LinkLibrary\PSoC5\GCC\libemf32nosnlfn.a(FAT_Open.o)
                              .\emFile_V322c\LinkLibrary\PSoC5\GCC\libemf32nosnlfn.a(FAT_Misc.o) (FS_FAT_InitDirEntryScan)
.\emFile_V322c\LinkLibrary\PSoC5\GCC\libemf32nosnlfn.a(FAT_Write.o)
                              .\emFile_V322c\LinkLibrary\PSoC5\GCC\libemf32nosnlfn.a(FAT_Misc.o) (FS_FAT_Close)
.\emFile_V322c\LinkLibrary\PSoC5\GCC\libemf32nosnlfn.a(FS_CLib.o)
                              .\emFile_V322c\LinkLibrary\PSoC5\GCC\libemf32nosnlfn.a(FAT_Open.o) (FS__CLIB_memcmp)
.\emFile_V322c\LinkLibrary\PSoC5\GCC\libemf32nosnlfn.a(FS_Core.o)
                              .\emFile_V322c\LinkLibrary\PSoC5\GCC\libemf32nosnlfn.a(FAT_FormatSD.o) (FS__DivideU32Up)
.\emFile_V322c\LinkLibrary\PSoC5\GCC\libemf32nosnlfn.a(FS_LogBlock.o)
                              .\emFile_V322c\LinkLibrary\PSoC5\GCC\libemf32nosnlfn.a(FAT_FormatSD.o) (FS_LB_GetStatus)
.\emFile_V322c\LinkLibrary\PSoC5\GCC\libemf32nosnlfn.a(FS_memcpy.o)
                              .\emFile_V322c\LinkLibrary\PSoC5\GCC\libemf32nosnlfn.a(FAT_Open.o) (FS_memcpy)
.\emFile_V322c\LinkLibrary\PSoC5\GCC\libemf32nosnlfn.a(FS_Misc.o)
                              .\emFile_V322c\LinkLibrary\PSoC5\GCC\libemf32nosnlfn.a(FAT_FormatSD.o) (FS__AllocSectorBuffer)
.\emFile_V322c\LinkLibrary\PSoC5\GCC\libemf32nosnlfn.a(FS_Storage.o)
                              .\ARM_GCC_493\Debug\main.o (FS_GetVolumeName)
.\emFile_V322c\LinkLibrary\PSoC5\GCC\libemf32nosnlfn.a(FS_Unmount.o)
                              .\emFile_V322c\LinkLibrary\PSoC5\GCC\libemf32nosnlfn.a(FS_Misc.o) (FS__UnmountForcedNL)
.\emFile_V322c\LinkLibrary\PSoC5\GCC\libemf32nosnlfn.a(FS_Volume.o)
[...]
Memory Configuration

Name             Origin             Length             Attributes
rom              0x00000000         0x00040000         xr
ram              0x1fff8000         0x00010000         xrw
*default*        0x00000000         0xffffffff

Linker script and memory map

LOAD c:/program files (x86)/cypress/psoc creator/4.0/psoc creator/import/gnu/arm/4.9.3/bin/../lib/gcc/arm-none-eabi/4.9.3/armv7-m/crti.o
LOAD c:/program files (x86)/cypress/psoc creator/4.0/psoc creator/import/gnu/arm/4.9.3/bin/../lib/gcc/arm-none-eabi/4.9.3/armv7-m/crtbegin.o
LOAD c:/program files (x86)/cypress/psoc creator/4.0/psoc creator/import/gnu/arm/4.9.3/bin/../lib/gcc/arm-none-eabi/4.9.3/../../../../arm-none-eabi/lib/armv7-m/crt0.o
START GROUP
LOAD .\ARM_GCC_493\Debug\main.o
LOAD .\ARM_GCC_493\Debug\LiquidCrystal_I2C.o
LOAD .\ARM_GCC_493\Debug\i2cFunctions.o
LOAD .\ARM_GCC_493\Debug\functions.o
LOAD .\ARM_GCC_493\Debug\mpu6050.o
LOAD .\ARM_GCC_493\Debug\cymetadata.o
LOAD .\ARM_GCC_493\Debug\Cm3Start.o
LOAD .\ARM_GCC_493\Debug\OVac.a
LOAD C:\Program Files (x86)\Cypress\PSoC Creator\4.0\PSoC Creator\psoc\content\cycomponentlibrary\CyComponentLibrary.cylib\CortexM3\ARM_GCC_493\Debug\CyComponentLibrary.a
LOAD .\emFile_V322c\LinkLibrary\PSoC5\GCC\libemf32nosnlfn.a
END GROUP
START GROUP
LOAD c:/program files (x86)/cypress/psoc creator/4.0/psoc creator/import/gnu/arm/4.9.3/bin/../lib/gcc/arm-none-eabi/4.9.3/armv7-m\libgcc.a
LOAD c:/program files (x86)/cypress/psoc creator/4.0/psoc creator/import/gnu/arm/4.9.3/bin/../lib/gcc/arm-none-eabi/4.9.3/../../../../arm-none-eabi/lib/armv7-m\libg_nano.a
LOAD c:/program files (x86)/cypress/psoc creator/4.0/psoc creator/import/gnu/arm/4.9.3/bin/../lib/gcc/arm-none-eabi/4.9.3/../../../../arm-none-eabi/lib/armv7-m\libc_nano.a
END GROUP
START GROUP
LOAD c:/program files (x86)/cypress/psoc creator/4.0/psoc creator/import/gnu/arm/4.9.3/bin/../lib/gcc/arm-none-eabi/4.9.3/armv7-m\libgcc.a
LOAD c:/program files (x86)/cypress/psoc creator/4.0/psoc creator/import/gnu/arm/4.9.3/bin/../lib/gcc/arm-none-eabi/4.9.3/../../../../arm-none-eabi/lib/armv7-m\libc_nano.a
END GROUP
LOAD c:/program files (x86)/cypress/psoc creator/4.0/psoc creator/import/gnu/arm/4.9.3/bin/../lib/gcc/arm-none-eabi/4.9.3/armv7-m/crtend.o
LOAD c:/program files (x86)/cypress/psoc creator/4.0/psoc creator/import/gnu/arm/4.9.3/bin/../lib/gcc/arm-none-eabi/4.9.3/armv7-m/crtn.o
START GROUP
LOAD c:/program files (x86)/cypress/psoc creator/4.0/psoc creator/import/gnu/arm/4.9.3/bin/../lib/gcc/arm-none-eabi/4.9.3/armv7-m\libgcc.a
LOAD c:/program files (x86)/cypress/psoc creator/4.0/psoc creator/import/gnu/arm/4.9.3/bin/../lib/gcc/arm-none-eabi/4.9.3/../../../../arm-none-eabi/lib/armv7-m\libc.a
LOAD c:/program files (x86)/cypress/psoc creator/4.0/psoc creator/import/gnu/arm/4.9.3/bin/../lib/gcc/arm-none-eabi/4.9.3/../../../../arm-none-eabi/lib/armv7-m\libnosys.a
END GROUP
                0x00000000                CY_APPL_ORIGIN = 0x0
                0x00000100                CY_FLASH_ROW_SIZE = 0x100
                0x00000020                CY_ECC_ROW_SIZE = 0x20
                0x00000000                CY_EE_IN_BTLDR = 0x0
                0x00000000                CY_APPL_LOADABLE = 0x0
                0x00000800                CY_EE_SIZE = 0x800
                0x00000001                CY_APPL_NUM = 0x1
                0x00000001                CY_APPL_MAX = 0x1
                0x00000040                CY_METADATA_SIZE = 0x40
                0x00000000                CY_APPL_LOADABLE = 0x0
                0x00000000                CY_CHECKSUM_EXCLUDE_SIZE = ALIGN (0x0, CY_FLASH_ROW_SIZE)
                0x1fff92f0                PROVIDE (__cy_heap_start, _end)
                0x00000001                PROVIDE (__cy_region_num, ((__cy_regions_end - __cy_regions) / 0x10))
                0x20008000                PROVIDE (__cy_stack, (ORIGIN (ram) + 0x10000))
                0x20007800                PROVIDE (__cy_heap_end, (__cy_stack - 0x800))

.cybootloader   0x00000000        0x0
 *(.cybootloader)
                0x00000000                appl1_start = CY_APPL_ORIGIN?CY_APPL_ORIGIN:ALIGN (CY_FLASH_ROW_SIZE)
                0x0001ff00                appl2_start = (appl1_start + ALIGN ((((0x40000 - appl1_start) - (0x2 * CY_FLASH_ROW_SIZE)) / 0x2), CY_FLASH_ROW_SIZE))
                0x00000000                appl_start = (CY_APPL_NUM == 0x1)?appl1_start:appl2_start
                0x00000000                ecc_offset = ((appl_start / CY_FLASH_ROW_SIZE) * CY_ECC_ROW_SIZE)
                0x00000000                ee_offset = (CY_APPL_LOADABLE && ! (CY_EE_IN_BTLDR))?((CY_EE_SIZE / CY_APPL_MAX) * (CY_APPL_NUM - 0x1)):0x0
                0x00000800                ee_size = (CY_APPL_LOADABLE && ! (CY_EE_IN_BTLDR))?(CY_EE_SIZE / CY_APPL_MAX):CY_EE_SIZE
                0x00000000                PROVIDE (CY_ECC_OFFSET, ecc_offset)

.text           0x00000000     0x7e58
 CREATE_OBJECT_SYMBOLS
                0x00000000                PROVIDE (__cy_interrupt_vector, RomVectors)
 *(.romvectors)
 .romvectors    0x00000000       0x10 .\ARM_GCC_493\Debug\Cm3Start.o
                0x00000000                RomVectors
                0x00000001                ASSERT ((. != __cy_interrupt_vector), No interrupt vector)
                0x00000001                ASSERT (CY_APPL_ORIGIN?(SIZEOF (.cybootloader) <= CY_APPL_ORIGIN):0x1, Wrong image location)
                0x00000010                PROVIDE (__cy_reset, Reset)
 *(.text.Reset)
 .text.Reset    0x00000010       0x18 .\ARM_GCC_493\Debug\Cm3Start.o
                0x00000010                Reset
                0x00000001                ASSERT ((. != __cy_reset), No reset code)
 *(.dma_init)
                0x00000001                ASSERT ((((appl_start + .) <= 0x10000) || 0x1), DMA Init must be within the first 64k of flash)
 *(.text .text.* .gnu.linkonce.t.*)
 .text          0x00000028       0x5c c:/program files (x86)/cypress/psoc creator/4.0/psoc creator/import/gnu/arm/4.9.3/bin/../lib/gcc/arm-none-eabi/4.9.3/armv7-m/crtbegin.o
 .text.Sample_ISR_Handler
                0x00000084       0x38 .\ARM_GCC_493\Debug\main.o
                0x00000084                Sample_ISR_Handler
 .text.Countdown_ISR_Handler
                0x000000bc       0x4c .\ARM_GCC_493\Debug\main.o
                0x000000bc                Countdown_ISR_Handler
 .text.main     0x00000108      0x6d0 .\ARM_GCC_493\Debug\main.o
                0x00000108                main
 .text.LiquidCrystal_I2C_init
                0x000007d8       0x5c .\ARM_GCC_493\Debug\LiquidCrystal_I2C.o
                0x000007d8                LiquidCrystal_I2C_init
 .text.begin    0x00000834       0xd8 .\ARM_GCC_493\Debug\LiquidCrystal_I2C.o
                0x00000834                begin
 .text.clear    0x0000090c       0x14 .\ARM_GCC_493\Debug\LiquidCrystal_I2C.o
                0x0000090c                clear
 .text.home     0x00000920       0x14 .\ARM_GCC_493\Debug\LiquidCrystal_I2C.o
                0x00000920                home
 .text.setCursor
                0x00000934       0x64 .\ARM_GCC_493\Debug\LiquidCrystal_I2C.o
                0x00000934                setCursor
 .text.display  0x00000998       0x2c .\ARM_GCC_493\Debug\LiquidCrystal_I2C.o
                0x00000998                display
 .text.command  0x000009c4       0x1c .\ARM_GCC_493\Debug\LiquidCrystal_I2C.o
                0x000009c4                command
 .text.write    0x000009e0       0x1c .\ARM_GCC_493\Debug\LiquidCrystal_I2C.o
                0x000009e0                write
 .text.send     0x000009fc       0x44 .\ARM_GCC_493\Debug\LiquidCrystal_I2C.o
                0x000009fc                send
 .text.write4bits
                0x00000a40       0x24 .\ARM_GCC_493\Debug\LiquidCrystal_I2C.o
                0x00000a40                write4bits
 .text.expanderWrite
                0x00000a64       0x30 .\ARM_GCC_493\Debug\LiquidCrystal_I2C.o
                0x00000a64                expanderWrite
 .text.pulseEnable
                0x00000a94       0x3c .\ARM_GCC_493\Debug\LiquidCrystal_I2C.o
                0x00000a94                pulseEnable
 .text.LCD_print
                0x00000ad0       0x40 .\ARM_GCC_493\Debug\LiquidCrystal_I2C.o
                0x00000ad0                LCD_print
 .text.I2C_M_write_byte
                0x00000b10       0x30 .\ARM_GCC_493\Debug\LiquidCrystal_I2C.o
                0x00000b10                I2C_M_write_byte
 .text.I2CReadBytes
                0x00000b40       0x70 .\ARM_GCC_493\Debug\i2cFunctions.o
                0x00000b40                I2CReadBytes
 .text.I2CReadByte
                0x00000bb0       0x28 .\ARM_GCC_493\Debug\i2cFunctions.o
                0x00000bb0                I2CReadByte
 .text.I2CWriteBytes
                0x00000bd8       0x50 .\ARM_GCC_493\Debug\i2cFunctions.o
                0x00000bd8                I2CWriteBytes
 .text.I2CWriteByte
                0x00000c28       0x28 .\ARM_GCC_493\Debug\i2cFunctions.o
                0x00000c28                I2CWriteByte
 .text.I2CWriteBits
                0x00000c50       0x9c .\ARM_GCC_493\Debug\i2cFunctions.o
                0x00000c50                I2CWriteBits
 .text.I2CWriteBit
                0x00000cec       0x7c .\ARM_GCC_493\Debug\i2cFunctions.o
                0x00000cec                I2CWriteBit
 .text.ComputeMA
                0x00000d68       0x50 .\ARM_GCC_493\Debug\functions.o
                0x00000d68                ComputeMA
 .text.MPU6050_init
                0x00000db8       0x18 .\ARM_GCC_493\Debug\mpu6050.o
                0x00000db8                MPU6050_init
 .text.MPU6050_initialize
                0x00000dd0       0x20 .\ARM_GCC_493\Debug\mpu6050.o
                0x00000dd0                MPU6050_initialize
 .text.MPU6050_setFullScaleGyroRange
                0x00000df0       0x28 .\ARM_GCC_493\Debug\mpu6050.o
                0x00000df0                MPU6050_setFullScaleGyroRange
 .text.MPU6050_setFullScaleAccelRange
                0x00000e18       0x28 .\ARM_GCC_493\Debug\mpu6050.o
                0x00000e18                MPU6050_setFullScaleAccelRange
 .text.MPU6050_getAccelerationZ
                0x00000e40       0x34 .\ARM_GCC_493\Debug\mpu6050.o
                0x00000e40                MPU6050_getAccelerationZ
 .text.MPU6050_setSleepEnabled
                0x00000e74       0x24 .\ARM_GCC_493\Debug\mpu6050.o
                0x00000e74                MPU6050_setSleepEnabled
 .text.MPU6050_setClockSource
                0x00000e98       0x28 .\ARM_GCC_493\Debug\mpu6050.o
                0x00000e98                MPU6050_setClockSource
 .text.IntDefaultHandler
                0x00000ec0       0x14 .\ARM_GCC_493\Debug\Cm3Start.o
                0x00000ec0                IntDefaultHandler
 .text._sbrk    0x00000ed4       0x50 .\ARM_GCC_493\Debug\Cm3Start.o
                0x00000ed4                _sbrk
 .text.Start_c  0x00000f24       0x98 .\ARM_GCC_493\Debug\Cm3Start.o
                0x00000f24                Start_c
 .text.initialize_psoc
                0x00000fbc       0x8c .\ARM_GCC_493\Debug\Cm3Start.o
                0x00000fbc                initialize_psoc
 .text.CYMEMZERO
                0x00001048       0x1c .\ARM_GCC_493\Debug\OVac.a(cyfitter_cfg.o)
 .text.CYCONFIGCPY
                0x00001064       0x1c .\ARM_GCC_493\Debug\OVac.a(cyfitter_cfg.o)
 .text.CyClockStartupError
                0x00001080        0xc .\ARM_GCC_493\Debug\OVac.a(cyfitter_cfg.o)
 .text.cfg_write_bytes32
                0x0000108c       0x74 .\ARM_GCC_493\Debug\OVac.a(cyfitter_cfg.o)
 .text.ClockSetup
                0x00001100      0x16c .\ARM_GCC_493\Debug\OVac.a(cyfitter_cfg.o)
 .text.AnalogSetDefault
                0x0000126c       0x60 .\ARM_GCC_493\Debug\OVac.a(cyfitter_cfg.o)
 .text.ADC_AMux_Set
                0x000012cc       0x40 .\ARM_GCC_493\Debug\OVac.a(cyfitter_cfg.o)
                0x000012cc                ADC_AMux_Set
 .text.ADC_AMux_Unset
                0x0000130c       0x44 .\ARM_GCC_493\Debug\OVac.a(cyfitter_cfg.o)
                0x0000130c                ADC_AMux_Unset
 .text.cyfitter_cfg
                0x00001350      0x198 .\ARM_GCC_493\Debug\OVac.a(cyfitter_cfg.o)
                0x00001350                cyfitter_cfg
 .text.CyHalt   0x000014e8       0x18 .\ARM_GCC_493\Debug\OVac.a(CyLib.o)
                0x000014e8                CyHalt
 .text.CyDelay  0x00001500       0x44 .\ARM_GCC_493\Debug\OVac.a(CyLib.o)
                0x00001500                CyDelay
 .text.CyDelayUs
                0x00001544       0x24 .\ARM_GCC_493\Debug\OVac.a(CyLib.o)
                0x00001544                CyDelayUs
 .text.CyIntSetVector
                0x00001568       0x50 .\ARM_GCC_493\Debug\OVac.a(CyLib.o)
                0x00001568                CyIntSetVector
 .text.CyIntSetPriority
                0x000015b8       0x44 .\ARM_GCC_493\Debug\OVac.a(CyLib.o)
                0x000015b8                CyIntSetPriority
 .text.ADC_Init
                0x000015fc      0x158 .\ARM_GCC_493\Debug\OVac.a(ADC.o)
                0x000015fc                ADC_Init
 .text.ADC_Enable
                0x00001754      0x158 .\ARM_GCC_493\Debug\OVac.a(ADC.o)
                0x00001754                ADC_Enable
 .text.ADC_Start
                0x000018ac       0x30 .\ARM_GCC_493\Debug\OVac.a(ADC.o)
                0x000018ac                ADC_Start
 .text.ADC_StartConvert
                0x000018dc       0x20 .\ARM_GCC_493\Debug\OVac.a(ADC.o)
                0x000018dc                ADC_StartConvert
 .text.ADC_IsEndConversion
                0x000018fc       0x50 .\ARM_GCC_493\Debug\OVac.a(ADC.o)
                0x000018fc                ADC_IsEndConversion
 .text.ADC_GetResult32
                0x0000194c       0xa8 .\ARM_GCC_493\Debug\OVac.a(ADC.o)
                0x0000194c                ADC_GetResult32
 .text.ADC_InitConfig
                0x000019f4      0x40c .\ARM_GCC_493\Debug\OVac.a(ADC.o)
 .text.ADC_GainCompensation
                0x00001e00      0x16c .\ARM_GCC_493\Debug\OVac.a(ADC.o)
 .text.ADC_SetDSMRef0Reg
                0x00001f6c       0x78 .\ARM_GCC_493\Debug\OVac.a(ADC.o)
 .text.ADC_ISR1
                0x00001fe4        0xc .\ARM_GCC_493\Debug\OVac.a(ADC_INT.o)
                0x00001fe4                ADC_ISR1
 .text.ADC_ISR2
                0x00001ff0        0xc .\ARM_GCC_493\Debug\OVac.a(ADC_INT.o)
                0x00001ff0                ADC_ISR2
 .text.ADC_ISR3
                0x00001ffc        0xc .\ARM_GCC_493\Debug\OVac.a(ADC_INT.o)
                0x00001ffc                ADC_ISR3
 .text.ADC_ISR4
                0x00002008        0xc .\ARM_GCC_493\Debug\OVac.a(ADC_INT.o)
                0x00002008                ADC_ISR4
 .text.ADC_AMux_Start
                0x00002014       0x30 .\ARM_GCC_493\Debug\OVac.a(ADC_AMux.o)
                0x00002014                ADC_AMux_Start
 .text.ADC_AMux_Select
                0x00002044       0x28 .\ARM_GCC_493\Debug\OVac.a(ADC_AMux.o)
                0x00002044                ADC_AMux_Select
 .text.ADC_Ext_CP_Clk_SetDividerRegister
                0x0000206c      0x160 .\ARM_GCC_493\Debug\OVac.a(ADC_Ext_CP_Clk.o)
                0x0000206c                ADC_Ext_CP_Clk_SetDividerRegister
 .text.ADC_Ext_CP_Clk_GetDividerRegister
                0x000021cc       0x18 .\ARM_GCC_493\Debug\OVac.a(ADC_Ext_CP_Clk.o)
                0x000021cc                ADC_Ext_CP_Clk_GetDividerRegister
 .text.ADC_Ext_CP_Clk_SetModeRegister
                0x000021e4       0x34 .\ARM_GCC_493\Debug\OVac.a(ADC_Ext_CP_Clk.o)
                0x000021e4                ADC_Ext_CP_Clk_SetModeRegister
 .text.ADC_Ext_CP_Clk_GetSourceRegister
                0x00002218       0x20 .\ARM_GCC_493\Debug\OVac.a(ADC_Ext_CP_Clk.o)
                0x00002218                ADC_Ext_CP_Clk_GetSourceRegister
 .text.ADC_theACLK_SetDividerRegister
                0x00002238      0x160 .\ARM_GCC_493\Debug\OVac.a(ADC_theACLK.o)
                0x00002238                ADC_theACLK_SetDividerRegister
 .text.ADC_theACLK_GetDividerRegister
                0x00002398       0x18 .\ARM_GCC_493\Debug\OVac.a(ADC_theACLK.o)
                0x00002398                ADC_theACLK_GetDividerRegister
 .text.ADC_theACLK_SetModeRegister
                0x000023b0       0x34 .\ARM_GCC_493\Debug\OVac.a(ADC_theACLK.o)
                0x000023b0                ADC_theACLK_SetModeRegister
 .text.ADC_theACLK_GetSourceRegister
                0x000023e4       0x20 .\ARM_GCC_493\Debug\OVac.a(ADC_theACLK.o)
                0x000023e4                ADC_theACLK_GetSourceRegister
 .text.I2C_Master_Init
                0x00002404       0x80 .\ARM_GCC_493\Debug\OVac.a(I2C_Master.o)
                0x00002404                I2C_Master_Init
 .text.I2C_Master_Enable
                0x00002484       0x44 .\ARM_GCC_493\Debug\OVac.a(I2C_Master.o)
                0x00002484                I2C_Master_Enable
 .text.I2C_Master_Start
                0x000024c8       0x2c .\ARM_GCC_493\Debug\OVac.a(I2C_Master.o)
                0x000024c8                I2C_Master_Start
 .text.I2C_Master_ISR
                0x000024f4      0x3ac .\ARM_GCC_493\Debug\OVac.a(I2C_Master_INT.o)
                0x000024f4                I2C_Master_ISR
 .text.I2C_Master_MasterSendStart
                0x000028a0       0xbc .\ARM_GCC_493\Debug\OVac.a(I2C_Master_MASTER.o)
                0x000028a0                I2C_Master_MasterSendStart
 .text.I2C_Master_MasterSendRestart
                0x0000295c       0xa4 .\ARM_GCC_493\Debug\OVac.a(I2C_Master_MASTER.o)
                0x0000295c                I2C_Master_MasterSendRestart
 .text.I2C_Master_MasterSendStop
                0x00002a00       0x58 .\ARM_GCC_493\Debug\OVac.a(I2C_Master_MASTER.o)
                0x00002a00                I2C_Master_MasterSendStop
 .text.I2C_Master_MasterWriteByte
                0x00002a58       0x80 .\ARM_GCC_493\Debug\OVac.a(I2C_Master_MASTER.o)
                0x00002a58                I2C_Master_MasterWriteByte
 .text.I2C_Master_MasterReadByte
                0x00002ad8       0x7c .\ARM_GCC_493\Debug\OVac.a(I2C_Master_MASTER.o)
                0x00002ad8                I2C_Master_MasterReadByte
 .text.Sample_Timer_Init
                0x00002b54       0x98 .\ARM_GCC_493\Debug\OVac.a(Sample_Timer.o)
                0x00002b54                Sample_Timer_Init
 .text.Sample_Timer_Enable
                0x00002bec       0x48 .\ARM_GCC_493\Debug\OVac.a(Sample_Timer.o)
                0x00002bec                Sample_Timer_Enable
 .text.Sample_Timer_Start
                0x00002c34       0x20 .\ARM_GCC_493\Debug\OVac.a(Sample_Timer.o)
                0x00002c34                Sample_Timer_Start
 .text.Sample_Timer_SetInterruptMode
                0x00002c54       0x20 .\ARM_GCC_493\Debug\OVac.a(Sample_Timer.o)
                0x00002c54                Sample_Timer_SetInterruptMode
 .text.Sample_Timer_WritePeriod
                0x00002c74       0x24 .\ARM_GCC_493\Debug\OVac.a(Sample_Timer.o)
                0x00002c74                Sample_Timer_WritePeriod
 .text.Sample_Timer_WriteCounter
                0x00002c98       0x20 .\ARM_GCC_493\Debug\OVac.a(Sample_Timer.o)
                0x00002c98                Sample_Timer_WriteCounter
 .text.Sample_ISR_StartEx
                0x00002cb8       0x24 .\ARM_GCC_493\Debug\OVac.a(Sample_ISR.o)
                0x00002cb8                Sample_ISR_StartEx
 .text.Sample_ISR_SetVector
                0x00002cdc       0x24 .\ARM_GCC_493\Debug\OVac.a(Sample_ISR.o)
                0x00002cdc                Sample_ISR_SetVector
 .text.Sample_ISR_SetPriority
                0x00002d00       0x24 .\ARM_GCC_493\Debug\OVac.a(Sample_ISR.o)
                0x00002d00                Sample_ISR_SetPriority
 .text.Sample_ISR_Enable
                0x00002d24       0x18 .\ARM_GCC_493\Debug\OVac.a(Sample_ISR.o)
                0x00002d24                Sample_ISR_Enable
 .text.Sample_ISR_Disable
                0x00002d3c       0x18 .\ARM_GCC_493\Debug\OVac.a(Sample_ISR.o)
                0x00002d3c                Sample_ISR_Disable
 .text.Solenoid_1_Write
                0x00002d54       0x34 .\ARM_GCC_493\Debug\OVac.a(Solenoid_1.o)
                0x00002d54                Solenoid_1_Write
 .text.LED2_Write
                0x00002d88       0x3c .\ARM_GCC_493\Debug\OVac.a(LED2.o)
                0x00002d88                LED2_Write
 .text.Countdown_timer_Init
                0x00002dc4       0x4c .\ARM_GCC_493\Debug\OVac.a(Countdown_timer.o)
                0x00002dc4                Countdown_timer_Init
 .text.Countdown_timer_Enable
                0x00002e10       0x20 .\ARM_GCC_493\Debug\OVac.a(Countdown_timer.o)
                0x00002e10                Countdown_timer_Enable
 .text.Countdown_timer_Start
                0x00002e30       0x20 .\ARM_GCC_493\Debug\OVac.a(Countdown_timer.o)
                0x00002e30                Countdown_timer_Start
 .text.Countdown_timer_SetInterruptMode
                0x00002e50       0x20 .\ARM_GCC_493\Debug\OVac.a(Countdown_timer.o)
                0x00002e50                Countdown_timer_SetInterruptMode
 .text.Countdown_timer_ReadStatusRegister
                0x00002e70       0x18 .\ARM_GCC_493\Debug\OVac.a(Countdown_timer.o)
                0x00002e70                Countdown_timer_ReadStatusRegister
 .text.Countdown_timer_WritePeriod
                0x00002e88       0x1c .\ARM_GCC_493\Debug\OVac.a(Countdown_timer.o)
                0x00002e88                Countdown_timer_WritePeriod
 .text.Countdown_timer_ReadCapture
                0x00002ea4       0x18 .\ARM_GCC_493\Debug\OVac.a(Countdown_timer.o)
                0x00002ea4                Countdown_timer_ReadCapture
 .text.Countdown_timer_WriteCounter
                0x00002ebc       0x1c .\ARM_GCC_493\Debug\OVac.a(Countdown_timer.o)
                0x00002ebc                Countdown_timer_WriteCounter
 .text.Countdown_timer_ClearFIFO
                0x00002ed8       0x1c .\ARM_GCC_493\Debug\OVac.a(Countdown_timer.o)
                0x00002ed8                Countdown_timer_ClearFIFO
 .text.countdown_StartEx
                0x00002ef4       0x24 .\ARM_GCC_493\Debug\OVac.a(countdown.o)
                0x00002ef4                countdown_StartEx
 .text.countdown_SetVector
                0x00002f18       0x24 .\ARM_GCC_493\Debug\OVac.a(countdown.o)
                0x00002f18                countdown_SetVector
 .text.countdown_SetPriority
                0x00002f3c       0x24 .\ARM_GCC_493\Debug\OVac.a(countdown.o)
                0x00002f3c                countdown_SetPriority
 .text.countdown_Enable
                0x00002f60       0x18 .\ARM_GCC_493\Debug\OVac.a(countdown.o)
                0x00002f60                countdown_Enable
 .text.countdown_Disable
                0x00002f78       0x18 .\ARM_GCC_493\Debug\OVac.a(countdown.o)
                0x00002f78                countdown_Disable
 .text.LED2_1_Write
                0x00002f90       0x3c .\ARM_GCC_493\Debug\OVac.a(LED2_1.o)
                0x00002f90                LED2_1_Write
 .text.LED7_Write
                0x00002fcc       0x34 .\ARM_GCC_493\Debug\OVac.a(LED7.o)
                0x00002fcc                LED7_Write
 .text.Solenoid_2_Write
                0x00003000       0x3c .\ARM_GCC_493\Debug\OVac.a(Solenoid_2.o)
                0x00003000                Solenoid_2_Write
 *fill*         0x0000303c        0x4 
 .text          0x00003040       0x58 .\ARM_GCC_493\Debug\OVac.a(CyBootAsmGnu.o)
                0x00003040                CyDelayCycles
                0x0000307e                CyEnterCriticalSection
                0x00003086                CyExitCriticalSection
 .text.FS__SD_Format
                0x00003098      0x26c .\emFile_V322c\LinkLibrary\PSoC5\GCC\libemf32nosnlfn.a(FAT_FormatSD.o)
                0x00003098                FS__SD_Format
 .text.FS_FormatSD
                0x00003304       0x10 .\emFile_V322c\LinkLibrary\PSoC5\GCC\libemf32nosnlfn.a(FAT_FormatSD.o)
                0x00003304                FS_FormatSD
 .text._ClusterId2FATOff
                0x00003314       0x18 .\emFile_V322c\LinkLibrary\PSoC5\GCC\libemf32nosnlfn.a(FAT_Misc.o)
 .text._CalcLogClusterPos
                0x0000332c        0xe .\emFile_V322c\LinkLibrary\PSoC5\GCC\libemf32nosnlfn.a(FAT_Misc.o)
 .text._ReadFromFreeClusterCache
                0x0000333a       0x46 .\emFile_V322c\LinkLibrary\PSoC5\GCC\libemf32nosnlfn.a(FAT_Misc.o)
 .text.FS_FAT_GetFATType
                0x00003380       0x1a .\emFile_V322c\LinkLibrary\PSoC5\GCC\libemf32nosnlfn.a(FAT_Misc.o)
                0x00003380                FS_FAT_GetFATType
 .text.FS_FAT_ClusterId2SectorNo
                0x0000339a        0xc .\emFile_V322c\LinkLibrary\PSoC5\GCC\libemf32nosnlfn.a(FAT_Misc.o)
                0x0000339a                FS_FAT_ClusterId2SectorNo
 .text.FS_FAT_IsValidShortNameChar
                0x000033a6       0x34 .\emFile_V322c\LinkLibrary\PSoC5\GCC\libemf32nosnlfn.a(FAT_Misc.o)
                0x000033a6                FS_FAT_IsValidShortNameChar
 .text.FS_FAT_CopyShortName
                0x000033da       0x56 .\emFile_V322c\LinkLibrary\PSoC5\GCC\libemf32nosnlfn.a(FAT_Misc.o)
                0x000033da                FS_FAT_CopyShortName
 .text._SFN_CreateDirEntry
                0x00003430       0x5a .\emFile_V322c\LinkLibrary\PSoC5\GCC\libemf32nosnlfn.a(FAT_Misc.o)
 .text._SFN_FindDirEntry
                0x0000348a       0x10 .\emFile_V322c\LinkLibrary\PSoC5\GCC\libemf32nosnlfn.a(FAT_Misc.o)
 *fill*         0x0000349a        0x2 
 .text.FS_FAT_FindDirEntry
                0x0000349c       0x60 .\emFile_V322c\LinkLibrary\PSoC5\GCC\libemf32nosnlfn.a(FAT_Misc.o)
                0x0000349c                FS_FAT_FindDirEntry
 .text.FS_FAT_CopyDirEntryInfo
                0x000034fc       0x50 .\emFile_V322c\LinkLibrary\PSoC5\GCC\libemf32nosnlfn.a(FAT_Misc.o)
                0x000034fc                FS_FAT_CopyDirEntryInfo
 .text._SFN_ReadDirEntryInfo
                0x0000354c       0x6e .\emFile_V322c\LinkLibrary\PSoC5\GCC\libemf32nosnlfn.a(FAT_Misc.o)
 .text._SetFATSector
                0x000035ba        0x6 .\emFile_V322c\LinkLibrary\PSoC5\GCC\libemf32nosnlfn.a(FAT_Misc.o)
 .text.FS_FAT_ReadFATEntry
                0x000035c0       0xb2 .\emFile_V322c\LinkLibrary\PSoC5\GCC\libemf32nosnlfn.a(FAT_Misc.o)
                0x000035c0                FS_FAT_ReadFATEntry
 *fill*         0x00003672        0x2 
 .text.FS_FAT_GetNumAdjClustersInChain
                0x00003674       0x64 .\emFile_V322c\LinkLibrary\PSoC5\GCC\libemf32nosnlfn.a(FAT_Misc.o)
                0x00003674                FS_FAT_GetNumAdjClustersInChain
 .text.FS_FAT_WalkClusterEx
                0x000036d8       0x5c .\emFile_V322c\LinkLibrary\PSoC5\GCC\libemf32nosnlfn.a(FAT_Misc.o)
                0x000036d8                FS_FAT_WalkClusterEx
 .text.FS_FAT_GotoCluster
                0x00003734       0x88 .\emFile_V322c\LinkLibrary\PSoC5\GCC\libemf32nosnlfn.a(FAT_Misc.o)
                0x00003734                FS_FAT_GotoCluster
 .text.FS_FAT_WalkCluster
                0x000037bc       0x18 .\emFile_V322c\LinkLibrary\PSoC5\GCC\libemf32nosnlfn.a(FAT_Misc.o)
                0x000037bc                FS_FAT_WalkCluster
 .text.FS_FAT_FindLastCluster
                0x000037d4       0x34 .\emFile_V322c\LinkLibrary\PSoC5\GCC\libemf32nosnlfn.a(FAT_Misc.o)
                0x000037d4                FS_FAT_FindLastCluster
 .text._WriteFATEntry
                0x00003808      0x18e .\emFile_V322c\LinkLibrary\PSoC5\GCC\libemf32nosnlfn.a(FAT_Misc.o)
 .text.FS_FAT_MarkClusterEOC
                0x00003996        0x8 .\emFile_V322c\LinkLibrary\PSoC5\GCC\libemf32nosnlfn.a(FAT_Misc.o)
                0x00003996                FS_FAT_MarkClusterEOC
 .text.FS_FAT_SyncFAT
                0x0000399e       0x3c .\emFile_V322c\LinkLibrary\PSoC5\GCC\libemf32nosnlfn.a(FAT_Misc.o)
                0x0000399e                FS_FAT_SyncFAT
 .text.FS_FAT_LinkCluster
                0x000039da       0x1c .\emFile_V322c\LinkLibrary\PSoC5\GCC\libemf32nosnlfn.a(FAT_Misc.o)
                0x000039da                FS_FAT_LinkCluster
 *fill*         0x000039f6        0x2 
 .text._CalcFreeClusterCnt
                0x000039f8       0x88 .\emFile_V322c\LinkLibrary\PSoC5\GCC\libemf32nosnlfn.a(FAT_Misc.o)
 .text.FS_FAT_FindFreeCluster
                0x00003a80       0xa8 .\emFile_V322c\LinkLibrary\PSoC5\GCC\libemf32nosnlfn.a(FAT_Misc.o)
                0x00003a80                FS_FAT_FindFreeCluster
 .text.FS_FAT_AllocCluster
                0x00003b28       0x20 .\emFile_V322c\LinkLibrary\PSoC5\GCC\libemf32nosnlfn.a(FAT_Misc.o)
                0x00003b28                FS_FAT_AllocCluster
 .text._WriteEmptyFATSectors
                0x00003b48       0x3c .\emFile_V322c\LinkLibrary\PSoC5\GCC\libemf32nosnlfn.a(FAT_Misc.o)
 .text.FS_FAT_FreeClusterChain
                0x00003b84       0xe0 .\emFile_V322c\LinkLibrary\PSoC5\GCC\libemf32nosnlfn.a(FAT_Misc.o)
                0x00003b84                FS_FAT_FreeClusterChain
 .text.FS_FAT_CheckBPB
                0x00003c64      0x1cc .\emFile_V322c\LinkLibrary\PSoC5\GCC\libemf32nosnlfn.a(FAT_Misc.o)
                0x00003c64                FS_FAT_CheckBPB
 .text.FS_FAT_InitDirEntryScan
                0x00003e30       0x14 .\emFile_V322c\LinkLibrary\PSoC5\GCC\libemf32nosnlfn.a(FAT_Open.o)
                0x00003e30                FS_FAT_InitDirEntryScan
 .text.FS_FAT_IncDirPos
                0x00003e44        0x8 .\emFile_V322c\LinkLibrary\PSoC5\GCC\libemf32nosnlfn.a(FAT_Open.o)
                0x00003e44                FS_FAT_IncDirPos
 .text._CopyDirText
                0x00003e4c       0x44 .\emFile_V322c\LinkLibrary\PSoC5\GCC\libemf32nosnlfn.a(FAT_Open.o)
 .text.FS_FAT_Make83Name
                0x00003e90       0xb0 .\emFile_V322c\LinkLibrary\PSoC5\GCC\libemf32nosnlfn.a(FAT_Open.o)
                0x00003e90                FS_FAT_Make83Name
 .text.FS_FAT_GetDirEntry
                0x00003f40       0xb2 .\emFile_V322c\LinkLibrary\PSoC5\GCC\libemf32nosnlfn.a(FAT_Open.o)
                0x00003f40                FS_FAT_GetDirEntry
 .text.FS_FAT_FindDirEntryShortEx
                0x00003ff2       0x5a .\emFile_V322c\LinkLibrary\PSoC5\GCC\libemf32nosnlfn.a(FAT_Open.o)
                0x00003ff2                FS_FAT_FindDirEntryShortEx
 .text.FS_FAT_FindDirEntryShort
                0x0000404c       0x36 .\emFile_V322c\LinkLibrary\PSoC5\GCC\libemf32nosnlfn.a(FAT_Open.o)
                0x0000404c                FS_FAT_FindDirEntryShort
 .text.FS_FAT_FindEmptyDirEntry
                0x00004082       0xb0 .\emFile_V322c\LinkLibrary\PSoC5\GCC\libemf32nosnlfn.a(FAT_Open.o)
                0x00004082                FS_FAT_FindEmptyDirEntry
 .text.FS_FAT_GetFirstCluster
                0x00004132       0x1a .\emFile_V322c\LinkLibrary\PSoC5\GCC\libemf32nosnlfn.a(FAT_Open.o)
                0x00004132                FS_FAT_GetFirstCluster
 .text.FS_FAT_FindPath
                0x0000414c       0x7a .\emFile_V322c\LinkLibrary\PSoC5\GCC\libemf32nosnlfn.a(FAT_Open.o)
                0x0000414c                FS_FAT_FindPath
 .text.FS_FAT_DeleteFileOrDir
                0x000041c6       0x48 .\emFile_V322c\LinkLibrary\PSoC5\GCC\libemf32nosnlfn.a(FAT_Open.o)
                0x000041c6                FS_FAT_DeleteFileOrDir
 *fill*         0x0000420e        0x2 
 .text.FS_FAT_Open
                0x00004210      0x1dc .\emFile_V322c\LinkLibrary\PSoC5\GCC\libemf32nosnlfn.a(FAT_Open.o)
                0x00004210                FS_FAT_Open
 .text.FS_FAT_WriteDirEntryCluster
                0x000043ec       0x1c .\emFile_V322c\LinkLibrary\PSoC5\GCC\libemf32nosnlfn.a(FAT_Open.o)
                0x000043ec                FS_FAT_WriteDirEntryCluster
 .text.FS_FAT_WriteDirEntry83
                0x00004408       0x6c .\emFile_V322c\LinkLibrary\PSoC5\GCC\libemf32nosnlfn.a(FAT_Open.o)
                0x00004408                FS_FAT_WriteDirEntry83
 .text._WriteBurst
                0x00004474       0x24 .\emFile_V322c\LinkLibrary\PSoC5\GCC\libemf32nosnlfn.a(FAT_Write.o)
 .text.FS_FAT_GotoClusterAllocIfReq
                0x00004498       0xa8 .\emFile_V322c\LinkLibrary\PSoC5\GCC\libemf32nosnlfn.a(FAT_Write.o)
                0x00004498                FS_FAT_GotoClusterAllocIfReq
 .text.FS_FAT_UpdateDirEntry
                0x00004540       0x68 .\emFile_V322c\LinkLibrary\PSoC5\GCC\libemf32nosnlfn.a(FAT_Write.o)
                0x00004540                FS_FAT_UpdateDirEntry
 .text.FS_FAT_Close
                0x000045a8       0x44 .\emFile_V322c\LinkLibrary\PSoC5\GCC\libemf32nosnlfn.a(FAT_Write.o)
                0x000045a8                FS_FAT_Close
 .text.FS_FAT_Write
                0x000045ec      0x1c8 .\emFile_V322c\LinkLibrary\PSoC5\GCC\libemf32nosnlfn.a(FAT_Write.o)
                0x000045ec                FS_FAT_Write
 .text.FS__CLIB_memcmp
                0x000047b4       0x20 .\emFile_V322c\LinkLibrary\PSoC5\GCC\libemf32nosnlfn.a(FS_CLib.o)
                0x000047b4                FS__CLIB_memcmp
 .text.FS__CLIB_memset
                0x000047d4       0x6c .\emFile_V322c\LinkLibrary\PSoC5\GCC\libemf32nosnlfn.a(FS_CLib.o)
                0x000047d4                FS__CLIB_memset
 .text.FS__CLIB_strcmp
                0x00004840       0x1a .\emFile_V322c\LinkLibrary\PSoC5\GCC\libemf32nosnlfn.a(FS_CLib.o)
                0x00004840                FS__CLIB_strcmp
 .text.FS__CLIB_strlen
                0x0000485a       0x10 .\emFile_V322c\LinkLibrary\PSoC5\GCC\libemf32nosnlfn.a(FS_CLib.o)
                0x0000485a                FS__CLIB_strlen
 .text.FS__CLIB_strncmp
                0x0000486a       0x26 .\emFile_V322c\LinkLibrary\PSoC5\GCC\libemf32nosnlfn.a(FS_CLib.o)
                0x0000486a                FS__CLIB_strncmp
 .text.FS__CLIB_strncpy
                0x00004890       0x2e .\emFile_V322c\LinkLibrary\PSoC5\GCC\libemf32nosnlfn.a(FS_CLib.o)
                0x00004890                FS__CLIB_strncpy
 .text.FS__CLIB_toupper
                0x000048be        0xe .\emFile_V322c\LinkLibrary\PSoC5\GCC\libemf32nosnlfn.a(FS_CLib.o)
                0x000048be                FS__CLIB_toupper
 .text.FS__DivideU32Up
                0x000048cc        0xa .\emFile_V322c\LinkLibrary\PSoC5\GCC\libemf32nosnlfn.a(FS_Core.o)
                0x000048cc                FS__DivideU32Up
 .text.FS__strchr
                0x000048d6       0x14 .\emFile_V322c\LinkLibrary\PSoC5\GCC\libemf32nosnlfn.a(FS_Core.o)
                0x000048d6                FS__strchr
 .text.FS_LoadU32BE
                0x000048ea       0x18 .\emFile_V322c\LinkLibrary\PSoC5\GCC\libemf32nosnlfn.a(FS_Core.o)
                0x000048ea                FS_LoadU32BE
 .text.FS_LoadU32LE
                0x00004902       0x16 .\emFile_V322c\LinkLibrary\PSoC5\GCC\libemf32nosnlfn.a(FS_Core.o)
                0x00004902                FS_LoadU32LE
 .text.FS_StoreU32LE
                0x00004918       0x14 .\emFile_V322c\LinkLibrary\PSoC5\GCC\libemf32nosnlfn.a(FS_Core.o)
                0x00004918                FS_StoreU32LE
 .text.FS_StoreU16LE
                0x0000492c        0x8 .\emFile_V322c\LinkLibrary\PSoC5\GCC\libemf32nosnlfn.a(FS_Core.o)
                0x0000492c                FS_StoreU16LE
 .text.FS_LoadU16LE
                0x00004934        0xa .\emFile_V322c\LinkLibrary\PSoC5\GCC\libemf32nosnlfn.a(FS_Core.o)
                0x00004934                FS_LoadU16LE
 *fill*         0x0000493e        0x2 
 .text._Alloc   0x00004940       0x30 .\emFile_V322c\LinkLibrary\PSoC5\GCC\libemf32nosnlfn.a(FS_Core.o)
 .text.FS_Alloc
                0x00004970        0xc .\emFile_V322c\LinkLibrary\PSoC5\GCC\libemf32nosnlfn.a(FS_Core.o)
                0x00004970                FS_Alloc
 .text.FS_TryAlloc
                0x0000497c        0x4 .\emFile_V322c\LinkLibrary\PSoC5\GCC\libemf32nosnlfn.a(FS_Core.o)
                0x0000497c                FS_TryAlloc
 .text.FS_Free  0x00004980       0x1c .\emFile_V322c\LinkLibrary\PSoC5\GCC\libemf32nosnlfn.a(FS_Core.o)
                0x00004980                FS_Free
 .text.FS_AssignMemory
                0x0000499c        0xc .\emFile_V322c\LinkLibrary\PSoC5\GCC\libemf32nosnlfn.a(FS_Core.o)
                0x0000499c                FS_AssignMemory
 .text.FS_AllocZeroed
                0x000049a8       0x16 .\emFile_V322c\LinkLibrary\PSoC5\GCC\libemf32nosnlfn.a(FS_Core.o)
                0x000049a8                FS_AllocZeroed
 *fill*         0x000049be        0x2 
 .text.FS_STORAGE_Init
                0x000049c0       0x28 .\emFile_V322c\LinkLibrary\PSoC5\GCC\libemf32nosnlfn.a(FS_Core.o)
                0x000049c0                FS_STORAGE_Init
 .text._ClrBusyLED
                0x000049e8        0xc .\emFile_V322c\LinkLibrary\PSoC5\GCC\libemf32nosnlfn.a(FS_LogBlock.o)
 .text._SetBusyLED
                0x000049f4        0xc .\emFile_V322c\LinkLibrary\PSoC5\GCC\libemf32nosnlfn.a(FS_LogBlock.o)
 .text._Read    0x00004a00        0xc .\emFile_V322c\LinkLibrary\PSoC5\GCC\libemf32nosnlfn.a(FS_LogBlock.o)
 .text._Write   0x00004a0c       0x12 .\emFile_V322c\LinkLibrary\PSoC5\GCC\libemf32nosnlfn.a(FS_LogBlock.o)
 .text.FS_LB_GetStatus
                0x00004a1e        0xc .\emFile_V322c\LinkLibrary\PSoC5\GCC\libemf32nosnlfn.a(FS_LogBlock.o)
                0x00004a1e                FS_LB_GetStatus
 .text.FS_LB_InitMedium
                0x00004a2a       0x1a .\emFile_V322c\LinkLibrary\PSoC5\GCC\libemf32nosnlfn.a(FS_LogBlock.o)
                0x00004a2a                FS_LB_InitMedium
 .text.FS_LB_InitMediumIfRequired
                0x00004a44       0x10 .\emFile_V322c\LinkLibrary\PSoC5\GCC\libemf32nosnlfn.a(FS_LogBlock.o)
                0x00004a44                FS_LB_InitMediumIfRequired
 .text.FS_LB_ReadDevice
                0x00004a54       0x2e .\emFile_V322c\LinkLibrary\PSoC5\GCC\libemf32nosnlfn.a(FS_LogBlock.o)
                0x00004a54                FS_LB_ReadDevice
 .text.FS_LB_ReadPart
                0x00004a82        0xe .\emFile_V322c\LinkLibrary\PSoC5\GCC\libemf32nosnlfn.a(FS_LogBlock.o)
                0x00004a82                FS_LB_ReadPart
 .text.FS_LB_WriteBurst
                0x00004a90       0x30 .\emFile_V322c\LinkLibrary\PSoC5\GCC\libemf32nosnlfn.a(FS_LogBlock.o)
                0x00004a90                FS_LB_WriteBurst
 .text.FS_LB_WriteBurstPart
                0x00004ac0       0x14 .\emFile_V322c\LinkLibrary\PSoC5\GCC\libemf32nosnlfn.a(FS_LogBlock.o)
                0x00004ac0                FS_LB_WriteBurstPart
 .text.FS_LB_WriteMultiple
                0x00004ad4       0x30 .\emFile_V322c\LinkLibrary\PSoC5\GCC\libemf32nosnlfn.a(FS_LogBlock.o)
                0x00004ad4                FS_LB_WriteMultiple
 .text.FS_LB_WriteMultiplePart
                0x00004b04       0x14 .\emFile_V322c\LinkLibrary\PSoC5\GCC\libemf32nosnlfn.a(FS_LogBlock.o)
                0x00004b04                FS_LB_WriteMultiplePart
 .text.FS_LB_WriteDevice
                0x00004b18       0x36 .\emFile_V322c\LinkLibrary\PSoC5\GCC\libemf32nosnlfn.a(FS_LogBlock.o)
                0x00004b18                FS_LB_WriteDevice
 .text.FS_LB_WritePart
                0x00004b4e        0xe .\emFile_V322c\LinkLibrary\PSoC5\GCC\libemf32nosnlfn.a(FS_LogBlock.o)
                0x00004b4e                FS_LB_WritePart
 .text.FS_GetSectorSize
                0x00004b5c       0x28 .\emFile_V322c\LinkLibrary\PSoC5\GCC\libemf32nosnlfn.a(FS_LogBlock.o)
                0x00004b5c                FS_GetSectorSize
 .text.FS_LB_GetDeviceInfo
                0x00004b84       0x26 .\emFile_V322c\LinkLibrary\PSoC5\GCC\libemf32nosnlfn.a(FS_LogBlock.o)
                0x00004b84                FS_LB_GetDeviceInfo
 .text.FS_memcpy
                0x00004baa      0x120 .\emFile_V322c\LinkLibrary\PSoC5\GCC\libemf32nosnlfn.a(FS_memcpy.o)
                0x00004baa                FS_memcpy
 *fill*         0x00004cca        0x2 
 .text.FS__AllocSectorBuffer
                0x00004ccc       0x2c .\emFile_V322c\LinkLibrary\PSoC5\GCC\libemf32nosnlfn.a(FS_Misc.o)
                0x00004ccc                FS__AllocSectorBuffer
 .text.FS__FreeSectorBuffer
                0x00004cf8       0x28 .\emFile_V322c\LinkLibrary\PSoC5\GCC\libemf32nosnlfn.a(FS_Misc.o)
                0x00004cf8                FS__FreeSectorBuffer
 .text.FS__SB_MarkDirty
                0x00004d20        0x6 .\emFile_V322c\LinkLibrary\PSoC5\GCC\libemf32nosnlfn.a(FS_Misc.o)
                0x00004d20                FS__SB_MarkDirty
 .text.FS__SB_MarkNotDirty
                0x00004d26        0x6 .\emFile_V322c\LinkLibrary\PSoC5\GCC\libemf32nosnlfn.a(FS_Misc.o)
                0x00004d26                FS__SB_MarkNotDirty
 .text.FS__FreeFileHandle
                0x00004d2c        0xa .\emFile_V322c\LinkLibrary\PSoC5\GCC\libemf32nosnlfn.a(FS_Misc.o)
                0x00004d2c                FS__FreeFileHandle
 .text.FS__FreeFileObj
                0x00004d36        0xc .\emFile_V322c\LinkLibrary\PSoC5\GCC\libemf32nosnlfn.a(FS_Misc.o)
                0x00004d36                FS__FreeFileObj
 *fill*         0x00004d42        0x2 
 .text.FS_Init  0x00004d44       0x58 .\emFile_V322c\LinkLibrary\PSoC5\GCC\libemf32nosnlfn.a(FS_Misc.o)
                0x00004d44                FS_Init
 .text.FS__SB_Create
                0x00004d9c       0x28 .\emFile_V322c\LinkLibrary\PSoC5\GCC\libemf32nosnlfn.a(FS_Misc.o)
                0x00004d9c                FS__SB_Create
 .text.FS__FCloseNL
                0x00004dc4       0x1e .\emFile_V322c\LinkLibrary\PSoC5\GCC\libemf32nosnlfn.a(FS_Misc.o)
                0x00004dc4                FS__FCloseNL
 .text.FS__FClose
                0x00004de2       0x1a .\emFile_V322c\LinkLibrary\PSoC5\GCC\libemf32nosnlfn.a(FS_Misc.o)
                0x00004de2                FS__FClose
 .text.FS_FClose
                0x00004dfc        0xa .\emFile_V322c\LinkLibrary\PSoC5\GCC\libemf32nosnlfn.a(FS_Misc.o)
                0x00004dfc                FS_FClose
 *fill*         0x00004e06        0x2 
 .text.FS__AllocFileObj
                0x00004e08       0x48 .\emFile_V322c\LinkLibrary\PSoC5\GCC\libemf32nosnlfn.a(FS_Misc.o)
                0x00004e08                FS__AllocFileObj
 .text.FS__AllocFileHandle
                0x00004e50       0x40 .\emFile_V322c\LinkLibrary\PSoC5\GCC\libemf32nosnlfn.a(FS_Misc.o)
                0x00004e50                FS__AllocFileHandle
 .text.FS__OpenEx
                0x00004e90       0x58 .\emFile_V322c\LinkLibrary\PSoC5\GCC\libemf32nosnlfn.a(FS_Misc.o)
                0x00004e90                FS__OpenEx
 .text.FS__FOpenEx
                0x00004ee8       0x56 .\emFile_V322c\LinkLibrary\PSoC5\GCC\libemf32nosnlfn.a(FS_Misc.o)
                0x00004ee8                FS__FOpenEx
 *fill*         0x00004f3e        0x2 
 .text.FS__FOpen
                0x00004f40       0x48 .\emFile_V322c\LinkLibrary\PSoC5\GCC\libemf32nosnlfn.a(FS_Misc.o)
                0x00004f40                FS__FOpen
 .text.FS_FOpen
                0x00004f88        0x4 .\emFile_V322c\LinkLibrary\PSoC5\GCC\libemf32nosnlfn.a(FS_Misc.o)
                0x00004f88                FS_FOpen
 .text.FS__SB_Write
                0x00004f8c       0x24 .\emFile_V322c\LinkLibrary\PSoC5\GCC\libemf32nosnlfn.a(FS_Misc.o)
                0x00004f8c                FS__SB_Write
 .text._SB_Clean
                0x00004fb0       0x24 .\emFile_V322c\LinkLibrary\PSoC5\GCC\libemf32nosnlfn.a(FS_Misc.o)
 .text.FS__SB_SetSector
                0x00004fd4       0x20 .\emFile_V322c\LinkLibrary\PSoC5\GCC\libemf32nosnlfn.a(FS_Misc.o)
                0x00004fd4                FS__SB_SetSector
 .text.FS__SB_Clean
                0x00004ff4        0x4 .\emFile_V322c\LinkLibrary\PSoC5\GCC\libemf32nosnlfn.a(FS_Misc.o)
                0x00004ff4                FS__SB_Clean
 .text.FS__SB_Delete
                0x00004ff8       0x12 .\emFile_V322c\LinkLibrary\PSoC5\GCC\libemf32nosnlfn.a(FS_Misc.o)
                0x00004ff8                FS__SB_Delete
 .text.FS__SB_Flush
                0x0000500a        0x8 .\emFile_V322c\LinkLibrary\PSoC5\GCC\libemf32nosnlfn.a(FS_Misc.o)
                0x0000500a                FS__SB_Flush
 .text.FS__SB_Read
                0x00005012       0x2a .\emFile_V322c\LinkLibrary\PSoC5\GCC\libemf32nosnlfn.a(FS_Misc.o)
                0x00005012                FS__SB_Read
 .text.FS__AddPhysDevice
                0x0000503c       0x10 .\emFile_V322c\LinkLibrary\PSoC5\GCC\libemf32nosnlfn.a(FS_Storage.o)
                0x0000503c                FS__AddPhysDevice
 .text.FS_GetVolumeName
                0x0000504c       0x60 .\emFile_V322c\LinkLibrary\PSoC5\GCC\libemf32nosnlfn.a(FS_Storage.o)
                0x0000504c                FS_GetVolumeName
 .text.FS__FindVolume
                0x000050ac       0x78 .\emFile_V322c\LinkLibrary\PSoC5\GCC\libemf32nosnlfn.a(FS_Storage.o)
                0x000050ac                FS__FindVolume
 .text.FS__AddDevice
                0x00005124       0x68 .\emFile_V322c\LinkLibrary\PSoC5\GCC\libemf32nosnlfn.a(FS_Storage.o)
                0x00005124                FS__AddDevice
 .text.FS_AddDevice
                0x0000518c        0x4 .\emFile_V322c\LinkLibrary\PSoC5\GCC\libemf32nosnlfn.a(FS_Storage.o)
                0x0000518c                FS_AddDevice
 .text._Mount   0x00005190       0x2e .\emFile_V322c\LinkLibrary\PSoC5\GCC\libemf32nosnlfn.a(FS_Volume.o)
 .text.FS__AutoMount
                0x000051be       0x14 .\emFile_V322c\LinkLibrary\PSoC5\GCC\libemf32nosnlfn.a(FS_Volume.o)
                0x000051be                FS__AutoMount
 .text.FS__MountNL
                0x000051d2       0x20 .\emFile_V322c\LinkLibrary\PSoC5\GCC\libemf32nosnlfn.a(FS_Volume.o)
                0x000051d2                FS__MountNL
 .text.FS__Mount
                0x000051f2        0x4 .\emFile_V322c\LinkLibrary\PSoC5\GCC\libemf32nosnlfn.a(FS_Volume.o)
                0x000051f2                FS__Mount
 .text.FS_Mount
                0x000051f6       0x18 .\emFile_V322c\LinkLibrary\PSoC5\GCC\libemf32nosnlfn.a(FS_Volume.o)
                0x000051f6                FS_Mount
 .text.FS__Write
                0x0000520e       0x3a .\emFile_V322c\LinkLibrary\PSoC5\GCC\libemf32nosnlfn.a(FS_Write.o)
                0x0000520e                FS__Write
 .text.FS_Write
                0x00005248        0x4 .\emFile_V322c\LinkLibrary\PSoC5\GCC\libemf32nosnlfn.a(FS_Write.o)
                0x00005248                FS_Write
 .text.T.32     0x0000524c      0x400 .\emFile_V322c\LinkLibrary\PSoC5\GCC\libemf32nosnlfn.a(FAT_Format.o)
 .text._AutoFormat
                0x0000564c       0x7c .\emFile_V322c\LinkLibrary\PSoC5\GCC\libemf32nosnlfn.a(FAT_Format.o)
 .text.FS_FAT_FormatEx
                0x000056c8       0x74 .\emFile_V322c\LinkLibrary\PSoC5\GCC\libemf32nosnlfn.a(FAT_Format.o)
                0x000056c8                FS_FAT_FormatEx
 .text._IsBPB   0x0000573c       0x1e .\emFile_V322c\LinkLibrary\PSoC5\GCC\libemf32nosnlfn.a(FS_Partition.o)
 .text._HasSignature
                0x0000575a       0x18 .\emFile_V322c\LinkLibrary\PSoC5\GCC\libemf32nosnlfn.a(FS_Partition.o)
 .text._GetPartitionStartSector
                0x00005772        0xc .\emFile_V322c\LinkLibrary\PSoC5\GCC\libemf32nosnlfn.a(FS_Partition.o)
 .text.FS__GetMediaStartSecEx
                0x0000577e       0x6e .\emFile_V322c\LinkLibrary\PSoC5\GCC\libemf32nosnlfn.a(FS_Partition.o)
                0x0000577e                FS__GetMediaStartSecEx
 .text.FS__LocatePartition
                0x000057ec       0x44 .\emFile_V322c\LinkLibrary\PSoC5\GCC\libemf32nosnlfn.a(FS_Partition.o)
                0x000057ec                FS__LocatePartition
 .text.FS_X_AddDevices
                0x00005830       0x20 .\ARM_GCC_493\Debug\OVac.a(emFile_ConfigMMC_SPI.o)
                0x00005830                FS_X_AddDevices
 .text.FS_X_GetTimeDate
                0x00005850       0x58 .\ARM_GCC_493\Debug\OVac.a(emFile_ConfigMMC_SPI.o)
                0x00005850                FS_X_GetTimeDate
 .text._CalcDataCRC16Dummy
                0x000058a8        0x6 .\emFile_V322c\LinkLibrary\PSoC5\GCC\libemf32nosnlfn.a(MMC_Drv.o)
 *fill*         0x000058ae        0x2 
 .text._MMC_GetNumUnits
                0x000058b0        0xc .\emFile_V322c\LinkLibrary\PSoC5\GCC\libemf32nosnlfn.a(MMC_Drv.o)
 .text._MMC_GetDriverName
                0x000058bc        0x8 .\emFile_V322c\LinkLibrary\PSoC5\GCC\libemf32nosnlfn.a(MMC_Drv.o)
 .text._MMC_GetStatus
                0x000058c4        0x4 .\emFile_V322c\LinkLibrary\PSoC5\GCC\libemf32nosnlfn.a(MMC_Drv.o)
 .text._CheckR1
                0x000058c8       0x38 .\emFile_V322c\LinkLibrary\PSoC5\GCC\libemf32nosnlfn.a(MMC_Drv.o)
 .text._WaitToGetReady
                0x00005900       0x26 .\emFile_V322c\LinkLibrary\PSoC5\GCC\libemf32nosnlfn.a(MMC_Drv.o)
 .text._SendEmptyCycles
                0x00005926       0x24 .\emFile_V322c\LinkLibrary\PSoC5\GCC\libemf32nosnlfn.a(MMC_Drv.o)
 *fill*         0x0000594a        0x2 
 .text._MMC_AddDevice
                0x0000594c       0x2c .\emFile_V322c\LinkLibrary\PSoC5\GCC\libemf32nosnlfn.a(MMC_Drv.o)
 .text.T.53     0x00005978       0x14 .\emFile_V322c\LinkLibrary\PSoC5\GCC\libemf32nosnlfn.a(MMC_Drv.o)
 .text._GetFromCSD
                0x0000598c       0x34 .\emFile_V322c\LinkLibrary\PSoC5\GCC\libemf32nosnlfn.a(MMC_Drv.o)
 .text._ExecCmdR1
                0x000059c0       0x98 .\emFile_V322c\LinkLibrary\PSoC5\GCC\libemf32nosnlfn.a(MMC_Drv.o)
 .text._ReadCSD
                0x00005a58       0x86 .\emFile_V322c\LinkLibrary\PSoC5\GCC\libemf32nosnlfn.a(MMC_Drv.o)
 *fill*         0x00005ade        0x2 
 .text._MMC_Read
                0x00005ae0      0x130 .\emFile_V322c\LinkLibrary\PSoC5\GCC\libemf32nosnlfn.a(MMC_Drv.o)
 .text._MMC_Write
                0x00005c10      0x13c .\emFile_V322c\LinkLibrary\PSoC5\GCC\libemf32nosnlfn.a(MMC_Drv.o)
 .text._ApplyCSD
                0x00005d4c      0x228 .\emFile_V322c\LinkLibrary\PSoC5\GCC\libemf32nosnlfn.a(MMC_Drv.o)
 .text._MMC_Init
                0x00005f74      0x1c0 .\emFile_V322c\LinkLibrary\PSoC5\GCC\libemf32nosnlfn.a(MMC_Drv.o)
 .text._MMC_InitMedium
                0x00006134       0x28 .\emFile_V322c\LinkLibrary\PSoC5\GCC\libemf32nosnlfn.a(MMC_Drv.o)
 .text._MMC_IoCtl
                0x0000615c       0x60 .\emFile_V322c\LinkLibrary\PSoC5\GCC\libemf32nosnlfn.a(MMC_Drv.o)
 .text.emFile_Init
                0x000061bc       0x64 .\ARM_GCC_493\Debug\OVac.a(emFile_MMC_HW_SPI.o)
 .text.emFile_ReadWriteSPI
                0x00006220       0x68 .\ARM_GCC_493\Debug\OVac.a(emFile_MMC_HW_SPI.o)
 .text.FS_MMC_HW_X_EnableCS
                0x00006288       0x28 .\ARM_GCC_493\Debug\OVac.a(emFile_MMC_HW_SPI.o)
                0x00006288                FS_MMC_HW_X_EnableCS
 .text.FS_MMC_HW_X_DisableCS
                0x000062b0       0x28 .\ARM_GCC_493\Debug\OVac.a(emFile_MMC_HW_SPI.o)
                0x000062b0                FS_MMC_HW_X_DisableCS
 .text.FS_MMC_HW_X_IsWriteProtected
                0x000062d8       0x2c .\ARM_GCC_493\Debug\OVac.a(emFile_MMC_HW_SPI.o)
                0x000062d8                FS_MMC_HW_X_IsWriteProtected
 .text.FS_MMC_HW_X_SetMaxSpeed
                0x00006304       0x88 .\ARM_GCC_493\Debug\OVac.a(emFile_MMC_HW_SPI.o)
                0x00006304                FS_MMC_HW_X_SetMaxSpeed
 .text.FS_MMC_HW_X_SetVoltage
                0x0000638c       0x68 .\ARM_GCC_493\Debug\OVac.a(emFile_MMC_HW_SPI.o)
                0x0000638c                FS_MMC_HW_X_SetVoltage
 .text.FS_MMC_HW_X_IsPresent
                0x000063f4       0x30 .\ARM_GCC_493\Debug\OVac.a(emFile_MMC_HW_SPI.o)
                0x000063f4                FS_MMC_HW_X_IsPresent
 .text.FS_MMC_HW_X_Read
                0x00006424       0x34 .\ARM_GCC_493\Debug\OVac.a(emFile_MMC_HW_SPI.o)
                0x00006424                FS_MMC_HW_X_Read
 .text.FS_MMC_HW_X_Write
                0x00006458       0x34 .\ARM_GCC_493\Debug\OVac.a(emFile_MMC_HW_SPI.o)
                0x00006458                FS_MMC_HW_X_Write
 .text.emFile_SPI0_Init
                0x0000648c       0x30 .\ARM_GCC_493\Debug\OVac.a(emFile_SPI0.o)
                0x0000648c                emFile_SPI0_Init
 .text.emFile_SPI0_Enable
                0x000064bc       0x60 .\ARM_GCC_493\Debug\OVac.a(emFile_SPI0.o)
                0x000064bc                emFile_SPI0_Enable
 .text.emFile_SPI0_Start
                0x0000651c       0x20 .\ARM_GCC_493\Debug\OVac.a(emFile_SPI0.o)
                0x0000651c                emFile_SPI0_Start
 .text.emFile_SPI0_EnableTxInt
                0x0000653c        0xc .\ARM_GCC_493\Debug\OVac.a(emFile_SPI0.o)
                0x0000653c                emFile_SPI0_EnableTxInt
 .text.emFile_SPI0_EnableRxInt
                0x00006548        0xc .\ARM_GCC_493\Debug\OVac.a(emFile_SPI0.o)
                0x00006548                emFile_SPI0_EnableRxInt
 .text.emFile_SPI0_ReadTxStatus
                0x00006554       0x20 .\ARM_GCC_493\Debug\OVac.a(emFile_SPI0.o)
                0x00006554                emFile_SPI0_ReadTxStatus
 .text.emFile_SPI0_ReadRxStatus
                0x00006574       0x20 .\ARM_GCC_493\Debug\OVac.a(emFile_SPI0.o)
                0x00006574                emFile_SPI0_ReadRxStatus
 .text.emFile_SPI0_WriteTxData
                0x00006594       0x34 .\ARM_GCC_493\Debug\OVac.a(emFile_SPI0.o)
                0x00006594                emFile_SPI0_WriteTxData
 .text.emFile_SPI0_ReadRxData
                0x000065c8       0x20 .\ARM_GCC_493\Debug\OVac.a(emFile_SPI0.o)
                0x000065c8                emFile_SPI0_ReadRxData
 .text.emFile_SPI0_ClearFIFO
                0x000065e8       0x5c .\ARM_GCC_493\Debug\OVac.a(emFile_SPI0.o)
                0x000065e8                emFile_SPI0_ClearFIFO
 .text.emFile_Clock_1_Start
                0x00006644       0x34 .\ARM_GCC_493\Debug\OVac.a(emFile_Clock_1.o)
                0x00006644                emFile_Clock_1_Start
 .text.emFile_Clock_1_Stop
                0x00006678       0x34 .\ARM_GCC_493\Debug\OVac.a(emFile_Clock_1.o)
                0x00006678                emFile_Clock_1_Stop
 .text.emFile_Clock_1_SetDividerRegister
                0x000066ac      0x160 .\ARM_GCC_493\Debug\OVac.a(emFile_Clock_1.o)
                0x000066ac                emFile_Clock_1_SetDividerRegister
 .text.emFile_Clock_1_GetDividerRegister
                0x0000680c       0x18 .\ARM_GCC_493\Debug\OVac.a(emFile_Clock_1.o)
                0x0000680c                emFile_Clock_1_GetDividerRegister
 .text.emFile_Clock_1_GetSourceRegister
                0x00006824       0x20 .\ARM_GCC_493\Debug\OVac.a(emFile_Clock_1.o)
                0x00006824                emFile_Clock_1_GetSourceRegister
 .text.emFile_SPI0_CS_Write
                0x00006844       0x34 .\ARM_GCC_493\Debug\OVac.a(emFile_SPI0_CS.o)
                0x00006844                emFile_SPI0_CS_Write
 .text          0x00006878      0x370 c:/program files (x86)/cypress/psoc creator/4.0/psoc creator/import/gnu/arm/4.9.3/bin/../lib/gcc/arm-none-eabi/4.9.3/armv7-m\libgcc.a(_arm_addsubdf3.o)
                0x00006878                __aeabi_drsub
                0x00006880                __aeabi_dsub
                0x00006880                __subdf3
                0x00006884                __aeabi_dadd
                0x00006884                __adddf3
                0x00006afc                __floatunsidf
                0x00006afc                __aeabi_ui2d
                0x00006b1c                __floatsidf
                0x00006b1c                __aeabi_i2d
                0x00006b40                __aeabi_f2d
                0x00006b40                __extendsfdf2
                0x00006b7c                __floatundidf
                0x00006b7c                __aeabi_ul2d
                0x00006b8c                __floatdidf
                0x00006b8c                __aeabi_l2d
 .text          0x00006be8      0x424 c:/program files (x86)/cypress/psoc creator/4.0/psoc creator/import/gnu/arm/4.9.3/bin/../lib/gcc/arm-none-eabi/4.9.3/armv7-m\libgcc.a(_arm_muldivdf3.o)
                0x00006be8                __aeabi_dmul
                0x00006be8                __muldf3
                0x00006e3c                __divdf3
                0x00006e3c                __aeabi_ddiv
 .text          0x0000700c       0xa0 c:/program files (x86)/cypress/psoc creator/4.0/psoc creator/import/gnu/arm/4.9.3/bin/../lib/gcc/arm-none-eabi/4.9.3/armv7-m\libgcc.a(_arm_truncdfsf2.o)
                0x0000700c                __truncdfsf2
                0x0000700c                __aeabi_d2f
 .text          0x000070ac      0x21c c:/program files (x86)/cypress/psoc creator/4.0/psoc creator/import/gnu/arm/4.9.3/bin/../lib/gcc/arm-none-eabi/4.9.3/armv7-m\libgcc.a(_arm_addsubsf3.o)
                0x000070ac                __aeabi_frsub
                0x000070b4                __subsf3
                0x000070b4                __aeabi_fsub
                0x000070b8                __aeabi_fadd
                0x000070b8                __addsf3
                0x00007218                __aeabi_ui2f
                0x00007218                __floatunsisf
                0x00007220                __aeabi_i2f
                0x00007220                __floatsisf
                0x0000723c                __aeabi_ul2f
                0x0000723c                __floatundisf
                0x0000724c                __aeabi_l2f
                0x0000724c                __floatdisf
 .text          0x000072c8      0x2a0 c:/program files (x86)/cypress/psoc creator/4.0/psoc creator/import/gnu/arm/4.9.3/bin/../lib/gcc/arm-none-eabi/4.9.3/armv7-m\libgcc.a(_arm_muldivsf3.o)
                0x000072c8                __mulsf3
                0x000072c8                __aeabi_fmul
                0x00007430                __aeabi_fdiv
                0x00007430                __divsf3
 .text          0x00007568       0x4c c:/program files (x86)/cypress/psoc creator/4.0/psoc creator/import/gnu/arm/4.9.3/bin/../lib/gcc/arm-none-eabi/4.9.3/armv7-m\libgcc.a(_arm_fixsfsi.o)
                0x00007568                __aeabi_f2iz
                0x00007568                __fixsfsi
 .text.__errno  0x000075b4        0xc c:/program files (x86)/cypress/psoc creator/4.0/psoc creator/import/gnu/arm/4.9.3/bin/../lib/gcc/arm-none-eabi/4.9.3/../../../../arm-none-eabi/lib/armv7-m\libg_nano.a(lib_a-errno.o)
                0x000075b4                __errno
 .text.__libc_init_array
                0x000075c0       0x4c c:/program files (x86)/cypress/psoc creator/4.0/psoc creator/import/gnu/arm/4.9.3/bin/../lib/gcc/arm-none-eabi/4.9.3/../../../../arm-none-eabi/lib/armv7-m\libg_nano.a(lib_a-init.o)
                0x000075c0                __libc_init_array
 .text.memcpy   0x0000760c       0x16 c:/program files (x86)/cypress/psoc creator/4.0/psoc creator/import/gnu/arm/4.9.3/bin/../lib/gcc/arm-none-eabi/4.9.3/../../../../arm-none-eabi/lib/armv7-m\libg_nano.a(lib_a-memcpy.o)
                0x0000760c                memcpy
 .text.memset   0x00007622       0x10 c:/program files (x86)/cypress/psoc creator/4.0/psoc creator/import/gnu/arm/4.9.3/bin/../lib/gcc/arm-none-eabi/4.9.3/../../../../arm-none-eabi/lib/armv7-m\libg_nano.a(lib_a-memset.o)
                0x00007622                memset
 *fill*         0x00007632        0x2 
 .text.sprintf  0x00007634       0x48 c:/program files (x86)/cypress/psoc creator/4.0/psoc creator/import/gnu/arm/4.9.3/bin/../lib/gcc/arm-none-eabi/4.9.3/../../../../arm-none-eabi/lib/armv7-m\libg_nano.a(lib_a-sprintf.o)
                0x00007634                siprintf
                0x00007634                sprintf
 .text.strlen   0x0000767c       0x10 c:/program files (x86)/cypress/psoc creator/4.0/psoc creator/import/gnu/arm/4.9.3/bin/../lib/gcc/arm-none-eabi/4.9.3/../../../../arm-none-eabi/lib/armv7-m\libg_nano.a(lib_a-strlen.o)
                0x0000767c                strlen
 .text.__ssputs_r
                0x0000768c       0xb2 c:/program files (x86)/cypress/psoc creator/4.0/psoc creator/import/gnu/arm/4.9.3/bin/../lib/gcc/arm-none-eabi/4.9.3/../../../../arm-none-eabi/lib/armv7-m\libg_nano.a(lib_a-nano-svfprintf.o)
                0x0000768c                __ssputs_r
 *fill*         0x0000773e        0x2 
 .text._svfprintf_r
                0x00007740      0x1e4 c:/program files (x86)/cypress/psoc creator/4.0/psoc creator/import/gnu/arm/4.9.3/bin/../lib/gcc/arm-none-eabi/4.9.3/../../../../arm-none-eabi/lib/armv7-m\libg_nano.a(lib_a-nano-svfprintf.o)
                0x00007740                _svfiprintf_r
                0x00007740                _svfprintf_r
 .text._printf_common
                0x00007924       0xea c:/program files (x86)/cypress/psoc creator/4.0/psoc creator/import/gnu/arm/4.9.3/bin/../lib/gcc/arm-none-eabi/4.9.3/../../../../arm-none-eabi/lib/armv7-m\libg_nano.a(lib_a-nano-vfprintf_i.o)
                0x00007924                _printf_common
 *fill*         0x00007a0e        0x2 
 .text._printf_i
                0x00007a10      0x240 c:/program files (x86)/cypress/psoc creator/4.0/psoc creator/import/gnu/arm/4.9.3/bin/../lib/gcc/arm-none-eabi/4.9.3/../../../../arm-none-eabi/lib/armv7-m\libg_nano.a(lib_a-nano-vfprintf_i.o)
                0x00007a10                _printf_i
 .text.memchr   0x00007c50       0x1c c:/program files (x86)/cypress/psoc creator/4.0/psoc creator/import/gnu/arm/4.9.3/bin/../lib/gcc/arm-none-eabi/4.9.3/../../../../arm-none-eabi/lib/armv7-m\libg_nano.a(lib_a-memchr.o)
                0x00007c50                memchr
 .text.memmove  0x00007c6c       0x36 c:/program files (x86)/cypress/psoc creator/4.0/psoc creator/import/gnu/arm/4.9.3/bin/../lib/gcc/arm-none-eabi/4.9.3/../../../../arm-none-eabi/lib/armv7-m\libg_nano.a(lib_a-memmove.o)
                0x00007c6c                memmove
 *fill*         0x00007ca2        0x2 
 .text._free_r  0x00007ca4       0x88 c:/program files (x86)/cypress/psoc creator/4.0/psoc creator/import/gnu/arm/4.9.3/bin/../lib/gcc/arm-none-eabi/4.9.3/../../../../arm-none-eabi/lib/armv7-m\libg_nano.a(lib_a-nano-freer.o)
                0x00007ca4                _free_r
 .text._malloc_r
                0x00007d2c       0xac c:/program files (x86)/cypress/psoc creator/4.0/psoc creator/import/gnu/arm/4.9.3/bin/../lib/gcc/arm-none-eabi/4.9.3/../../../../arm-none-eabi/lib/armv7-m\libg_nano.a(lib_a-nano-mallocr.o)
                0x00007d2c                _malloc_r
 .text._realloc_r
                0x00007dd8       0x4c c:/program files (x86)/cypress/psoc creator/4.0/psoc creator/import/gnu/arm/4.9.3/bin/../lib/gcc/arm-none-eabi/4.9.3/../../../../arm-none-eabi/lib/armv7-m\libg_nano.a(lib_a-nano-reallocr.o)
                0x00007dd8                _realloc_r
 .text._sbrk_r  0x00007e24       0x20 c:/program files (x86)/cypress/psoc creator/4.0/psoc creator/import/gnu/arm/4.9.3/bin/../lib/gcc/arm-none-eabi/4.9.3/../../../../arm-none-eabi/lib/armv7-m\libg_nano.a(lib_a-sbrkr.o)
                0x00007e24                _sbrk_r
 .text._malloc_usable_size_r
                0x00007e44       0x14 c:/program files (x86)/cypress/psoc creator/4.0/psoc creator/import/gnu/arm/4.9.3/bin/../lib/gcc/arm-none-eabi/4.9.3/../../../../arm-none-eabi/lib/armv7-m\libg_nano.a(lib_a-nano-msizer.o)
                0x00007e44                _malloc_usable_size_r
 *(.plt)
 *(.gnu.warning)
 *(.glue_7t)
 .glue_7t       0x00000000        0x0 linker stubs
 *(.glue_7)
 .glue_7        0x00000000        0x0 linker stubs
 *(.vfp11_veneer)
 .vfp11_veneer  0x00000000        0x0 linker stubs
 *(.bootloader)
 *(.ARM.extab* .gnu.linkonce.armextab.*)
 *(.gcc_except_table)

.v4_bx          0x00007e58        0x0
 .v4_bx         0x00000000        0x0 linker stubs

.iplt           0x00007e58        0x0
 .iplt          0x00000000        0x0 c:/program files (x86)/cypress/psoc creator/4.0/psoc creator/import/gnu/arm/4.9.3/bin/../lib/gcc/arm-none-eabi/4.9.3/armv7-m/crtbegin.o

.eh_frame_hdr
 *(.eh_frame_hdr)

.eh_frame       0x00007e58        0x4
 *(.eh_frame)
 .eh_frame      0x00007e58        0x0 c:/program files (x86)/cypress/psoc creator/4.0/psoc creator/import/gnu/arm/4.9.3/bin/../lib/gcc/arm-none-eabi/4.9.3/armv7-m/crtbegin.o
 .eh_frame      0x00007e58        0x4 c:/program files (x86)/cypress/psoc creator/4.0/psoc creator/import/gnu/arm/4.9.3/bin/../lib/gcc/arm-none-eabi/4.9.3/armv7-m/crtend.o
                0x00007e5c                PROVIDE (__exidx_start, .)

.ARM.exidx
 *(.ARM.exidx* .gnu.linkonce.armexidx.*)
                0x00007e5c                __exidx_end = .

.rodata         0x00007e5c      0x53c
 *(.rodata .rodata.* .gnu.linkonce.r.*)
 .rodata        0x00007e5c      0x1d8 .\ARM_GCC_493\Debug\main.o
 .rodata        0x00008034       0x10 .\ARM_GCC_493\Debug\LiquidCrystal_I2C.o
 .rodata        0x00008044       0x74 .\ARM_GCC_493\Debug\OVac.a(cyfitter_cfg.o)
                0x00008044                ADC_AMux__addrTable
                0x0000804c                ADC_AMux__maskTable
 .rodata        0x000080b8       0x98 .\emFile_V322c\LinkLibrary\PSoC5\GCC\libemf32nosnlfn.a(FAT_FormatSD.o)
 .rodata        0x00008150       0x10 .\emFile_V322c\LinkLibrary\PSoC5\GCC\libemf32nosnlfn.a(FAT_Misc.o)
                0x00008150                FAT_SFN_API
 .rodata.str1.1
                0x00008160        0x3 .\emFile_V322c\LinkLibrary\PSoC5\GCC\libemf32nosnlfn.a(FAT_Open.o)
 *fill*         0x00008163        0x1 
 .rodata        0x00008164       0x78 .\emFile_V322c\LinkLibrary\PSoC5\GCC\libemf32nosnlfn.a(FS_Misc.o)
 .rodata.str1.1
                0x000081dc       0x30 .\emFile_V322c\LinkLibrary\PSoC5\GCC\libemf32nosnlfn.a(FS_Misc.o)
 .rodata        0x0000820c       0x8c .\emFile_V322c\LinkLibrary\PSoC5\GCC\libemf32nosnlfn.a(FAT_Format.o)
                0x00008224                _acVolumeLabel
 .rodata.str1.1
                0x00008298       0x24 .\emFile_V322c\LinkLibrary\PSoC5\GCC\libemf32nosnlfn.a(FAT_Format.o)
 .rodata        0x000082bc       0x68 .\emFile_V322c\LinkLibrary\PSoC5\GCC\libemf32nosnlfn.a(MMC_Drv.o)
                0x00008304                FS_MMC_SPI_Driver
 .rodata.str1.1
                0x00008324        0x4 .\emFile_V322c\LinkLibrary\PSoC5\GCC\libemf32nosnlfn.a(MMC_Drv.o)
 .rodata.str1.1
                0x00008328        0x2 c:/program files (x86)/cypress/psoc creator/4.0/psoc creator/import/gnu/arm/4.9.3/bin/../lib/gcc/arm-none-eabi/4.9.3/../../../../arm-none-eabi/lib/armv7-m\libg_nano.a(lib_a-impure.o)
 .rodata.str1.1
                0x0000832a       0x11 c:/program files (x86)/cypress/psoc creator/4.0/psoc creator/import/gnu/arm/4.9.3/bin/../lib/gcc/arm-none-eabi/4.9.3/../../../../arm-none-eabi/lib/armv7-m\libg_nano.a(lib_a-nano-svfprintf.o)
 .rodata.str1.1
                0x0000833b       0x22 c:/program files (x86)/cypress/psoc creator/4.0/psoc creator/import/gnu/arm/4.9.3/bin/../lib/gcc/arm-none-eabi/4.9.3/../../../../arm-none-eabi/lib/armv7-m\libg_nano.a(lib_a-nano-vfprintf_i.o)
                0x00008360                . = ALIGN (0x4)
 *fill*         0x0000835d        0x3 
 *(.init)
 .init          0x00008360        0x4 c:/program files (x86)/cypress/psoc creator/4.0/psoc creator/import/gnu/arm/4.9.3/bin/../lib/gcc/arm-none-eabi/4.9.3/armv7-m/crti.o
                0x00008360                _init
 .init          0x00008364        0x8 c:/program files (x86)/cypress/psoc creator/4.0/psoc creator/import/gnu/arm/4.9.3/bin/../lib/gcc/arm-none-eabi/4.9.3/armv7-m/crtn.o
                0x0000836c                . = ALIGN (0x4)
                0x0000836c                __preinit_array_start = .
 *(.preinit_array)
                0x0000836c                __preinit_array_end = .
                0x0000836c                . = ALIGN (0x4)
                0x0000836c                __init_array_start = .
 *(SORT(.init_array.*))
 *(.init_array)
 .init_array    0x0000836c        0x4 c:/program files (x86)/cypress/psoc creator/4.0/psoc creator/import/gnu/arm/4.9.3/bin/../lib/gcc/arm-none-eabi/4.9.3/armv7-m/crtbegin.o
 .init_array    0x00008370        0x4 .\ARM_GCC_493\Debug\Cm3Start.o
                0x00008374                __init_array_end = .
                0x00008374                . = ALIGN (0x4)
 *(.fini)
 .fini          0x00008374        0x4 c:/program files (x86)/cypress/psoc creator/4.0/psoc creator/import/gnu/arm/4.9.3/bin/../lib/gcc/arm-none-eabi/4.9.3/armv7-m/crti.o
                0x00008374                _fini
 .fini          0x00008378        0x8 c:/program files (x86)/cypress/psoc creator/4.0/psoc creator/import/gnu/arm/4.9.3/bin/../lib/gcc/arm-none-eabi/4.9.3/armv7-m/crtn.o
                0x00008380                . = ALIGN (0x4)
                0x00008380                __fini_array_start = .
 *(.fini_array)
 .fini_array    0x00008380        0x4 c:/program files (x86)/cypress/psoc creator/4.0/psoc creator/import/gnu/arm/4.9.3/bin/../lib/gcc/arm-none-eabi/4.9.3/armv7-m/crtbegin.o
 *(SORT(.fini_array.*))
                0x00008384                __fini_array_end = .
                0x00008384                . = ALIGN (0x4)
 *crtbegin.o(.ctors)
 *(EXCLUDE_FILE(*crtend.o) .ctors)
 *(SORT(.ctors.*))
 *crtend.o(.ctors)
                0x00008384                . = ALIGN (0x4)
 *crtbegin.o(.dtors)
 *(EXCLUDE_FILE(*crtend.o) .dtors)
 *(SORT(.dtors.*))
 *crtend.o(.dtors)
                0x00008384                . = ALIGN (0x4)
                0x00008384                __cy_regions = .
                0x00008384        0x4 LONG 0x8398 __cy_region_init_ram
                0x00008388        0x4 LONG 0x1fff8108 __cy_region_start_data
                0x0000838c        0x4 LONG 0xa0 __cy_region_init_size_ram
                0x00008390        0x4 LONG 0x1148 __cy_region_zero_size_ram
                0x00008394                __cy_regions_end = .
                0x00008398                . = ALIGN (0x8)
 *fill*         0x00008394        0x4 
                0x00008398                _etext = .

.cy_checksum_exclude
                0x00008398        0x0
 *(.cy_checksum_exclude)

.ramvectors     0x1fff8000      0x100
                0x1fff8000                __cy_region_start_ram = .
 *(.ramvectors)
 .ramvectors    0x1fff8000      0x100 .\ARM_GCC_493\Debug\Cm3Start.o
                0x1fff8000                CyRamVectors

.noinit         0x1fff8100        0x5
 *(.noinit)
 .noinit        0x1fff8100        0x4 .\ARM_GCC_493\Debug\Cm3Start.o
 .noinit        0x1fff8104        0x1 .\ARM_GCC_493\Debug\OVac.a(CyLib.o)
                0x1fff8104                CyResetStatus

.data           0x1fff8108       0xa0 load address 0x00008398
                0x1fff8108                __cy_region_start_data = .
 *(.jcr)
 .jcr           0x1fff8108        0x0 c:/program files (x86)/cypress/psoc creator/4.0/psoc creator/import/gnu/arm/4.9.3/bin/../lib/gcc/arm-none-eabi/4.9.3/armv7-m/crtbegin.o
 .jcr           0x1fff8108        0x4 c:/program files (x86)/cypress/psoc creator/4.0/psoc creator/import/gnu/arm/4.9.3/bin/../lib/gcc/arm-none-eabi/4.9.3/armv7-m/crtend.o
 *(.got.plt)
 *(.got)
 *(.shdata)
 *(.data .data.* .gnu.linkonce.d.*)
 .data          0x1fff810c       0x18 .\ARM_GCC_493\Debug\main.o
                0x1fff810c                Addr
                0x1fff8110                id
                0x1fff8114                STATE
                0x1fff8115                testnum
                0x1fff8118                file
 .data          0x1fff8124        0x4 .\ARM_GCC_493\Debug\Cm3Start.o
 .data          0x1fff8128       0x10 .\ARM_GCC_493\Debug\OVac.a(CyLib.o)
                0x1fff8128                cydelay_freq_hz
                0x1fff812c                cydelay_freq_khz
                0x1fff8130                cydelay_freq_mhz
                0x1fff8134                cydelay_32k_ms
 .data          0x1fff8138        0x1 .\ARM_GCC_493\Debug\OVac.a(ADC.o)
                0x1fff8138                ADC_Config
 .data          0x1fff8139        0x1 .\ARM_GCC_493\Debug\OVac.a(ADC_AMux.o)
 *fill*         0x1fff813a        0x2 
 .data          0x1fff813c        0x4 .\emFile_V322c\LinkLibrary\PSoC5\GCC\libemf32nosnlfn.a(FAT_Misc.o)
                0x1fff813c                FAT_pDirEntryAPI
 .data          0x1fff8140        0x4 .\emFile_V322c\LinkLibrary\PSoC5\GCC\libemf32nosnlfn.a(MMC_Drv.o)
 .data.impure_data
                0x1fff8144       0x60 c:/program files (x86)/cypress/psoc creator/4.0/psoc creator/import/gnu/arm/4.9.3/bin/../lib/gcc/arm-none-eabi/4.9.3/../../../../arm-none-eabi/lib/armv7-m\libg_nano.a(lib_a-impure.o)
 .data._impure_ptr
                0x1fff81a4        0x4 c:/program files (x86)/cypress/psoc creator/4.0/psoc creator/import/gnu/arm/4.9.3/bin/../lib/gcc/arm-none-eabi/4.9.3/../../../../arm-none-eabi/lib/armv7-m\libg_nano.a(lib_a-impure.o)
                0x1fff81a4                _impure_ptr
                0x1fff81a8                . = ALIGN (0x8)
 *(.ram)
                0x1fff81a8                _edata = .

.igot.plt       0x1fff81a8        0x0 load address 0x00008438
 .igot.plt      0x00000000        0x0 c:/program files (x86)/cypress/psoc creator/4.0/psoc creator/import/gnu/arm/4.9.3/bin/../lib/gcc/arm-none-eabi/4.9.3/armv7-m/crtbegin.o

.bss            0x1fff81a8     0x1148 load address 0x00008438
                0x1fff81a8                PROVIDE (__bss_start__, .)
 *(.shbss)
 *(.bss .bss.* .gnu.linkonce.b.*)
 .bss           0x1fff81a8       0x1c c:/program files (x86)/cypress/psoc creator/4.0/psoc creator/import/gnu/arm/4.9.3/bin/../lib/gcc/arm-none-eabi/4.9.3/armv7-m/crtbegin.o
 .bss           0x1fff81c4       0x1c .\ARM_GCC_493\Debug\main.o
                0x1fff81c4                data_time
                0x1fff81c8                sum
                0x1fff81cc                average
                0x1fff81ce                collect_flag
                0x1fff81cf                wait_flag
                0x1fff81d0                countdown
                0x1fff81d4                volume
 .bss           0x1fff81e0       0x14 .\ARM_GCC_493\Debug\OVac.a(ADC.o)
                0x1fff81e0                ADC_convDone
                0x1fff81e1                ADC_stopConversion
                0x1fff81e2                ADC_initVar
                0x1fff81e3                ADC_started
 .bss           0x1fff81f4        0x1 .\ARM_GCC_493\Debug\OVac.a(I2C_Master.o)
                0x1fff81f4                I2C_Master_initVar
 .bss           0x1fff81f5        0x1 .\ARM_GCC_493\Debug\OVac.a(Sample_Timer.o)
                0x1fff81f5                Sample_Timer_initVar
 .bss           0x1fff81f6        0x1 .\ARM_GCC_493\Debug\OVac.a(Countdown_timer.o)
                0x1fff81f6                Countdown_timer_initVar
 *fill*         0x1fff81f7        0x1 
 .bss           0x1fff81f8        0xc .\emFile_V322c\LinkLibrary\PSoC5\GCC\libemf32nosnlfn.a(FS_Core.o)
 .bss           0x1fff8204     0x1000 .\ARM_GCC_493\Debug\OVac.a(emFile_ConfigMMC_SPI.o)
 .bss           0x1fff9204       0x14 .\emFile_V322c\LinkLibrary\PSoC5\GCC\libemf32nosnlfn.a(MMC_Drv.o)
 .bss           0x1fff9218        0x1 .\ARM_GCC_493\Debug\OVac.a(emFile_MMC_HW_SPI.o)
 .bss           0x1fff9219        0x1 .\ARM_GCC_493\Debug\OVac.a(emFile_SPI0.o)
                0x1fff9219                emFile_SPI0_initVar
 *fill*         0x1fff921a        0x2 
 .bss.__malloc_sbrk_start
                0x1fff921c        0x4 c:/program files (x86)/cypress/psoc creator/4.0/psoc creator/import/gnu/arm/4.9.3/bin/../lib/gcc/arm-none-eabi/4.9.3/../../../../arm-none-eabi/lib/armv7-m\libg_nano.a(lib_a-nano-mallocr.o)
                0x1fff921c                __malloc_sbrk_start
 .bss.__malloc_free_list
                0x1fff9220        0x4 c:/program files (x86)/cypress/psoc creator/4.0/psoc creator/import/gnu/arm/4.9.3/bin/../lib/gcc/arm-none-eabi/4.9.3/../../../../arm-none-eabi/lib/armv7-m\libg_nano.a(lib_a-nano-mallocr.o)
                0x1fff9220                __malloc_free_list
 *(COMMON)
 COMMON         0x1fff9224       0x1b .\ARM_GCC_493\Debug\main.o
                0x1fff9224                fsfile
                0x1fff9228                buffer
                0x1fff923e                devAddr
 COMMON         0x1fff923f        0x8 .\ARM_GCC_493\Debug\LiquidCrystal_I2C.o
                0x1fff923f                _backlightval
                0x1fff9240                _addr
                0x1fff9241                _displaycontrol
                0x1fff9242                _charsize
                0x1fff9243                _displaymode
                0x1fff9244                _displayfunction
                0x1fff9245                _cols
                0x1fff9246                _rows
 *fill*         0x1fff9247        0x1 
 COMMON         0x1fff9248        0x8 .\ARM_GCC_493\Debug\OVac.a(ADC.o)
                0x1fff9248                ADC_Offset
                0x1fff924c                ADC_CountsPerVolt
 COMMON         0x1fff9250        0x1 .\ARM_GCC_493\Debug\OVac.a(I2C_Master.o)
                0x1fff9250                I2C_Master_state
 *fill*         0x1fff9251        0x3 
 COMMON         0x1fff9254        0xf .\ARM_GCC_493\Debug\OVac.a(I2C_Master_MASTER.o)
                0x1fff9254                I2C_Master_mstrRdBufIndex
                0x1fff9255                I2C_Master_mstrWrBufIndex
                0x1fff9256                I2C_Master_mstrWrBufSize
                0x1fff9258                I2C_Master_mstrWrBufPtr
                0x1fff925c                I2C_Master_mstrRdBufPtr
                0x1fff9260                I2C_Master_mstrControl
                0x1fff9261                I2C_Master_mstrStatus
                0x1fff9262                I2C_Master_mstrRdBufSize
 *fill*         0x1fff9263        0x1 
 COMMON         0x1fff9264       0x88 .\emFile_V322c\LinkLibrary\PSoC5\GCC\libemf32nosnlfn.a(FS_Core.o)
                0x1fff9264                FS_Global
                0x1fff92e8                FS_NumBytesAllocated
 COMMON         0x1fff92ec        0x4 c:/program files (x86)/cypress/psoc creator/4.0/psoc creator/import/gnu/arm/4.9.3/bin/../lib/gcc/arm-none-eabi/4.9.3/../../../../arm-none-eabi/lib/armv7-m\libg_nano.a(lib_a-reent.o)
                0x1fff92ec                errno
                0x1fff92f0                . = ALIGN (0x8)
 *(.ram.b)
                0x1fff92f0                _end = .
                0x1fff92f0                __end = .
                0x1fff92f0                PROVIDE (end, .)
                0x1fff92f0                PROVIDE (__bss_end__, .)
                0x00008398                __cy_region_init_ram = LOADADDR (.data)
                0x000000a0                __cy_region_init_size_ram = (_edata - ADDR (.data))
                0x00001148                __cy_region_zero_size_ram = (_end - _edata)

.heap           0x1fff92f0       0x80 load address 0x00008438
                0x1fff92f0                . = _end
                0x1fff9370                . = (. + 0x80)
 *fill*         0x1fff92f0       0x80 
                0x1fff9370                __cy_heap_limit = .

.stack          0x20007800      0x800
                0x20007800                __cy_stack_limit = .
                0x20008000                . = (. + 0x800)
 *fill*         0x20007800      0x800 
                0x00000001                ASSERT ((__cy_stack_limit >= __cy_heap_limit), region RAM overflowed with stack)
                0x00000000                cy_checksum_exclude_size = (CY_APPL_LOADABLE == 0x1)?SIZEOF (.cy_checksum_exclude):0x0
                0x00000001                ASSERT ((cy_checksum_exclude_size <= CY_CHECKSUM_EXCLUDE_SIZE), CY_BOOT: Section .cy_checksum_exclude size exceedes specified limit.)

.cyloadermeta
 *(.cyloadermeta)

.cyloadablemeta
 *(.cyloadablemeta)

.cyconfigecc    0x80000000      0x604
 *(.cyconfigecc)
 .cyconfigecc   0x80000000      0x604 .\ARM_GCC_493\Debug\cymetadata.o
                0x80000000                cy_meta_configecc

.cycustnvl      0x90000000        0x4
 *(.cycustnvl)
 .cycustnvl     0x90000000        0x4 .\ARM_GCC_493\Debug\cymetadata.o
                0x90000000                cy_meta_custnvl

.cywolatch      0x90100000        0x4
 *(.cywolatch)
 .cywolatch     0x90100000        0x4 .\ARM_GCC_493\Debug\cymetadata.o
                0x90100000                cy_meta_wonvl

.cyeeprom       0x90200000        0x0
 *(.cyeeprom)
                0x00000001                ASSERT ((. <= ((0x90200000 + ee_offset) + ee_size)), .cyeeprom data will not fit in EEPROM)

.cyflashprotect
                0x90400000      0x100
 *(.cyflashprotect)
 .cyflashprotect
                0x90400000      0x100 .\ARM_GCC_493\Debug\cymetadata.o
                0x90400000                cy_meta_flashprotect

.cymeta         0x90500000        0xc
 *(.cymeta)
 .cymeta        0x90500000        0xc .\ARM_GCC_493\Debug\cymetadata.o
                0x90500000                cy_metadata

.rel.dyn        0x00008438        0x0 load address 0x9050000c
 .rel.iplt      0x00000000        0x0 c:/program files (x86)/cypress/psoc creator/4.0/psoc creator/import/gnu/arm/4.9.3/bin/../lib/gcc/arm-none-eabi/4.9.3/armv7-m/crtbegin.o

.stab
 *(.stab)

.stabstr
 *(.stabstr)

.debug
 *(.debug)

.line
 *(.line)

.debug_srcinfo
 *(.debug_srcinfo)

.debug_sfnames
 *(.debug_sfnames)

.debug_aranges  0x00000000     0x17b8
 *(.debug_aranges)
 .debug_aranges
                0x00000000       0x30 .\ARM_GCC_493\Debug\main.o
 .debug_aranges
                0x00000030      0x108 .\ARM_GCC_493\Debug\LiquidCrystal_I2C.o
 .debug_aranges
                0x00000138       0x68 .\ARM_GCC_493\Debug\i2cFunctions.o
 .debug_aranges
                0x000001a0       0x30 .\ARM_GCC_493\Debug\functions.o
 .debug_aranges
                0x000001d0      0x838 .\ARM_GCC_493\Debug\mpu6050.o
 .debug_aranges
                0x00000a08       0x18 .\ARM_GCC_493\Debug\cymetadata.o
 .debug_aranges
                0x00000a20       0x48 .\ARM_GCC_493\Debug\Cm3Start.o
 .debug_aranges
                0x00000a68       0x70 .\ARM_GCC_493\Debug\OVac.a(cyfitter_cfg.o)
 .debug_aranges
                0x00000ad8      0x2a0 .\ARM_GCC_493\Debug\OVac.a(CyLib.o)
 .debug_aranges
                0x00000d78       0x98 .\ARM_GCC_493\Debug\OVac.a(cyPm.o)
 .debug_aranges
                0x00000e10       0xe8 .\ARM_GCC_493\Debug\OVac.a(ADC.o)
 .debug_aranges
                0x00000ef8       0x38 .\ARM_GCC_493\Debug\OVac.a(ADC_INT.o)
 .debug_aranges
                0x00000f30       0x30 .\ARM_GCC_493\Debug\OVac.a(ADC_AMux.o)
 .debug_aranges
                0x00000f60       0x70 .\ARM_GCC_493\Debug\OVac.a(ADC_Ext_CP_Clk.o)
 .debug_aranges
                0x00000fd0       0x80 .\ARM_GCC_493\Debug\OVac.a(ADC_theACLK.o)
 .debug_aranges
                0x00001050       0x38 .\ARM_GCC_493\Debug\OVac.a(I2C_Master.o)
 .debug_aranges
                0x00001088       0x20 .\ARM_GCC_493\Debug\OVac.a(I2C_Master_INT.o)
 .debug_aranges
                0x000010a8       0x38 .\ARM_GCC_493\Debug\OVac.a(I2C_Master_PM.o)
 .debug_aranges
                0x000010e0       0x80 .\ARM_GCC_493\Debug\OVac.a(I2C_Master_MASTER.o)
 .debug_aranges
                0x00001160       0x88 .\ARM_GCC_493\Debug\OVac.a(Sample_Timer.o)
 .debug_aranges
                0x000011e8       0x80 .\ARM_GCC_493\Debug\OVac.a(Sample_ISR.o)
 .debug_aranges
                0x00001268       0x38 .\ARM_GCC_493\Debug\OVac.a(Solenoid_1.o)
 .debug_aranges
                0x000012a0       0x38 .\ARM_GCC_493\Debug\OVac.a(LED2.o)
 .debug_aranges
                0x000012d8       0x90 .\ARM_GCC_493\Debug\OVac.a(Countdown_timer.o)
 .debug_aranges
                0x00001368       0x80 .\ARM_GCC_493\Debug\OVac.a(countdown.o)
 .debug_aranges
                0x000013e8       0x38 .\ARM_GCC_493\Debug\OVac.a(LED2_1.o)
 .debug_aranges
                0x00001420       0x38 .\ARM_GCC_493\Debug\OVac.a(LED7.o)
 .debug_aranges
                0x00001458       0x38 .\ARM_GCC_493\Debug\OVac.a(Solenoid_2.o)
 .debug_aranges
                0x00001490       0x20 .\ARM_GCC_493\Debug\OVac.a(CyBootAsmGnu.o)
 .debug_aranges
                0x000014b0       0x80 .\ARM_GCC_493\Debug\OVac.a(CyFlash.o)
 .debug_aranges
                0x00001530       0x78 .\ARM_GCC_493\Debug\OVac.a(CySpc.o)
 .debug_aranges
                0x000015a8       0x28 .\ARM_GCC_493\Debug\OVac.a(emFile_ConfigMMC_SPI.o)
 .debug_aranges
                0x000015d0       0x68 .\ARM_GCC_493\Debug\OVac.a(emFile_MMC_HW_SPI.o)
 .debug_aranges
                0x00001638       0xd8 .\ARM_GCC_493\Debug\OVac.a(emFile_SPI0.o)
 .debug_aranges
                0x00001710       0x70 .\ARM_GCC_493\Debug\OVac.a(emFile_Clock_1.o)
 .debug_aranges
                0x00001780       0x38 .\ARM_GCC_493\Debug\OVac.a(emFile_SPI0_CS.o)

.debug_pubnames
 *(.debug_pubnames)

.debug_info     0x00000000     0x88e8
 *(.debug_info .gnu.linkonce.wi.*)
 .debug_info    0x00000000      0x41c .\ARM_GCC_493\Debug\main.o
 .debug_info    0x0000041c      0x550 .\ARM_GCC_493\Debug\LiquidCrystal_I2C.o
 .debug_info    0x0000096c      0x43d .\ARM_GCC_493\Debug\i2cFunctions.o
 .debug_info    0x00000da9      0x1f1 .\ARM_GCC_493\Debug\functions.o
 .debug_info    0x00000f9a     0x21aa .\ARM_GCC_493\Debug\mpu6050.o
 .debug_info    0x00003144      0x13d .\ARM_GCC_493\Debug\cymetadata.o
 .debug_info    0x00003281      0x319 .\ARM_GCC_493\Debug\Cm3Start.o
 .debug_info    0x0000359a      0x4ef .\ARM_GCC_493\Debug\OVac.a(cyfitter_cfg.o)
 .debug_info    0x00003a89      0xe4a .\ARM_GCC_493\Debug\OVac.a(CyLib.o)
 .debug_info    0x000048d3      0x561 .\ARM_GCC_493\Debug\OVac.a(cyPm.o)
 .debug_info    0x00004e34      0x725 .\ARM_GCC_493\Debug\OVac.a(ADC.o)
 .debug_info    0x00005559       0xcc .\ARM_GCC_493\Debug\OVac.a(ADC_INT.o)
 .debug_info    0x00005625      0x10a .\ARM_GCC_493\Debug\OVac.a(ADC_AMux.o)
 .debug_info    0x0000572f      0x25d .\ARM_GCC_493\Debug\OVac.a(ADC_Ext_CP_Clk.o)
 .debug_info    0x0000598c      0x299 .\ARM_GCC_493\Debug\OVac.a(ADC_theACLK.o)
 .debug_info    0x00005c25      0x1fa .\ARM_GCC_493\Debug\OVac.a(I2C_Master.o)
 .debug_info    0x00005e1f      0x14f .\ARM_GCC_493\Debug\OVac.a(I2C_Master_INT.o)
 .debug_info    0x00005f6e      0x193 .\ARM_GCC_493\Debug\OVac.a(I2C_Master_PM.o)
 .debug_info    0x00006101      0x3f1 .\ARM_GCC_493\Debug\OVac.a(I2C_Master_MASTER.o)
 .debug_info    0x000064f2      0x23e .\ARM_GCC_493\Debug\OVac.a(Sample_Timer.o)
 .debug_info    0x00006730      0x23a .\ARM_GCC_493\Debug\OVac.a(Sample_ISR.o)
 .debug_info    0x0000696a      0x11e .\ARM_GCC_493\Debug\OVac.a(Solenoid_1.o)
 .debug_info    0x00006a88      0x11e .\ARM_GCC_493\Debug\OVac.a(LED2.o)
 .debug_info    0x00006ba6      0x254 .\ARM_GCC_493\Debug\OVac.a(Countdown_timer.o)
 .debug_info    0x00006dfa      0x23a .\ARM_GCC_493\Debug\OVac.a(countdown.o)
 .debug_info    0x00007034      0x11e .\ARM_GCC_493\Debug\OVac.a(LED2_1.o)
 .debug_info    0x00007152      0x11e .\ARM_GCC_493\Debug\OVac.a(LED7.o)
 .debug_info    0x00007270      0x11e .\ARM_GCC_493\Debug\OVac.a(Solenoid_2.o)
 .debug_info    0x0000738e       0x7b .\ARM_GCC_493\Debug\OVac.a(CyBootAsmGnu.o)
 .debug_info    0x00007409      0x36a .\ARM_GCC_493\Debug\OVac.a(CyFlash.o)
 .debug_info    0x00007773      0x453 .\ARM_GCC_493\Debug\OVac.a(CySpc.o)
 .debug_info    0x00007bc6      0x281 .\ARM_GCC_493\Debug\OVac.a(emFile_ConfigMMC_SPI.o)
 .debug_info    0x00007e47      0x339 .\ARM_GCC_493\Debug\OVac.a(emFile_MMC_HW_SPI.o)
 .debug_info    0x00008180      0x3ed .\ARM_GCC_493\Debug\OVac.a(emFile_SPI0.o)
 .debug_info    0x0000856d      0x25d .\ARM_GCC_493\Debug\OVac.a(emFile_Clock_1.o)
 .debug_info    0x000087ca      0x11e .\ARM_GCC_493\Debug\OVac.a(emFile_SPI0_CS.o)

.debug_abbrev   0x00000000     0x24be
 *(.debug_abbrev)
 .debug_abbrev  0x00000000      0x14b .\ARM_GCC_493\Debug\main.o
 .debug_abbrev  0x0000014b      0x162 .\ARM_GCC_493\Debug\LiquidCrystal_I2C.o
 .debug_abbrev  0x000002ad       0x9f .\ARM_GCC_493\Debug\i2cFunctions.o
 .debug_abbrev  0x0000034c       0xd4 .\ARM_GCC_493\Debug\functions.o
 .debug_abbrev  0x00000420      0x18a .\ARM_GCC_493\Debug\mpu6050.o
 .debug_abbrev  0x000005aa       0x77 .\ARM_GCC_493\Debug\cymetadata.o
 .debug_abbrev  0x00000621      0x1b6 .\ARM_GCC_493\Debug\Cm3Start.o
 .debug_abbrev  0x000007d7      0x1ca .\ARM_GCC_493\Debug\OVac.a(cyfitter_cfg.o)
 .debug_abbrev  0x000009a1      0x217 .\ARM_GCC_493\Debug\OVac.a(CyLib.o)
 .debug_abbrev  0x00000bb8      0x161 .\ARM_GCC_493\Debug\OVac.a(cyPm.o)
 .debug_abbrev  0x00000d19      0x19d .\ARM_GCC_493\Debug\OVac.a(ADC.o)
 .debug_abbrev  0x00000eb6       0x42 .\ARM_GCC_493\Debug\OVac.a(ADC_INT.o)
 .debug_abbrev  0x00000ef8       0x6f .\ARM_GCC_493\Debug\OVac.a(ADC_AMux.o)
 .debug_abbrev  0x00000f67      0x11d .\ARM_GCC_493\Debug\OVac.a(ADC_Ext_CP_Clk.o)
 .debug_abbrev  0x00001084      0x11d .\ARM_GCC_493\Debug\OVac.a(ADC_theACLK.o)
 .debug_abbrev  0x000011a1       0xe2 .\ARM_GCC_493\Debug\OVac.a(I2C_Master.o)
 .debug_abbrev  0x00001283       0x81 .\ARM_GCC_493\Debug\OVac.a(I2C_Master_INT.o)
 .debug_abbrev  0x00001304       0xf8 .\ARM_GCC_493\Debug\OVac.a(I2C_Master_PM.o)
 .debug_abbrev  0x000013fc      0x11e .\ARM_GCC_493\Debug\OVac.a(I2C_Master_MASTER.o)
 .debug_abbrev  0x0000151a       0xe9 .\ARM_GCC_493\Debug\OVac.a(Sample_Timer.o)
 .debug_abbrev  0x00001603      0x172 .\ARM_GCC_493\Debug\OVac.a(Sample_ISR.o)
 .debug_abbrev  0x00001775       0x90 .\ARM_GCC_493\Debug\OVac.a(Solenoid_1.o)
 .debug_abbrev  0x00001805       0x90 .\ARM_GCC_493\Debug\OVac.a(LED2.o)
 .debug_abbrev  0x00001895      0x11b .\ARM_GCC_493\Debug\OVac.a(Countdown_timer.o)
 .debug_abbrev  0x000019b0      0x172 .\ARM_GCC_493\Debug\OVac.a(countdown.o)
 .debug_abbrev  0x00001b22       0x90 .\ARM_GCC_493\Debug\OVac.a(LED2_1.o)
 .debug_abbrev  0x00001bb2       0x90 .\ARM_GCC_493\Debug\OVac.a(LED7.o)
 .debug_abbrev  0x00001c42       0x90 .\ARM_GCC_493\Debug\OVac.a(Solenoid_2.o)
 .debug_abbrev  0x00001cd2       0x14 .\ARM_GCC_493\Debug\OVac.a(CyBootAsmGnu.o)
 .debug_abbrev  0x00001ce6      0x13c .\ARM_GCC_493\Debug\OVac.a(CyFlash.o)
 .debug_abbrev  0x00001e22      0x16c .\ARM_GCC_493\Debug\OVac.a(CySpc.o)
 .debug_abbrev  0x00001f8e      0x101 .\ARM_GCC_493\Debug\OVac.a(emFile_ConfigMMC_SPI.o)
 .debug_abbrev  0x0000208f      0x12c .\ARM_GCC_493\Debug\OVac.a(emFile_MMC_HW_SPI.o)
 .debug_abbrev  0x000021bb      0x156 .\ARM_GCC_493\Debug\OVac.a(emFile_SPI0.o)
 .debug_abbrev  0x00002311      0x11d .\ARM_GCC_493\Debug\OVac.a(emFile_Clock_1.o)
 .debug_abbrev  0x0000242e       0x90 .\ARM_GCC_493\Debug\OVac.a(emFile_SPI0_CS.o)

.debug_line     0x00000000     0x5166
 *(.debug_line)
 .debug_line    0x00000000      0x27b .\ARM_GCC_493\Debug\main.o
 .debug_line    0x0000027b      0x3ed .\ARM_GCC_493\Debug\LiquidCrystal_I2C.o
 .debug_line    0x00000668      0x233 .\ARM_GCC_493\Debug\i2cFunctions.o
 .debug_line    0x0000089b      0x180 .\ARM_GCC_493\Debug\functions.o
 .debug_line    0x00000a1b     0x14b4 .\ARM_GCC_493\Debug\mpu6050.o
 .debug_line    0x00001ecf       0x51 .\ARM_GCC_493\Debug\cymetadata.o
 .debug_line    0x00001f20      0x1dc .\ARM_GCC_493\Debug\Cm3Start.o
 .debug_line    0x000020fc      0x24d .\ARM_GCC_493\Debug\OVac.a(cyfitter_cfg.o)
 .debug_line    0x00002349      0x882 .\ARM_GCC_493\Debug\OVac.a(CyLib.o)
 .debug_line    0x00002bcb      0x37f .\ARM_GCC_493\Debug\OVac.a(cyPm.o)
 .debug_line    0x00002f4a      0x3c8 .\ARM_GCC_493\Debug\OVac.a(ADC.o)
 .debug_line    0x00003312       0x8c .\ARM_GCC_493\Debug\OVac.a(ADC_INT.o)
 .debug_line    0x0000339e       0x9d .\ARM_GCC_493\Debug\OVac.a(ADC_AMux.o)
 .debug_line    0x0000343b      0x1a9 .\ARM_GCC_493\Debug\OVac.a(ADC_Ext_CP_Clk.o)
 .debug_line    0x000035e4      0x1ca .\ARM_GCC_493\Debug\OVac.a(ADC_theACLK.o)
 .debug_line    0x000037ae       0xea .\ARM_GCC_493\Debug\OVac.a(I2C_Master.o)
 .debug_line    0x00003898      0x120 .\ARM_GCC_493\Debug\OVac.a(I2C_Master_INT.o)
 .debug_line    0x000039b8       0xc6 .\ARM_GCC_493\Debug\OVac.a(I2C_Master_PM.o)
 .debug_line    0x00003a7e      0x1f5 .\ARM_GCC_493\Debug\OVac.a(I2C_Master_MASTER.o)
 .debug_line    0x00003c73      0x164 .\ARM_GCC_493\Debug\OVac.a(Sample_Timer.o)
 .debug_line    0x00003dd7      0x155 .\ARM_GCC_493\Debug\OVac.a(Sample_ISR.o)
 .debug_line    0x00003f2c       0x99 .\ARM_GCC_493\Debug\OVac.a(Solenoid_1.o)
 .debug_line    0x00003fc5       0x93 .\ARM_GCC_493\Debug\OVac.a(LED2.o)
 .debug_line    0x00004058      0x178 .\ARM_GCC_493\Debug\OVac.a(Countdown_timer.o)
 .debug_line    0x000041d0      0x144 .\ARM_GCC_493\Debug\OVac.a(countdown.o)
 .debug_line    0x00004314       0x95 .\ARM_GCC_493\Debug\OVac.a(LED2_1.o)
 .debug_line    0x000043a9       0x93 .\ARM_GCC_493\Debug\OVac.a(LED7.o)
 .debug_line    0x0000443c       0x99 .\ARM_GCC_493\Debug\OVac.a(Solenoid_2.o)
 .debug_line    0x000044d5       0x7d .\ARM_GCC_493\Debug\OVac.a(CyBootAsmGnu.o)
 .debug_line    0x00004552      0x205 .\ARM_GCC_493\Debug\OVac.a(CyFlash.o)
 .debug_line    0x00004757      0x215 .\ARM_GCC_493\Debug\OVac.a(CySpc.o)
 .debug_line    0x0000496c       0xb5 .\ARM_GCC_493\Debug\OVac.a(emFile_ConfigMMC_SPI.o)
 .debug_line    0x00004a21      0x298 .\ARM_GCC_493\Debug\OVac.a(emFile_MMC_HW_SPI.o)
 .debug_line    0x00004cb9      0x267 .\ARM_GCC_493\Debug\OVac.a(emFile_SPI0.o)
 .debug_line    0x00004f20      0x1a9 .\ARM_GCC_493\Debug\OVac.a(emFile_Clock_1.o)
 .debug_line    0x000050c9       0x9d .\ARM_GCC_493\Debug\OVac.a(emFile_SPI0_CS.o)

.debug_frame    0x00000000     0x61b0
 *(.debug_frame)
 .debug_frame   0x00000000       0x80 .\ARM_GCC_493\Debug\main.o
 .debug_frame   0x00000080      0x3f8 .\ARM_GCC_493\Debug\LiquidCrystal_I2C.o
 .debug_frame   0x00000478      0x1a4 .\ARM_GCC_493\Debug\i2cFunctions.o
 .debug_frame   0x0000061c       0xa0 .\ARM_GCC_493\Debug\functions.o
 .debug_frame   0x000006bc     0x22b4 .\ARM_GCC_493\Debug\mpu6050.o
 .debug_frame   0x00002970       0xd8 .\ARM_GCC_493\Debug\Cm3Start.o
 .debug_frame   0x00002a48      0x1bc .\ARM_GCC_493\Debug\OVac.a(cyfitter_cfg.o)
 .debug_frame   0x00002c04      0xc0c .\ARM_GCC_493\Debug\OVac.a(CyLib.o)
 .debug_frame   0x00003810      0x234 .\ARM_GCC_493\Debug\OVac.a(cyPm.o)
 .debug_frame   0x00003a44      0x40c .\ARM_GCC_493\Debug\OVac.a(ADC.o)
 .debug_frame   0x00003e50       0xa0 .\ARM_GCC_493\Debug\OVac.a(ADC_INT.o)
 .debug_frame   0x00003ef0       0x88 .\ARM_GCC_493\Debug\OVac.a(ADC_AMux.o)
 .debug_frame   0x00003f78      0x1b4 .\ARM_GCC_493\Debug\OVac.a(ADC_Ext_CP_Clk.o)
 .debug_frame   0x0000412c      0x200 .\ARM_GCC_493\Debug\OVac.a(ADC_theACLK.o)
 .debug_frame   0x0000432c       0x98 .\ARM_GCC_493\Debug\OVac.a(I2C_Master.o)
 .debug_frame   0x000043c4       0x38 .\ARM_GCC_493\Debug\OVac.a(I2C_Master_INT.o)
 .debug_frame   0x000043fc       0x94 .\ARM_GCC_493\Debug\OVac.a(I2C_Master_PM.o)
 .debug_frame   0x00004490      0x208 .\ARM_GCC_493\Debug\OVac.a(I2C_Master_MASTER.o)
 .debug_frame   0x00004698      0x208 .\ARM_GCC_493\Debug\OVac.a(Sample_Timer.o)
 .debug_frame   0x000048a0      0x1e8 .\ARM_GCC_493\Debug\OVac.a(Sample_ISR.o)
 .debug_frame   0x00004a88       0xa8 .\ARM_GCC_493\Debug\OVac.a(Solenoid_1.o)
 .debug_frame   0x00004b30       0xa8 .\ARM_GCC_493\Debug\OVac.a(LED2.o)
 .debug_frame   0x00004bd8      0x230 .\ARM_GCC_493\Debug\OVac.a(Countdown_timer.o)
 .debug_frame   0x00004e08      0x1e8 .\ARM_GCC_493\Debug\OVac.a(countdown.o)
 .debug_frame   0x00004ff0       0xa8 .\ARM_GCC_493\Debug\OVac.a(LED2_1.o)