Archive member included because of file (symbol)

.\ARM_GCC_493\Debug\OVac.a(cyfitter_cfg.o)
                              .\ARM_GCC_493\Debug\Cm3Start.o (cyfitter_cfg)
.\ARM_GCC_493\Debug\OVac.a(CyLib.o)
                              .\ARM_GCC_493\Debug\Cm3Start.o (CyResetStatus)
.\ARM_GCC_493\Debug\OVac.a(cyPm.o)
                              .\ARM_GCC_493\Debug\OVac.a(CyLib.o) (CyPmReadStatus)
.\ARM_GCC_493\Debug\OVac.a(ADC.o)
                              .\ARM_GCC_493\Debug\main.o (ADC_Start)
.\ARM_GCC_493\Debug\OVac.a(ADC_INT.o)
                              .\ARM_GCC_493\Debug\OVac.a(ADC.o) (ADC_ISR1)
.\ARM_GCC_493\Debug\OVac.a(ADC_AMux.o)
                              .\ARM_GCC_493\Debug\OVac.a(ADC.o) (ADC_AMux_Select)
.\ARM_GCC_493\Debug\OVac.a(ADC_Ext_CP_Clk.o)
                              .\ARM_GCC_493\Debug\OVac.a(ADC.o) (ADC_Ext_CP_Clk_SetDividerRegister)
.\ARM_GCC_493\Debug\OVac.a(ADC_theACLK.o)
                              .\ARM_GCC_493\Debug\OVac.a(ADC.o) (ADC_theACLK_SetDividerRegister)
.\ARM_GCC_493\Debug\OVac.a(I2C_Master.o)
                              .\ARM_GCC_493\Debug\main.o (I2C_Master_Start)
.\ARM_GCC_493\Debug\OVac.a(I2C_Master_INT.o)
                              .\ARM_GCC_493\Debug\OVac.a(I2C_Master.o) (I2C_Master_ISR)
.\ARM_GCC_493\Debug\OVac.a(I2C_Master_PM.o)
                              .\ARM_GCC_493\Debug\OVac.a(I2C_Master.o) (I2C_Master_backup)
.\ARM_GCC_493\Debug\OVac.a(I2C_Master_MASTER.o)
                              .\ARM_GCC_493\Debug\OVac.a(I2C_Master.o) (I2C_Master_mstrStatus)
.\ARM_GCC_493\Debug\OVac.a(Sample_Timer.o)
                              .\ARM_GCC_493\Debug\main.o (Sample_Timer_Start)
.\ARM_GCC_493\Debug\OVac.a(Sample_ISR.o)
                              .\ARM_GCC_493\Debug\main.o (Sample_ISR_StartEx)
.\ARM_GCC_493\Debug\OVac.a(Solenoid_1.o)
                              .\ARM_GCC_493\Debug\main.o (Solenoid_1_Write)
.\ARM_GCC_493\Debug\OVac.a(LED2.o)
                              .\ARM_GCC_493\Debug\main.o (LED2_Write)
.\ARM_GCC_493\Debug\OVac.a(Countdown_timer.o)
                              .\ARM_GCC_493\Debug\main.o (Countdown_timer_Start)
.\ARM_GCC_493\Debug\OVac.a(countdown.o)
                              .\ARM_GCC_493\Debug\main.o (countdown_StartEx)
.\ARM_GCC_493\Debug\OVac.a(adjust_timer.o)
                              .\ARM_GCC_493\Debug\main.o (adjust_timer_Start)
.\ARM_GCC_493\Debug\OVac.a(Solenoid_2.o)
                              .\ARM_GCC_493\Debug\main.o (Solenoid_2_Write)
.\ARM_GCC_493\Debug\OVac.a(Comp.o)
                              .\ARM_GCC_493\Debug\main.o (Comp_Stop)
.\ARM_GCC_493\Debug\OVac.a(UART.o)
                              .\ARM_GCC_493\Debug\main.o (UART_Start)
.\ARM_GCC_493\Debug\OVac.a(rx_interrupt.o)
                              .\ARM_GCC_493\Debug\main.o (rx_interrupt_StartEx)
.\ARM_GCC_493\Debug\OVac.a(UART_IntClock.o)
                              .\ARM_GCC_493\Debug\OVac.a(UART.o) (UART_IntClock_Start)
.\ARM_GCC_493\Debug\OVac.a(temp_isr.o)
                              .\ARM_GCC_493\Debug\main.o (temp_isr_StartEx)
.\ARM_GCC_493\Debug\OVac.a(CyBootAsmGnu.o)
                              .\ARM_GCC_493\Debug\OVac.a(cyfitter_cfg.o) (CyDelayCycles)
.\ARM_GCC_493\Debug\OVac.a(CyFlash.o)
                              .\ARM_GCC_493\Debug\OVac.a(cyPm.o) (CyFlash_SetWaitCycles)
.\ARM_GCC_493\Debug\OVac.a(CySpc.o)
                              .\ARM_GCC_493\Debug\OVac.a(CyFlash.o) (CySpcStart)
.\emFile_V322c\LinkLibrary\PSoC5\GCC\libemf32nosnlfn.a(FAT_FormatSD.o)
                              .\ARM_GCC_493\Debug\main.o (FS_FormatSD)
.\emFile_V322c\LinkLibrary\PSoC5\GCC\libemf32nosnlfn.a(FAT_Misc.o)
                              .\emFile_V322c\LinkLibrary\PSoC5\GCC\libemf32nosnlfn.a(FAT_FormatSD.o) (FS_FAT_GetFATType)
.\emFile_V322c\LinkLibrary\PSoC5\GCC\libemf32nosnlfn.a(FAT_Open.o)
                              .\emFile_V322c\LinkLibrary\PSoC5\GCC\libemf32nosnlfn.a(FAT_Misc.o) (FS_FAT_InitDirEntryScan)
.\emFile_V322c\LinkLibrary\PSoC5\GCC\libemf32nosnlfn.a(FAT_Write.o)
                              .\emFile_V322c\LinkLibrary\PSoC5\GCC\libemf32nosnlfn.a(FAT_Misc.o) (FS_FAT_Close)
.\emFile_V322c\LinkLibrary\PSoC5\GCC\libemf32nosnlfn.a(FS_CLib.o)
                              .\emFile_V322c\LinkLibrary\PSoC5\GCC\libemf32nosnlfn.a(FAT_Open.o) (FS__CLIB_memcmp)
.\emFile_V322c\LinkLibrary\PSoC5\GCC\libemf32nosnlfn.a(FS_Core.o)
                              .\emFile_V322c\LinkLibrary\PSoC5\GCC\libemf32nosnlfn.a(FAT_FormatSD.o) (FS__DivideU32Up)
.\emFile_V322c\LinkLibrary\PSoC5\GCC\libemf32nosnlfn.a(FS_LogBlock.o)
                              .\emFile_V322c\LinkLibrary\PSoC5\GCC\libemf32nosnlfn.a(FAT_FormatSD.o) (FS_LB_GetStatus)
.\emFile_V322c\LinkLibrary\PSoC5\GCC\libemf32nosnlfn.a(FS_memcpy.o)
                              .\emFile_V322c\LinkLibrary\PSoC5\GCC\libemf32nosnlfn.a(FAT_Open.o) (FS_memcpy)
.\emFile_V322c\LinkLibrary\PSoC5\GCC\libemf32nosnlfn.a(FS_Misc.o)
[...]
Memory Configuration

Name             Origin             Length             Attributes
rom              0x00000000         0x00040000         xr
ram              0x1fff8000         0x00010000         xrw
*default*        0x00000000         0xffffffff

Linker script and memory map

LOAD c:/program files (x86)/cypress/psoc creator/4.0/psoc creator/import/gnu/arm/4.9.3/bin/../lib/gcc/arm-none-eabi/4.9.3/armv7-m/crti.o
LOAD c:/program files (x86)/cypress/psoc creator/4.0/psoc creator/import/gnu/arm/4.9.3/bin/../lib/gcc/arm-none-eabi/4.9.3/armv7-m/crtbegin.o
LOAD c:/program files (x86)/cypress/psoc creator/4.0/psoc creator/import/gnu/arm/4.9.3/bin/../lib/gcc/arm-none-eabi/4.9.3/../../../../arm-none-eabi/lib/armv7-m/crt0.o
START GROUP
LOAD .\ARM_GCC_493\Debug\main.o
LOAD .\ARM_GCC_493\Debug\LiquidCrystal_I2C.o
LOAD .\ARM_GCC_493\Debug\i2cFunctions.o
LOAD .\ARM_GCC_493\Debug\functions.o
LOAD .\ARM_GCC_493\Debug\mpu6050.o
LOAD .\ARM_GCC_493\Debug\cymetadata.o
LOAD .\ARM_GCC_493\Debug\Cm3Start.o
LOAD .\ARM_GCC_493\Debug\OVac.a
LOAD C:\Program Files (x86)\Cypress\PSoC Creator\4.0\PSoC Creator\psoc\content\cycomponentlibrary\CyComponentLibrary.cylib\CortexM3\ARM_GCC_493\Debug\CyComponentLibrary.a
LOAD .\emFile_V322c\LinkLibrary\PSoC5\GCC\libemf32nosnlfn.a
END GROUP
START GROUP
LOAD c:/program files (x86)/cypress/psoc creator/4.0/psoc creator/import/gnu/arm/4.9.3/bin/../lib/gcc/arm-none-eabi/4.9.3/armv7-m\libgcc.a
LOAD c:/program files (x86)/cypress/psoc creator/4.0/psoc creator/import/gnu/arm/4.9.3/bin/../lib/gcc/arm-none-eabi/4.9.3/../../../../arm-none-eabi/lib/armv7-m\libg_nano.a
LOAD c:/program files (x86)/cypress/psoc creator/4.0/psoc creator/import/gnu/arm/4.9.3/bin/../lib/gcc/arm-none-eabi/4.9.3/../../../../arm-none-eabi/lib/armv7-m\libc_nano.a
END GROUP
START GROUP
LOAD c:/program files (x86)/cypress/psoc creator/4.0/psoc creator/import/gnu/arm/4.9.3/bin/../lib/gcc/arm-none-eabi/4.9.3/armv7-m\libgcc.a
LOAD c:/program files (x86)/cypress/psoc creator/4.0/psoc creator/import/gnu/arm/4.9.3/bin/../lib/gcc/arm-none-eabi/4.9.3/../../../../arm-none-eabi/lib/armv7-m\libc_nano.a
END GROUP
LOAD c:/program files (x86)/cypress/psoc creator/4.0/psoc creator/import/gnu/arm/4.9.3/bin/../lib/gcc/arm-none-eabi/4.9.3/armv7-m/crtend.o
LOAD c:/program files (x86)/cypress/psoc creator/4.0/psoc creator/import/gnu/arm/4.9.3/bin/../lib/gcc/arm-none-eabi/4.9.3/armv7-m/crtn.o
START GROUP
LOAD c:/program files (x86)/cypress/psoc creator/4.0/psoc creator/import/gnu/arm/4.9.3/bin/../lib/gcc/arm-none-eabi/4.9.3/armv7-m\libgcc.a
LOAD c:/program files (x86)/cypress/psoc creator/4.0/psoc creator/import/gnu/arm/4.9.3/bin/../lib/gcc/arm-none-eabi/4.9.3/../../../../arm-none-eabi/lib/armv7-m\libc.a
LOAD c:/program files (x86)/cypress/psoc creator/4.0/psoc creator/import/gnu/arm/4.9.3/bin/../lib/gcc/arm-none-eabi/4.9.3/../../../../arm-none-eabi/lib/armv7-m\libnosys.a
END GROUP
                0x00000000                CY_APPL_ORIGIN = 0x0
                0x00000100                CY_FLASH_ROW_SIZE = 0x100
                0x00000020                CY_ECC_ROW_SIZE = 0x20
                0x00000000                CY_EE_IN_BTLDR = 0x0
                0x00000000                CY_APPL_LOADABLE = 0x0
                0x00000800                CY_EE_SIZE = 0x800
                0x00000001                CY_APPL_NUM = 0x1
                0x00000001                CY_APPL_MAX = 0x1
                0x00000040                CY_METADATA_SIZE = 0x40
                0x00000000                CY_APPL_LOADABLE = 0x0
                0x00000000                CY_CHECKSUM_EXCLUDE_SIZE = ALIGN (0x0, CY_FLASH_ROW_SIZE)
                0x1fff9360                PROVIDE (__cy_heap_start, _end)
                0x00000001                PROVIDE (__cy_region_num, ((__cy_regions_end - __cy_regions) / 0x10))
                0x20008000                PROVIDE (__cy_stack, (ORIGIN (ram) + 0x10000))
                0x20007800                PROVIDE (__cy_heap_end, (__cy_stack - 0x800))

.cybootloader   0x00000000        0x0
 *(.cybootloader)
                0x00000000                appl1_start = CY_APPL_ORIGIN?CY_APPL_ORIGIN:ALIGN (CY_FLASH_ROW_SIZE)
                0x0001ff00                appl2_start = (appl1_start + ALIGN ((((0x40000 - appl1_start) - (0x2 * CY_FLASH_ROW_SIZE)) / 0x2), CY_FLASH_ROW_SIZE))
                0x00000000                appl_start = (CY_APPL_NUM == 0x1)?appl1_start:appl2_start
                0x00000000                ecc_offset = ((appl_start / CY_FLASH_ROW_SIZE) * CY_ECC_ROW_SIZE)
                0x00000000                ee_offset = (CY_APPL_LOADABLE && ! (CY_EE_IN_BTLDR))?((CY_EE_SIZE / CY_APPL_MAX) * (CY_APPL_NUM - 0x1)):0x0
                0x00000800                ee_size = (CY_APPL_LOADABLE && ! (CY_EE_IN_BTLDR))?(CY_EE_SIZE / CY_APPL_MAX):CY_EE_SIZE
                0x00000000                PROVIDE (CY_ECC_OFFSET, ecc_offset)

.text           0x00000000     0x8a78
 CREATE_OBJECT_SYMBOLS
                0x00000000                PROVIDE (__cy_interrupt_vector, RomVectors)
 *(.romvectors)
 .romvectors    0x00000000       0x10 .\ARM_GCC_493\Debug\Cm3Start.o
                0x00000000                RomVectors
                0x00000001                ASSERT ((. != __cy_interrupt_vector), No interrupt vector)
                0x00000001                ASSERT (CY_APPL_ORIGIN?(SIZEOF (.cybootloader) <= CY_APPL_ORIGIN):0x1, Wrong image location)
                0x00000010                PROVIDE (__cy_reset, Reset)
 *(.text.Reset)
 .text.Reset    0x00000010       0x18 .\ARM_GCC_493\Debug\Cm3Start.o
                0x00000010                Reset
                0x00000001                ASSERT ((. != __cy_reset), No reset code)
 *(.dma_init)
                0x00000001                ASSERT ((((appl_start + .) <= 0x10000) || 0x1), DMA Init must be within the first 64k of flash)
 *(.text .text.* .gnu.linkonce.t.*)
 .text          0x00000028       0x5c c:/program files (x86)/cypress/psoc creator/4.0/psoc creator/import/gnu/arm/4.9.3/bin/../lib/gcc/arm-none-eabi/4.9.3/armv7-m/crtbegin.o
 .text.Sample_ISR_Handler
                0x00000084       0x38 .\ARM_GCC_493\Debug\main.o
                0x00000084                Sample_ISR_Handler
 .text.Countdown_ISR_Handler
                0x000000bc       0x80 .\ARM_GCC_493\Debug\main.o
                0x000000bc                Countdown_ISR_Handler
 .text.rx_interrupt
                0x0000013c       0x50 .\ARM_GCC_493\Debug\main.o
                0x0000013c                rx_interrupt
 .text.temp_interrupt
                0x0000018c       0x58 .\ARM_GCC_493\Debug\main.o
                0x0000018c                temp_interrupt
 *fill*         0x000001e4        0x4 
 .text.main     0x000001e8      0xb90 .\ARM_GCC_493\Debug\main.o
                0x000001e8                main
 .text.LiquidCrystal_I2C_init
                0x00000d78       0x5c .\ARM_GCC_493\Debug\LiquidCrystal_I2C.o
                0x00000d78                LiquidCrystal_I2C_init
 .text.begin    0x00000dd4       0xd8 .\ARM_GCC_493\Debug\LiquidCrystal_I2C.o
                0x00000dd4                begin
 .text.clear    0x00000eac       0x14 .\ARM_GCC_493\Debug\LiquidCrystal_I2C.o
                0x00000eac                clear
 .text.home     0x00000ec0       0x14 .\ARM_GCC_493\Debug\LiquidCrystal_I2C.o
                0x00000ec0                home
 .text.setCursor
                0x00000ed4       0x64 .\ARM_GCC_493\Debug\LiquidCrystal_I2C.o
                0x00000ed4                setCursor
 .text.display  0x00000f38       0x2c .\ARM_GCC_493\Debug\LiquidCrystal_I2C.o
                0x00000f38                display
 .text.command  0x00000f64       0x1c .\ARM_GCC_493\Debug\LiquidCrystal_I2C.o
                0x00000f64                command
 .text.write    0x00000f80       0x1c .\ARM_GCC_493\Debug\LiquidCrystal_I2C.o
                0x00000f80                write
 .text.send     0x00000f9c       0x44 .\ARM_GCC_493\Debug\LiquidCrystal_I2C.o
                0x00000f9c                send
 .text.write4bits
                0x00000fe0       0x24 .\ARM_GCC_493\Debug\LiquidCrystal_I2C.o
                0x00000fe0                write4bits
 .text.expanderWrite
                0x00001004       0x30 .\ARM_GCC_493\Debug\LiquidCrystal_I2C.o
                0x00001004                expanderWrite
 .text.pulseEnable
                0x00001034       0x3c .\ARM_GCC_493\Debug\LiquidCrystal_I2C.o
                0x00001034                pulseEnable
 .text.LCD_print
                0x00001070       0x40 .\ARM_GCC_493\Debug\LiquidCrystal_I2C.o
                0x00001070                LCD_print
 .text.I2C_M_write_byte
                0x000010b0       0x30 .\ARM_GCC_493\Debug\LiquidCrystal_I2C.o
                0x000010b0                I2C_M_write_byte
 .text.I2CReadBytes
                0x000010e0       0x70 .\ARM_GCC_493\Debug\i2cFunctions.o
                0x000010e0                I2CReadBytes
 .text.I2CReadByte
                0x00001150       0x28 .\ARM_GCC_493\Debug\i2cFunctions.o
                0x00001150                I2CReadByte
 .text.I2CWriteBytes
                0x00001178       0x50 .\ARM_GCC_493\Debug\i2cFunctions.o
                0x00001178                I2CWriteBytes
 .text.I2CWriteByte
                0x000011c8       0x28 .\ARM_GCC_493\Debug\i2cFunctions.o
                0x000011c8                I2CWriteByte
 .text.I2CWriteBits
                0x000011f0       0x9c .\ARM_GCC_493\Debug\i2cFunctions.o
                0x000011f0                I2CWriteBits
 .text.I2CWriteBit
                0x0000128c       0x7c .\ARM_GCC_493\Debug\i2cFunctions.o
                0x0000128c                I2CWriteBit
 .text.ComputeMA
                0x00001308       0x5c .\ARM_GCC_493\Debug\functions.o
                0x00001308                ComputeMA
 .text.BT_Process
                0x00001364      0x1e4 .\ARM_GCC_493\Debug\functions.o
                0x00001364                BT_Process
 .text.BT_Send  0x00001548       0xd4 .\ARM_GCC_493\Debug\functions.o
                0x00001548                BT_Send
 .text.uint8_to_char
                0x0000161c       0x3c .\ARM_GCC_493\Debug\functions.o
                0x0000161c                uint8_to_char
 .text.MPU6050_init
                0x00001658       0x18 .\ARM_GCC_493\Debug\mpu6050.o
                0x00001658                MPU6050_init
 .text.MPU6050_initialize
                0x00001670       0x20 .\ARM_GCC_493\Debug\mpu6050.o
                0x00001670                MPU6050_initialize
 .text.MPU6050_setFullScaleGyroRange
                0x00001690       0x28 .\ARM_GCC_493\Debug\mpu6050.o
                0x00001690                MPU6050_setFullScaleGyroRange
 .text.MPU6050_setFullScaleAccelRange
                0x000016b8       0x28 .\ARM_GCC_493\Debug\mpu6050.o
                0x000016b8                MPU6050_setFullScaleAccelRange
 .text.MPU6050_getAccelerationZ
                0x000016e0       0x34 .\ARM_GCC_493\Debug\mpu6050.o
                0x000016e0                MPU6050_getAccelerationZ
 .text.MPU6050_setSleepEnabled
                0x00001714       0x24 .\ARM_GCC_493\Debug\mpu6050.o
                0x00001714                MPU6050_setSleepEnabled
 .text.MPU6050_setClockSource
                0x00001738       0x28 .\ARM_GCC_493\Debug\mpu6050.o
                0x00001738                MPU6050_setClockSource
 .text.IntDefaultHandler
                0x00001760       0x14 .\ARM_GCC_493\Debug\Cm3Start.o
                0x00001760                IntDefaultHandler
 .text._sbrk    0x00001774       0x50 .\ARM_GCC_493\Debug\Cm3Start.o
                0x00001774                _sbrk
 .text.Start_c  0x000017c4       0x98 .\ARM_GCC_493\Debug\Cm3Start.o
                0x000017c4                Start_c
 .text.initialize_psoc
                0x0000185c       0x8c .\ARM_GCC_493\Debug\Cm3Start.o
                0x0000185c                initialize_psoc
 .text.CYMEMZERO
                0x000018e8       0x1c .\ARM_GCC_493\Debug\OVac.a(cyfitter_cfg.o)
 .text.CYCONFIGCPY
                0x00001904       0x1c .\ARM_GCC_493\Debug\OVac.a(cyfitter_cfg.o)
 .text.CyClockStartupError
                0x00001920        0xc .\ARM_GCC_493\Debug\OVac.a(cyfitter_cfg.o)
 .text.cfg_write_bytes32
                0x0000192c       0x74 .\ARM_GCC_493\Debug\OVac.a(cyfitter_cfg.o)
 .text.ClockSetup
                0x000019a0      0x180 .\ARM_GCC_493\Debug\OVac.a(cyfitter_cfg.o)
 .text.AnalogSetDefault
                0x00001b20       0x6c .\ARM_GCC_493\Debug\OVac.a(cyfitter_cfg.o)
 .text.ADC_AMux_Set
                0x00001b8c       0x40 .\ARM_GCC_493\Debug\OVac.a(cyfitter_cfg.o)
                0x00001b8c                ADC_AMux_Set
 .text.ADC_AMux_Unset
                0x00001bcc       0x44 .\ARM_GCC_493\Debug\OVac.a(cyfitter_cfg.o)
                0x00001bcc                ADC_AMux_Unset
 .text.cyfitter_cfg
                0x00001c10      0x1b8 .\ARM_GCC_493\Debug\OVac.a(cyfitter_cfg.o)
                0x00001c10                cyfitter_cfg
 .text.CyHalt   0x00001dc8       0x18 .\ARM_GCC_493\Debug\OVac.a(CyLib.o)
                0x00001dc8                CyHalt
 .text.CyDelay  0x00001de0       0x44 .\ARM_GCC_493\Debug\OVac.a(CyLib.o)
                0x00001de0                CyDelay
 .text.CyDelayUs
                0x00001e24       0x24 .\ARM_GCC_493\Debug\OVac.a(CyLib.o)
                0x00001e24                CyDelayUs
 .text.CyIntSetVector
                0x00001e48       0x50 .\ARM_GCC_493\Debug\OVac.a(CyLib.o)
                0x00001e48                CyIntSetVector
 .text.CyIntSetPriority
                0x00001e98       0x44 .\ARM_GCC_493\Debug\OVac.a(CyLib.o)
                0x00001e98                CyIntSetPriority
 .text.ADC_Init
                0x00001edc      0x158 .\ARM_GCC_493\Debug\OVac.a(ADC.o)
                0x00001edc                ADC_Init
 .text.ADC_Enable
                0x00002034      0x158 .\ARM_GCC_493\Debug\OVac.a(ADC.o)
                0x00002034                ADC_Enable
 .text.ADC_Start
                0x0000218c       0x30 .\ARM_GCC_493\Debug\OVac.a(ADC.o)
                0x0000218c                ADC_Start
 .text.ADC_StartConvert
                0x000021bc       0x20 .\ARM_GCC_493\Debug\OVac.a(ADC.o)
                0x000021bc                ADC_StartConvert
 .text.ADC_IsEndConversion
                0x000021dc       0x50 .\ARM_GCC_493\Debug\OVac.a(ADC.o)
                0x000021dc                ADC_IsEndConversion
 .text.ADC_GetResult32
                0x0000222c       0xa8 .\ARM_GCC_493\Debug\OVac.a(ADC.o)
                0x0000222c                ADC_GetResult32
 .text.ADC_InitConfig
                0x000022d4      0x40c .\ARM_GCC_493\Debug\OVac.a(ADC.o)
 .text.ADC_GainCompensation
                0x000026e0      0x16c .\ARM_GCC_493\Debug\OVac.a(ADC.o)
 .text.ADC_SetDSMRef0Reg
                0x0000284c       0x78 .\ARM_GCC_493\Debug\OVac.a(ADC.o)
 .text.ADC_ISR1
                0x000028c4        0xc .\ARM_GCC_493\Debug\OVac.a(ADC_INT.o)
                0x000028c4                ADC_ISR1
 .text.ADC_ISR2
                0x000028d0        0xc .\ARM_GCC_493\Debug\OVac.a(ADC_INT.o)
                0x000028d0                ADC_ISR2
 .text.ADC_ISR3
                0x000028dc        0xc .\ARM_GCC_493\Debug\OVac.a(ADC_INT.o)
                0x000028dc                ADC_ISR3
 .text.ADC_ISR4
                0x000028e8        0xc .\ARM_GCC_493\Debug\OVac.a(ADC_INT.o)
                0x000028e8                ADC_ISR4
 .text.ADC_AMux_Start
                0x000028f4       0x30 .\ARM_GCC_493\Debug\OVac.a(ADC_AMux.o)
                0x000028f4                ADC_AMux_Start
 .text.ADC_AMux_Select
                0x00002924       0x28 .\ARM_GCC_493\Debug\OVac.a(ADC_AMux.o)
                0x00002924                ADC_AMux_Select
 .text.ADC_Ext_CP_Clk_SetDividerRegister
                0x0000294c      0x160 .\ARM_GCC_493\Debug\OVac.a(ADC_Ext_CP_Clk.o)
                0x0000294c                ADC_Ext_CP_Clk_SetDividerRegister
 .text.ADC_Ext_CP_Clk_GetDividerRegister
                0x00002aac       0x18 .\ARM_GCC_493\Debug\OVac.a(ADC_Ext_CP_Clk.o)
                0x00002aac                ADC_Ext_CP_Clk_GetDividerRegister
 .text.ADC_Ext_CP_Clk_SetModeRegister
                0x00002ac4       0x34 .\ARM_GCC_493\Debug\OVac.a(ADC_Ext_CP_Clk.o)
                0x00002ac4                ADC_Ext_CP_Clk_SetModeRegister
 .text.ADC_Ext_CP_Clk_GetSourceRegister
                0x00002af8       0x20 .\ARM_GCC_493\Debug\OVac.a(ADC_Ext_CP_Clk.o)
                0x00002af8                ADC_Ext_CP_Clk_GetSourceRegister
 .text.ADC_theACLK_SetDividerRegister
                0x00002b18      0x160 .\ARM_GCC_493\Debug\OVac.a(ADC_theACLK.o)
                0x00002b18                ADC_theACLK_SetDividerRegister
 .text.ADC_theACLK_GetDividerRegister
                0x00002c78       0x18 .\ARM_GCC_493\Debug\OVac.a(ADC_theACLK.o)
                0x00002c78                ADC_theACLK_GetDividerRegister
 .text.ADC_theACLK_SetModeRegister
                0x00002c90       0x34 .\ARM_GCC_493\Debug\OVac.a(ADC_theACLK.o)
                0x00002c90                ADC_theACLK_SetModeRegister
 .text.ADC_theACLK_GetSourceRegister
                0x00002cc4       0x20 .\ARM_GCC_493\Debug\OVac.a(ADC_theACLK.o)
                0x00002cc4                ADC_theACLK_GetSourceRegister
 .text.I2C_Master_Init
                0x00002ce4       0x80 .\ARM_GCC_493\Debug\OVac.a(I2C_Master.o)
                0x00002ce4                I2C_Master_Init
 .text.I2C_Master_Enable
                0x00002d64       0x44 .\ARM_GCC_493\Debug\OVac.a(I2C_Master.o)
                0x00002d64                I2C_Master_Enable
 .text.I2C_Master_Start
                0x00002da8       0x2c .\ARM_GCC_493\Debug\OVac.a(I2C_Master.o)
                0x00002da8                I2C_Master_Start
 .text.I2C_Master_ISR
                0x00002dd4      0x3ac .\ARM_GCC_493\Debug\OVac.a(I2C_Master_INT.o)
                0x00002dd4                I2C_Master_ISR
 .text.I2C_Master_MasterSendStart
                0x00003180       0xbc .\ARM_GCC_493\Debug\OVac.a(I2C_Master_MASTER.o)
                0x00003180                I2C_Master_MasterSendStart
 .text.I2C_Master_MasterSendRestart
                0x0000323c       0xa4 .\ARM_GCC_493\Debug\OVac.a(I2C_Master_MASTER.o)
                0x0000323c                I2C_Master_MasterSendRestart
 .text.I2C_Master_MasterSendStop
                0x000032e0       0x58 .\ARM_GCC_493\Debug\OVac.a(I2C_Master_MASTER.o)
                0x000032e0                I2C_Master_MasterSendStop
 .text.I2C_Master_MasterWriteByte
                0x00003338       0x80 .\ARM_GCC_493\Debug\OVac.a(I2C_Master_MASTER.o)
                0x00003338                I2C_Master_MasterWriteByte
 .text.I2C_Master_MasterReadByte
                0x000033b8       0x7c .\ARM_GCC_493\Debug\OVac.a(I2C_Master_MASTER.o)
                0x000033b8                I2C_Master_MasterReadByte
 .text.Sample_Timer_Init
                0x00003434       0x98 .\ARM_GCC_493\Debug\OVac.a(Sample_Timer.o)
                0x00003434                Sample_Timer_Init
 .text.Sample_Timer_Enable
                0x000034cc       0x48 .\ARM_GCC_493\Debug\OVac.a(Sample_Timer.o)
                0x000034cc                Sample_Timer_Enable
 .text.Sample_Timer_Start
                0x00003514       0x20 .\ARM_GCC_493\Debug\OVac.a(Sample_Timer.o)
                0x00003514                Sample_Timer_Start
 .text.Sample_Timer_SetInterruptMode
                0x00003534       0x20 .\ARM_GCC_493\Debug\OVac.a(Sample_Timer.o)
                0x00003534                Sample_Timer_SetInterruptMode
 .text.Sample_Timer_WritePeriod
                0x00003554       0x24 .\ARM_GCC_493\Debug\OVac.a(Sample_Timer.o)
                0x00003554                Sample_Timer_WritePeriod
 .text.Sample_Timer_WriteCounter
                0x00003578       0x20 .\ARM_GCC_493\Debug\OVac.a(Sample_Timer.o)
                0x00003578                Sample_Timer_WriteCounter
 .text.Sample_ISR_StartEx
                0x00003598       0x24 .\ARM_GCC_493\Debug\OVac.a(Sample_ISR.o)
                0x00003598                Sample_ISR_StartEx
 .text.Sample_ISR_SetVector
                0x000035bc       0x24 .\ARM_GCC_493\Debug\OVac.a(Sample_ISR.o)
                0x000035bc                Sample_ISR_SetVector
 .text.Sample_ISR_SetPriority
                0x000035e0       0x24 .\ARM_GCC_493\Debug\OVac.a(Sample_ISR.o)
                0x000035e0                Sample_ISR_SetPriority
 .text.Sample_ISR_Enable
                0x00003604       0x18 .\ARM_GCC_493\Debug\OVac.a(Sample_ISR.o)
                0x00003604                Sample_ISR_Enable
 .text.Sample_ISR_Disable
                0x0000361c       0x18 .\ARM_GCC_493\Debug\OVac.a(Sample_ISR.o)
                0x0000361c                Sample_ISR_Disable
 .text.Solenoid_1_Write
                0x00003634       0x34 .\ARM_GCC_493\Debug\OVac.a(Solenoid_1.o)
                0x00003634                Solenoid_1_Write
 .text.LED2_Write
                0x00003668       0x3c .\ARM_GCC_493\Debug\OVac.a(LED2.o)
                0x00003668                LED2_Write
 .text.Countdown_timer_Init
                0x000036a4       0x4c .\ARM_GCC_493\Debug\OVac.a(Countdown_timer.o)
                0x000036a4                Countdown_timer_Init
 .text.Countdown_timer_Enable
                0x000036f0       0x20 .\ARM_GCC_493\Debug\OVac.a(Countdown_timer.o)
                0x000036f0                Countdown_timer_Enable
 .text.Countdown_timer_Start
                0x00003710       0x20 .\ARM_GCC_493\Debug\OVac.a(Countdown_timer.o)
                0x00003710                Countdown_timer_Start
 .text.Countdown_timer_SetInterruptMode
                0x00003730       0x20 .\ARM_GCC_493\Debug\OVac.a(Countdown_timer.o)
                0x00003730                Countdown_timer_SetInterruptMode
 .text.Countdown_timer_ReadStatusRegister
                0x00003750       0x18 .\ARM_GCC_493\Debug\OVac.a(Countdown_timer.o)
                0x00003750                Countdown_timer_ReadStatusRegister
 .text.Countdown_timer_WritePeriod
                0x00003768       0x1c .\ARM_GCC_493\Debug\OVac.a(Countdown_timer.o)
                0x00003768                Countdown_timer_WritePeriod
 .text.Countdown_timer_ReadCapture
                0x00003784       0x18 .\ARM_GCC_493\Debug\OVac.a(Countdown_timer.o)
                0x00003784                Countdown_timer_ReadCapture
 .text.Countdown_timer_WriteCounter
                0x0000379c       0x1c .\ARM_GCC_493\Debug\OVac.a(Countdown_timer.o)
                0x0000379c                Countdown_timer_WriteCounter
 .text.Countdown_timer_ClearFIFO
                0x000037b8       0x1c .\ARM_GCC_493\Debug\OVac.a(Countdown_timer.o)
                0x000037b8                Countdown_timer_ClearFIFO
 .text.countdown_StartEx
                0x000037d4       0x24 .\ARM_GCC_493\Debug\OVac.a(countdown.o)
                0x000037d4                countdown_StartEx
 .text.countdown_SetVector
                0x000037f8       0x24 .\ARM_GCC_493\Debug\OVac.a(countdown.o)
                0x000037f8                countdown_SetVector
 .text.countdown_SetPriority
                0x0000381c       0x24 .\ARM_GCC_493\Debug\OVac.a(countdown.o)
                0x0000381c                countdown_SetPriority
 .text.countdown_Enable
                0x00003840       0x18 .\ARM_GCC_493\Debug\OVac.a(countdown.o)
                0x00003840                countdown_Enable
 .text.countdown_Disable
                0x00003858       0x18 .\ARM_GCC_493\Debug\OVac.a(countdown.o)
                0x00003858                countdown_Disable
 .text.adjust_timer_Init
                0x00003870       0x4c .\ARM_GCC_493\Debug\OVac.a(adjust_timer.o)
                0x00003870                adjust_timer_Init
 .text.adjust_timer_Enable
                0x000038bc       0x20 .\ARM_GCC_493\Debug\OVac.a(adjust_timer.o)
                0x000038bc                adjust_timer_Enable
 .text.adjust_timer_Start
                0x000038dc       0x20 .\ARM_GCC_493\Debug\OVac.a(adjust_timer.o)
                0x000038dc                adjust_timer_Start
 .text.adjust_timer_SetInterruptMode
                0x000038fc       0x20 .\ARM_GCC_493\Debug\OVac.a(adjust_timer.o)
                0x000038fc                adjust_timer_SetInterruptMode
 .text.adjust_timer_ReadStatusRegister
                0x0000391c       0x18 .\ARM_GCC_493\Debug\OVac.a(adjust_timer.o)
                0x0000391c                adjust_timer_ReadStatusRegister
 .text.adjust_timer_WritePeriod
                0x00003934       0x1c .\ARM_GCC_493\Debug\OVac.a(adjust_timer.o)
                0x00003934                adjust_timer_WritePeriod
 .text.adjust_timer_ReadCapture
                0x00003950       0x18 .\ARM_GCC_493\Debug\OVac.a(adjust_timer.o)
                0x00003950                adjust_timer_ReadCapture
 .text.adjust_timer_WriteCounter
                0x00003968       0x1c .\ARM_GCC_493\Debug\OVac.a(adjust_timer.o)
                0x00003968                adjust_timer_WriteCounter
 .text.adjust_timer_ClearFIFO
                0x00003984       0x1c .\ARM_GCC_493\Debug\OVac.a(adjust_timer.o)
                0x00003984                adjust_timer_ClearFIFO
 .text.Solenoid_2_Write
                0x000039a0       0x3c .\ARM_GCC_493\Debug\OVac.a(Solenoid_2.o)
                0x000039a0                Solenoid_2_Write
 .text.UART_Start
                0x000039dc       0x20 .\ARM_GCC_493\Debug\OVac.a(UART.o)
                0x000039dc                UART_Start
 .text.UART_Init
                0x000039fc       0x40 .\ARM_GCC_493\Debug\OVac.a(UART.o)
                0x000039fc                UART_Init
 .text.UART_Enable
                0x00003a3c       0x5c .\ARM_GCC_493\Debug\OVac.a(UART.o)
                0x00003a3c                UART_Enable
 .text.UART_ReadRxStatus
                0x00003a98       0x24 .\ARM_GCC_493\Debug\OVac.a(UART.o)
                0x00003a98                UART_ReadRxStatus
 .text.UART_GetChar
                0x00003abc       0x44 .\ARM_GCC_493\Debug\OVac.a(UART.o)
                0x00003abc                UART_GetChar
 .text.UART_ReadTxStatus
                0x00003b00       0x18 .\ARM_GCC_493\Debug\OVac.a(UART.o)
                0x00003b00                UART_ReadTxStatus
 .text.UART_PutChar
                0x00003b18       0x34 .\ARM_GCC_493\Debug\OVac.a(UART.o)
                0x00003b18                UART_PutChar
 .text.rx_interrupt_StartEx
                0x00003b4c       0x24 .\ARM_GCC_493\Debug\OVac.a(rx_interrupt.o)
                0x00003b4c                rx_interrupt_StartEx
 .text.rx_interrupt_SetVector
                0x00003b70       0x24 .\ARM_GCC_493\Debug\OVac.a(rx_interrupt.o)
                0x00003b70                rx_interrupt_SetVector
 .text.rx_interrupt_SetPriority
                0x00003b94       0x24 .\ARM_GCC_493\Debug\OVac.a(rx_interrupt.o)
                0x00003b94                rx_interrupt_SetPriority
 .text.rx_interrupt_Enable
                0x00003bb8       0x18 .\ARM_GCC_493\Debug\OVac.a(rx_interrupt.o)
                0x00003bb8                rx_interrupt_Enable
 .text.rx_interrupt_Disable
                0x00003bd0       0x18 .\ARM_GCC_493\Debug\OVac.a(rx_interrupt.o)
                0x00003bd0                rx_interrupt_Disable
 .text.UART_IntClock_Start
                0x00003be8       0x34 .\ARM_GCC_493\Debug\OVac.a(UART_IntClock.o)
                0x00003be8                UART_IntClock_Start
 .text.temp_isr_StartEx
                0x00003c1c       0x24 .\ARM_GCC_493\Debug\OVac.a(temp_isr.o)
                0x00003c1c                temp_isr_StartEx
 .text.temp_isr_SetVector
                0x00003c40       0x24 .\ARM_GCC_493\Debug\OVac.a(temp_isr.o)
                0x00003c40                temp_isr_SetVector
 .text.temp_isr_SetPriority
                0x00003c64       0x24 .\ARM_GCC_493\Debug\OVac.a(temp_isr.o)
                0x00003c64                temp_isr_SetPriority
 .text.temp_isr_Enable
                0x00003c88       0x18 .\ARM_GCC_493\Debug\OVac.a(temp_isr.o)
                0x00003c88                temp_isr_Enable
 .text.temp_isr_Disable
                0x00003ca0       0x18 .\ARM_GCC_493\Debug\OVac.a(temp_isr.o)
                0x00003ca0                temp_isr_Disable
 .text          0x00003cb8       0x58 .\ARM_GCC_493\Debug\OVac.a(CyBootAsmGnu.o)
                0x00003cb8                CyDelayCycles
                0x00003cf6                CyEnterCriticalSection
                0x00003cfe                CyExitCriticalSection
 .text.FS__SD_Format
                0x00003d10      0x26c .\emFile_V322c\LinkLibrary\PSoC5\GCC\libemf32nosnlfn.a(FAT_FormatSD.o)
                0x00003d10                FS__SD_Format
 .text.FS_FormatSD
                0x00003f7c       0x10 .\emFile_V322c\LinkLibrary\PSoC5\GCC\libemf32nosnlfn.a(FAT_FormatSD.o)
                0x00003f7c                FS_FormatSD
 .text._ClusterId2FATOff
                0x00003f8c       0x18 .\emFile_V322c\LinkLibrary\PSoC5\GCC\libemf32nosnlfn.a(FAT_Misc.o)
 .text._CalcLogClusterPos
                0x00003fa4        0xe .\emFile_V322c\LinkLibrary\PSoC5\GCC\libemf32nosnlfn.a(FAT_Misc.o)
 .text._ReadFromFreeClusterCache
                0x00003fb2       0x46 .\emFile_V322c\LinkLibrary\PSoC5\GCC\libemf32nosnlfn.a(FAT_Misc.o)
 .text.FS_FAT_GetFATType
                0x00003ff8       0x1a .\emFile_V322c\LinkLibrary\PSoC5\GCC\libemf32nosnlfn.a(FAT_Misc.o)
                0x00003ff8                FS_FAT_GetFATType
 .text.FS_FAT_ClusterId2SectorNo
                0x00004012        0xc .\emFile_V322c\LinkLibrary\PSoC5\GCC\libemf32nosnlfn.a(FAT_Misc.o)
                0x00004012                FS_FAT_ClusterId2SectorNo
 .text.FS_FAT_IsValidShortNameChar
                0x0000401e       0x34 .\emFile_V322c\LinkLibrary\PSoC5\GCC\libemf32nosnlfn.a(FAT_Misc.o)
                0x0000401e                FS_FAT_IsValidShortNameChar
 .text.FS_FAT_CopyShortName
                0x00004052       0x56 .\emFile_V322c\LinkLibrary\PSoC5\GCC\libemf32nosnlfn.a(FAT_Misc.o)
                0x00004052                FS_FAT_CopyShortName
 .text._SFN_CreateDirEntry
                0x000040a8       0x5a .\emFile_V322c\LinkLibrary\PSoC5\GCC\libemf32nosnlfn.a(FAT_Misc.o)
 .text._SFN_FindDirEntry
                0x00004102       0x10 .\emFile_V322c\LinkLibrary\PSoC5\GCC\libemf32nosnlfn.a(FAT_Misc.o)
 *fill*         0x00004112        0x2 
 .text.FS_FAT_FindDirEntry
                0x00004114       0x60 .\emFile_V322c\LinkLibrary\PSoC5\GCC\libemf32nosnlfn.a(FAT_Misc.o)
                0x00004114                FS_FAT_FindDirEntry
 .text.FS_FAT_CopyDirEntryInfo
                0x00004174       0x50 .\emFile_V322c\LinkLibrary\PSoC5\GCC\libemf32nosnlfn.a(FAT_Misc.o)
                0x00004174                FS_FAT_CopyDirEntryInfo
 .text._SFN_ReadDirEntryInfo
                0x000041c4       0x6e .\emFile_V322c\LinkLibrary\PSoC5\GCC\libemf32nosnlfn.a(FAT_Misc.o)
 .text._SetFATSector
                0x00004232        0x6 .\emFile_V322c\LinkLibrary\PSoC5\GCC\libemf32nosnlfn.a(FAT_Misc.o)
 .text.FS_FAT_ReadFATEntry
                0x00004238       0xb2 .\emFile_V322c\LinkLibrary\PSoC5\GCC\libemf32nosnlfn.a(FAT_Misc.o)
                0x00004238                FS_FAT_ReadFATEntry
 *fill*         0x000042ea        0x2 
 .text.FS_FAT_GetNumAdjClustersInChain
                0x000042ec       0x64 .\emFile_V322c\LinkLibrary\PSoC5\GCC\libemf32nosnlfn.a(FAT_Misc.o)
                0x000042ec                FS_FAT_GetNumAdjClustersInChain
 .text.FS_FAT_WalkClusterEx
                0x00004350       0x5c .\emFile_V322c\LinkLibrary\PSoC5\GCC\libemf32nosnlfn.a(FAT_Misc.o)
                0x00004350                FS_FAT_WalkClusterEx
 .text.FS_FAT_GotoCluster
                0x000043ac       0x88 .\emFile_V322c\LinkLibrary\PSoC5\GCC\libemf32nosnlfn.a(FAT_Misc.o)
                0x000043ac                FS_FAT_GotoCluster
 .text.FS_FAT_WalkCluster
                0x00004434       0x18 .\emFile_V322c\LinkLibrary\PSoC5\GCC\libemf32nosnlfn.a(FAT_Misc.o)
                0x00004434                FS_FAT_WalkCluster
 .text.FS_FAT_FindLastCluster
                0x0000444c       0x34 .\emFile_V322c\LinkLibrary\PSoC5\GCC\libemf32nosnlfn.a(FAT_Misc.o)
                0x0000444c                FS_FAT_FindLastCluster
 .text._WriteFATEntry
                0x00004480      0x18e .\emFile_V322c\LinkLibrary\PSoC5\GCC\libemf32nosnlfn.a(FAT_Misc.o)
 .text.FS_FAT_MarkClusterEOC
                0x0000460e        0x8 .\emFile_V322c\LinkLibrary\PSoC5\GCC\libemf32nosnlfn.a(FAT_Misc.o)
                0x0000460e                FS_FAT_MarkClusterEOC
 .text.FS_FAT_SyncFAT
                0x00004616       0x3c .\emFile_V322c\LinkLibrary\PSoC5\GCC\libemf32nosnlfn.a(FAT_Misc.o)
                0x00004616                FS_FAT_SyncFAT
 .text.FS_FAT_LinkCluster
                0x00004652       0x1c .\emFile_V322c\LinkLibrary\PSoC5\GCC\libemf32nosnlfn.a(FAT_Misc.o)
                0x00004652                FS_FAT_LinkCluster
 *fill*         0x0000466e        0x2 
 .text._CalcFreeClusterCnt
                0x00004670       0x88 .\emFile_V322c\LinkLibrary\PSoC5\GCC\libemf32nosnlfn.a(FAT_Misc.o)
 .text.FS_FAT_FindFreeCluster
                0x000046f8       0xa8 .\emFile_V322c\LinkLibrary\PSoC5\GCC\libemf32nosnlfn.a(FAT_Misc.o)
                0x000046f8                FS_FAT_FindFreeCluster
 .text.FS_FAT_AllocCluster
                0x000047a0       0x20 .\emFile_V322c\LinkLibrary\PSoC5\GCC\libemf32nosnlfn.a(FAT_Misc.o)
                0x000047a0                FS_FAT_AllocCluster
 .text._WriteEmptyFATSectors
                0x000047c0       0x3c .\emFile_V322c\LinkLibrary\PSoC5\GCC\libemf32nosnlfn.a(FAT_Misc.o)
 .text.FS_FAT_FreeClusterChain
                0x000047fc       0xe0 .\emFile_V322c\LinkLibrary\PSoC5\GCC\libemf32nosnlfn.a(FAT_Misc.o)
                0x000047fc                FS_FAT_FreeClusterChain
 .text.FS_FAT_CheckBPB
                0x000048dc      0x1cc .\emFile_V322c\LinkLibrary\PSoC5\GCC\libemf32nosnlfn.a(FAT_Misc.o)
                0x000048dc                FS_FAT_CheckBPB
 .text.FS_FAT_InitDirEntryScan
                0x00004aa8       0x14 .\emFile_V322c\LinkLibrary\PSoC5\GCC\libemf32nosnlfn.a(FAT_Open.o)
                0x00004aa8                FS_FAT_InitDirEntryScan
 .text.FS_FAT_IncDirPos
                0x00004abc        0x8 .\emFile_V322c\LinkLibrary\PSoC5\GCC\libemf32nosnlfn.a(FAT_Open.o)
                0x00004abc                FS_FAT_IncDirPos
 .text._CopyDirText
                0x00004ac4       0x44 .\emFile_V322c\LinkLibrary\PSoC5\GCC\libemf32nosnlfn.a(FAT_Open.o)
 .text.FS_FAT_Make83Name
                0x00004b08       0xb0 .\emFile_V322c\LinkLibrary\PSoC5\GCC\libemf32nosnlfn.a(FAT_Open.o)
                0x00004b08                FS_FAT_Make83Name
 .text.FS_FAT_GetDirEntry
                0x00004bb8       0xb2 .\emFile_V322c\LinkLibrary\PSoC5\GCC\libemf32nosnlfn.a(FAT_Open.o)
                0x00004bb8                FS_FAT_GetDirEntry
 .text.FS_FAT_FindDirEntryShortEx
                0x00004c6a       0x5a .\emFile_V322c\LinkLibrary\PSoC5\GCC\libemf32nosnlfn.a(FAT_Open.o)
                0x00004c6a                FS_FAT_FindDirEntryShortEx
 .text.FS_FAT_FindDirEntryShort
                0x00004cc4       0x36 .\emFile_V322c\LinkLibrary\PSoC5\GCC\libemf32nosnlfn.a(FAT_Open.o)
                0x00004cc4                FS_FAT_FindDirEntryShort
 .text.FS_FAT_FindEmptyDirEntry
                0x00004cfa       0xb0 .\emFile_V322c\LinkLibrary\PSoC5\GCC\libemf32nosnlfn.a(FAT_Open.o)
                0x00004cfa                FS_FAT_FindEmptyDirEntry
 .text.FS_FAT_GetFirstCluster
                0x00004daa       0x1a .\emFile_V322c\LinkLibrary\PSoC5\GCC\libemf32nosnlfn.a(FAT_Open.o)
                0x00004daa                FS_FAT_GetFirstCluster
 .text.FS_FAT_FindPath
                0x00004dc4       0x7a .\emFile_V322c\LinkLibrary\PSoC5\GCC\libemf32nosnlfn.a(FAT_Open.o)
                0x00004dc4                FS_FAT_FindPath
 .text.FS_FAT_DeleteFileOrDir
                0x00004e3e       0x48 .\emFile_V322c\LinkLibrary\PSoC5\GCC\libemf32nosnlfn.a(FAT_Open.o)
                0x00004e3e                FS_FAT_DeleteFileOrDir
 *fill*         0x00004e86        0x2 
 .text.FS_FAT_Open
                0x00004e88      0x1dc .\emFile_V322c\LinkLibrary\PSoC5\GCC\libemf32nosnlfn.a(FAT_Open.o)
                0x00004e88                FS_FAT_Open
 .text.FS_FAT_WriteDirEntryCluster
                0x00005064       0x1c .\emFile_V322c\LinkLibrary\PSoC5\GCC\libemf32nosnlfn.a(FAT_Open.o)
                0x00005064                FS_FAT_WriteDirEntryCluster
 .text.FS_FAT_WriteDirEntry83
                0x00005080       0x6c .\emFile_V322c\LinkLibrary\PSoC5\GCC\libemf32nosnlfn.a(FAT_Open.o)
                0x00005080                FS_FAT_WriteDirEntry83
 .text._WriteBurst
                0x000050ec       0x24 .\emFile_V322c\LinkLibrary\PSoC5\GCC\libemf32nosnlfn.a(FAT_Write.o)
 .text.FS_FAT_GotoClusterAllocIfReq
                0x00005110       0xa8 .\emFile_V322c\LinkLibrary\PSoC5\GCC\libemf32nosnlfn.a(FAT_Write.o)
                0x00005110                FS_FAT_GotoClusterAllocIfReq
 .text.FS_FAT_UpdateDirEntry
                0x000051b8       0x68 .\emFile_V322c\LinkLibrary\PSoC5\GCC\libemf32nosnlfn.a(FAT_Write.o)
                0x000051b8                FS_FAT_UpdateDirEntry
 .text.FS_FAT_Write
                0x00005220      0x1c8 .\emFile_V322c\LinkLibrary\PSoC5\GCC\libemf32nosnlfn.a(FAT_Write.o)
                0x00005220                FS_FAT_Write
 .text.FS__CLIB_memcmp
                0x000053e8       0x20 .\emFile_V322c\LinkLibrary\PSoC5\GCC\libemf32nosnlfn.a(FS_CLib.o)
                0x000053e8                FS__CLIB_memcmp
 .text.FS__CLIB_memset
                0x00005408       0x6c .\emFile_V322c\LinkLibrary\PSoC5\GCC\libemf32nosnlfn.a(FS_CLib.o)
                0x00005408                FS__CLIB_memset
 .text.FS__CLIB_strcmp
                0x00005474       0x1a .\emFile_V322c\LinkLibrary\PSoC5\GCC\libemf32nosnlfn.a(FS_CLib.o)
                0x00005474                FS__CLIB_strcmp
 .text.FS__CLIB_strlen
                0x0000548e       0x10 .\emFile_V322c\LinkLibrary\PSoC5\GCC\libemf32nosnlfn.a(FS_CLib.o)
                0x0000548e                FS__CLIB_strlen
 .text.FS__CLIB_strncmp
                0x0000549e       0x26 .\emFile_V322c\LinkLibrary\PSoC5\GCC\libemf32nosnlfn.a(FS_CLib.o)
                0x0000549e                FS__CLIB_strncmp
 .text.FS__CLIB_strncpy
                0x000054c4       0x2e .\emFile_V322c\LinkLibrary\PSoC5\GCC\libemf32nosnlfn.a(FS_CLib.o)
                0x000054c4                FS__CLIB_strncpy
 .text.FS__CLIB_toupper
                0x000054f2        0xe .\emFile_V322c\LinkLibrary\PSoC5\GCC\libemf32nosnlfn.a(FS_CLib.o)
                0x000054f2                FS__CLIB_toupper
 .text.FS__DivideU32Up
                0x00005500        0xa .\emFile_V322c\LinkLibrary\PSoC5\GCC\libemf32nosnlfn.a(FS_Core.o)
                0x00005500                FS__DivideU32Up
 .text.FS__strchr
                0x0000550a       0x14 .\emFile_V322c\LinkLibrary\PSoC5\GCC\libemf32nosnlfn.a(FS_Core.o)
                0x0000550a                FS__strchr
 .text.FS_LoadU32BE
                0x0000551e       0x18 .\emFile_V322c\LinkLibrary\PSoC5\GCC\libemf32nosnlfn.a(FS_Core.o)
                0x0000551e                FS_LoadU32BE
 .text.FS_LoadU32LE
                0x00005536       0x16 .\emFile_V322c\LinkLibrary\PSoC5\GCC\libemf32nosnlfn.a(FS_Core.o)
                0x00005536                FS_LoadU32LE
 .text.FS_StoreU32LE
                0x0000554c       0x14 .\emFile_V322c\LinkLibrary\PSoC5\GCC\libemf32nosnlfn.a(FS_Core.o)
                0x0000554c                FS_StoreU32LE
 .text.FS_StoreU16LE
                0x00005560        0x8 .\emFile_V322c\LinkLibrary\PSoC5\GCC\libemf32nosnlfn.a(FS_Core.o)
                0x00005560                FS_StoreU16LE
 .text.FS_LoadU16LE
                0x00005568        0xa .\emFile_V322c\LinkLibrary\PSoC5\GCC\libemf32nosnlfn.a(FS_Core.o)
                0x00005568                FS_LoadU16LE
 *fill*         0x00005572        0x2 
 .text._Alloc   0x00005574       0x30 .\emFile_V322c\LinkLibrary\PSoC5\GCC\libemf32nosnlfn.a(FS_Core.o)
 .text.FS_Alloc
                0x000055a4        0xc .\emFile_V322c\LinkLibrary\PSoC5\GCC\libemf32nosnlfn.a(FS_Core.o)
                0x000055a4                FS_Alloc
 .text.FS_TryAlloc
                0x000055b0        0x4 .\emFile_V322c\LinkLibrary\PSoC5\GCC\libemf32nosnlfn.a(FS_Core.o)
                0x000055b0                FS_TryAlloc
 .text.FS_Free  0x000055b4       0x1c .\emFile_V322c\LinkLibrary\PSoC5\GCC\libemf32nosnlfn.a(FS_Core.o)
                0x000055b4                FS_Free
 .text.FS_AssignMemory
                0x000055d0        0xc .\emFile_V322c\LinkLibrary\PSoC5\GCC\libemf32nosnlfn.a(FS_Core.o)
                0x000055d0                FS_AssignMemory
 .text.FS_AllocZeroed
                0x000055dc       0x16 .\emFile_V322c\LinkLibrary\PSoC5\GCC\libemf32nosnlfn.a(FS_Core.o)
                0x000055dc                FS_AllocZeroed
 *fill*         0x000055f2        0x2 
 .text.FS_STORAGE_Init
                0x000055f4       0x28 .\emFile_V322c\LinkLibrary\PSoC5\GCC\libemf32nosnlfn.a(FS_Core.o)
                0x000055f4                FS_STORAGE_Init
 .text._ClrBusyLED
                0x0000561c        0xc .\emFile_V322c\LinkLibrary\PSoC5\GCC\libemf32nosnlfn.a(FS_LogBlock.o)
 .text._SetBusyLED
                0x00005628        0xc .\emFile_V322c\LinkLibrary\PSoC5\GCC\libemf32nosnlfn.a(FS_LogBlock.o)
 .text._Read    0x00005634        0xc .\emFile_V322c\LinkLibrary\PSoC5\GCC\libemf32nosnlfn.a(FS_LogBlock.o)
 .text._Write   0x00005640       0x12 .\emFile_V322c\LinkLibrary\PSoC5\GCC\libemf32nosnlfn.a(FS_LogBlock.o)
 .text.FS_LB_GetStatus
                0x00005652        0xc .\emFile_V322c\LinkLibrary\PSoC5\GCC\libemf32nosnlfn.a(FS_LogBlock.o)
                0x00005652                FS_LB_GetStatus
 .text.FS_LB_InitMedium
                0x0000565e       0x1a .\emFile_V322c\LinkLibrary\PSoC5\GCC\libemf32nosnlfn.a(FS_LogBlock.o)
                0x0000565e                FS_LB_InitMedium
 .text.FS_LB_InitMediumIfRequired
                0x00005678       0x10 .\emFile_V322c\LinkLibrary\PSoC5\GCC\libemf32nosnlfn.a(FS_LogBlock.o)
                0x00005678                FS_LB_InitMediumIfRequired
 .text.FS_LB_ReadDevice
                0x00005688       0x2e .\emFile_V322c\LinkLibrary\PSoC5\GCC\libemf32nosnlfn.a(FS_LogBlock.o)
                0x00005688                FS_LB_ReadDevice
 .text.FS_LB_ReadPart
                0x000056b6        0xe .\emFile_V322c\LinkLibrary\PSoC5\GCC\libemf32nosnlfn.a(FS_LogBlock.o)
                0x000056b6                FS_LB_ReadPart
 .text.FS_LB_WriteBurst
                0x000056c4       0x30 .\emFile_V322c\LinkLibrary\PSoC5\GCC\libemf32nosnlfn.a(FS_LogBlock.o)
                0x000056c4                FS_LB_WriteBurst
 .text.FS_LB_WriteBurstPart
                0x000056f4       0x14 .\emFile_V322c\LinkLibrary\PSoC5\GCC\libemf32nosnlfn.a(FS_LogBlock.o)
                0x000056f4                FS_LB_WriteBurstPart
 .text.FS_LB_WriteMultiple
                0x00005708       0x30 .\emFile_V322c\LinkLibrary\PSoC5\GCC\libemf32nosnlfn.a(FS_LogBlock.o)
                0x00005708                FS_LB_WriteMultiple
 .text.FS_LB_WriteMultiplePart
                0x00005738       0x14 .\emFile_V322c\LinkLibrary\PSoC5\GCC\libemf32nosnlfn.a(FS_LogBlock.o)
                0x00005738                FS_LB_WriteMultiplePart
 .text.FS_LB_WriteDevice
                0x0000574c       0x36 .\emFile_V322c\LinkLibrary\PSoC5\GCC\libemf32nosnlfn.a(FS_LogBlock.o)
                0x0000574c                FS_LB_WriteDevice
 .text.FS_LB_WritePart
                0x00005782        0xe .\emFile_V322c\LinkLibrary\PSoC5\GCC\libemf32nosnlfn.a(FS_LogBlock.o)
                0x00005782                FS_LB_WritePart
 .text.FS_GetSectorSize
                0x00005790       0x28 .\emFile_V322c\LinkLibrary\PSoC5\GCC\libemf32nosnlfn.a(FS_LogBlock.o)
                0x00005790                FS_GetSectorSize
 .text.FS_LB_GetDeviceInfo
                0x000057b8       0x26 .\emFile_V322c\LinkLibrary\PSoC5\GCC\libemf32nosnlfn.a(FS_LogBlock.o)
                0x000057b8                FS_LB_GetDeviceInfo
 .text.FS_memcpy
                0x000057de      0x120 .\emFile_V322c\LinkLibrary\PSoC5\GCC\libemf32nosnlfn.a(FS_memcpy.o)
                0x000057de                FS_memcpy
 *fill*         0x000058fe        0x2 
 .text.FS__AllocSectorBuffer
                0x00005900       0x2c .\emFile_V322c\LinkLibrary\PSoC5\GCC\libemf32nosnlfn.a(FS_Misc.o)
                0x00005900                FS__AllocSectorBuffer
 .text.FS__FreeSectorBuffer
                0x0000592c       0x28 .\emFile_V322c\LinkLibrary\PSoC5\GCC\libemf32nosnlfn.a(FS_Misc.o)
                0x0000592c                FS__FreeSectorBuffer
 .text.FS__SB_MarkDirty
                0x00005954        0x6 .\emFile_V322c\LinkLibrary\PSoC5\GCC\libemf32nosnlfn.a(FS_Misc.o)
                0x00005954                FS__SB_MarkDirty
 .text.FS__SB_MarkNotDirty
                0x0000595a        0x6 .\emFile_V322c\LinkLibrary\PSoC5\GCC\libemf32nosnlfn.a(FS_Misc.o)
                0x0000595a                FS__SB_MarkNotDirty
 .text.FS__FreeFileHandle
                0x00005960        0xa .\emFile_V322c\LinkLibrary\PSoC5\GCC\libemf32nosnlfn.a(FS_Misc.o)
                0x00005960                FS__FreeFileHandle
 .text.FS__FreeFileObj
                0x0000596a        0xc .\emFile_V322c\LinkLibrary\PSoC5\GCC\libemf32nosnlfn.a(FS_Misc.o)
                0x0000596a                FS__FreeFileObj
 *fill*         0x00005976        0x2 
 .text.FS_Init  0x00005978       0x58 .\emFile_V322c\LinkLibrary\PSoC5\GCC\libemf32nosnlfn.a(FS_Misc.o)
                0x00005978                FS_Init
 .text.FS__SB_Create
                0x000059d0       0x28 .\emFile_V322c\LinkLibrary\PSoC5\GCC\libemf32nosnlfn.a(FS_Misc.o)
                0x000059d0                FS__SB_Create
 .text.FS__AllocFileObj
                0x000059f8       0x48 .\emFile_V322c\LinkLibrary\PSoC5\GCC\libemf32nosnlfn.a(FS_Misc.o)
                0x000059f8                FS__AllocFileObj
 .text.FS__AllocFileHandle
                0x00005a40       0x40 .\emFile_V322c\LinkLibrary\PSoC5\GCC\libemf32nosnlfn.a(FS_Misc.o)
                0x00005a40                FS__AllocFileHandle
 .text.FS__OpenEx
                0x00005a80       0x58 .\emFile_V322c\LinkLibrary\PSoC5\GCC\libemf32nosnlfn.a(FS_Misc.o)
                0x00005a80                FS__OpenEx
 .text.FS__FOpenEx
                0x00005ad8       0x56 .\emFile_V322c\LinkLibrary\PSoC5\GCC\libemf32nosnlfn.a(FS_Misc.o)
                0x00005ad8                FS__FOpenEx
 *fill*         0x00005b2e        0x2 
 .text.FS__FOpen
                0x00005b30       0x48 .\emFile_V322c\LinkLibrary\PSoC5\GCC\libemf32nosnlfn.a(FS_Misc.o)
                0x00005b30                FS__FOpen
 .text.FS_FOpen
                0x00005b78        0x4 .\emFile_V322c\LinkLibrary\PSoC5\GCC\libemf32nosnlfn.a(FS_Misc.o)
                0x00005b78                FS_FOpen
 .text.FS__SB_Write
                0x00005b7c       0x24 .\emFile_V322c\LinkLibrary\PSoC5\GCC\libemf32nosnlfn.a(FS_Misc.o)
                0x00005b7c                FS__SB_Write
 .text._SB_Clean
                0x00005ba0       0x24 .\emFile_V322c\LinkLibrary\PSoC5\GCC\libemf32nosnlfn.a(FS_Misc.o)
 .text.FS__SB_SetSector
                0x00005bc4       0x20 .\emFile_V322c\LinkLibrary\PSoC5\GCC\libemf32nosnlfn.a(FS_Misc.o)
                0x00005bc4                FS__SB_SetSector
 .text.FS__SB_Clean
                0x00005be4        0x4 .\emFile_V322c\LinkLibrary\PSoC5\GCC\libemf32nosnlfn.a(FS_Misc.o)
                0x00005be4                FS__SB_Clean
 .text.FS__SB_Delete
                0x00005be8       0x12 .\emFile_V322c\LinkLibrary\PSoC5\GCC\libemf32nosnlfn.a(FS_Misc.o)
                0x00005be8                FS__SB_Delete
 .text.FS__SB_Flush
                0x00005bfa        0x8 .\emFile_V322c\LinkLibrary\PSoC5\GCC\libemf32nosnlfn.a(FS_Misc.o)
                0x00005bfa                FS__SB_Flush
 .text.FS__SB_Read
                0x00005c02       0x2a .\emFile_V322c\LinkLibrary\PSoC5\GCC\libemf32nosnlfn.a(FS_Misc.o)
                0x00005c02                FS__SB_Read
 .text.FS__AddPhysDevice
                0x00005c2c       0x10 .\emFile_V322c\LinkLibrary\PSoC5\GCC\libemf32nosnlfn.a(FS_Storage.o)
                0x00005c2c                FS__AddPhysDevice
 .text.FS_GetVolumeName
                0x00005c3c       0x60 .\emFile_V322c\LinkLibrary\PSoC5\GCC\libemf32nosnlfn.a(FS_Storage.o)
                0x00005c3c                FS_GetVolumeName
 .text.FS__FindVolume
                0x00005c9c       0x78 .\emFile_V322c\LinkLibrary\PSoC5\GCC\libemf32nosnlfn.a(FS_Storage.o)
                0x00005c9c                FS__FindVolume
 .text.FS__AddDevice
                0x00005d14       0x68 .\emFile_V322c\LinkLibrary\PSoC5\GCC\libemf32nosnlfn.a(FS_Storage.o)
                0x00005d14                FS__AddDevice
 .text.FS_AddDevice
                0x00005d7c        0x4 .\emFile_V322c\LinkLibrary\PSoC5\GCC\libemf32nosnlfn.a(FS_Storage.o)
                0x00005d7c                FS_AddDevice
 .text._Mount   0x00005d80       0x2e .\emFile_V322c\LinkLibrary\PSoC5\GCC\libemf32nosnlfn.a(FS_Volume.o)
 .text.FS__AutoMount
                0x00005dae       0x14 .\emFile_V322c\LinkLibrary\PSoC5\GCC\libemf32nosnlfn.a(FS_Volume.o)
                0x00005dae                FS__AutoMount
 .text.FS__MountNL
                0x00005dc2       0x20 .\emFile_V322c\LinkLibrary\PSoC5\GCC\libemf32nosnlfn.a(FS_Volume.o)
                0x00005dc2                FS__MountNL
 .text.FS__Mount
                0x00005de2        0x4 .\emFile_V322c\LinkLibrary\PSoC5\GCC\libemf32nosnlfn.a(FS_Volume.o)
                0x00005de2                FS__Mount
 .text.FS_Mount
                0x00005de6       0x18 .\emFile_V322c\LinkLibrary\PSoC5\GCC\libemf32nosnlfn.a(FS_Volume.o)
                0x00005de6                FS_Mount
 .text.FS__Write
                0x00005dfe       0x3a .\emFile_V322c\LinkLibrary\PSoC5\GCC\libemf32nosnlfn.a(FS_Write.o)
                0x00005dfe                FS__Write
 .text.FS_Write
                0x00005e38        0x4 .\emFile_V322c\LinkLibrary\PSoC5\GCC\libemf32nosnlfn.a(FS_Write.o)
                0x00005e38                FS_Write
 .text.T.32     0x00005e3c      0x400 .\emFile_V322c\LinkLibrary\PSoC5\GCC\libemf32nosnlfn.a(FAT_Format.o)
 .text._AutoFormat
                0x0000623c       0x7c .\emFile_V322c\LinkLibrary\PSoC5\GCC\libemf32nosnlfn.a(FAT_Format.o)
 .text.FS_FAT_FormatEx
                0x000062b8       0x74 .\emFile_V322c\LinkLibrary\PSoC5\GCC\libemf32nosnlfn.a(FAT_Format.o)
                0x000062b8                FS_FAT_FormatEx
 .text._IsBPB   0x0000632c       0x1e .\emFile_V322c\LinkLibrary\PSoC5\GCC\libemf32nosnlfn.a(FS_Partition.o)
 .text._HasSignature
                0x0000634a       0x18 .\emFile_V322c\LinkLibrary\PSoC5\GCC\libemf32nosnlfn.a(FS_Partition.o)
 .text._GetPartitionStartSector
                0x00006362        0xc .\emFile_V322c\LinkLibrary\PSoC5\GCC\libemf32nosnlfn.a(FS_Partition.o)
 .text.FS__GetMediaStartSecEx
                0x0000636e       0x6e .\emFile_V322c\LinkLibrary\PSoC5\GCC\libemf32nosnlfn.a(FS_Partition.o)
                0x0000636e                FS__GetMediaStartSecEx
 .text.FS__LocatePartition
                0x000063dc       0x44 .\emFile_V322c\LinkLibrary\PSoC5\GCC\libemf32nosnlfn.a(FS_Partition.o)
                0x000063dc                FS__LocatePartition
 .text.FS_X_AddDevices
                0x00006420       0x20 .\ARM_GCC_493\Debug\OVac.a(emFile_ConfigMMC_SPI.o)
                0x00006420                FS_X_AddDevices
 .text.FS_X_GetTimeDate
                0x00006440       0x58 .\ARM_GCC_493\Debug\OVac.a(emFile_ConfigMMC_SPI.o)
                0x00006440                FS_X_GetTimeDate
 .text._CalcDataCRC16Dummy
                0x00006498        0x6 .\emFile_V322c\LinkLibrary\PSoC5\GCC\libemf32nosnlfn.a(MMC_Drv.o)
 *fill*         0x0000649e        0x2 
 .text._MMC_GetNumUnits
                0x000064a0        0xc .\emFile_V322c\LinkLibrary\PSoC5\GCC\libemf32nosnlfn.a(MMC_Drv.o)
 .text._MMC_GetDriverName
                0x000064ac        0x8 .\emFile_V322c\LinkLibrary\PSoC5\GCC\libemf32nosnlfn.a(MMC_Drv.o)
 .text._MMC_GetStatus
                0x000064b4        0x4 .\emFile_V322c\LinkLibrary\PSoC5\GCC\libemf32nosnlfn.a(MMC_Drv.o)
 .text._CheckR1
                0x000064b8       0x38 .\emFile_V322c\LinkLibrary\PSoC5\GCC\libemf32nosnlfn.a(MMC_Drv.o)
 .text._WaitToGetReady
                0x000064f0       0x26 .\emFile_V322c\LinkLibrary\PSoC5\GCC\libemf32nosnlfn.a(MMC_Drv.o)
 .text._SendEmptyCycles
                0x00006516       0x24 .\emFile_V322c\LinkLibrary\PSoC5\GCC\libemf32nosnlfn.a(MMC_Drv.o)
 *fill*         0x0000653a        0x2 
 .text._MMC_AddDevice
                0x0000653c       0x2c .\emFile_V322c\LinkLibrary\PSoC5\GCC\libemf32nosnlfn.a(MMC_Drv.o)
 .text.T.53     0x00006568       0x14 .\emFile_V322c\LinkLibrary\PSoC5\GCC\libemf32nosnlfn.a(MMC_Drv.o)
 .text._GetFromCSD
                0x0000657c       0x34 .\emFile_V322c\LinkLibrary\PSoC5\GCC\libemf32nosnlfn.a(MMC_Drv.o)
 .text._ExecCmdR1
                0x000065b0       0x98 .\emFile_V322c\LinkLibrary\PSoC5\GCC\libemf32nosnlfn.a(MMC_Drv.o)
 .text._ReadCSD
                0x00006648       0x86 .\emFile_V322c\LinkLibrary\PSoC5\GCC\libemf32nosnlfn.a(MMC_Drv.o)
 *fill*         0x000066ce        0x2 
 .text._MMC_Read
                0x000066d0      0x130 .\emFile_V322c\LinkLibrary\PSoC5\GCC\libemf32nosnlfn.a(MMC_Drv.o)
 .text._MMC_Write
                0x00006800      0x13c .\emFile_V322c\LinkLibrary\PSoC5\GCC\libemf32nosnlfn.a(MMC_Drv.o)
 .text._ApplyCSD
                0x0000693c      0x228 .\emFile_V322c\LinkLibrary\PSoC5\GCC\libemf32nosnlfn.a(MMC_Drv.o)
 .text._MMC_Init
                0x00006b64      0x1c0 .\emFile_V322c\LinkLibrary\PSoC5\GCC\libemf32nosnlfn.a(MMC_Drv.o)
 .text._MMC_InitMedium
                0x00006d24       0x28 .\emFile_V322c\LinkLibrary\PSoC5\GCC\libemf32nosnlfn.a(MMC_Drv.o)
 .text._MMC_IoCtl
                0x00006d4c       0x60 .\emFile_V322c\LinkLibrary\PSoC5\GCC\libemf32nosnlfn.a(MMC_Drv.o)
 .text.emFile_Init
                0x00006dac       0x64 .\ARM_GCC_493\Debug\OVac.a(emFile_MMC_HW_SPI.o)
 .text.emFile_ReadWriteSPI
                0x00006e10       0x68 .\ARM_GCC_493\Debug\OVac.a(emFile_MMC_HW_SPI.o)
 .text.FS_MMC_HW_X_EnableCS
                0x00006e78       0x28 .\ARM_GCC_493\Debug\OVac.a(emFile_MMC_HW_SPI.o)
                0x00006e78                FS_MMC_HW_X_EnableCS
 .text.FS_MMC_HW_X_DisableCS
                0x00006ea0       0x28 .\ARM_GCC_493\Debug\OVac.a(emFile_MMC_HW_SPI.o)
                0x00006ea0                FS_MMC_HW_X_DisableCS
 .text.FS_MMC_HW_X_IsWriteProtected
                0x00006ec8       0x2c .\ARM_GCC_493\Debug\OVac.a(emFile_MMC_HW_SPI.o)
                0x00006ec8                FS_MMC_HW_X_IsWriteProtected
 .text.FS_MMC_HW_X_SetMaxSpeed
                0x00006ef4       0x88 .\ARM_GCC_493\Debug\OVac.a(emFile_MMC_HW_SPI.o)
                0x00006ef4                FS_MMC_HW_X_SetMaxSpeed
 .text.FS_MMC_HW_X_SetVoltage
                0x00006f7c       0x68 .\ARM_GCC_493\Debug\OVac.a(emFile_MMC_HW_SPI.o)
                0x00006f7c                FS_MMC_HW_X_SetVoltage
 .text.FS_MMC_HW_X_IsPresent
                0x00006fe4       0x30 .\ARM_GCC_493\Debug\OVac.a(emFile_MMC_HW_SPI.o)
                0x00006fe4                FS_MMC_HW_X_IsPresent
 .text.FS_MMC_HW_X_Read
                0x00007014       0x34 .\ARM_GCC_493\Debug\OVac.a(emFile_MMC_HW_SPI.o)
                0x00007014                FS_MMC_HW_X_Read
 .text.FS_MMC_HW_X_Write
                0x00007048       0x34 .\ARM_GCC_493\Debug\OVac.a(emFile_MMC_HW_SPI.o)
                0x00007048                FS_MMC_HW_X_Write
 .text.emFile_SPI0_Init
                0x0000707c       0x30 .\ARM_GCC_493\Debug\OVac.a(emFile_SPI0.o)
                0x0000707c                emFile_SPI0_Init
 .text.emFile_SPI0_Enable
                0x000070ac       0x60 .\ARM_GCC_493\Debug\OVac.a(emFile_SPI0.o)
                0x000070ac                emFile_SPI0_Enable
 .text.emFile_SPI0_Start
                0x0000710c       0x20 .\ARM_GCC_493\Debug\OVac.a(emFile_SPI0.o)
                0x0000710c                emFile_SPI0_Start
 .text.emFile_SPI0_EnableTxInt
                0x0000712c        0xc .\ARM_GCC_493\Debug\OVac.a(emFile_SPI0.o)
                0x0000712c                emFile_SPI0_EnableTxInt
 .text.emFile_SPI0_EnableRxInt
                0x00007138        0xc .\ARM_GCC_493\Debug\OVac.a(emFile_SPI0.o)
                0x00007138                emFile_SPI0_EnableRxInt
 .text.emFile_SPI0_ReadTxStatus
                0x00007144       0x20 .\ARM_GCC_493\Debug\OVac.a(emFile_SPI0.o)
                0x00007144                emFile_SPI0_ReadTxStatus
 .text.emFile_SPI0_ReadRxStatus
                0x00007164       0x20 .\ARM_GCC_493\Debug\OVac.a(emFile_SPI0.o)
                0x00007164                emFile_SPI0_ReadRxStatus
 .text.emFile_SPI0_WriteTxData
                0x00007184       0x34 .\ARM_GCC_493\Debug\OVac.a(emFile_SPI0.o)
                0x00007184                emFile_SPI0_WriteTxData
 .text.emFile_SPI0_ReadRxData
                0x000071b8       0x20 .\ARM_GCC_493\Debug\OVac.a(emFile_SPI0.o)
                0x000071b8                emFile_SPI0_ReadRxData
 .text.emFile_SPI0_ClearFIFO
                0x000071d8       0x5c .\ARM_GCC_493\Debug\OVac.a(emFile_SPI0.o)
                0x000071d8                emFile_SPI0_ClearFIFO
 .text.emFile_Clock_1_Start
                0x00007234       0x34 .\ARM_GCC_493\Debug\OVac.a(emFile_Clock_1.o)
                0x00007234                emFile_Clock_1_Start
 .text.emFile_Clock_1_Stop
                0x00007268       0x34 .\ARM_GCC_493\Debug\OVac.a(emFile_Clock_1.o)
                0x00007268                emFile_Clock_1_Stop
 .text.emFile_Clock_1_SetDividerRegister
                0x0000729c      0x160 .\ARM_GCC_493\Debug\OVac.a(emFile_Clock_1.o)
                0x0000729c                emFile_Clock_1_SetDividerRegister
 .text.emFile_Clock_1_GetDividerRegister
                0x000073fc       0x18 .\ARM_GCC_493\Debug\OVac.a(emFile_Clock_1.o)
                0x000073fc                emFile_Clock_1_GetDividerRegister
 .text.emFile_Clock_1_GetSourceRegister
                0x00007414       0x20 .\ARM_GCC_493\Debug\OVac.a(emFile_Clock_1.o)
                0x00007414                emFile_Clock_1_GetSourceRegister
 .text.emFile_SPI0_CS_Write
                0x00007434       0x34 .\ARM_GCC_493\Debug\OVac.a(emFile_SPI0_CS.o)
                0x00007434                emFile_SPI0_CS_Write
 .text          0x00007468      0x370 c:/program files (x86)/cypress/psoc creator/4.0/psoc creator/import/gnu/arm/4.9.3/bin/../lib/gcc/arm-none-eabi/4.9.3/armv7-m\libgcc.a(_arm_addsubdf3.o)
                0x00007468                __aeabi_drsub
                0x00007470                __aeabi_dsub
                0x00007470                __subdf3
                0x00007474                __aeabi_dadd
                0x00007474                __adddf3
                0x000076ec                __floatunsidf
                0x000076ec                __aeabi_ui2d
                0x0000770c                __floatsidf
                0x0000770c                __aeabi_i2d
                0x00007730                __aeabi_f2d
                0x00007730                __extendsfdf2
                0x0000776c                __floatundidf
                0x0000776c                __aeabi_ul2d
                0x0000777c                __floatdidf
                0x0000777c                __aeabi_l2d
 .text          0x000077d8      0x424 c:/program files (x86)/cypress/psoc creator/4.0/psoc creator/import/gnu/arm/4.9.3/bin/../lib/gcc/arm-none-eabi/4.9.3/armv7-m\libgcc.a(_arm_muldivdf3.o)
                0x000077d8                __aeabi_dmul
                0x000077d8                __muldf3
                0x00007a2c                __divdf3
                0x00007a2c                __aeabi_ddiv
 .text          0x00007bfc       0xa0 c:/program files (x86)/cypress/psoc creator/4.0/psoc creator/import/gnu/arm/4.9.3/bin/../lib/gcc/arm-none-eabi/4.9.3/armv7-m\libgcc.a(_arm_truncdfsf2.o)
                0x00007bfc                __truncdfsf2
                0x00007bfc                __aeabi_d2f
 .text          0x00007c9c      0x21c c:/program files (x86)/cypress/psoc creator/4.0/psoc creator/import/gnu/arm/4.9.3/bin/../lib/gcc/arm-none-eabi/4.9.3/armv7-m\libgcc.a(_arm_addsubsf3.o)
                0x00007c9c                __aeabi_frsub
                0x00007ca4                __subsf3
                0x00007ca4                __aeabi_fsub
                0x00007ca8                __aeabi_fadd
                0x00007ca8                __addsf3
                0x00007e08                __aeabi_ui2f
                0x00007e08                __floatunsisf
                0x00007e10                __aeabi_i2f
                0x00007e10                __floatsisf
                0x00007e2c                __aeabi_ul2f
                0x00007e2c                __floatundisf
                0x00007e3c                __aeabi_l2f
                0x00007e3c                __floatdisf
 .text          0x00007eb8      0x2a0 c:/program files (x86)/cypress/psoc creator/4.0/psoc creator/import/gnu/arm/4.9.3/bin/../lib/gcc/arm-none-eabi/4.9.3/armv7-m\libgcc.a(_arm_muldivsf3.o)
                0x00007eb8                __mulsf3
                0x00007eb8                __aeabi_fmul
                0x00008020                __aeabi_fdiv
                0x00008020                __divsf3
 .text          0x00008158       0x4c c:/program files (x86)/cypress/psoc creator/4.0/psoc creator/import/gnu/arm/4.9.3/bin/../lib/gcc/arm-none-eabi/4.9.3/armv7-m\libgcc.a(_arm_fixsfsi.o)
                0x00008158                __aeabi_f2iz
                0x00008158                __fixsfsi
 .text.__errno  0x000081a4        0xc c:/program files (x86)/cypress/psoc creator/4.0/psoc creator/import/gnu/arm/4.9.3/bin/../lib/gcc/arm-none-eabi/4.9.3/../../../../arm-none-eabi/lib/armv7-m\libg_nano.a(lib_a-errno.o)
                0x000081a4                __errno
 .text.__libc_init_array
                0x000081b0       0x4c c:/program files (x86)/cypress/psoc creator/4.0/psoc creator/import/gnu/arm/4.9.3/bin/../lib/gcc/arm-none-eabi/4.9.3/../../../../arm-none-eabi/lib/armv7-m\libg_nano.a(lib_a-init.o)
                0x000081b0                __libc_init_array
 .text.memcpy   0x000081fc       0x16 c:/program files (x86)/cypress/psoc creator/4.0/psoc creator/import/gnu/arm/4.9.3/bin/../lib/gcc/arm-none-eabi/4.9.3/../../../../arm-none-eabi/lib/armv7-m\libg_nano.a(lib_a-memcpy.o)
                0x000081fc                memcpy
 .text.memset   0x00008212       0x10 c:/program files (x86)/cypress/psoc creator/4.0/psoc creator/import/gnu/arm/4.9.3/bin/../lib/gcc/arm-none-eabi/4.9.3/../../../../arm-none-eabi/lib/armv7-m\libg_nano.a(lib_a-memset.o)
                0x00008212                memset
 *fill*         0x00008222        0x2 
 .text.sprintf  0x00008224       0x48 c:/program files (x86)/cypress/psoc creator/4.0/psoc creator/import/gnu/arm/4.9.3/bin/../lib/gcc/arm-none-eabi/4.9.3/../../../../arm-none-eabi/lib/armv7-m\libg_nano.a(lib_a-sprintf.o)
                0x00008224                siprintf
                0x00008224                sprintf
 .text.strlen   0x0000826c       0x10 c:/program files (x86)/cypress/psoc creator/4.0/psoc creator/import/gnu/arm/4.9.3/bin/../lib/gcc/arm-none-eabi/4.9.3/../../../../arm-none-eabi/lib/armv7-m\libg_nano.a(lib_a-strlen.o)
                0x0000826c                strlen
 .text.strncmp  0x0000827c       0x32 c:/program files (x86)/cypress/psoc creator/4.0/psoc creator/import/gnu/arm/4.9.3/bin/../lib/gcc/arm-none-eabi/4.9.3/../../../../arm-none-eabi/lib/armv7-m\libg_nano.a(lib_a-strncmp.o)
                0x0000827c                strncmp
 .text.__ssputs_r
                0x000082ae       0xb2 c:/program files (x86)/cypress/psoc creator/4.0/psoc creator/import/gnu/arm/4.9.3/bin/../lib/gcc/arm-none-eabi/4.9.3/../../../../arm-none-eabi/lib/armv7-m\libg_nano.a(lib_a-nano-svfprintf.o)
                0x000082ae                __ssputs_r
 .text._svfprintf_r
                0x00008360      0x1e4 c:/program files (x86)/cypress/psoc creator/4.0/psoc creator/import/gnu/arm/4.9.3/bin/../lib/gcc/arm-none-eabi/4.9.3/../../../../arm-none-eabi/lib/armv7-m\libg_nano.a(lib_a-nano-svfprintf.o)
                0x00008360                _svfiprintf_r
                0x00008360                _svfprintf_r
 .text._printf_common
                0x00008544       0xea c:/program files (x86)/cypress/psoc creator/4.0/psoc creator/import/gnu/arm/4.9.3/bin/../lib/gcc/arm-none-eabi/4.9.3/../../../../arm-none-eabi/lib/armv7-m\libg_nano.a(lib_a-nano-vfprintf_i.o)
                0x00008544                _printf_common
 *fill*         0x0000862e        0x2 
 .text._printf_i
                0x00008630      0x240 c:/program files (x86)/cypress/psoc creator/4.0/psoc creator/import/gnu/arm/4.9.3/bin/../lib/gcc/arm-none-eabi/4.9.3/../../../../arm-none-eabi/lib/armv7-m\libg_nano.a(lib_a-nano-vfprintf_i.o)
                0x00008630                _printf_i
 .text.memchr   0x00008870       0x1c c:/program files (x86)/cypress/psoc creator/4.0/psoc creator/import/gnu/arm/4.9.3/bin/../lib/gcc/arm-none-eabi/4.9.3/../../../../arm-none-eabi/lib/armv7-m\libg_nano.a(lib_a-memchr.o)
                0x00008870                memchr
 .text.memmove  0x0000888c       0x36 c:/program files (x86)/cypress/psoc creator/4.0/psoc creator/import/gnu/arm/4.9.3/bin/../lib/gcc/arm-none-eabi/4.9.3/../../../../arm-none-eabi/lib/armv7-m\libg_nano.a(lib_a-memmove.o)
                0x0000888c                memmove
 *fill*         0x000088c2        0x2 
 .text._free_r  0x000088c4       0x88 c:/program files (x86)/cypress/psoc creator/4.0/psoc creator/import/gnu/arm/4.9.3/bin/../lib/gcc/arm-none-eabi/4.9.3/../../../../arm-none-eabi/lib/armv7-m\libg_nano.a(lib_a-nano-freer.o)
                0x000088c4                _free_r
 .text._malloc_r
                0x0000894c       0xac c:/program files (x86)/cypress/psoc creator/4.0/psoc creator/import/gnu/arm/4.9.3/bin/../lib/gcc/arm-none-eabi/4.9.3/../../../../arm-none-eabi/lib/armv7-m\libg_nano.a(lib_a-nano-mallocr.o)
                0x0000894c                _malloc_r
 .text._realloc_r
                0x000089f8       0x4c c:/program files (x86)/cypress/psoc creator/4.0/psoc creator/import/gnu/arm/4.9.3/bin/../lib/gcc/arm-none-eabi/4.9.3/../../../../arm-none-eabi/lib/armv7-m\libg_nano.a(lib_a-nano-reallocr.o)
                0x000089f8                _realloc_r
 .text._sbrk_r  0x00008a44       0x20 c:/program files (x86)/cypress/psoc creator/4.0/psoc creator/import/gnu/arm/4.9.3/bin/../lib/gcc/arm-none-eabi/4.9.3/../../../../arm-none-eabi/lib/armv7-m\libg_nano.a(lib_a-sbrkr.o)
                0x00008a44                _sbrk_r
 .text._malloc_usable_size_r
                0x00008a64       0x14 c:/program files (x86)/cypress/psoc creator/4.0/psoc creator/import/gnu/arm/4.9.3/bin/../lib/gcc/arm-none-eabi/4.9.3/../../../../arm-none-eabi/lib/armv7-m\libg_nano.a(lib_a-nano-msizer.o)
                0x00008a64                _malloc_usable_size_r
 *(.plt)
 *(.gnu.warning)
 *(.glue_7t)
 .glue_7t       0x00000000        0x0 linker stubs
 *(.glue_7)
 .glue_7        0x00000000        0x0 linker stubs
 *(.vfp11_veneer)
 .vfp11_veneer  0x00000000        0x0 linker stubs
 *(.bootloader)
 *(.ARM.extab* .gnu.linkonce.armextab.*)
 *(.gcc_except_table)

.v4_bx          0x00008a78        0x0
 .v4_bx         0x00000000        0x0 linker stubs

.iplt           0x00008a78        0x0
 .iplt          0x00000000        0x0 c:/program files (x86)/cypress/psoc creator/4.0/psoc creator/import/gnu/arm/4.9.3/bin/../lib/gcc/arm-none-eabi/4.9.3/armv7-m/crtbegin.o

.eh_frame_hdr
 *(.eh_frame_hdr)

.eh_frame       0x00008a78        0x4
 *(.eh_frame)
 .eh_frame      0x00008a78        0x0 c:/program files (x86)/cypress/psoc creator/4.0/psoc creator/import/gnu/arm/4.9.3/bin/../lib/gcc/arm-none-eabi/4.9.3/armv7-m/crtbegin.o
 .eh_frame      0x00008a78        0x4 c:/program files (x86)/cypress/psoc creator/4.0/psoc creator/import/gnu/arm/4.9.3/bin/../lib/gcc/arm-none-eabi/4.9.3/armv7-m/crtend.o
                0x00008a7c                PROVIDE (__exidx_start, .)

.ARM.exidx
 *(.ARM.exidx* .gnu.linkonce.armexidx.*)
                0x00008a7c                __exidx_end = .

.rodata         0x00008a7c      0x63c
 *(.rodata .rodata.* .gnu.linkonce.r.*)
 .rodata        0x00008a7c      0x254 .\ARM_GCC_493\Debug\main.o
 .rodata        0x00008cd0       0x10 .\ARM_GCC_493\Debug\LiquidCrystal_I2C.o
 .rodata        0x00008ce0       0xa0 .\ARM_GCC_493\Debug\functions.o
 .rodata        0x00008d80       0x5c .\ARM_GCC_493\Debug\OVac.a(cyfitter_cfg.o)
                0x00008d80                ADC_AMux__addrTable
                0x00008d88                ADC_AMux__maskTable
 .rodata        0x00008ddc       0x98 .\emFile_V322c\LinkLibrary\PSoC5\GCC\libemf32nosnlfn.a(FAT_FormatSD.o)
 .rodata        0x00008e74       0x10 .\emFile_V322c\LinkLibrary\PSoC5\GCC\libemf32nosnlfn.a(FAT_Misc.o)
                0x00008e74                FAT_SFN_API
 .rodata.str1.1
                0x00008e84        0x3 .\emFile_V322c\LinkLibrary\PSoC5\GCC\libemf32nosnlfn.a(FAT_Open.o)
 *fill*         0x00008e87        0x1 
 .rodata        0x00008e88       0x78 .\emFile_V322c\LinkLibrary\PSoC5\GCC\libemf32nosnlfn.a(FS_Misc.o)
 .rodata.str1.1
                0x00008f00       0x30 .\emFile_V322c\LinkLibrary\PSoC5\GCC\libemf32nosnlfn.a(FS_Misc.o)
 .rodata        0x00008f30       0x8c .\emFile_V322c\LinkLibrary\PSoC5\GCC\libemf32nosnlfn.a(FAT_Format.o)
                0x00008f48                _acVolumeLabel
 .rodata.str1.1
                0x00008fbc       0x24 .\emFile_V322c\LinkLibrary\PSoC5\GCC\libemf32nosnlfn.a(FAT_Format.o)
 .rodata        0x00008fe0       0x68 .\emFile_V322c\LinkLibrary\PSoC5\GCC\libemf32nosnlfn.a(MMC_Drv.o)
                0x00009028                FS_MMC_SPI_Driver
 .rodata.str1.1
                0x00009048        0x4 .\emFile_V322c\LinkLibrary\PSoC5\GCC\libemf32nosnlfn.a(MMC_Drv.o)
 .rodata.str1.1
                0x0000904c        0x2 c:/program files (x86)/cypress/psoc creator/4.0/psoc creator/import/gnu/arm/4.9.3/bin/../lib/gcc/arm-none-eabi/4.9.3/../../../../arm-none-eabi/lib/armv7-m\libg_nano.a(lib_a-impure.o)
 .rodata.str1.1
                0x0000904e       0x11 c:/program files (x86)/cypress/psoc creator/4.0/psoc creator/import/gnu/arm/4.9.3/bin/../lib/gcc/arm-none-eabi/4.9.3/../../../../arm-none-eabi/lib/armv7-m\libg_nano.a(lib_a-nano-svfprintf.o)
 .rodata.str1.1
                0x0000905f       0x22 c:/program files (x86)/cypress/psoc creator/4.0/psoc creator/import/gnu/arm/4.9.3/bin/../lib/gcc/arm-none-eabi/4.9.3/../../../../arm-none-eabi/lib/armv7-m\libg_nano.a(lib_a-nano-vfprintf_i.o)
                0x00009084                . = ALIGN (0x4)
 *fill*         0x00009081        0x3 
 *(.init)
 .init          0x00009084        0x4 c:/program files (x86)/cypress/psoc creator/4.0/psoc creator/import/gnu/arm/4.9.3/bin/../lib/gcc/arm-none-eabi/4.9.3/armv7-m/crti.o
                0x00009084                _init
 .init          0x00009088        0x8 c:/program files (x86)/cypress/psoc creator/4.0/psoc creator/import/gnu/arm/4.9.3/bin/../lib/gcc/arm-none-eabi/4.9.3/armv7-m/crtn.o
                0x00009090                . = ALIGN (0x4)
                0x00009090                __preinit_array_start = .
 *(.preinit_array)
                0x00009090                __preinit_array_end = .
                0x00009090                . = ALIGN (0x4)
                0x00009090                __init_array_start = .
 *(SORT(.init_array.*))
 *(.init_array)
 .init_array    0x00009090        0x4 c:/program files (x86)/cypress/psoc creator/4.0/psoc creator/import/gnu/arm/4.9.3/bin/../lib/gcc/arm-none-eabi/4.9.3/armv7-m/crtbegin.o
 .init_array    0x00009094        0x4 .\ARM_GCC_493\Debug\Cm3Start.o
                0x00009098                __init_array_end = .
                0x00009098                . = ALIGN (0x4)
 *(.fini)
 .fini          0x00009098        0x4 c:/program files (x86)/cypress/psoc creator/4.0/psoc creator/import/gnu/arm/4.9.3/bin/../lib/gcc/arm-none-eabi/4.9.3/armv7-m/crti.o
                0x00009098                _fini
 .fini          0x0000909c        0x8 c:/program files (x86)/cypress/psoc creator/4.0/psoc creator/import/gnu/arm/4.9.3/bin/../lib/gcc/arm-none-eabi/4.9.3/armv7-m/crtn.o
                0x000090a4                . = ALIGN (0x4)
                0x000090a4                __fini_array_start = .
 *(.fini_array)
 .fini_array    0x000090a4        0x4 c:/program files (x86)/cypress/psoc creator/4.0/psoc creator/import/gnu/arm/4.9.3/bin/../lib/gcc/arm-none-eabi/4.9.3/armv7-m/crtbegin.o
 *(SORT(.fini_array.*))
                0x000090a8                __fini_array_end = .
                0x000090a8                . = ALIGN (0x4)
 *crtbegin.o(.ctors)
 *(EXCLUDE_FILE(*crtend.o) .ctors)
 *(SORT(.ctors.*))
 *crtend.o(.ctors)
                0x000090a8                . = ALIGN (0x4)
 *crtbegin.o(.dtors)
 *(EXCLUDE_FILE(*crtend.o) .dtors)
 *(SORT(.dtors.*))
 *crtend.o(.dtors)
                0x000090a8                . = ALIGN (0x4)
                0x000090a8                __cy_regions = .
                0x000090a8        0x4 LONG 0x90b8 __cy_region_init_ram
                0x000090ac        0x4 LONG 0x1fff8108 __cy_region_start_data
                0x000090b0        0x4 LONG 0xa8 __cy_region_init_size_ram
                0x000090b4        0x4 LONG 0x11b0 __cy_region_zero_size_ram
                0x000090b8                __cy_regions_end = .
                0x000090b8                . = ALIGN (0x8)
                0x000090b8                _etext = .

.cy_checksum_exclude
                0x000090b8        0x0
 *(.cy_checksum_exclude)

.ramvectors     0x1fff8000      0x100
                0x1fff8000                __cy_region_start_ram = .
 *(.ramvectors)
 .ramvectors    0x1fff8000      0x100 .\ARM_GCC_493\Debug\Cm3Start.o
                0x1fff8000                CyRamVectors

.noinit         0x1fff8100        0x5
 *(.noinit)
 .noinit        0x1fff8100        0x4 .\ARM_GCC_493\Debug\Cm3Start.o
 .noinit        0x1fff8104        0x1 .\ARM_GCC_493\Debug\OVac.a(CyLib.o)
                0x1fff8104                CyResetStatus

.data           0x1fff8108       0xa8 load address 0x000090b8
                0x1fff8108                __cy_region_start_data = .
 *(.jcr)
 .jcr           0x1fff8108        0x0 c:/program files (x86)/cypress/psoc creator/4.0/psoc creator/import/gnu/arm/4.9.3/bin/../lib/gcc/arm-none-eabi/4.9.3/armv7-m/crtbegin.o
 .jcr           0x1fff8108        0x4 c:/program files (x86)/cypress/psoc creator/4.0/psoc creator/import/gnu/arm/4.9.3/bin/../lib/gcc/arm-none-eabi/4.9.3/armv7-m/crtend.o
 *(.got.plt)
 *(.got)
 *(.shdata)
 *(.data .data.* .gnu.linkonce.d.*)
 .data          0x1fff810c       0x1c .\ARM_GCC_493\Debug\main.o
                0x1fff810c                Addr
                0x1fff8110                id
                0x1fff8114                press_id
                0x1fff8118                STATE
                0x1fff8119                testnum
                0x1fff811c                file
 .data          0x1fff8128        0x4 .\ARM_GCC_493\Debug\Cm3Start.o
 .data          0x1fff812c       0x10 .\ARM_GCC_493\Debug\OVac.a(CyLib.o)
                0x1fff812c                cydelay_freq_hz
                0x1fff8130                cydelay_freq_khz
                0x1fff8134                cydelay_freq_mhz
                0x1fff8138                cydelay_32k_ms
 .data          0x1fff813c        0x1 .\ARM_GCC_493\Debug\OVac.a(ADC.o)
                0x1fff813c                ADC_Config
 .data          0x1fff813d        0x1 .\ARM_GCC_493\Debug\OVac.a(ADC_AMux.o)
 *fill*         0x1fff813e        0x2 
 .data          0x1fff8140        0x4 .\emFile_V322c\LinkLibrary\PSoC5\GCC\libemf32nosnlfn.a(FAT_Misc.o)
                0x1fff8140                FAT_pDirEntryAPI
 .data          0x1fff8144        0x4 .\emFile_V322c\LinkLibrary\PSoC5\GCC\libemf32nosnlfn.a(MMC_Drv.o)
 .data.impure_data
                0x1fff8148       0x60 c:/program files (x86)/cypress/psoc creator/4.0/psoc creator/import/gnu/arm/4.9.3/bin/../lib/gcc/arm-none-eabi/4.9.3/../../../../arm-none-eabi/lib/armv7-m\libg_nano.a(lib_a-impure.o)
 .data._impure_ptr
                0x1fff81a8        0x4 c:/program files (x86)/cypress/psoc creator/4.0/psoc creator/import/gnu/arm/4.9.3/bin/../lib/gcc/arm-none-eabi/4.9.3/../../../../arm-none-eabi/lib/armv7-m\libg_nano.a(lib_a-impure.o)
                0x1fff81a8                _impure_ptr
                0x1fff81b0                . = ALIGN (0x8)
 *fill*         0x1fff81ac        0x4 
 *(.ram)
                0x1fff81b0                _edata = .

.igot.plt       0x1fff81b0        0x0 load address 0x00009160
 .igot.plt      0x00000000        0x0 c:/program files (x86)/cypress/psoc creator/4.0/psoc creator/import/gnu/arm/4.9.3/bin/../lib/gcc/arm-none-eabi/4.9.3/armv7-m/crtbegin.o

.bss            0x1fff81b0     0x11b0 load address 0x00009160
                0x1fff81b0                PROVIDE (__bss_start__, .)
 *(.shbss)
 *(.bss .bss.* .gnu.linkonce.b.*)
 .bss           0x1fff81b0       0x1c c:/program files (x86)/cypress/psoc creator/4.0/psoc creator/import/gnu/arm/4.9.3/bin/../lib/gcc/arm-none-eabi/4.9.3/armv7-m/crtbegin.o
 .bss           0x1fff81cc       0x7c .\ARM_GCC_493\Debug\main.o
                0x1fff81cc                data_time
                0x1fff81d0                sum
                0x1fff81d4                pressure_sum
                0x1fff81d8                average
                0x1fff81da                collect_flag
                0x1fff81db                wait_flag
                0x1fff81dc                PANIC_flag
                0x1fff81dd                countdown
                0x1fff81de                update_Data
                0x1fff81e0                RxBuffer
                0x1fff8220                msg_count
                0x1fff8224                rxflag
                0x1fff8228                bytes
                0x1fff822c                dataflag
                0x1fff8230                transmit_flag
                0x1fff8234                depth
                0x1fff8238                reset
                0x1fff823c                volume
 .bss           0x1fff8248       0x14 .\ARM_GCC_493\Debug\OVac.a(ADC.o)
                0x1fff8248                ADC_convDone
                0x1fff8249                ADC_stopConversion
                0x1fff824a                ADC_initVar
                0x1fff824b                ADC_started
 .bss           0x1fff825c        0x1 .\ARM_GCC_493\Debug\OVac.a(I2C_Master.o)
                0x1fff825c                I2C_Master_initVar
 .bss           0x1fff825d        0x1 .\ARM_GCC_493\Debug\OVac.a(Sample_Timer.o)
                0x1fff825d                Sample_Timer_initVar
 .bss           0x1fff825e        0x1 .\ARM_GCC_493\Debug\OVac.a(Countdown_timer.o)
                0x1fff825e                Countdown_timer_initVar
 .bss           0x1fff825f        0x1 .\ARM_GCC_493\Debug\OVac.a(adjust_timer.o)
                0x1fff825f                adjust_timer_initVar
 .bss           0x1fff8260        0x2 .\ARM_GCC_493\Debug\OVac.a(UART.o)
                0x1fff8260                UART_initVar
 *fill*         0x1fff8262        0x2 
 .bss           0x1fff8264        0xc .\emFile_V322c\LinkLibrary\PSoC5\GCC\libemf32nosnlfn.a(FS_Core.o)
 .bss           0x1fff8270     0x1000 .\ARM_GCC_493\Debug\OVac.a(emFile_ConfigMMC_SPI.o)
 .bss           0x1fff9270       0x14 .\emFile_V322c\LinkLibrary\PSoC5\GCC\libemf32nosnlfn.a(MMC_Drv.o)
 .bss           0x1fff9284        0x1 .\ARM_GCC_493\Debug\OVac.a(emFile_MMC_HW_SPI.o)
 .bss           0x1fff9285        0x1 .\ARM_GCC_493\Debug\OVac.a(emFile_SPI0.o)
                0x1fff9285                emFile_SPI0_initVar
 *fill*         0x1fff9286        0x2 
 .bss.__malloc_sbrk_start
                0x1fff9288        0x4 c:/program files (x86)/cypress/psoc creator/4.0/psoc creator/import/gnu/arm/4.9.3/bin/../lib/gcc/arm-none-eabi/4.9.3/../../../../arm-none-eabi/lib/armv7-m\libg_nano.a(lib_a-nano-mallocr.o)
                0x1fff9288                __malloc_sbrk_start
 .bss.__malloc_free_list
                0x1fff928c        0x4 c:/program files (x86)/cypress/psoc creator/4.0/psoc creator/import/gnu/arm/4.9.3/bin/../lib/gcc/arm-none-eabi/4.9.3/../../../../arm-none-eabi/lib/armv7-m\libg_nano.a(lib_a-nano-mallocr.o)
                0x1fff928c                __malloc_free_list
 *(COMMON)
 COMMON         0x1fff9290       0x1b .\ARM_GCC_493\Debug\main.o
                0x1fff9290                fsfile
                0x1fff9294                buffer
                0x1fff92aa                devAddr
 COMMON         0x1fff92ab        0x8 .\ARM_GCC_493\Debug\LiquidCrystal_I2C.o
                0x1fff92ab                _backlightval
                0x1fff92ac                _addr
                0x1fff92ad                _displaycontrol
                0x1fff92ae                _charsize
                0x1fff92af                _displaymode
                0x1fff92b0                _displayfunction
                0x1fff92b1                _cols
                0x1fff92b2                _rows
 *fill*         0x1fff92b3        0x1 
 COMMON         0x1fff92b4        0x8 .\ARM_GCC_493\Debug\OVac.a(ADC.o)
                0x1fff92b4                ADC_Offset
                0x1fff92b8                ADC_CountsPerVolt
 COMMON         0x1fff92bc        0x1 .\ARM_GCC_493\Debug\OVac.a(I2C_Master.o)
                0x1fff92bc                I2C_Master_state
 *fill*         0x1fff92bd        0x3 
 COMMON         0x1fff92c0        0xf .\ARM_GCC_493\Debug\OVac.a(I2C_Master_MASTER.o)
                0x1fff92c0                I2C_Master_mstrRdBufIndex
                0x1fff92c1                I2C_Master_mstrWrBufIndex
                0x1fff92c2                I2C_Master_mstrWrBufSize
                0x1fff92c4                I2C_Master_mstrWrBufPtr
                0x1fff92c8                I2C_Master_mstrRdBufPtr
                0x1fff92cc                I2C_Master_mstrControl
                0x1fff92cd                I2C_Master_mstrStatus
                0x1fff92ce                I2C_Master_mstrRdBufSize
 *fill*         0x1fff92cf        0x1 
 COMMON         0x1fff92d0       0x88 .\emFile_V322c\LinkLibrary\PSoC5\GCC\libemf32nosnlfn.a(FS_Core.o)
                0x1fff92d0                FS_Global
                0x1fff9354                FS_NumBytesAllocated
 COMMON         0x1fff9358        0x4 c:/program files (x86)/cypress/psoc creator/4.0/psoc creator/import/gnu/arm/4.9.3/bin/../lib/gcc/arm-none-eabi/4.9.3/../../../../arm-none-eabi/lib/armv7-m\libg_nano.a(lib_a-reent.o)
                0x1fff9358                errno
                0x1fff9360                . = ALIGN (0x8)
 *fill*         0x1fff935c        0x4 
 *(.ram.b)
                0x1fff9360                _end = .
                0x1fff9360                __end = .
                0x1fff9360                PROVIDE (end, .)
                0x1fff9360                PROVIDE (__bss_end__, .)
                0x000090b8                __cy_region_init_ram = LOADADDR (.data)
                0x000000a8                __cy_region_init_size_ram = (_edata - ADDR (.data))
                0x000011b0                __cy_region_zero_size_ram = (_end - _edata)

.heap           0x1fff9360       0x80 load address 0x00009160
                0x1fff9360                . = _end
                0x1fff93e0                . = (. + 0x80)
 *fill*         0x1fff9360       0x80 
                0x1fff93e0                __cy_heap_limit = .

.stack          0x20007800      0x800
                0x20007800                __cy_stack_limit = .
                0x20008000                . = (. + 0x800)
 *fill*         0x20007800      0x800 
                0x00000001                ASSERT ((__cy_stack_limit >= __cy_heap_limit), region RAM overflowed with stack)
                0x00000000                cy_checksum_exclude_size = (CY_APPL_LOADABLE == 0x1)?SIZEOF (.cy_checksum_exclude):0x0
                0x00000001                ASSERT ((cy_checksum_exclude_size <= CY_CHECKSUM_EXCLUDE_SIZE), CY_BOOT: Section .cy_checksum_exclude size exceedes specified limit.)

.cyloadermeta
 *(.cyloadermeta)

.cyloadablemeta
 *(.cyloadablemeta)

.cyconfigecc    0x80000000      0xaa8
 *(.cyconfigecc)
 .cyconfigecc   0x80000000      0xaa8 .\ARM_GCC_493\Debug\cymetadata.o
                0x80000000                cy_meta_configecc

.cycustnvl      0x90000000        0x4
 *(.cycustnvl)
 .cycustnvl     0x90000000        0x4 .\ARM_GCC_493\Debug\cymetadata.o
                0x90000000                cy_meta_custnvl

.cywolatch      0x90100000        0x4
 *(.cywolatch)
 .cywolatch     0x90100000        0x4 .\ARM_GCC_493\Debug\cymetadata.o
                0x90100000                cy_meta_wonvl

.cyeeprom       0x90200000        0x0
 *(.cyeeprom)
                0x00000001                ASSERT ((. <= ((0x90200000 + ee_offset) + ee_size)), .cyeeprom data will not fit in EEPROM)

.cyflashprotect
                0x90400000      0x100
 *(.cyflashprotect)
 .cyflashprotect
                0x90400000      0x100 .\ARM_GCC_493\Debug\cymetadata.o
                0x90400000                cy_meta_flashprotect

.cymeta         0x90500000        0xc
 *(.cymeta)
 .cymeta        0x90500000        0xc .\ARM_GCC_493\Debug\cymetadata.o
                0x90500000                cy_metadata

.rel.dyn        0x00009160        0x0 load address 0x9050000c
 .rel.iplt      0x00000000        0x0 c:/program files (x86)/cypress/psoc creator/4.0/psoc creator/import/gnu/arm/4.9.3/bin/../lib/gcc/arm-none-eabi/4.9.3/armv7-m/crtbegin.o

.stab
 *(.stab)

.stabstr
 *(.stabstr)

.debug
 *(.debug)

.line
 *(.line)

.debug_srcinfo
 *(.debug_srcinfo)

.debug_sfnames
 *(.debug_sfnames)

.debug_aranges  0x00000000     0x1ad0
 *(.debug_aranges)
 .debug_aranges
                0x00000000       0x48 .\ARM_GCC_493\Debug\main.o
 .debug_aranges
                0x00000048      0x108 .\ARM_GCC_493\Debug\LiquidCrystal_I2C.o
 .debug_aranges
                0x00000150       0x68 .\ARM_GCC_493\Debug\i2cFunctions.o
 .debug_aranges
                0x000001b8       0x40 .\ARM_GCC_493\Debug\functions.o
 .debug_aranges
                0x000001f8      0x838 .\ARM_GCC_493\Debug\mpu6050.o
 .debug_aranges
                0x00000a30       0x18 .\ARM_GCC_493\Debug\cymetadata.o
 .debug_aranges
                0x00000a48       0x48 .\ARM_GCC_493\Debug\Cm3Start.o
 .debug_aranges
                0x00000a90       0x70 .\ARM_GCC_493\Debug\OVac.a(cyfitter_cfg.o)
 .debug_aranges
                0x00000b00      0x2a0 .\ARM_GCC_493\Debug\OVac.a(CyLib.o)
 .debug_aranges
                0x00000da0       0x98 .\ARM_GCC_493\Debug\OVac.a(cyPm.o)
 .debug_aranges
                0x00000e38       0xe8 .\ARM_GCC_493\Debug\OVac.a(ADC.o)
 .debug_aranges
                0x00000f20       0x38 .\ARM_GCC_493\Debug\OVac.a(ADC_INT.o)
 .debug_aranges
                0x00000f58       0x30 .\ARM_GCC_493\Debug\OVac.a(ADC_AMux.o)
 .debug_aranges
                0x00000f88       0x70 .\ARM_GCC_493\Debug\OVac.a(ADC_Ext_CP_Clk.o)
 .debug_aranges
                0x00000ff8       0x80 .\ARM_GCC_493\Debug\OVac.a(ADC_theACLK.o)
 .debug_aranges
                0x00001078       0x38 .\ARM_GCC_493\Debug\OVac.a(I2C_Master.o)
 .debug_aranges
                0x000010b0       0x20 .\ARM_GCC_493\Debug\OVac.a(I2C_Master_INT.o)
 .debug_aranges
                0x000010d0       0x38 .\ARM_GCC_493\Debug\OVac.a(I2C_Master_PM.o)
 .debug_aranges
                0x00001108       0x80 .\ARM_GCC_493\Debug\OVac.a(I2C_Master_MASTER.o)
 .debug_aranges
                0x00001188       0x88 .\ARM_GCC_493\Debug\OVac.a(Sample_Timer.o)
 .debug_aranges
                0x00001210       0x80 .\ARM_GCC_493\Debug\OVac.a(Sample_ISR.o)
 .debug_aranges
                0x00001290       0x38 .\ARM_GCC_493\Debug\OVac.a(Solenoid_1.o)
 .debug_aranges
                0x000012c8       0x38 .\ARM_GCC_493\Debug\OVac.a(LED2.o)
 .debug_aranges
                0x00001300       0x90 .\ARM_GCC_493\Debug\OVac.a(Countdown_timer.o)
 .debug_aranges
                0x00001390       0x80 .\ARM_GCC_493\Debug\OVac.a(countdown.o)
 .debug_aranges
                0x00001410       0x90 .\ARM_GCC_493\Debug\OVac.a(adjust_timer.o)
 .debug_aranges
                0x000014a0       0x38 .\ARM_GCC_493\Debug\OVac.a(Solenoid_2.o)
 .debug_aranges
                0x000014d8       0x70 .\ARM_GCC_493\Debug\OVac.a(Comp.o)
 .debug_aranges
                0x00001548       0xf0 .\ARM_GCC_493\Debug\OVac.a(UART.o)
 .debug_aranges
                0x00001638       0x80 .\ARM_GCC_493\Debug\OVac.a(rx_interrupt.o)
 .debug_aranges
                0x000016b8       0x70 .\ARM_GCC_493\Debug\OVac.a(UART_IntClock.o)
 .debug_aranges
                0x00001728       0x80 .\ARM_GCC_493\Debug\OVac.a(temp_isr.o)
 .debug_aranges
                0x000017a8       0x20 .\ARM_GCC_493\Debug\OVac.a(CyBootAsmGnu.o)
 .debug_aranges
                0x000017c8       0x80 .\ARM_GCC_493\Debug\OVac.a(CyFlash.o)
 .debug_aranges
                0x00001848       0x78 .\ARM_GCC_493\Debug\OVac.a(CySpc.o)
 .debug_aranges
                0x000018c0       0x28 .\ARM_GCC_493\Debug\OVac.a(emFile_ConfigMMC_SPI.o)
 .debug_aranges
                0x000018e8       0x68 .\ARM_GCC_493\Debug\OVac.a(emFile_MMC_HW_SPI.o)
 .debug_aranges
                0x00001950       0xd8 .\ARM_GCC_493\Debug\OVac.a(emFile_SPI0.o)
 .debug_aranges
                0x00001a28       0x70 .\ARM_GCC_493\Debug\OVac.a(emFile_Clock_1.o)
 .debug_aranges
                0x00001a98       0x38 .\ARM_GCC_493\Debug\OVac.a(emFile_SPI0_CS.o)

.debug_pubnames
 *(.debug_pubnames)

.debug_info     0x00000000     0x9b33
 *(.debug_info .gnu.linkonce.wi.*)
 .debug_info    0x00000000      0x652 .\ARM_GCC_493\Debug\main.o
 .debug_info    0x00000652      0x550 .\ARM_GCC_493\Debug\LiquidCrystal_I2C.o
 .debug_info    0x00000ba2      0x43d .\ARM_GCC_493\Debug\i2cFunctions.o
 .debug_info    0x00000fdf      0x3d4 .\ARM_GCC_493\Debug\functions.o
 .debug_info    0x000013b3     0x21aa .\ARM_GCC_493\Debug\mpu6050.o
 .debug_info    0x0000355d      0x13f .\ARM_GCC_493\Debug\cymetadata.o
 .debug_info    0x0000369c      0x319 .\ARM_GCC_493\Debug\Cm3Start.o
 .debug_info    0x000039b5      0x4ef .\ARM_GCC_493\Debug\OVac.a(cyfitter_cfg.o)
 .debug_info    0x00003ea4      0xe4a .\ARM_GCC_493\Debug\OVac.a(CyLib.o)
 .debug_info    0x00004cee      0x561 .\ARM_GCC_493\Debug\OVac.a(cyPm.o)
 .debug_info    0x0000524f      0x725 .\ARM_GCC_493\Debug\OVac.a(ADC.o)
 .debug_info    0x00005974       0xcc .\ARM_GCC_493\Debug\OVac.a(ADC_INT.o)
 .debug_info    0x00005a40      0x10a .\ARM_GCC_493\Debug\OVac.a(ADC_AMux.o)
 .debug_info    0x00005b4a      0x25d .\ARM_GCC_493\Debug\OVac.a(ADC_Ext_CP_Clk.o)
 .debug_info    0x00005da7      0x299 .\ARM_GCC_493\Debug\OVac.a(ADC_theACLK.o)
 .debug_info    0x00006040      0x1fa .\ARM_GCC_493\Debug\OVac.a(I2C_Master.o)
 .debug_info    0x0000623a      0x14f .\ARM_GCC_493\Debug\OVac.a(I2C_Master_INT.o)
 .debug_info    0x00006389      0x193 .\ARM_GCC_493\Debug\OVac.a(I2C_Master_PM.o)
 .debug_info    0x0000651c      0x3f1 .\ARM_GCC_493\Debug\OVac.a(I2C_Master_MASTER.o)
 .debug_info    0x0000690d      0x23e .\ARM_GCC_493\Debug\OVac.a(Sample_Timer.o)
 .debug_info    0x00006b4b      0x23a .\ARM_GCC_493\Debug\OVac.a(Sample_ISR.o)
 .debug_info    0x00006d85      0x11e .\ARM_GCC_493\Debug\OVac.a(Solenoid_1.o)
 .debug_info    0x00006ea3      0x11e .\ARM_GCC_493\Debug\OVac.a(LED2.o)
 .debug_info    0x00006fc1      0x254 .\ARM_GCC_493\Debug\OVac.a(Countdown_timer.o)
 .debug_info    0x00007215      0x23a .\ARM_GCC_493\Debug\OVac.a(countdown.o)
 .debug_info    0x0000744f      0x254 .\ARM_GCC_493\Debug\OVac.a(adjust_timer.o)
 .debug_info    0x000076a3      0x11e .\ARM_GCC_493\Debug\OVac.a(Solenoid_2.o)
 .debug_info    0x000077c1      0x23f .\ARM_GCC_493\Debug\OVac.a(Comp.o)
 .debug_info    0x00007a00      0x503 .\ARM_GCC_493\Debug\OVac.a(UART.o)
 .debug_info    0x00007f03      0x23a .\ARM_GCC_493\Debug\OVac.a(rx_interrupt.o)
 .debug_info    0x0000813d      0x25d .\ARM_GCC_493\Debug\OVac.a(UART_IntClock.o)
 .debug_info    0x0000839a      0x23a .\ARM_GCC_493\Debug\OVac.a(temp_isr.o)
 .debug_info    0x000085d4       0x80 .\ARM_GCC_493\Debug\OVac.a(CyBootAsmGnu.o)
 .debug_info    0x00008654      0x36a .\ARM_GCC_493\Debug\OVac.a(CyFlash.o)
 .debug_info    0x000089be      0x453 .\ARM_GCC_493\Debug\OVac.a(CySpc.o)
 .debug_info    0x00008e11      0x281 .\ARM_GCC_493\Debug\OVac.a(emFile_ConfigMMC_SPI.o)
 .debug_info    0x00009092      0x339 .\ARM_GCC_493\Debug\OVac.a(emFile_MMC_HW_SPI.o)
 .debug_info    0x000093cb      0x3ed .\ARM_GCC_493\Debug\OVac.a(emFile_SPI0.o)
 .debug_info    0x000097b8      0x25d .\ARM_GCC_493\Debug\OVac.a(emFile_Clock_1.o)
 .debug_info    0x00009a15      0x11e .\ARM_GCC_493\Debug\OVac.a(emFile_SPI0_CS.o)

.debug_abbrev   0x00000000     0x2be2
 *(.debug_abbrev)
 .debug_abbrev  0x00000000      0x172 .\ARM_GCC_493\Debug\main.o
 .debug_abbrev  0x00000172      0x162 .\ARM_GCC_493\Debug\LiquidCrystal_I2C.o
 .debug_abbrev  0x000002d4       0x9f .\ARM_GCC_493\Debug\i2cFunctions.o
 .debug_abbrev  0x00000373      0x12c .\ARM_GCC_493\Debug\functions.o
 .debug_abbrev  0x0000049f      0x18a .\ARM_GCC_493\Debug\mpu6050.o
 .debug_abbrev  0x00000629       0x77 .\ARM_GCC_493\Debug\cymetadata.o
 .debug_abbrev  0x000006a0      0x1b6 .\ARM_GCC_493\Debug\Cm3Start.o
 .debug_abbrev  0x00000856      0x1ca .\ARM_GCC_493\Debug\OVac.a(cyfitter_cfg.o)
 .debug_abbrev  0x00000a20      0x217 .\ARM_GCC_493\Debug\OVac.a(CyLib.o)
 .debug_abbrev  0x00000c37      0x161 .\ARM_GCC_493\Debug\OVac.a(cyPm.o)
 .debug_abbrev  0x00000d98      0x19d .\ARM_GCC_493\Debug\OVac.a(ADC.o)
 .debug_abbrev  0x00000f35       0x42 .\ARM_GCC_493\Debug\OVac.a(ADC_INT.o)
 .debug_abbrev  0x00000f77       0x6f .\ARM_GCC_493\Debug\OVac.a(ADC_AMux.o)
 .debug_abbrev  0x00000fe6      0x11d .\ARM_GCC_493\Debug\OVac.a(ADC_Ext_CP_Clk.o)
 .debug_abbrev  0x00001103      0x11d .\ARM_GCC_493\Debug\OVac.a(ADC_theACLK.o)
 .debug_abbrev  0x00001220       0xe2 .\ARM_GCC_493\Debug\OVac.a(I2C_Master.o)
 .debug_abbrev  0x00001302       0x81 .\ARM_GCC_493\Debug\OVac.a(I2C_Master_INT.o)
 .debug_abbrev  0x00001383       0xf8 .\ARM_GCC_493\Debug\OVac.a(I2C_Master_PM.o)
 .debug_abbrev  0x0000147b      0x11e .\ARM_GCC_493\Debug\OVac.a(I2C_Master_MASTER.o)
 .debug_abbrev  0x00001599       0xe9 .\ARM_GCC_493\Debug\OVac.a(Sample_Timer.o)