Archive member included because of file (symbol)

.\CortexM3\ARM_GCC_493\Debug\Pressure_Harbor_test.a(cyfitter_cfg.o)
                              .\CortexM3\ARM_GCC_493\Debug\Cm3Start.o (cyfitter_cfg)
.\CortexM3\ARM_GCC_493\Debug\Pressure_Harbor_test.a(ADC.o)
                              .\CortexM3\ARM_GCC_493\Debug\main.o (ADC_Start)
.\CortexM3\ARM_GCC_493\Debug\Pressure_Harbor_test.a(ADC_INT.o)
                              .\CortexM3\ARM_GCC_493\Debug\Pressure_Harbor_test.a(ADC.o) (ADC_ISR1)
.\CortexM3\ARM_GCC_493\Debug\Pressure_Harbor_test.a(Sample_Timer.o)
                              .\CortexM3\ARM_GCC_493\Debug\main.o (Sample_Timer_Start)
.\CortexM3\ARM_GCC_493\Debug\Pressure_Harbor_test.a(Sample_ISR.o)
                              .\CortexM3\ARM_GCC_493\Debug\main.o (Sample_ISR_StartEx)
.\CortexM3\ARM_GCC_493\Debug\Pressure_Harbor_test.a(UART.o)
                              .\CortexM3\ARM_GCC_493\Debug\main.o (UART_Start)
.\CortexM3\ARM_GCC_493\Debug\Pressure_Harbor_test.a(rx_interrupt.o)
                              .\CortexM3\ARM_GCC_493\Debug\main.o (rx_interrupt_StartEx)
.\CortexM3\ARM_GCC_493\Debug\Pressure_Harbor_test.a(I2C_Master.o)
                              .\CortexM3\ARM_GCC_493\Debug\main.o (I2C_Master_Start)
.\CortexM3\ARM_GCC_493\Debug\Pressure_Harbor_test.a(I2C_Master_INT.o)
                              .\CortexM3\ARM_GCC_493\Debug\Pressure_Harbor_test.a(I2C_Master.o) (I2C_Master_ISR)
.\CortexM3\ARM_GCC_493\Debug\Pressure_Harbor_test.a(I2C_Master_PM.o)
                              .\CortexM3\ARM_GCC_493\Debug\Pressure_Harbor_test.a(I2C_Master.o) (I2C_Master_backup)
.\CortexM3\ARM_GCC_493\Debug\Pressure_Harbor_test.a(I2C_Master_MASTER.o)
                              .\CortexM3\ARM_GCC_493\Debug\Pressure_Harbor_test.a(I2C_Master.o) (I2C_Master_mstrStatus)
.\CortexM3\ARM_GCC_493\Debug\Pressure_Harbor_test.a(ADC_AMux.o)
                              .\CortexM3\ARM_GCC_493\Debug\Pressure_Harbor_test.a(ADC.o) (ADC_AMux_Select)
.\CortexM3\ARM_GCC_493\Debug\Pressure_Harbor_test.a(ADC_Ext_CP_Clk.o)
                              .\CortexM3\ARM_GCC_493\Debug\Pressure_Harbor_test.a(ADC.o) (ADC_Ext_CP_Clk_SetModeRegister)
.\CortexM3\ARM_GCC_493\Debug\Pressure_Harbor_test.a(ADC_theACLK.o)
                              .\CortexM3\ARM_GCC_493\Debug\Pressure_Harbor_test.a(ADC.o) (ADC_theACLK_SetModeRegister)
.\CortexM3\ARM_GCC_493\Debug\Pressure_Harbor_test.a(UART_IntClock.o)
                              .\CortexM3\ARM_GCC_493\Debug\Pressure_Harbor_test.a(UART.o) (UART_IntClock_Start)
.\CortexM3\ARM_GCC_493\Debug\Pressure_Harbor_test.a(CyLib.o)
                              .\CortexM3\ARM_GCC_493\Debug\Cm3Start.o (CyHalt)
.\CortexM3\ARM_GCC_493\Debug\Pressure_Harbor_test.a(cyPm.o)
                              .\CortexM3\ARM_GCC_493\Debug\Pressure_Harbor_test.a(CyLib.o) (CyPmReadStatus)
.\CortexM3\ARM_GCC_493\Debug\Pressure_Harbor_test.a(CyBootAsmGnu.o)
                              .\CortexM3\ARM_GCC_493\Debug\Pressure_Harbor_test.a(cyfitter_cfg.o) (CyDelayCycles)
.\CortexM3\ARM_GCC_493\Debug\Pressure_Harbor_test.a(CyFlash.o)
                              .\CortexM3\ARM_GCC_493\Debug\Pressure_Harbor_test.a(cyPm.o) (CyFlash_SetWaitCycles)
.\CortexM3\ARM_GCC_493\Debug\Pressure_Harbor_test.a(CySpc.o)
                              .\CortexM3\ARM_GCC_493\Debug\Pressure_Harbor_test.a(CyFlash.o) (CySpcStart)
..\emFile_V322c\LinkLibrary\PSoC5\GCC\libemf32nosnlfn.a(FAT_FormatSD.o)
                              .\CortexM3\ARM_GCC_493\Debug\main.o (FS_FormatSD)
..\emFile_V322c\LinkLibrary\PSoC5\GCC\libemf32nosnlfn.a(FAT_Misc.o)
                              ..\emFile_V322c\LinkLibrary\PSoC5\GCC\libemf32nosnlfn.a(FAT_FormatSD.o) (FS_FAT_GetFATType)
..\emFile_V322c\LinkLibrary\PSoC5\GCC\libemf32nosnlfn.a(FAT_Open.o)
                              ..\emFile_V322c\LinkLibrary\PSoC5\GCC\libemf32nosnlfn.a(FAT_Misc.o) (FS_FAT_InitDirEntryScan)
..\emFile_V322c\LinkLibrary\PSoC5\GCC\libemf32nosnlfn.a(FAT_Write.o)
                              ..\emFile_V322c\LinkLibrary\PSoC5\GCC\libemf32nosnlfn.a(FAT_Misc.o) (FS_FAT_Close)
..\emFile_V322c\LinkLibrary\PSoC5\GCC\libemf32nosnlfn.a(FS_CLib.o)
                              ..\emFile_V322c\LinkLibrary\PSoC5\GCC\libemf32nosnlfn.a(FAT_Open.o) (FS__CLIB_memcmp)
..\emFile_V322c\LinkLibrary\PSoC5\GCC\libemf32nosnlfn.a(FS_Core.o)
                              ..\emFile_V322c\LinkLibrary\PSoC5\GCC\libemf32nosnlfn.a(FAT_FormatSD.o) (FS__DivideU32Up)
..\emFile_V322c\LinkLibrary\PSoC5\GCC\libemf32nosnlfn.a(FS_LogBlock.o)
                              ..\emFile_V322c\LinkLibrary\PSoC5\GCC\libemf32nosnlfn.a(FAT_FormatSD.o) (FS_LB_GetStatus)
..\emFile_V322c\LinkLibrary\PSoC5\GCC\libemf32nosnlfn.a(FS_memcpy.o)
                              ..\emFile_V322c\LinkLibrary\PSoC5\GCC\libemf32nosnlfn.a(FAT_Open.o) (FS_memcpy)
..\emFile_V322c\LinkLibrary\PSoC5\GCC\libemf32nosnlfn.a(FS_Misc.o)
[...]
Memory Configuration

Name             Origin             Length             Attributes
rom              0x00000000         0x00040000         xr
ram              0x1fff8000         0x00010000         xrw
*default*        0x00000000         0xffffffff

Linker script and memory map

LOAD c:/program files (x86)/cypress/psoc creator/4.0/psoc creator/import/gnu/arm/4.9.3/bin/../lib/gcc/arm-none-eabi/4.9.3/armv7-m/crti.o
LOAD c:/program files (x86)/cypress/psoc creator/4.0/psoc creator/import/gnu/arm/4.9.3/bin/../lib/gcc/arm-none-eabi/4.9.3/armv7-m/crtbegin.o
LOAD c:/program files (x86)/cypress/psoc creator/4.0/psoc creator/import/gnu/arm/4.9.3/bin/../lib/gcc/arm-none-eabi/4.9.3/../../../../arm-none-eabi/lib/armv7-m/crt0.o
START GROUP
LOAD .\CortexM3\ARM_GCC_493\Debug\main.o
LOAD .\CortexM3\ARM_GCC_493\Debug\functions.o
LOAD .\CortexM3\ARM_GCC_493\Debug\i2cFunctions.o
LOAD .\CortexM3\ARM_GCC_493\Debug\LiquidCrystal_I2C.o
LOAD .\CortexM3\ARM_GCC_493\Debug\cymetadata.o
LOAD .\CortexM3\ARM_GCC_493\Debug\Cm3Start.o
LOAD .\CortexM3\ARM_GCC_493\Debug\Pressure_Harbor_test.a
LOAD C:\Program Files (x86)\Cypress\PSoC Creator\4.0\PSoC Creator\psoc\content\cycomponentlibrary\CyComponentLibrary.cylib\CortexM3\ARM_GCC_493\Debug\CyComponentLibrary.a
LOAD ..\emFile_V322c\LinkLibrary\PSoC5\GCC\libemf32nosnlfn.a
END GROUP
START GROUP
LOAD c:/program files (x86)/cypress/psoc creator/4.0/psoc creator/import/gnu/arm/4.9.3/bin/../lib/gcc/arm-none-eabi/4.9.3/armv7-m\libgcc.a
LOAD c:/program files (x86)/cypress/psoc creator/4.0/psoc creator/import/gnu/arm/4.9.3/bin/../lib/gcc/arm-none-eabi/4.9.3/../../../../arm-none-eabi/lib/armv7-m\libg_nano.a
LOAD c:/program files (x86)/cypress/psoc creator/4.0/psoc creator/import/gnu/arm/4.9.3/bin/../lib/gcc/arm-none-eabi/4.9.3/../../../../arm-none-eabi/lib/armv7-m\libc_nano.a
END GROUP
START GROUP
LOAD c:/program files (x86)/cypress/psoc creator/4.0/psoc creator/import/gnu/arm/4.9.3/bin/../lib/gcc/arm-none-eabi/4.9.3/armv7-m\libgcc.a
LOAD c:/program files (x86)/cypress/psoc creator/4.0/psoc creator/import/gnu/arm/4.9.3/bin/../lib/gcc/arm-none-eabi/4.9.3/../../../../arm-none-eabi/lib/armv7-m\libc_nano.a
END GROUP
LOAD c:/program files (x86)/cypress/psoc creator/4.0/psoc creator/import/gnu/arm/4.9.3/bin/../lib/gcc/arm-none-eabi/4.9.3/armv7-m/crtend.o
LOAD c:/program files (x86)/cypress/psoc creator/4.0/psoc creator/import/gnu/arm/4.9.3/bin/../lib/gcc/arm-none-eabi/4.9.3/armv7-m/crtn.o
START GROUP
LOAD c:/program files (x86)/cypress/psoc creator/4.0/psoc creator/import/gnu/arm/4.9.3/bin/../lib/gcc/arm-none-eabi/4.9.3/armv7-m\libgcc.a
LOAD c:/program files (x86)/cypress/psoc creator/4.0/psoc creator/import/gnu/arm/4.9.3/bin/../lib/gcc/arm-none-eabi/4.9.3/../../../../arm-none-eabi/lib/armv7-m\libc.a
LOAD c:/program files (x86)/cypress/psoc creator/4.0/psoc creator/import/gnu/arm/4.9.3/bin/../lib/gcc/arm-none-eabi/4.9.3/../../../../arm-none-eabi/lib/armv7-m\libnosys.a
END GROUP
                0x00000000                CY_APPL_ORIGIN = 0x0
                0x00000100                CY_FLASH_ROW_SIZE = 0x100
                0x00000020                CY_ECC_ROW_SIZE = 0x20
                0x00000000                CY_EE_IN_BTLDR = 0x0
                0x00000000                CY_APPL_LOADABLE = 0x0
                0x00000800                CY_EE_SIZE = 0x800
                0x00000001                CY_APPL_NUM = 0x1
                0x00000001                CY_APPL_MAX = 0x1
                0x00000040                CY_METADATA_SIZE = 0x40
                0x00000000                CY_APPL_LOADABLE = 0x0
                0x00000000                CY_CHECKSUM_EXCLUDE_SIZE = ALIGN (0x0, CY_FLASH_ROW_SIZE)
                0x1fff9328                PROVIDE (__cy_heap_start, _end)
                0x00000001                PROVIDE (__cy_region_num, ((__cy_regions_end - __cy_regions) / 0x10))
                0x20008000                PROVIDE (__cy_stack, (ORIGIN (ram) + 0x10000))
                0x20007800                PROVIDE (__cy_heap_end, (__cy_stack - 0x800))

.cybootloader   0x00000000        0x0
 *(.cybootloader)
                0x00000000                appl1_start = CY_APPL_ORIGIN?CY_APPL_ORIGIN:ALIGN (CY_FLASH_ROW_SIZE)
                0x0001ff00                appl2_start = (appl1_start + ALIGN ((((0x40000 - appl1_start) - (0x2 * CY_FLASH_ROW_SIZE)) / 0x2), CY_FLASH_ROW_SIZE))
                0x00000000                appl_start = (CY_APPL_NUM == 0x1)?appl1_start:appl2_start
                0x00000000                ecc_offset = ((appl_start / CY_FLASH_ROW_SIZE) * CY_ECC_ROW_SIZE)
                0x00000000                ee_offset = (CY_APPL_LOADABLE && ! (CY_EE_IN_BTLDR))?((CY_EE_SIZE / CY_APPL_MAX) * (CY_APPL_NUM - 0x1)):0x0
                0x00000800                ee_size = (CY_APPL_LOADABLE && ! (CY_EE_IN_BTLDR))?(CY_EE_SIZE / CY_APPL_MAX):CY_EE_SIZE
                0x00000000                PROVIDE (CY_ECC_OFFSET, ecc_offset)

.text           0x00000000     0x6568
 CREATE_OBJECT_SYMBOLS
                0x00000000                PROVIDE (__cy_interrupt_vector, RomVectors)
 *(.romvectors)
 .romvectors    0x00000000       0x10 .\CortexM3\ARM_GCC_493\Debug\Cm3Start.o
                0x00000000                RomVectors
                0x00000001                ASSERT ((. != __cy_interrupt_vector), No interrupt vector)
                0x00000001                ASSERT (CY_APPL_ORIGIN?(SIZEOF (.cybootloader) <= CY_APPL_ORIGIN):0x1, Wrong image location)
                0x00000010                PROVIDE (__cy_reset, Reset)
 *(.text.Reset)
 .text.Reset    0x00000010       0x18 .\CortexM3\ARM_GCC_493\Debug\Cm3Start.o
                0x00000010                Reset
                0x00000001                ASSERT ((. != __cy_reset), No reset code)
 *(.dma_init)
                0x00000001                ASSERT ((((appl_start + .) <= 0x10000) || 0x1), DMA Init must be within the first 64k of flash)
 *(.text .text.* .gnu.linkonce.t.*)
 .text          0x00000028       0x5c c:/program files (x86)/cypress/psoc creator/4.0/psoc creator/import/gnu/arm/4.9.3/bin/../lib/gcc/arm-none-eabi/4.9.3/armv7-m/crtbegin.o
 .text.Sample_ISR_Handler
                0x00000084       0x14 .\CortexM3\ARM_GCC_493\Debug\main.o
                0x00000084                Sample_ISR_Handler
 .text.rx_interrupt
                0x00000098       0x34 .\CortexM3\ARM_GCC_493\Debug\main.o
                0x00000098                rx_interrupt
 .text.SD_SETUP
                0x000000cc       0xf8 .\CortexM3\ARM_GCC_493\Debug\main.o
                0x000000cc                SD_SETUP
 *fill*         0x000001c4        0x4 
 .text.main     0x000001c8      0x1f8 .\CortexM3\ARM_GCC_493\Debug\main.o
                0x000001c8                main
 .text.ComputeMA
                0x000003c0       0x30 .\CortexM3\ARM_GCC_493\Debug\functions.o
                0x000003c0                ComputeMA
 .text.BT_Process
                0x000003f0       0x84 .\CortexM3\ARM_GCC_493\Debug\functions.o
                0x000003f0                BT_Process
 .text.uint8_to_char
                0x00000474       0x18 .\CortexM3\ARM_GCC_493\Debug\functions.o
                0x00000474                uint8_to_char
 .text.LiquidCrystal_I2C_init
                0x0000048c       0x34 .\CortexM3\ARM_GCC_493\Debug\LiquidCrystal_I2C.o
                0x0000048c                LiquidCrystal_I2C_init
 .text.I2C_M_write_byte
                0x000004c0       0x18 .\CortexM3\ARM_GCC_493\Debug\LiquidCrystal_I2C.o
                0x000004c0                I2C_M_write_byte
 .text.expanderWrite
                0x000004d8       0x1c .\CortexM3\ARM_GCC_493\Debug\LiquidCrystal_I2C.o
                0x000004d8                expanderWrite
 .text.pulseEnable
                0x000004f4       0x24 .\CortexM3\ARM_GCC_493\Debug\LiquidCrystal_I2C.o
                0x000004f4                pulseEnable
 .text.write4bits
                0x00000518       0x10 .\CortexM3\ARM_GCC_493\Debug\LiquidCrystal_I2C.o
                0x00000518                write4bits
 .text.send     0x00000528       0x20 .\CortexM3\ARM_GCC_493\Debug\LiquidCrystal_I2C.o
                0x00000528                send
 .text.command  0x00000548        0xc .\CortexM3\ARM_GCC_493\Debug\LiquidCrystal_I2C.o
                0x00000548                command
 .text.clear    0x00000554       0x10 .\CortexM3\ARM_GCC_493\Debug\LiquidCrystal_I2C.o
                0x00000554                clear
 .text.home     0x00000564       0x10 .\CortexM3\ARM_GCC_493\Debug\LiquidCrystal_I2C.o
                0x00000564                home
 .text.display  0x00000574       0x1c .\CortexM3\ARM_GCC_493\Debug\LiquidCrystal_I2C.o
                0x00000574                display
 .text.write    0x00000590        0xc .\CortexM3\ARM_GCC_493\Debug\LiquidCrystal_I2C.o
                0x00000590                write
 .text.LCD_print
                0x0000059c       0x20 .\CortexM3\ARM_GCC_493\Debug\LiquidCrystal_I2C.o
                0x0000059c                LCD_print
 .text.begin    0x000005bc       0xb4 .\CortexM3\ARM_GCC_493\Debug\LiquidCrystal_I2C.o
                0x000005bc                begin
 .text.IntDefaultHandler
                0x00000670       0x10 .\CortexM3\ARM_GCC_493\Debug\Cm3Start.o
                0x00000670                IntDefaultHandler
 .text._sbrk    0x00000680       0x30 .\CortexM3\ARM_GCC_493\Debug\Cm3Start.o
                0x00000680                _sbrk
 .text.Start_c  0x000006b0       0x4c .\CortexM3\ARM_GCC_493\Debug\Cm3Start.o
                0x000006b0                Start_c
 .text.initialize_psoc
                0x000006fc       0x74 .\CortexM3\ARM_GCC_493\Debug\Cm3Start.o
                0x000006fc                initialize_psoc
 .text.CyClockStartupError
                0x00000770        0x4 .\CortexM3\ARM_GCC_493\Debug\Pressure_Harbor_test.a(cyfitter_cfg.o)
 .text.cfg_write_bytes32
                0x00000774       0x34 .\CortexM3\ARM_GCC_493\Debug\Pressure_Harbor_test.a(cyfitter_cfg.o)
 .text.AnalogSetDefault
                0x000007a8       0x40 .\CortexM3\ARM_GCC_493\Debug\Pressure_Harbor_test.a(cyfitter_cfg.o)
 .text.CYMEMZERO
                0x000007e8        0xc .\CortexM3\ARM_GCC_493\Debug\Pressure_Harbor_test.a(cyfitter_cfg.o)
 .text.CYCONFIGCPY
                0x000007f4        0x8 .\CortexM3\ARM_GCC_493\Debug\Pressure_Harbor_test.a(cyfitter_cfg.o)
 .text.ClockSetup
                0x000007fc      0x108 .\CortexM3\ARM_GCC_493\Debug\Pressure_Harbor_test.a(cyfitter_cfg.o)
 .text.ADC_AMux_Set
                0x00000904       0x1c .\CortexM3\ARM_GCC_493\Debug\Pressure_Harbor_test.a(cyfitter_cfg.o)
                0x00000904                ADC_AMux_Set
 .text.ADC_AMux_Unset
                0x00000920       0x1c .\CortexM3\ARM_GCC_493\Debug\Pressure_Harbor_test.a(cyfitter_cfg.o)
                0x00000920                ADC_AMux_Unset
 .text.cyfitter_cfg
                0x0000093c      0x11c .\CortexM3\ARM_GCC_493\Debug\Pressure_Harbor_test.a(cyfitter_cfg.o)
                0x0000093c                cyfitter_cfg
 .text.ADC_GainCompensation
                0x00000a58       0xd0 .\CortexM3\ARM_GCC_493\Debug\Pressure_Harbor_test.a(ADC.o)
 .text.ADC_SetDSMRef0Reg
                0x00000b28       0x4c .\CortexM3\ARM_GCC_493\Debug\Pressure_Harbor_test.a(ADC.o)
 .text.ADC_InitConfig
                0x00000b74      0x32c .\CortexM3\ARM_GCC_493\Debug\Pressure_Harbor_test.a(ADC.o)
 .text.ADC_Init
                0x00000ea0      0x108 .\CortexM3\ARM_GCC_493\Debug\Pressure_Harbor_test.a(ADC.o)
                0x00000ea0                ADC_Init
 .text.ADC_Enable
                0x00000fa8       0xd8 .\CortexM3\ARM_GCC_493\Debug\Pressure_Harbor_test.a(ADC.o)
                0x00000fa8                ADC_Enable
 .text.ADC_Start
                0x00001080       0x28 .\CortexM3\ARM_GCC_493\Debug\Pressure_Harbor_test.a(ADC.o)
                0x00001080                ADC_Start
 .text.ADC_StartConvert
                0x000010a8       0x10 .\CortexM3\ARM_GCC_493\Debug\Pressure_Harbor_test.a(ADC.o)
                0x000010a8                ADC_StartConvert
 .text.ADC_IsEndConversion
                0x000010b8       0x30 .\CortexM3\ARM_GCC_493\Debug\Pressure_Harbor_test.a(ADC.o)
                0x000010b8                ADC_IsEndConversion
 .text.ADC_GetResult32
                0x000010e8       0x6c .\CortexM3\ARM_GCC_493\Debug\Pressure_Harbor_test.a(ADC.o)
                0x000010e8                ADC_GetResult32
 .text.ADC_ISR1
                0x00001154        0x4 .\CortexM3\ARM_GCC_493\Debug\Pressure_Harbor_test.a(ADC_INT.o)
                0x00001154                ADC_ISR1
 .text.ADC_ISR2
                0x00001158        0x4 .\CortexM3\ARM_GCC_493\Debug\Pressure_Harbor_test.a(ADC_INT.o)
                0x00001158                ADC_ISR2
 .text.ADC_ISR3
                0x0000115c        0x4 .\CortexM3\ARM_GCC_493\Debug\Pressure_Harbor_test.a(ADC_INT.o)
                0x0000115c                ADC_ISR3
 .text.ADC_ISR4
                0x00001160        0x4 .\CortexM3\ARM_GCC_493\Debug\Pressure_Harbor_test.a(ADC_INT.o)
                0x00001160                ADC_ISR4
 .text.Sample_Timer_Enable
                0x00001164       0x28 .\CortexM3\ARM_GCC_493\Debug\Pressure_Harbor_test.a(Sample_Timer.o)
                0x00001164                Sample_Timer_Enable
 .text.Sample_Timer_SetInterruptMode
                0x0000118c        0xc .\CortexM3\ARM_GCC_493\Debug\Pressure_Harbor_test.a(Sample_Timer.o)
                0x0000118c                Sample_Timer_SetInterruptMode
 .text.Sample_Timer_WritePeriod
                0x00001198        0xc .\CortexM3\ARM_GCC_493\Debug\Pressure_Harbor_test.a(Sample_Timer.o)
                0x00001198                Sample_Timer_WritePeriod
 .text.Sample_Timer_WriteCounter
                0x000011a4        0xc .\CortexM3\ARM_GCC_493\Debug\Pressure_Harbor_test.a(Sample_Timer.o)
                0x000011a4                Sample_Timer_WriteCounter
 .text.Sample_Timer_Init
                0x000011b0       0x64 .\CortexM3\ARM_GCC_493\Debug\Pressure_Harbor_test.a(Sample_Timer.o)
                0x000011b0                Sample_Timer_Init
 .text.Sample_Timer_Start
                0x00001214       0x1c .\CortexM3\ARM_GCC_493\Debug\Pressure_Harbor_test.a(Sample_Timer.o)
                0x00001214                Sample_Timer_Start
 .text.Sample_ISR_SetVector
                0x00001230       0x10 .\CortexM3\ARM_GCC_493\Debug\Pressure_Harbor_test.a(Sample_ISR.o)
                0x00001230                Sample_ISR_SetVector
 .text.Sample_ISR_SetPriority
                0x00001240       0x10 .\CortexM3\ARM_GCC_493\Debug\Pressure_Harbor_test.a(Sample_ISR.o)
                0x00001240                Sample_ISR_SetPriority
 .text.Sample_ISR_Enable
                0x00001250       0x10 .\CortexM3\ARM_GCC_493\Debug\Pressure_Harbor_test.a(Sample_ISR.o)
                0x00001250                Sample_ISR_Enable
 .text.Sample_ISR_Disable
                0x00001260       0x10 .\CortexM3\ARM_GCC_493\Debug\Pressure_Harbor_test.a(Sample_ISR.o)
                0x00001260                Sample_ISR_Disable
 .text.Sample_ISR_StartEx
                0x00001270       0x1c .\CortexM3\ARM_GCC_493\Debug\Pressure_Harbor_test.a(Sample_ISR.o)
                0x00001270                Sample_ISR_StartEx
 .text.UART_Init
                0x0000128c       0x24 .\CortexM3\ARM_GCC_493\Debug\Pressure_Harbor_test.a(UART.o)
                0x0000128c                UART_Init
 .text.UART_Enable
                0x000012b0       0x38 .\CortexM3\ARM_GCC_493\Debug\Pressure_Harbor_test.a(UART.o)
                0x000012b0                UART_Enable
 .text.UART_Start
                0x000012e8       0x1c .\CortexM3\ARM_GCC_493\Debug\Pressure_Harbor_test.a(UART.o)
                0x000012e8                UART_Start
 .text.UART_ReadRxStatus
                0x00001304       0x10 .\CortexM3\ARM_GCC_493\Debug\Pressure_Harbor_test.a(UART.o)
                0x00001304                UART_ReadRxStatus
 .text.UART_GetChar
                0x00001314       0x2c .\CortexM3\ARM_GCC_493\Debug\Pressure_Harbor_test.a(UART.o)
                0x00001314                UART_GetChar
 .text.UART_ReadTxStatus
                0x00001340        0xc .\CortexM3\ARM_GCC_493\Debug\Pressure_Harbor_test.a(UART.o)
                0x00001340                UART_ReadTxStatus
 .text.UART_PutChar
                0x0000134c       0x18 .\CortexM3\ARM_GCC_493\Debug\Pressure_Harbor_test.a(UART.o)
                0x0000134c                UART_PutChar
 .text.rx_interrupt_SetVector
                0x00001364        0xc .\CortexM3\ARM_GCC_493\Debug\Pressure_Harbor_test.a(rx_interrupt.o)
                0x00001364                rx_interrupt_SetVector
 .text.rx_interrupt_SetPriority
                0x00001370       0x10 .\CortexM3\ARM_GCC_493\Debug\Pressure_Harbor_test.a(rx_interrupt.o)
                0x00001370                rx_interrupt_SetPriority
 .text.rx_interrupt_Enable
                0x00001380        0xc .\CortexM3\ARM_GCC_493\Debug\Pressure_Harbor_test.a(rx_interrupt.o)
                0x00001380                rx_interrupt_Enable
 .text.rx_interrupt_Disable
                0x0000138c        0xc .\CortexM3\ARM_GCC_493\Debug\Pressure_Harbor_test.a(rx_interrupt.o)
                0x0000138c                rx_interrupt_Disable
 .text.rx_interrupt_StartEx
                0x00001398       0x1c .\CortexM3\ARM_GCC_493\Debug\Pressure_Harbor_test.a(rx_interrupt.o)
                0x00001398                rx_interrupt_StartEx
 .text.I2C_Master_Init
                0x000013b4       0x68 .\CortexM3\ARM_GCC_493\Debug\Pressure_Harbor_test.a(I2C_Master.o)
                0x000013b4                I2C_Master_Init
 .text.I2C_Master_Enable
                0x0000141c       0x24 .\CortexM3\ARM_GCC_493\Debug\Pressure_Harbor_test.a(I2C_Master.o)
                0x0000141c                I2C_Master_Enable
 .text.I2C_Master_Start
                0x00001440       0x28 .\CortexM3\ARM_GCC_493\Debug\Pressure_Harbor_test.a(I2C_Master.o)
                0x00001440                I2C_Master_Start
 .text.I2C_Master_ISR
                0x00001468      0x2cc .\CortexM3\ARM_GCC_493\Debug\Pressure_Harbor_test.a(I2C_Master_INT.o)
                0x00001468                I2C_Master_ISR
 .text.I2C_Master_MasterSendStart
                0x00001734       0x80 .\CortexM3\ARM_GCC_493\Debug\Pressure_Harbor_test.a(I2C_Master_MASTER.o)
                0x00001734                I2C_Master_MasterSendStart
 .text.I2C_Master_MasterSendStop
                0x000017b4       0x38 .\CortexM3\ARM_GCC_493\Debug\Pressure_Harbor_test.a(I2C_Master_MASTER.o)
                0x000017b4                I2C_Master_MasterSendStop
 .text.I2C_Master_MasterWriteByte
                0x000017ec       0x58 .\CortexM3\ARM_GCC_493\Debug\Pressure_Harbor_test.a(I2C_Master_MASTER.o)
                0x000017ec                I2C_Master_MasterWriteByte
 .text.ADC_AMux_Start
                0x00001844       0x20 .\CortexM3\ARM_GCC_493\Debug\Pressure_Harbor_test.a(ADC_AMux.o)
                0x00001844                ADC_AMux_Start
 .text.ADC_AMux_Select
                0x00001864       0x18 .\CortexM3\ARM_GCC_493\Debug\Pressure_Harbor_test.a(ADC_AMux.o)
                0x00001864                ADC_AMux_Select
 .text.ADC_Ext_CP_Clk_GetDividerRegister
                0x0000187c        0xc .\CortexM3\ARM_GCC_493\Debug\Pressure_Harbor_test.a(ADC_Ext_CP_Clk.o)
                0x0000187c                ADC_Ext_CP_Clk_GetDividerRegister
 .text.ADC_Ext_CP_Clk_SetModeRegister
                0x00001888       0x14 .\CortexM3\ARM_GCC_493\Debug\Pressure_Harbor_test.a(ADC_Ext_CP_Clk.o)
                0x00001888                ADC_Ext_CP_Clk_SetModeRegister
 .text.ADC_Ext_CP_Clk_GetSourceRegister
                0x0000189c       0x10 .\CortexM3\ARM_GCC_493\Debug\Pressure_Harbor_test.a(ADC_Ext_CP_Clk.o)
                0x0000189c                ADC_Ext_CP_Clk_GetSourceRegister
 .text.ADC_Ext_CP_Clk_SetDividerRegister
                0x000018ac       0xdc .\CortexM3\ARM_GCC_493\Debug\Pressure_Harbor_test.a(ADC_Ext_CP_Clk.o)
                0x000018ac                ADC_Ext_CP_Clk_SetDividerRegister
 .text.ADC_theACLK_GetDividerRegister
                0x00001988        0xc .\CortexM3\ARM_GCC_493\Debug\Pressure_Harbor_test.a(ADC_theACLK.o)
                0x00001988                ADC_theACLK_GetDividerRegister
 .text.ADC_theACLK_SetModeRegister
                0x00001994       0x14 .\CortexM3\ARM_GCC_493\Debug\Pressure_Harbor_test.a(ADC_theACLK.o)
                0x00001994                ADC_theACLK_SetModeRegister
 .text.ADC_theACLK_GetSourceRegister
                0x000019a8       0x10 .\CortexM3\ARM_GCC_493\Debug\Pressure_Harbor_test.a(ADC_theACLK.o)
                0x000019a8                ADC_theACLK_GetSourceRegister
 .text.ADC_theACLK_SetDividerRegister
                0x000019b8       0xd8 .\CortexM3\ARM_GCC_493\Debug\Pressure_Harbor_test.a(ADC_theACLK.o)
                0x000019b8                ADC_theACLK_SetDividerRegister
 .text.UART_IntClock_Start
                0x00001a90       0x1c .\CortexM3\ARM_GCC_493\Debug\Pressure_Harbor_test.a(UART_IntClock.o)
                0x00001a90                UART_IntClock_Start
 .text.CyHalt   0x00001aac        0x4 .\CortexM3\ARM_GCC_493\Debug\Pressure_Harbor_test.a(CyLib.o)
                0x00001aac                CyHalt
 .text.CyDelay  0x00001ab0       0x2c .\CortexM3\ARM_GCC_493\Debug\Pressure_Harbor_test.a(CyLib.o)
                0x00001ab0                CyDelay
 .text.CyDelayUs
                0x00001adc       0x14 .\CortexM3\ARM_GCC_493\Debug\Pressure_Harbor_test.a(CyLib.o)
                0x00001adc                CyDelayUs
 .text.CyIntSetVector
                0x00001af0       0x28 .\CortexM3\ARM_GCC_493\Debug\Pressure_Harbor_test.a(CyLib.o)
                0x00001af0                CyIntSetVector
 .text.CyIntSetPriority
                0x00001b18       0x30 .\CortexM3\ARM_GCC_493\Debug\Pressure_Harbor_test.a(CyLib.o)
                0x00001b18                CyIntSetPriority
 .text          0x00001b48       0x20 .\CortexM3\ARM_GCC_493\Debug\Pressure_Harbor_test.a(CyBootAsmGnu.o)
                0x00001b48                CyDelayCycles
                0x00001b58                CyEnterCriticalSection
                0x00001b60                CyExitCriticalSection
 .text.FS__SD_Format
                0x00001b68      0x26c ..\emFile_V322c\LinkLibrary\PSoC5\GCC\libemf32nosnlfn.a(FAT_FormatSD.o)
                0x00001b68                FS__SD_Format
 .text.FS_FormatSD
                0x00001dd4       0x10 ..\emFile_V322c\LinkLibrary\PSoC5\GCC\libemf32nosnlfn.a(FAT_FormatSD.o)
                0x00001dd4                FS_FormatSD
 .text._ClusterId2FATOff
                0x00001de4       0x18 ..\emFile_V322c\LinkLibrary\PSoC5\GCC\libemf32nosnlfn.a(FAT_Misc.o)
 .text._CalcLogClusterPos
                0x00001dfc        0xe ..\emFile_V322c\LinkLibrary\PSoC5\GCC\libemf32nosnlfn.a(FAT_Misc.o)
 .text._ReadFromFreeClusterCache
                0x00001e0a       0x46 ..\emFile_V322c\LinkLibrary\PSoC5\GCC\libemf32nosnlfn.a(FAT_Misc.o)
 .text.FS_FAT_GetFATType
                0x00001e50       0x1a ..\emFile_V322c\LinkLibrary\PSoC5\GCC\libemf32nosnlfn.a(FAT_Misc.o)
                0x00001e50                FS_FAT_GetFATType
 .text.FS_FAT_ClusterId2SectorNo
                0x00001e6a        0xc ..\emFile_V322c\LinkLibrary\PSoC5\GCC\libemf32nosnlfn.a(FAT_Misc.o)
                0x00001e6a                FS_FAT_ClusterId2SectorNo
 .text.FS_FAT_IsValidShortNameChar
                0x00001e76       0x34 ..\emFile_V322c\LinkLibrary\PSoC5\GCC\libemf32nosnlfn.a(FAT_Misc.o)
                0x00001e76                FS_FAT_IsValidShortNameChar
 .text.FS_FAT_CopyShortName
                0x00001eaa       0x56 ..\emFile_V322c\LinkLibrary\PSoC5\GCC\libemf32nosnlfn.a(FAT_Misc.o)
                0x00001eaa                FS_FAT_CopyShortName
 .text._SFN_CreateDirEntry
                0x00001f00       0x5a ..\emFile_V322c\LinkLibrary\PSoC5\GCC\libemf32nosnlfn.a(FAT_Misc.o)
 .text._SFN_FindDirEntry
                0x00001f5a       0x10 ..\emFile_V322c\LinkLibrary\PSoC5\GCC\libemf32nosnlfn.a(FAT_Misc.o)
 *fill*         0x00001f6a        0x2 
 .text.FS_FAT_FindDirEntry
                0x00001f6c       0x60 ..\emFile_V322c\LinkLibrary\PSoC5\GCC\libemf32nosnlfn.a(FAT_Misc.o)
                0x00001f6c                FS_FAT_FindDirEntry
 .text.FS_FAT_CopyDirEntryInfo
                0x00001fcc       0x50 ..\emFile_V322c\LinkLibrary\PSoC5\GCC\libemf32nosnlfn.a(FAT_Misc.o)
                0x00001fcc                FS_FAT_CopyDirEntryInfo
 .text._SFN_ReadDirEntryInfo
                0x0000201c       0x6e ..\emFile_V322c\LinkLibrary\PSoC5\GCC\libemf32nosnlfn.a(FAT_Misc.o)
 .text._SetFATSector
                0x0000208a        0x6 ..\emFile_V322c\LinkLibrary\PSoC5\GCC\libemf32nosnlfn.a(FAT_Misc.o)
 .text.FS_FAT_ReadFATEntry
                0x00002090       0xb2 ..\emFile_V322c\LinkLibrary\PSoC5\GCC\libemf32nosnlfn.a(FAT_Misc.o)
                0x00002090                FS_FAT_ReadFATEntry
 *fill*         0x00002142        0x2 
 .text.FS_FAT_GetNumAdjClustersInChain
                0x00002144       0x64 ..\emFile_V322c\LinkLibrary\PSoC5\GCC\libemf32nosnlfn.a(FAT_Misc.o)
                0x00002144                FS_FAT_GetNumAdjClustersInChain
 .text.FS_FAT_WalkClusterEx
                0x000021a8       0x5c ..\emFile_V322c\LinkLibrary\PSoC5\GCC\libemf32nosnlfn.a(FAT_Misc.o)
                0x000021a8                FS_FAT_WalkClusterEx
 .text.FS_FAT_GotoCluster
                0x00002204       0x88 ..\emFile_V322c\LinkLibrary\PSoC5\GCC\libemf32nosnlfn.a(FAT_Misc.o)
                0x00002204                FS_FAT_GotoCluster
 .text.FS_FAT_WalkCluster
                0x0000228c       0x18 ..\emFile_V322c\LinkLibrary\PSoC5\GCC\libemf32nosnlfn.a(FAT_Misc.o)
                0x0000228c                FS_FAT_WalkCluster
 .text.FS_FAT_FindLastCluster
                0x000022a4       0x34 ..\emFile_V322c\LinkLibrary\PSoC5\GCC\libemf32nosnlfn.a(FAT_Misc.o)
                0x000022a4                FS_FAT_FindLastCluster
 .text._WriteFATEntry
                0x000022d8      0x18e ..\emFile_V322c\LinkLibrary\PSoC5\GCC\libemf32nosnlfn.a(FAT_Misc.o)
 .text.FS_FAT_MarkClusterEOC
                0x00002466        0x8 ..\emFile_V322c\LinkLibrary\PSoC5\GCC\libemf32nosnlfn.a(FAT_Misc.o)
                0x00002466                FS_FAT_MarkClusterEOC
 .text.FS_FAT_SyncFAT
                0x0000246e       0x3c ..\emFile_V322c\LinkLibrary\PSoC5\GCC\libemf32nosnlfn.a(FAT_Misc.o)
                0x0000246e                FS_FAT_SyncFAT
 .text.FS_FAT_LinkCluster
                0x000024aa       0x1c ..\emFile_V322c\LinkLibrary\PSoC5\GCC\libemf32nosnlfn.a(FAT_Misc.o)
                0x000024aa                FS_FAT_LinkCluster
 *fill*         0x000024c6        0x2 
 .text._CalcFreeClusterCnt
                0x000024c8       0x88 ..\emFile_V322c\LinkLibrary\PSoC5\GCC\libemf32nosnlfn.a(FAT_Misc.o)
 .text.FS_FAT_FindFreeCluster
                0x00002550       0xa8 ..\emFile_V322c\LinkLibrary\PSoC5\GCC\libemf32nosnlfn.a(FAT_Misc.o)
                0x00002550                FS_FAT_FindFreeCluster
 .text.FS_FAT_AllocCluster
                0x000025f8       0x20 ..\emFile_V322c\LinkLibrary\PSoC5\GCC\libemf32nosnlfn.a(FAT_Misc.o)
                0x000025f8                FS_FAT_AllocCluster
 .text._WriteEmptyFATSectors
                0x00002618       0x3c ..\emFile_V322c\LinkLibrary\PSoC5\GCC\libemf32nosnlfn.a(FAT_Misc.o)
 .text.FS_FAT_FreeClusterChain
                0x00002654       0xe0 ..\emFile_V322c\LinkLibrary\PSoC5\GCC\libemf32nosnlfn.a(FAT_Misc.o)
                0x00002654                FS_FAT_FreeClusterChain
 .text.FS_FAT_CheckBPB
                0x00002734      0x1cc ..\emFile_V322c\LinkLibrary\PSoC5\GCC\libemf32nosnlfn.a(FAT_Misc.o)
                0x00002734                FS_FAT_CheckBPB
 .text.FS_FAT_InitDirEntryScan
                0x00002900       0x14 ..\emFile_V322c\LinkLibrary\PSoC5\GCC\libemf32nosnlfn.a(FAT_Open.o)
                0x00002900                FS_FAT_InitDirEntryScan
 .text.FS_FAT_IncDirPos
                0x00002914        0x8 ..\emFile_V322c\LinkLibrary\PSoC5\GCC\libemf32nosnlfn.a(FAT_Open.o)
                0x00002914                FS_FAT_IncDirPos
 .text._CopyDirText
                0x0000291c       0x44 ..\emFile_V322c\LinkLibrary\PSoC5\GCC\libemf32nosnlfn.a(FAT_Open.o)
 .text.FS_FAT_Make83Name
                0x00002960       0xb0 ..\emFile_V322c\LinkLibrary\PSoC5\GCC\libemf32nosnlfn.a(FAT_Open.o)
                0x00002960                FS_FAT_Make83Name
 .text.FS_FAT_GetDirEntry
                0x00002a10       0xb2 ..\emFile_V322c\LinkLibrary\PSoC5\GCC\libemf32nosnlfn.a(FAT_Open.o)
                0x00002a10                FS_FAT_GetDirEntry
 .text.FS_FAT_FindDirEntryShortEx
                0x00002ac2       0x5a ..\emFile_V322c\LinkLibrary\PSoC5\GCC\libemf32nosnlfn.a(FAT_Open.o)
                0x00002ac2                FS_FAT_FindDirEntryShortEx
 .text.FS_FAT_FindDirEntryShort
                0x00002b1c       0x36 ..\emFile_V322c\LinkLibrary\PSoC5\GCC\libemf32nosnlfn.a(FAT_Open.o)
                0x00002b1c                FS_FAT_FindDirEntryShort
 .text.FS_FAT_FindEmptyDirEntry
                0x00002b52       0xb0 ..\emFile_V322c\LinkLibrary\PSoC5\GCC\libemf32nosnlfn.a(FAT_Open.o)
                0x00002b52                FS_FAT_FindEmptyDirEntry
 .text.FS_FAT_GetFirstCluster
                0x00002c02       0x1a ..\emFile_V322c\LinkLibrary\PSoC5\GCC\libemf32nosnlfn.a(FAT_Open.o)
                0x00002c02                FS_FAT_GetFirstCluster
 .text.FS_FAT_FindPath
                0x00002c1c       0x7a ..\emFile_V322c\LinkLibrary\PSoC5\GCC\libemf32nosnlfn.a(FAT_Open.o)
                0x00002c1c                FS_FAT_FindPath
 .text.FS_FAT_DeleteFileOrDir
                0x00002c96       0x48 ..\emFile_V322c\LinkLibrary\PSoC5\GCC\libemf32nosnlfn.a(FAT_Open.o)
                0x00002c96                FS_FAT_DeleteFileOrDir
 *fill*         0x00002cde        0x2 
 .text.FS_FAT_Open
                0x00002ce0      0x1dc ..\emFile_V322c\LinkLibrary\PSoC5\GCC\libemf32nosnlfn.a(FAT_Open.o)
                0x00002ce0                FS_FAT_Open
 .text.FS_FAT_WriteDirEntryCluster
                0x00002ebc       0x1c ..\emFile_V322c\LinkLibrary\PSoC5\GCC\libemf32nosnlfn.a(FAT_Open.o)
                0x00002ebc                FS_FAT_WriteDirEntryCluster
 .text.FS_FAT_WriteDirEntry83
                0x00002ed8       0x6c ..\emFile_V322c\LinkLibrary\PSoC5\GCC\libemf32nosnlfn.a(FAT_Open.o)
                0x00002ed8                FS_FAT_WriteDirEntry83
 .text._WriteBurst
                0x00002f44       0x24 ..\emFile_V322c\LinkLibrary\PSoC5\GCC\libemf32nosnlfn.a(FAT_Write.o)
 .text.FS_FAT_GotoClusterAllocIfReq
                0x00002f68       0xa8 ..\emFile_V322c\LinkLibrary\PSoC5\GCC\libemf32nosnlfn.a(FAT_Write.o)
                0x00002f68                FS_FAT_GotoClusterAllocIfReq
 .text.FS_FAT_UpdateDirEntry
                0x00003010       0x68 ..\emFile_V322c\LinkLibrary\PSoC5\GCC\libemf32nosnlfn.a(FAT_Write.o)
                0x00003010                FS_FAT_UpdateDirEntry
 .text.FS_FAT_Write
                0x00003078      0x1c8 ..\emFile_V322c\LinkLibrary\PSoC5\GCC\libemf32nosnlfn.a(FAT_Write.o)
                0x00003078                FS_FAT_Write
 .text.FS__CLIB_memcmp
                0x00003240       0x20 ..\emFile_V322c\LinkLibrary\PSoC5\GCC\libemf32nosnlfn.a(FS_CLib.o)
                0x00003240                FS__CLIB_memcmp
 .text.FS__CLIB_memset
                0x00003260       0x6c ..\emFile_V322c\LinkLibrary\PSoC5\GCC\libemf32nosnlfn.a(FS_CLib.o)
                0x00003260                FS__CLIB_memset
 .text.FS__CLIB_strcmp
                0x000032cc       0x1a ..\emFile_V322c\LinkLibrary\PSoC5\GCC\libemf32nosnlfn.a(FS_CLib.o)
                0x000032cc                FS__CLIB_strcmp
 .text.FS__CLIB_strlen
                0x000032e6       0x10 ..\emFile_V322c\LinkLibrary\PSoC5\GCC\libemf32nosnlfn.a(FS_CLib.o)
                0x000032e6                FS__CLIB_strlen
 .text.FS__CLIB_strncmp
                0x000032f6       0x26 ..\emFile_V322c\LinkLibrary\PSoC5\GCC\libemf32nosnlfn.a(FS_CLib.o)
                0x000032f6                FS__CLIB_strncmp
 .text.FS__CLIB_strncpy
                0x0000331c       0x2e ..\emFile_V322c\LinkLibrary\PSoC5\GCC\libemf32nosnlfn.a(FS_CLib.o)
                0x0000331c                FS__CLIB_strncpy
 .text.FS__CLIB_toupper
                0x0000334a        0xe ..\emFile_V322c\LinkLibrary\PSoC5\GCC\libemf32nosnlfn.a(FS_CLib.o)
                0x0000334a                FS__CLIB_toupper
 .text.FS__DivideU32Up
                0x00003358        0xa ..\emFile_V322c\LinkLibrary\PSoC5\GCC\libemf32nosnlfn.a(FS_Core.o)
                0x00003358                FS__DivideU32Up
 .text.FS__strchr
                0x00003362       0x14 ..\emFile_V322c\LinkLibrary\PSoC5\GCC\libemf32nosnlfn.a(FS_Core.o)
                0x00003362                FS__strchr
 .text.FS_LoadU32BE
                0x00003376       0x18 ..\emFile_V322c\LinkLibrary\PSoC5\GCC\libemf32nosnlfn.a(FS_Core.o)
                0x00003376                FS_LoadU32BE
 .text.FS_LoadU32LE
                0x0000338e       0x16 ..\emFile_V322c\LinkLibrary\PSoC5\GCC\libemf32nosnlfn.a(FS_Core.o)
                0x0000338e                FS_LoadU32LE
 .text.FS_StoreU32LE
                0x000033a4       0x14 ..\emFile_V322c\LinkLibrary\PSoC5\GCC\libemf32nosnlfn.a(FS_Core.o)
                0x000033a4                FS_StoreU32LE
 .text.FS_StoreU16LE
                0x000033b8        0x8 ..\emFile_V322c\LinkLibrary\PSoC5\GCC\libemf32nosnlfn.a(FS_Core.o)
                0x000033b8                FS_StoreU16LE
 .text.FS_LoadU16LE
                0x000033c0        0xa ..\emFile_V322c\LinkLibrary\PSoC5\GCC\libemf32nosnlfn.a(FS_Core.o)
                0x000033c0                FS_LoadU16LE
 *fill*         0x000033ca        0x2 
 .text._Alloc   0x000033cc       0x30 ..\emFile_V322c\LinkLibrary\PSoC5\GCC\libemf32nosnlfn.a(FS_Core.o)
 .text.FS_Alloc
                0x000033fc        0xc ..\emFile_V322c\LinkLibrary\PSoC5\GCC\libemf32nosnlfn.a(FS_Core.o)
                0x000033fc                FS_Alloc
 .text.FS_TryAlloc
                0x00003408        0x4 ..\emFile_V322c\LinkLibrary\PSoC5\GCC\libemf32nosnlfn.a(FS_Core.o)
                0x00003408                FS_TryAlloc
 .text.FS_Free  0x0000340c       0x1c ..\emFile_V322c\LinkLibrary\PSoC5\GCC\libemf32nosnlfn.a(FS_Core.o)
                0x0000340c                FS_Free
 .text.FS_AssignMemory
                0x00003428        0xc ..\emFile_V322c\LinkLibrary\PSoC5\GCC\libemf32nosnlfn.a(FS_Core.o)
                0x00003428                FS_AssignMemory
 .text.FS_AllocZeroed
                0x00003434       0x16 ..\emFile_V322c\LinkLibrary\PSoC5\GCC\libemf32nosnlfn.a(FS_Core.o)
                0x00003434                FS_AllocZeroed
 *fill*         0x0000344a        0x2 
 .text.FS_STORAGE_Init
                0x0000344c       0x28 ..\emFile_V322c\LinkLibrary\PSoC5\GCC\libemf32nosnlfn.a(FS_Core.o)
                0x0000344c                FS_STORAGE_Init
 .text._ClrBusyLED
                0x00003474        0xc ..\emFile_V322c\LinkLibrary\PSoC5\GCC\libemf32nosnlfn.a(FS_LogBlock.o)
 .text._SetBusyLED
                0x00003480        0xc ..\emFile_V322c\LinkLibrary\PSoC5\GCC\libemf32nosnlfn.a(FS_LogBlock.o)
 .text._Read    0x0000348c        0xc ..\emFile_V322c\LinkLibrary\PSoC5\GCC\libemf32nosnlfn.a(FS_LogBlock.o)
 .text._Write   0x00003498       0x12 ..\emFile_V322c\LinkLibrary\PSoC5\GCC\libemf32nosnlfn.a(FS_LogBlock.o)
 .text.FS_LB_GetStatus
                0x000034aa        0xc ..\emFile_V322c\LinkLibrary\PSoC5\GCC\libemf32nosnlfn.a(FS_LogBlock.o)
                0x000034aa                FS_LB_GetStatus
 .text.FS_LB_InitMedium
                0x000034b6       0x1a ..\emFile_V322c\LinkLibrary\PSoC5\GCC\libemf32nosnlfn.a(FS_LogBlock.o)
                0x000034b6                FS_LB_InitMedium
 .text.FS_LB_InitMediumIfRequired
                0x000034d0       0x10 ..\emFile_V322c\LinkLibrary\PSoC5\GCC\libemf32nosnlfn.a(FS_LogBlock.o)
                0x000034d0                FS_LB_InitMediumIfRequired
 .text.FS_LB_ReadDevice
                0x000034e0       0x2e ..\emFile_V322c\LinkLibrary\PSoC5\GCC\libemf32nosnlfn.a(FS_LogBlock.o)
                0x000034e0                FS_LB_ReadDevice
 .text.FS_LB_ReadPart
                0x0000350e        0xe ..\emFile_V322c\LinkLibrary\PSoC5\GCC\libemf32nosnlfn.a(FS_LogBlock.o)
                0x0000350e                FS_LB_ReadPart
 .text.FS_LB_WriteBurst
                0x0000351c       0x30 ..\emFile_V322c\LinkLibrary\PSoC5\GCC\libemf32nosnlfn.a(FS_LogBlock.o)
                0x0000351c                FS_LB_WriteBurst
 .text.FS_LB_WriteBurstPart
                0x0000354c       0x14 ..\emFile_V322c\LinkLibrary\PSoC5\GCC\libemf32nosnlfn.a(FS_LogBlock.o)
                0x0000354c                FS_LB_WriteBurstPart
 .text.FS_LB_WriteMultiple
                0x00003560       0x30 ..\emFile_V322c\LinkLibrary\PSoC5\GCC\libemf32nosnlfn.a(FS_LogBlock.o)
                0x00003560                FS_LB_WriteMultiple
 .text.FS_LB_WriteMultiplePart
                0x00003590       0x14 ..\emFile_V322c\LinkLibrary\PSoC5\GCC\libemf32nosnlfn.a(FS_LogBlock.o)
                0x00003590                FS_LB_WriteMultiplePart
 .text.FS_LB_WriteDevice
                0x000035a4       0x36 ..\emFile_V322c\LinkLibrary\PSoC5\GCC\libemf32nosnlfn.a(FS_LogBlock.o)
                0x000035a4                FS_LB_WriteDevice
 .text.FS_LB_WritePart
                0x000035da        0xe ..\emFile_V322c\LinkLibrary\PSoC5\GCC\libemf32nosnlfn.a(FS_LogBlock.o)
                0x000035da                FS_LB_WritePart
 .text.FS_GetSectorSize
                0x000035e8       0x28 ..\emFile_V322c\LinkLibrary\PSoC5\GCC\libemf32nosnlfn.a(FS_LogBlock.o)
                0x000035e8                FS_GetSectorSize
 .text.FS_LB_GetDeviceInfo
                0x00003610       0x26 ..\emFile_V322c\LinkLibrary\PSoC5\GCC\libemf32nosnlfn.a(FS_LogBlock.o)
                0x00003610                FS_LB_GetDeviceInfo
 .text.FS_memcpy
                0x00003636      0x120 ..\emFile_V322c\LinkLibrary\PSoC5\GCC\libemf32nosnlfn.a(FS_memcpy.o)
                0x00003636                FS_memcpy
 *fill*         0x00003756        0x2 
 .text.FS__AllocSectorBuffer
                0x00003758       0x2c ..\emFile_V322c\LinkLibrary\PSoC5\GCC\libemf32nosnlfn.a(FS_Misc.o)
                0x00003758                FS__AllocSectorBuffer
 .text.FS__FreeSectorBuffer
                0x00003784       0x28 ..\emFile_V322c\LinkLibrary\PSoC5\GCC\libemf32nosnlfn.a(FS_Misc.o)
                0x00003784                FS__FreeSectorBuffer
 .text.FS__SB_MarkDirty
                0x000037ac        0x6 ..\emFile_V322c\LinkLibrary\PSoC5\GCC\libemf32nosnlfn.a(FS_Misc.o)
                0x000037ac                FS__SB_MarkDirty
 .text.FS__SB_MarkNotDirty
                0x000037b2        0x6 ..\emFile_V322c\LinkLibrary\PSoC5\GCC\libemf32nosnlfn.a(FS_Misc.o)
                0x000037b2                FS__SB_MarkNotDirty
 .text.FS__FreeFileHandle
                0x000037b8        0xa ..\emFile_V322c\LinkLibrary\PSoC5\GCC\libemf32nosnlfn.a(FS_Misc.o)
                0x000037b8                FS__FreeFileHandle
 .text.FS__FreeFileObj
                0x000037c2        0xc ..\emFile_V322c\LinkLibrary\PSoC5\GCC\libemf32nosnlfn.a(FS_Misc.o)
                0x000037c2                FS__FreeFileObj
 *fill*         0x000037ce        0x2 
 .text.FS_Init  0x000037d0       0x58 ..\emFile_V322c\LinkLibrary\PSoC5\GCC\libemf32nosnlfn.a(FS_Misc.o)
                0x000037d0                FS_Init
 .text.FS__SB_Create
                0x00003828       0x28 ..\emFile_V322c\LinkLibrary\PSoC5\GCC\libemf32nosnlfn.a(FS_Misc.o)
                0x00003828                FS__SB_Create
 .text.FS__AllocFileObj
                0x00003850       0x48 ..\emFile_V322c\LinkLibrary\PSoC5\GCC\libemf32nosnlfn.a(FS_Misc.o)
                0x00003850                FS__AllocFileObj
 .text.FS__AllocFileHandle
                0x00003898       0x40 ..\emFile_V322c\LinkLibrary\PSoC5\GCC\libemf32nosnlfn.a(FS_Misc.o)
                0x00003898                FS__AllocFileHandle
 .text.FS__OpenEx
                0x000038d8       0x58 ..\emFile_V322c\LinkLibrary\PSoC5\GCC\libemf32nosnlfn.a(FS_Misc.o)
                0x000038d8                FS__OpenEx
 .text.FS__FOpenEx
                0x00003930       0x56 ..\emFile_V322c\LinkLibrary\PSoC5\GCC\libemf32nosnlfn.a(FS_Misc.o)
                0x00003930                FS__FOpenEx
 *fill*         0x00003986        0x2 
 .text.FS__FOpen
                0x00003988       0x48 ..\emFile_V322c\LinkLibrary\PSoC5\GCC\libemf32nosnlfn.a(FS_Misc.o)
                0x00003988                FS__FOpen
 .text.FS_FOpen
                0x000039d0        0x4 ..\emFile_V322c\LinkLibrary\PSoC5\GCC\libemf32nosnlfn.a(FS_Misc.o)
                0x000039d0                FS_FOpen
 .text.FS__SB_Write
                0x000039d4       0x24 ..\emFile_V322c\LinkLibrary\PSoC5\GCC\libemf32nosnlfn.a(FS_Misc.o)
                0x000039d4                FS__SB_Write
 .text._SB_Clean
                0x000039f8       0x24 ..\emFile_V322c\LinkLibrary\PSoC5\GCC\libemf32nosnlfn.a(FS_Misc.o)
 .text.FS__SB_SetSector
                0x00003a1c       0x20 ..\emFile_V322c\LinkLibrary\PSoC5\GCC\libemf32nosnlfn.a(FS_Misc.o)
                0x00003a1c                FS__SB_SetSector
 .text.FS__SB_Clean
                0x00003a3c        0x4 ..\emFile_V322c\LinkLibrary\PSoC5\GCC\libemf32nosnlfn.a(FS_Misc.o)
                0x00003a3c                FS__SB_Clean
 .text.FS__SB_Delete
                0x00003a40       0x12 ..\emFile_V322c\LinkLibrary\PSoC5\GCC\libemf32nosnlfn.a(FS_Misc.o)
                0x00003a40                FS__SB_Delete
 .text.FS__SB_Flush
                0x00003a52        0x8 ..\emFile_V322c\LinkLibrary\PSoC5\GCC\libemf32nosnlfn.a(FS_Misc.o)
                0x00003a52                FS__SB_Flush
 .text.FS__SB_Read
                0x00003a5a       0x2a ..\emFile_V322c\LinkLibrary\PSoC5\GCC\libemf32nosnlfn.a(FS_Misc.o)
                0x00003a5a                FS__SB_Read
 .text.FS__AddPhysDevice
                0x00003a84       0x10 ..\emFile_V322c\LinkLibrary\PSoC5\GCC\libemf32nosnlfn.a(FS_Storage.o)
                0x00003a84                FS__AddPhysDevice
 .text.FS_GetVolumeName
                0x00003a94       0x60 ..\emFile_V322c\LinkLibrary\PSoC5\GCC\libemf32nosnlfn.a(FS_Storage.o)
                0x00003a94                FS_GetVolumeName
 .text.FS__FindVolume
                0x00003af4       0x78 ..\emFile_V322c\LinkLibrary\PSoC5\GCC\libemf32nosnlfn.a(FS_Storage.o)
                0x00003af4                FS__FindVolume
 .text.FS__AddDevice
                0x00003b6c       0x68 ..\emFile_V322c\LinkLibrary\PSoC5\GCC\libemf32nosnlfn.a(FS_Storage.o)
                0x00003b6c                FS__AddDevice
 .text.FS_AddDevice
                0x00003bd4        0x4 ..\emFile_V322c\LinkLibrary\PSoC5\GCC\libemf32nosnlfn.a(FS_Storage.o)
                0x00003bd4                FS_AddDevice
 .text._Mount   0x00003bd8       0x2e ..\emFile_V322c\LinkLibrary\PSoC5\GCC\libemf32nosnlfn.a(FS_Volume.o)
 .text.FS__AutoMount
                0x00003c06       0x14 ..\emFile_V322c\LinkLibrary\PSoC5\GCC\libemf32nosnlfn.a(FS_Volume.o)
                0x00003c06                FS__AutoMount
 .text.FS__MountNL
                0x00003c1a       0x20 ..\emFile_V322c\LinkLibrary\PSoC5\GCC\libemf32nosnlfn.a(FS_Volume.o)
                0x00003c1a                FS__MountNL
 .text.FS__Mount
                0x00003c3a        0x4 ..\emFile_V322c\LinkLibrary\PSoC5\GCC\libemf32nosnlfn.a(FS_Volume.o)
                0x00003c3a                FS__Mount
 .text.FS_Mount
                0x00003c3e       0x18 ..\emFile_V322c\LinkLibrary\PSoC5\GCC\libemf32nosnlfn.a(FS_Volume.o)
                0x00003c3e                FS_Mount
 .text.FS__Write
                0x00003c56       0x3a ..\emFile_V322c\LinkLibrary\PSoC5\GCC\libemf32nosnlfn.a(FS_Write.o)
                0x00003c56                FS__Write
 .text.FS_Write
                0x00003c90        0x4 ..\emFile_V322c\LinkLibrary\PSoC5\GCC\libemf32nosnlfn.a(FS_Write.o)
                0x00003c90                FS_Write
 .text.T.32     0x00003c94      0x400 ..\emFile_V322c\LinkLibrary\PSoC5\GCC\libemf32nosnlfn.a(FAT_Format.o)
 .text._AutoFormat
                0x00004094       0x7c ..\emFile_V322c\LinkLibrary\PSoC5\GCC\libemf32nosnlfn.a(FAT_Format.o)
 .text.FS_FAT_FormatEx
                0x00004110       0x74 ..\emFile_V322c\LinkLibrary\PSoC5\GCC\libemf32nosnlfn.a(FAT_Format.o)
                0x00004110                FS_FAT_FormatEx
 .text._IsBPB   0x00004184       0x1e ..\emFile_V322c\LinkLibrary\PSoC5\GCC\libemf32nosnlfn.a(FS_Partition.o)
 .text._HasSignature
                0x000041a2       0x18 ..\emFile_V322c\LinkLibrary\PSoC5\GCC\libemf32nosnlfn.a(FS_Partition.o)
 .text._GetPartitionStartSector
                0x000041ba        0xc ..\emFile_V322c\LinkLibrary\PSoC5\GCC\libemf32nosnlfn.a(FS_Partition.o)
 .text.FS__GetMediaStartSecEx
                0x000041c6       0x6e ..\emFile_V322c\LinkLibrary\PSoC5\GCC\libemf32nosnlfn.a(FS_Partition.o)
                0x000041c6                FS__GetMediaStartSecEx
 .text.FS__LocatePartition
                0x00004234       0x44 ..\emFile_V322c\LinkLibrary\PSoC5\GCC\libemf32nosnlfn.a(FS_Partition.o)
                0x00004234                FS__LocatePartition
 .text.FS_X_AddDevices
                0x00004278       0x1c .\CortexM3\ARM_GCC_493\Debug\Pressure_Harbor_test.a(emFile_ConfigMMC_SPI.o)
                0x00004278                FS_X_AddDevices
 .text.FS_X_GetTimeDate
                0x00004294        0x8 .\CortexM3\ARM_GCC_493\Debug\Pressure_Harbor_test.a(emFile_ConfigMMC_SPI.o)
                0x00004294                FS_X_GetTimeDate
 .text._CalcDataCRC16Dummy
                0x0000429c        0x6 ..\emFile_V322c\LinkLibrary\PSoC5\GCC\libemf32nosnlfn.a(MMC_Drv.o)
 *fill*         0x000042a2        0x2 
 .text._MMC_GetNumUnits
                0x000042a4        0xc ..\emFile_V322c\LinkLibrary\PSoC5\GCC\libemf32nosnlfn.a(MMC_Drv.o)
 .text._MMC_GetDriverName
                0x000042b0        0x8 ..\emFile_V322c\LinkLibrary\PSoC5\GCC\libemf32nosnlfn.a(MMC_Drv.o)
 .text._MMC_GetStatus
                0x000042b8        0x4 ..\emFile_V322c\LinkLibrary\PSoC5\GCC\libemf32nosnlfn.a(MMC_Drv.o)
 .text._CheckR1
                0x000042bc       0x38 ..\emFile_V322c\LinkLibrary\PSoC5\GCC\libemf32nosnlfn.a(MMC_Drv.o)
 .text._WaitToGetReady
                0x000042f4       0x26 ..\emFile_V322c\LinkLibrary\PSoC5\GCC\libemf32nosnlfn.a(MMC_Drv.o)
 .text._SendEmptyCycles
                0x0000431a       0x24 ..\emFile_V322c\LinkLibrary\PSoC5\GCC\libemf32nosnlfn.a(MMC_Drv.o)
 *fill*         0x0000433e        0x2 
 .text._MMC_AddDevice
                0x00004340       0x2c ..\emFile_V322c\LinkLibrary\PSoC5\GCC\libemf32nosnlfn.a(MMC_Drv.o)
 .text.T.53     0x0000436c       0x14 ..\emFile_V322c\LinkLibrary\PSoC5\GCC\libemf32nosnlfn.a(MMC_Drv.o)
 .text._GetFromCSD
                0x00004380       0x34 ..\emFile_V322c\LinkLibrary\PSoC5\GCC\libemf32nosnlfn.a(MMC_Drv.o)
 .text._ExecCmdR1
                0x000043b4       0x98 ..\emFile_V322c\LinkLibrary\PSoC5\GCC\libemf32nosnlfn.a(MMC_Drv.o)
 .text._ReadCSD
                0x0000444c       0x86 ..\emFile_V322c\LinkLibrary\PSoC5\GCC\libemf32nosnlfn.a(MMC_Drv.o)
 *fill*         0x000044d2        0x2 
 .text._MMC_Read
                0x000044d4      0x130 ..\emFile_V322c\LinkLibrary\PSoC5\GCC\libemf32nosnlfn.a(MMC_Drv.o)
 .text._MMC_Write
                0x00004604      0x13c ..\emFile_V322c\LinkLibrary\PSoC5\GCC\libemf32nosnlfn.a(MMC_Drv.o)
 .text._ApplyCSD
                0x00004740      0x228 ..\emFile_V322c\LinkLibrary\PSoC5\GCC\libemf32nosnlfn.a(MMC_Drv.o)
 .text._MMC_Init
                0x00004968      0x1c0 ..\emFile_V322c\LinkLibrary\PSoC5\GCC\libemf32nosnlfn.a(MMC_Drv.o)
 .text._MMC_InitMedium
                0x00004b28       0x28 ..\emFile_V322c\LinkLibrary\PSoC5\GCC\libemf32nosnlfn.a(MMC_Drv.o)
 .text._MMC_IoCtl
                0x00004b50       0x60 ..\emFile_V322c\LinkLibrary\PSoC5\GCC\libemf32nosnlfn.a(MMC_Drv.o)
 .text.emFile_Init
                0x00004bb0       0x4c .\CortexM3\ARM_GCC_493\Debug\Pressure_Harbor_test.a(emFile_MMC_HW_SPI.o)
 .text.emFile_ReadWriteSPI
                0x00004bfc       0x30 .\CortexM3\ARM_GCC_493\Debug\Pressure_Harbor_test.a(emFile_MMC_HW_SPI.o)
 .text.FS_MMC_HW_X_EnableCS
                0x00004c2c       0x14 .\CortexM3\ARM_GCC_493\Debug\Pressure_Harbor_test.a(emFile_MMC_HW_SPI.o)
                0x00004c2c                FS_MMC_HW_X_EnableCS
 .text.FS_MMC_HW_X_DisableCS
                0x00004c40       0x14 .\CortexM3\ARM_GCC_493\Debug\Pressure_Harbor_test.a(emFile_MMC_HW_SPI.o)
                0x00004c40                FS_MMC_HW_X_DisableCS
 .text.FS_MMC_HW_X_IsWriteProtected
                0x00004c54        0x4 .\CortexM3\ARM_GCC_493\Debug\Pressure_Harbor_test.a(emFile_MMC_HW_SPI.o)
                0x00004c54                FS_MMC_HW_X_IsWriteProtected
 .text.FS_MMC_HW_X_SetMaxSpeed
                0x00004c58       0x54 .\CortexM3\ARM_GCC_493\Debug\Pressure_Harbor_test.a(emFile_MMC_HW_SPI.o)
                0x00004c58                FS_MMC_HW_X_SetMaxSpeed
 .text.FS_MMC_HW_X_SetVoltage
                0x00004cac       0x3c .\CortexM3\ARM_GCC_493\Debug\Pressure_Harbor_test.a(emFile_MMC_HW_SPI.o)
                0x00004cac                FS_MMC_HW_X_SetVoltage
 .text.FS_MMC_HW_X_IsPresent
                0x00004ce8        0xc .\CortexM3\ARM_GCC_493\Debug\Pressure_Harbor_test.a(emFile_MMC_HW_SPI.o)
                0x00004ce8                FS_MMC_HW_X_IsPresent
 .text.FS_MMC_HW_X_Read
                0x00004cf4       0x1c .\CortexM3\ARM_GCC_493\Debug\Pressure_Harbor_test.a(emFile_MMC_HW_SPI.o)
                0x00004cf4                FS_MMC_HW_X_Read
 .text.FS_MMC_HW_X_Write
                0x00004d10       0x18 .\CortexM3\ARM_GCC_493\Debug\Pressure_Harbor_test.a(emFile_MMC_HW_SPI.o)
                0x00004d10                FS_MMC_HW_X_Write
 .text.emFile_SPI0_Enable
                0x00004d28       0x30 .\CortexM3\ARM_GCC_493\Debug\Pressure_Harbor_test.a(emFile_SPI0.o)
                0x00004d28                emFile_SPI0_Enable
 .text.emFile_SPI0_ReadTxStatus
                0x00004d58        0xc .\CortexM3\ARM_GCC_493\Debug\Pressure_Harbor_test.a(emFile_SPI0.o)
                0x00004d58                emFile_SPI0_ReadTxStatus
 .text.emFile_SPI0_ReadRxStatus
                0x00004d64        0xc .\CortexM3\ARM_GCC_493\Debug\Pressure_Harbor_test.a(emFile_SPI0.o)
                0x00004d64                emFile_SPI0_ReadRxStatus
 .text.emFile_SPI0_WriteTxData
                0x00004d70       0x18 .\CortexM3\ARM_GCC_493\Debug\Pressure_Harbor_test.a(emFile_SPI0.o)
                0x00004d70                emFile_SPI0_WriteTxData
 .text.emFile_SPI0_ReadRxData
                0x00004d88        0xc .\CortexM3\ARM_GCC_493\Debug\Pressure_Harbor_test.a(emFile_SPI0.o)
                0x00004d88                emFile_SPI0_ReadRxData
 .text.emFile_SPI0_ClearFIFO
                0x00004d94       0x3c .\CortexM3\ARM_GCC_493\Debug\Pressure_Harbor_test.a(emFile_SPI0.o)
                0x00004d94                emFile_SPI0_ClearFIFO
 .text.emFile_SPI0_Init
                0x00004dd0       0x28 .\CortexM3\ARM_GCC_493\Debug\Pressure_Harbor_test.a(emFile_SPI0.o)
                0x00004dd0                emFile_SPI0_Init
 .text.emFile_SPI0_Start
                0x00004df8       0x1c .\CortexM3\ARM_GCC_493\Debug\Pressure_Harbor_test.a(emFile_SPI0.o)
                0x00004df8                emFile_SPI0_Start
 .text.emFile_Clock_1_Start
                0x00004e14       0x1c .\CortexM3\ARM_GCC_493\Debug\Pressure_Harbor_test.a(emFile_Clock_1.o)
                0x00004e14                emFile_Clock_1_Start
 .text.emFile_Clock_1_Stop
                0x00004e30       0x1c .\CortexM3\ARM_GCC_493\Debug\Pressure_Harbor_test.a(emFile_Clock_1.o)
                0x00004e30                emFile_Clock_1_Stop
 .text.emFile_Clock_1_GetDividerRegister
                0x00004e4c        0xc .\CortexM3\ARM_GCC_493\Debug\Pressure_Harbor_test.a(emFile_Clock_1.o)
                0x00004e4c                emFile_Clock_1_GetDividerRegister
 .text.emFile_Clock_1_GetSourceRegister
                0x00004e58       0x10 .\CortexM3\ARM_GCC_493\Debug\Pressure_Harbor_test.a(emFile_Clock_1.o)
                0x00004e58                emFile_Clock_1_GetSourceRegister
 .text.emFile_Clock_1_SetDividerRegister
                0x00004e68       0xd8 .\CortexM3\ARM_GCC_493\Debug\Pressure_Harbor_test.a(emFile_Clock_1.o)
                0x00004e68                emFile_Clock_1_SetDividerRegister
 .text.emFile_SPI0_CS_Write
                0x00004f40       0x18 .\CortexM3\ARM_GCC_493\Debug\Pressure_Harbor_test.a(emFile_SPI0_CS.o)
                0x00004f40                emFile_SPI0_CS_Write
 .text          0x00004f58      0x370 c:/program files (x86)/cypress/psoc creator/4.0/psoc creator/import/gnu/arm/4.9.3/bin/../lib/gcc/arm-none-eabi/4.9.3/armv7-m\libgcc.a(_arm_addsubdf3.o)
                0x00004f58                __aeabi_drsub
                0x00004f60                __aeabi_dsub
                0x00004f60                __subdf3
                0x00004f64                __aeabi_dadd
                0x00004f64                __adddf3
                0x000051dc                __floatunsidf
                0x000051dc                __aeabi_ui2d
                0x000051fc                __floatsidf
                0x000051fc                __aeabi_i2d
                0x00005220                __aeabi_f2d
                0x00005220                __extendsfdf2
                0x0000525c                __floatundidf
                0x0000525c                __aeabi_ul2d
                0x0000526c                __floatdidf
                0x0000526c                __aeabi_l2d
 .text          0x000052c8      0x424 c:/program files (x86)/cypress/psoc creator/4.0/psoc creator/import/gnu/arm/4.9.3/bin/../lib/gcc/arm-none-eabi/4.9.3/armv7-m\libgcc.a(_arm_muldivdf3.o)
                0x000052c8                __aeabi_dmul
                0x000052c8                __muldf3
                0x0000551c                __divdf3
                0x0000551c                __aeabi_ddiv
 .text          0x000056ec       0xa0 c:/program files (x86)/cypress/psoc creator/4.0/psoc creator/import/gnu/arm/4.9.3/bin/../lib/gcc/arm-none-eabi/4.9.3/armv7-m\libgcc.a(_arm_truncdfsf2.o)
                0x000056ec                __truncdfsf2
                0x000056ec                __aeabi_d2f
 .text          0x0000578c      0x21c c:/program files (x86)/cypress/psoc creator/4.0/psoc creator/import/gnu/arm/4.9.3/bin/../lib/gcc/arm-none-eabi/4.9.3/armv7-m\libgcc.a(_arm_addsubsf3.o)
                0x0000578c                __aeabi_frsub
                0x00005794                __subsf3
                0x00005794                __aeabi_fsub
                0x00005798                __aeabi_fadd
                0x00005798                __addsf3
                0x000058f8                __aeabi_ui2f
                0x000058f8                __floatunsisf
                0x00005900                __aeabi_i2f
                0x00005900                __floatsisf
                0x0000591c                __aeabi_ul2f
                0x0000591c                __floatundisf
                0x0000592c                __aeabi_l2f
                0x0000592c                __floatdisf
 .text          0x000059a8      0x2a0 c:/program files (x86)/cypress/psoc creator/4.0/psoc creator/import/gnu/arm/4.9.3/bin/../lib/gcc/arm-none-eabi/4.9.3/armv7-m\libgcc.a(_arm_muldivsf3.o)
                0x000059a8                __mulsf3
                0x000059a8                __aeabi_fmul
                0x00005b10                __aeabi_fdiv
                0x00005b10                __divsf3
 .text          0x00005c48       0x4c c:/program files (x86)/cypress/psoc creator/4.0/psoc creator/import/gnu/arm/4.9.3/bin/../lib/gcc/arm-none-eabi/4.9.3/armv7-m\libgcc.a(_arm_fixsfsi.o)
                0x00005c48                __aeabi_f2iz
                0x00005c48                __fixsfsi
 .text.__errno  0x00005c94        0xc c:/program files (x86)/cypress/psoc creator/4.0/psoc creator/import/gnu/arm/4.9.3/bin/../lib/gcc/arm-none-eabi/4.9.3/../../../../arm-none-eabi/lib/armv7-m\libg_nano.a(lib_a-errno.o)
                0x00005c94                __errno
 .text.__libc_init_array
                0x00005ca0       0x4c c:/program files (x86)/cypress/psoc creator/4.0/psoc creator/import/gnu/arm/4.9.3/bin/../lib/gcc/arm-none-eabi/4.9.3/../../../../arm-none-eabi/lib/armv7-m\libg_nano.a(lib_a-init.o)
                0x00005ca0                __libc_init_array
 .text.memcpy   0x00005cec       0x16 c:/program files (x86)/cypress/psoc creator/4.0/psoc creator/import/gnu/arm/4.9.3/bin/../lib/gcc/arm-none-eabi/4.9.3/../../../../arm-none-eabi/lib/armv7-m\libg_nano.a(lib_a-memcpy.o)
                0x00005cec                memcpy
 .text.memset   0x00005d02       0x10 c:/program files (x86)/cypress/psoc creator/4.0/psoc creator/import/gnu/arm/4.9.3/bin/../lib/gcc/arm-none-eabi/4.9.3/../../../../arm-none-eabi/lib/armv7-m\libg_nano.a(lib_a-memset.o)
                0x00005d02                memset
 *fill*         0x00005d12        0x2 
 .text.sprintf  0x00005d14       0x48 c:/program files (x86)/cypress/psoc creator/4.0/psoc creator/import/gnu/arm/4.9.3/bin/../lib/gcc/arm-none-eabi/4.9.3/../../../../arm-none-eabi/lib/armv7-m\libg_nano.a(lib_a-sprintf.o)
                0x00005d14                siprintf
                0x00005d14                sprintf
 .text.strlen   0x00005d5c       0x10 c:/program files (x86)/cypress/psoc creator/4.0/psoc creator/import/gnu/arm/4.9.3/bin/../lib/gcc/arm-none-eabi/4.9.3/../../../../arm-none-eabi/lib/armv7-m\libg_nano.a(lib_a-strlen.o)
                0x00005d5c                strlen
 .text.strncmp  0x00005d6c       0x32 c:/program files (x86)/cypress/psoc creator/4.0/psoc creator/import/gnu/arm/4.9.3/bin/../lib/gcc/arm-none-eabi/4.9.3/../../../../arm-none-eabi/lib/armv7-m\libg_nano.a(lib_a-strncmp.o)
                0x00005d6c                strncmp
 .text.__ssputs_r
                0x00005d9e       0xb2 c:/program files (x86)/cypress/psoc creator/4.0/psoc creator/import/gnu/arm/4.9.3/bin/../lib/gcc/arm-none-eabi/4.9.3/../../../../arm-none-eabi/lib/armv7-m\libg_nano.a(lib_a-nano-svfprintf.o)
                0x00005d9e                __ssputs_r
 .text._svfprintf_r
                0x00005e50      0x1e4 c:/program files (x86)/cypress/psoc creator/4.0/psoc creator/import/gnu/arm/4.9.3/bin/../lib/gcc/arm-none-eabi/4.9.3/../../../../arm-none-eabi/lib/armv7-m\libg_nano.a(lib_a-nano-svfprintf.o)
                0x00005e50                _svfiprintf_r
                0x00005e50                _svfprintf_r
 .text._printf_common
                0x00006034       0xea c:/program files (x86)/cypress/psoc creator/4.0/psoc creator/import/gnu/arm/4.9.3/bin/../lib/gcc/arm-none-eabi/4.9.3/../../../../arm-none-eabi/lib/armv7-m\libg_nano.a(lib_a-nano-vfprintf_i.o)
                0x00006034                _printf_common
 *fill*         0x0000611e        0x2 
 .text._printf_i
                0x00006120      0x240 c:/program files (x86)/cypress/psoc creator/4.0/psoc creator/import/gnu/arm/4.9.3/bin/../lib/gcc/arm-none-eabi/4.9.3/../../../../arm-none-eabi/lib/armv7-m\libg_nano.a(lib_a-nano-vfprintf_i.o)
                0x00006120                _printf_i
 .text.memchr   0x00006360       0x1c c:/program files (x86)/cypress/psoc creator/4.0/psoc creator/import/gnu/arm/4.9.3/bin/../lib/gcc/arm-none-eabi/4.9.3/../../../../arm-none-eabi/lib/armv7-m\libg_nano.a(lib_a-memchr.o)
                0x00006360                memchr
 .text.memmove  0x0000637c       0x36 c:/program files (x86)/cypress/psoc creator/4.0/psoc creator/import/gnu/arm/4.9.3/bin/../lib/gcc/arm-none-eabi/4.9.3/../../../../arm-none-eabi/lib/armv7-m\libg_nano.a(lib_a-memmove.o)
                0x0000637c                memmove
 *fill*         0x000063b2        0x2 
 .text._free_r  0x000063b4       0x88 c:/program files (x86)/cypress/psoc creator/4.0/psoc creator/import/gnu/arm/4.9.3/bin/../lib/gcc/arm-none-eabi/4.9.3/../../../../arm-none-eabi/lib/armv7-m\libg_nano.a(lib_a-nano-freer.o)
                0x000063b4                _free_r
 .text._malloc_r
                0x0000643c       0xac c:/program files (x86)/cypress/psoc creator/4.0/psoc creator/import/gnu/arm/4.9.3/bin/../lib/gcc/arm-none-eabi/4.9.3/../../../../arm-none-eabi/lib/armv7-m\libg_nano.a(lib_a-nano-mallocr.o)
                0x0000643c                _malloc_r
 .text._realloc_r
                0x000064e8       0x4c c:/program files (x86)/cypress/psoc creator/4.0/psoc creator/import/gnu/arm/4.9.3/bin/../lib/gcc/arm-none-eabi/4.9.3/../../../../arm-none-eabi/lib/armv7-m\libg_nano.a(lib_a-nano-reallocr.o)
                0x000064e8                _realloc_r
 .text._sbrk_r  0x00006534       0x20 c:/program files (x86)/cypress/psoc creator/4.0/psoc creator/import/gnu/arm/4.9.3/bin/../lib/gcc/arm-none-eabi/4.9.3/../../../../arm-none-eabi/lib/armv7-m\libg_nano.a(lib_a-sbrkr.o)
                0x00006534                _sbrk_r
 .text._malloc_usable_size_r
                0x00006554       0x14 c:/program files (x86)/cypress/psoc creator/4.0/psoc creator/import/gnu/arm/4.9.3/bin/../lib/gcc/arm-none-eabi/4.9.3/../../../../arm-none-eabi/lib/armv7-m\libg_nano.a(lib_a-nano-msizer.o)
                0x00006554                _malloc_usable_size_r
 *(.plt)
 *(.gnu.warning)
 *(.glue_7t)
 .glue_7t       0x00000000        0x0 linker stubs
 *(.glue_7)
 .glue_7        0x00000000        0x0 linker stubs
 *(.vfp11_veneer)
 .vfp11_veneer  0x00000000        0x0 linker stubs
 *(.bootloader)
 *(.ARM.extab* .gnu.linkonce.armextab.*)
 *(.gcc_except_table)

.v4_bx          0x00006568        0x0
 .v4_bx         0x00000000        0x0 linker stubs

.iplt           0x00006568        0x0
 .iplt          0x00000000        0x0 c:/program files (x86)/cypress/psoc creator/4.0/psoc creator/import/gnu/arm/4.9.3/bin/../lib/gcc/arm-none-eabi/4.9.3/armv7-m/crtbegin.o

.eh_frame_hdr
 *(.eh_frame_hdr)

.eh_frame       0x00006568        0x4
 *(.eh_frame)
 .eh_frame      0x00006568        0x0 c:/program files (x86)/cypress/psoc creator/4.0/psoc creator/import/gnu/arm/4.9.3/bin/../lib/gcc/arm-none-eabi/4.9.3/armv7-m/crtbegin.o
 .eh_frame      0x00006568        0x4 c:/program files (x86)/cypress/psoc creator/4.0/psoc creator/import/gnu/arm/4.9.3/bin/../lib/gcc/arm-none-eabi/4.9.3/armv7-m/crtend.o
                0x0000656c                PROVIDE (__exidx_start, .)

.ARM.exidx
 *(.ARM.exidx* .gnu.linkonce.armexidx.*)
                0x0000656c                __exidx_end = .

.rodata         0x0000656c      0x49c
 *(.rodata .rodata.* .gnu.linkonce.r.*)
 .rodata        0x0000656c       0x28 .\CortexM3\ARM_GCC_493\Debug\main.o
 .rodata.str1.4
                0x00006594       0xb4 .\CortexM3\ARM_GCC_493\Debug\main.o
 .rodata        0x00006648       0x5c .\CortexM3\ARM_GCC_493\Debug\functions.o
 .rodata.str1.4
                0x000066a4        0x8 .\CortexM3\ARM_GCC_493\Debug\functions.o
 .rodata        0x000066ac       0x7c .\CortexM3\ARM_GCC_493\Debug\Pressure_Harbor_test.a(cyfitter_cfg.o)
                0x000066ac                ADC_AMux__addrTable
                0x000066b4                ADC_AMux__maskTable
 .rodata        0x00006728       0x98 ..\emFile_V322c\LinkLibrary\PSoC5\GCC\libemf32nosnlfn.a(FAT_FormatSD.o)
 .rodata        0x000067c0       0x10 ..\emFile_V322c\LinkLibrary\PSoC5\GCC\libemf32nosnlfn.a(FAT_Misc.o)
                0x000067c0                FAT_SFN_API
 .rodata.str1.1
                0x000067d0        0x3 ..\emFile_V322c\LinkLibrary\PSoC5\GCC\libemf32nosnlfn.a(FAT_Open.o)
 *fill*         0x000067d3        0x1 
 .rodata        0x000067d4       0x78 ..\emFile_V322c\LinkLibrary\PSoC5\GCC\libemf32nosnlfn.a(FS_Misc.o)
 .rodata.str1.1
                0x0000684c       0x30 ..\emFile_V322c\LinkLibrary\PSoC5\GCC\libemf32nosnlfn.a(FS_Misc.o)
 .rodata        0x0000687c       0x8c ..\emFile_V322c\LinkLibrary\PSoC5\GCC\libemf32nosnlfn.a(FAT_Format.o)
                0x00006894                _acVolumeLabel
 .rodata.str1.1
                0x00006908       0x24 ..\emFile_V322c\LinkLibrary\PSoC5\GCC\libemf32nosnlfn.a(FAT_Format.o)
 .rodata        0x0000692c       0x68 ..\emFile_V322c\LinkLibrary\PSoC5\GCC\libemf32nosnlfn.a(MMC_Drv.o)
                0x00006974                FS_MMC_SPI_Driver
 .rodata.str1.1
                0x00006994        0x4 ..\emFile_V322c\LinkLibrary\PSoC5\GCC\libemf32nosnlfn.a(MMC_Drv.o)
 .rodata.str1.1
                0x00006998        0x2 c:/program files (x86)/cypress/psoc creator/4.0/psoc creator/import/gnu/arm/4.9.3/bin/../lib/gcc/arm-none-eabi/4.9.3/../../../../arm-none-eabi/lib/armv7-m\libg_nano.a(lib_a-impure.o)
 .rodata.str1.1
                0x0000699a       0x11 c:/program files (x86)/cypress/psoc creator/4.0/psoc creator/import/gnu/arm/4.9.3/bin/../lib/gcc/arm-none-eabi/4.9.3/../../../../arm-none-eabi/lib/armv7-m\libg_nano.a(lib_a-nano-svfprintf.o)
 .rodata.str1.1
                0x000069ab       0x22 c:/program files (x86)/cypress/psoc creator/4.0/psoc creator/import/gnu/arm/4.9.3/bin/../lib/gcc/arm-none-eabi/4.9.3/../../../../arm-none-eabi/lib/armv7-m\libg_nano.a(lib_a-nano-vfprintf_i.o)
                0x000069d0                . = ALIGN (0x4)
 *fill*         0x000069cd        0x3 
 *(.init)
 .init          0x000069d0        0x4 c:/program files (x86)/cypress/psoc creator/4.0/psoc creator/import/gnu/arm/4.9.3/bin/../lib/gcc/arm-none-eabi/4.9.3/armv7-m/crti.o
                0x000069d0                _init
 .init          0x000069d4        0x8 c:/program files (x86)/cypress/psoc creator/4.0/psoc creator/import/gnu/arm/4.9.3/bin/../lib/gcc/arm-none-eabi/4.9.3/armv7-m/crtn.o
                0x000069dc                . = ALIGN (0x4)
                0x000069dc                __preinit_array_start = .
 *(.preinit_array)
                0x000069dc                __preinit_array_end = .
                0x000069dc                . = ALIGN (0x4)
                0x000069dc                __init_array_start = .
 *(SORT(.init_array.*))
 *(.init_array)
 .init_array    0x000069dc        0x4 c:/program files (x86)/cypress/psoc creator/4.0/psoc creator/import/gnu/arm/4.9.3/bin/../lib/gcc/arm-none-eabi/4.9.3/armv7-m/crtbegin.o
 .init_array    0x000069e0        0x4 .\CortexM3\ARM_GCC_493\Debug\Cm3Start.o
                0x000069e4                __init_array_end = .
                0x000069e4                . = ALIGN (0x4)
 *(.fini)
 .fini          0x000069e4        0x4 c:/program files (x86)/cypress/psoc creator/4.0/psoc creator/import/gnu/arm/4.9.3/bin/../lib/gcc/arm-none-eabi/4.9.3/armv7-m/crti.o
                0x000069e4                _fini
 .fini          0x000069e8        0x8 c:/program files (x86)/cypress/psoc creator/4.0/psoc creator/import/gnu/arm/4.9.3/bin/../lib/gcc/arm-none-eabi/4.9.3/armv7-m/crtn.o
                0x000069f0                . = ALIGN (0x4)
                0x000069f0                __fini_array_start = .
 *(.fini_array)
 .fini_array    0x000069f0        0x4 c:/program files (x86)/cypress/psoc creator/4.0/psoc creator/import/gnu/arm/4.9.3/bin/../lib/gcc/arm-none-eabi/4.9.3/armv7-m/crtbegin.o
 *(SORT(.fini_array.*))
                0x000069f4                __fini_array_end = .
                0x000069f4                . = ALIGN (0x4)
 *crtbegin.o(.ctors)
 *(EXCLUDE_FILE(*crtend.o) .ctors)
 *(SORT(.ctors.*))
 *crtend.o(.ctors)
                0x000069f4                . = ALIGN (0x4)
 *crtbegin.o(.dtors)
 *(EXCLUDE_FILE(*crtend.o) .dtors)
 *(SORT(.dtors.*))
 *crtend.o(.dtors)
                0x000069f4                . = ALIGN (0x4)
                0x000069f4                __cy_regions = .
                0x000069f4        0x4 LONG 0x6a08 __cy_region_init_ram
                0x000069f8        0x4 LONG 0x1fff8108 __cy_region_start_data
                0x000069fc        0x4 LONG 0xa0 __cy_region_init_size_ram
                0x00006a00        0x4 LONG 0x1180 __cy_region_zero_size_ram
                0x00006a04                __cy_regions_end = .
                0x00006a08                . = ALIGN (0x8)
 *fill*         0x00006a04        0x4 
                0x00006a08                _etext = .

.cy_checksum_exclude
                0x00006a08        0x0
 *(.cy_checksum_exclude)

.ramvectors     0x1fff8000      0x100
                0x1fff8000                __cy_region_start_ram = .
 *(.ramvectors)
 .ramvectors    0x1fff8000      0x100 .\CortexM3\ARM_GCC_493\Debug\Cm3Start.o
                0x1fff8000                CyRamVectors

.noinit         0x1fff8100        0x5
 *(.noinit)
 .noinit        0x1fff8100        0x4 .\CortexM3\ARM_GCC_493\Debug\Cm3Start.o
 .noinit        0x1fff8104        0x1 .\CortexM3\ARM_GCC_493\Debug\Pressure_Harbor_test.a(CyLib.o)
                0x1fff8104                CyResetStatus

.data           0x1fff8108       0xa0 load address 0x00006a08
                0x1fff8108                __cy_region_start_data = .
 *(.jcr)
 .jcr           0x1fff8108        0x0 c:/program files (x86)/cypress/psoc creator/4.0/psoc creator/import/gnu/arm/4.9.3/bin/../lib/gcc/arm-none-eabi/4.9.3/armv7-m/crtbegin.o
 .jcr           0x1fff8108        0x4 c:/program files (x86)/cypress/psoc creator/4.0/psoc creator/import/gnu/arm/4.9.3/bin/../lib/gcc/arm-none-eabi/4.9.3/armv7-m/crtend.o
 *(.got.plt)
 *(.got)
 *(.shdata)
 *(.data .data.* .gnu.linkonce.d.*)
 .data          0x1fff810c       0x18 .\CortexM3\ARM_GCC_493\Debug\main.o
                0x1fff810c                Addr
                0x1fff8110                file
                0x1fff811c                press_id
                0x1fff8120                id
 .data          0x1fff8124        0x4 .\CortexM3\ARM_GCC_493\Debug\Cm3Start.o
 .data          0x1fff8128        0x1 .\CortexM3\ARM_GCC_493\Debug\Pressure_Harbor_test.a(ADC.o)
                0x1fff8128                ADC_Config
 .data          0x1fff8129        0x1 .\CortexM3\ARM_GCC_493\Debug\Pressure_Harbor_test.a(ADC_AMux.o)
 *fill*         0x1fff812a        0x2 
 .data          0x1fff812c       0x10 .\CortexM3\ARM_GCC_493\Debug\Pressure_Harbor_test.a(CyLib.o)
                0x1fff812c                cydelay_32k_ms
                0x1fff8130                cydelay_freq_khz
                0x1fff8134                cydelay_freq_mhz
                0x1fff8138                cydelay_freq_hz
 .data          0x1fff813c        0x4 ..\emFile_V322c\LinkLibrary\PSoC5\GCC\libemf32nosnlfn.a(FAT_Misc.o)
                0x1fff813c                FAT_pDirEntryAPI
 .data          0x1fff8140        0x4 ..\emFile_V322c\LinkLibrary\PSoC5\GCC\libemf32nosnlfn.a(MMC_Drv.o)
 .data.impure_data
                0x1fff8144       0x60 c:/program files (x86)/cypress/psoc creator/4.0/psoc creator/import/gnu/arm/4.9.3/bin/../lib/gcc/arm-none-eabi/4.9.3/../../../../arm-none-eabi/lib/armv7-m\libg_nano.a(lib_a-impure.o)
 .data._impure_ptr
                0x1fff81a4        0x4 c:/program files (x86)/cypress/psoc creator/4.0/psoc creator/import/gnu/arm/4.9.3/bin/../lib/gcc/arm-none-eabi/4.9.3/../../../../arm-none-eabi/lib/armv7-m\libg_nano.a(lib_a-impure.o)
                0x1fff81a4                _impure_ptr
                0x1fff81a8                . = ALIGN (0x8)
 *(.ram)
                0x1fff81a8                _edata = .

.igot.plt       0x1fff81a8        0x0 load address 0x00006aa8
 .igot.plt      0x00000000        0x0 c:/program files (x86)/cypress/psoc creator/4.0/psoc creator/import/gnu/arm/4.9.3/bin/../lib/gcc/arm-none-eabi/4.9.3/armv7-m/crtbegin.o

.bss            0x1fff81a8     0x1180 load address 0x00006aa8
                0x1fff81a8                PROVIDE (__bss_start__, .)
 *(.shbss)
 *(.bss .bss.* .gnu.linkonce.b.*)
 .bss           0x1fff81a8       0x1c c:/program files (x86)/cypress/psoc creator/4.0/psoc creator/import/gnu/arm/4.9.3/bin/../lib/gcc/arm-none-eabi/4.9.3/armv7-m/crtbegin.o
 .bss           0x1fff81c4       0x64 .\CortexM3\ARM_GCC_493\Debug\main.o
                0x1fff81c4                collect_flag
                0x1fff81c8                msg_count
                0x1fff81cc                RxBuffer
                0x1fff820c                bytes
                0x1fff8210                rxflag
                0x1fff8214                volume
                0x1fff8220                pressure_sum
                0x1fff8224                dummy
 .bss           0x1fff8228       0x14 .\CortexM3\ARM_GCC_493\Debug\Pressure_Harbor_test.a(ADC.o)
                0x1fff8238                ADC_stopConversion
                0x1fff8239                ADC_convDone
                0x1fff823a                ADC_initVar
                0x1fff823b                ADC_started
 .bss           0x1fff823c        0x1 .\CortexM3\ARM_GCC_493\Debug\Pressure_Harbor_test.a(Sample_Timer.o)
                0x1fff823c                Sample_Timer_initVar
 .bss           0x1fff823d        0x2 .\CortexM3\ARM_GCC_493\Debug\Pressure_Harbor_test.a(UART.o)
                0x1fff823d                UART_initVar
 .bss           0x1fff823f        0x1 .\CortexM3\ARM_GCC_493\Debug\Pressure_Harbor_test.a(I2C_Master.o)
                0x1fff823f                I2C_Master_initVar
 .bss           0x1fff8240        0xc ..\emFile_V322c\LinkLibrary\PSoC5\GCC\libemf32nosnlfn.a(FS_Core.o)
 .bss           0x1fff824c     0x1000 .\CortexM3\ARM_GCC_493\Debug\Pressure_Harbor_test.a(emFile_ConfigMMC_SPI.o)
 .bss           0x1fff924c       0x14 ..\emFile_V322c\LinkLibrary\PSoC5\GCC\libemf32nosnlfn.a(MMC_Drv.o)
 .bss           0x1fff9260        0x1 .\CortexM3\ARM_GCC_493\Debug\Pressure_Harbor_test.a(emFile_MMC_HW_SPI.o)
 .bss           0x1fff9261        0x1 .\CortexM3\ARM_GCC_493\Debug\Pressure_Harbor_test.a(emFile_SPI0.o)
                0x1fff9261                emFile_SPI0_initVar
 *fill*         0x1fff9262        0x2 
 .bss.__malloc_sbrk_start
                0x1fff9264        0x4 c:/program files (x86)/cypress/psoc creator/4.0/psoc creator/import/gnu/arm/4.9.3/bin/../lib/gcc/arm-none-eabi/4.9.3/../../../../arm-none-eabi/lib/armv7-m\libg_nano.a(lib_a-nano-mallocr.o)
                0x1fff9264                __malloc_sbrk_start
 .bss.__malloc_free_list
                0x1fff9268        0x4 c:/program files (x86)/cypress/psoc creator/4.0/psoc creator/import/gnu/arm/4.9.3/bin/../lib/gcc/arm-none-eabi/4.9.3/../../../../arm-none-eabi/lib/armv7-m\libg_nano.a(lib_a-nano-mallocr.o)
                0x1fff9268                __malloc_free_list
 *(COMMON)
 COMMON         0x1fff926c        0x8 .\CortexM3\ARM_GCC_493\Debug\main.o
                0x1fff926c                reset
                0x1fff9270                fsfile
 COMMON         0x1fff9274        0x8 .\CortexM3\ARM_GCC_493\Debug\LiquidCrystal_I2C.o
                0x1fff9274                _backlightval
                0x1fff9275                _addr
                0x1fff9276                _displaycontrol
                0x1fff9277                _charsize
                0x1fff9278                _displaymode
                0x1fff9279                _displayfunction
                0x1fff927a                _cols
                0x1fff927b                _rows
 COMMON         0x1fff927c        0x8 .\CortexM3\ARM_GCC_493\Debug\Pressure_Harbor_test.a(ADC.o)
                0x1fff927c                ADC_Offset
                0x1fff9280                ADC_CountsPerVolt
 COMMON         0x1fff9284        0x1 .\CortexM3\ARM_GCC_493\Debug\Pressure_Harbor_test.a(I2C_Master.o)
                0x1fff9284                I2C_Master_state
 *fill*         0x1fff9285        0x3 
 COMMON         0x1fff9288        0xf .\CortexM3\ARM_GCC_493\Debug\Pressure_Harbor_test.a(I2C_Master_MASTER.o)
                0x1fff9288                I2C_Master_mstrRdBufIndex
                0x1fff9289                I2C_Master_mstrWrBufIndex
                0x1fff928a                I2C_Master_mstrWrBufSize
                0x1fff928c                I2C_Master_mstrWrBufPtr
                0x1fff9290                I2C_Master_mstrRdBufPtr
                0x1fff9294                I2C_Master_mstrControl
                0x1fff9295                I2C_Master_mstrStatus
                0x1fff9296                I2C_Master_mstrRdBufSize
 *fill*         0x1fff9297        0x1 
 COMMON         0x1fff9298       0x88 ..\emFile_V322c\LinkLibrary\PSoC5\GCC\libemf32nosnlfn.a(FS_Core.o)
                0x1fff9298                FS_Global
                0x1fff931c                FS_NumBytesAllocated
 COMMON         0x1fff9320        0x4 c:/program files (x86)/cypress/psoc creator/4.0/psoc creator/import/gnu/arm/4.9.3/bin/../lib/gcc/arm-none-eabi/4.9.3/../../../../arm-none-eabi/lib/armv7-m\libg_nano.a(lib_a-reent.o)
                0x1fff9320                errno
                0x1fff9328                . = ALIGN (0x8)
 *fill*         0x1fff9324        0x4 
 *(.ram.b)
                0x1fff9328                _end = .
                0x1fff9328                __end = .
                0x1fff9328                PROVIDE (end, .)
                0x1fff9328                PROVIDE (__bss_end__, .)
                0x00006a08                __cy_region_init_ram = LOADADDR (.data)
                0x000000a0                __cy_region_init_size_ram = (_edata - ADDR (.data))
                0x00001180                __cy_region_zero_size_ram = (_end - _edata)

.heap           0x1fff9328       0x80 load address 0x00006aa8
                0x1fff9328                . = _end
                0x1fff93a8                . = (. + 0x80)
 *fill*         0x1fff9328       0x80 
                0x1fff93a8                __cy_heap_limit = .

.stack          0x20007800      0x800
                0x20007800                __cy_stack_limit = .
                0x20008000                . = (. + 0x800)
 *fill*         0x20007800      0x800 
                0x00000001                ASSERT ((__cy_stack_limit >= __cy_heap_limit), region RAM overflowed with stack)
                0x00000000                cy_checksum_exclude_size = (CY_APPL_LOADABLE == 0x1)?SIZEOF (.cy_checksum_exclude):0x0
                0x00000001                ASSERT ((cy_checksum_exclude_size <= CY_CHECKSUM_EXCLUDE_SIZE), CY_BOOT: Section .cy_checksum_exclude size exceedes specified limit.)

.cyloadermeta
 *(.cyloadermeta)

.cyloadablemeta
 *(.cyloadablemeta)

.cyconfigecc    0x80000000      0x738
 *(.cyconfigecc)
 .cyconfigecc   0x80000000      0x738 .\CortexM3\ARM_GCC_493\Debug\cymetadata.o
                0x80000000                cy_meta_configecc

.cycustnvl      0x90000000        0x4
 *(.cycustnvl)
 .cycustnvl     0x90000000        0x4 .\CortexM3\ARM_GCC_493\Debug\cymetadata.o
                0x90000000                cy_meta_custnvl

.cywolatch      0x90100000        0x4
 *(.cywolatch)
 .cywolatch     0x90100000        0x4 .\CortexM3\ARM_GCC_493\Debug\cymetadata.o
                0x90100000                cy_meta_wonvl

.cyeeprom       0x90200000        0x0
 *(.cyeeprom)
                0x00000001                ASSERT ((. <= ((0x90200000 + ee_offset) + ee_size)), .cyeeprom data will not fit in EEPROM)

.cyflashprotect
                0x90400000      0x100
 *(.cyflashprotect)
 .cyflashprotect
                0x90400000      0x100 .\CortexM3\ARM_GCC_493\Debug\cymetadata.o
                0x90400000                cy_meta_flashprotect

.cymeta         0x90500000        0xc
 *(.cymeta)
 .cymeta        0x90500000        0xc .\CortexM3\ARM_GCC_493\Debug\cymetadata.o
                0x90500000                cy_metadata

.rel.dyn        0x00006aa8        0x0 load address 0x9050000c
 .rel.iplt      0x00000000        0x0 c:/program files (x86)/cypress/psoc creator/4.0/psoc creator/import/gnu/arm/4.9.3/bin/../lib/gcc/arm-none-eabi/4.9.3/armv7-m/crtbegin.o

.stab
 *(.stab)

.stabstr
 *(.stabstr)

.debug
 *(.debug)

.line
 *(.line)

.debug_srcinfo
 *(.debug_srcinfo)

.debug_sfnames
 *(.debug_sfnames)

.debug_aranges  0x00000000      0xf40
 *(.debug_aranges)
 .debug_aranges
                0x00000000       0x38 .\CortexM3\ARM_GCC_493\Debug\main.o
 .debug_aranges
                0x00000038       0x38 .\CortexM3\ARM_GCC_493\Debug\functions.o
 .debug_aranges
                0x00000070       0x68 .\CortexM3\ARM_GCC_493\Debug\i2cFunctions.o
 .debug_aranges
                0x000000d8      0x108 .\CortexM3\ARM_GCC_493\Debug\LiquidCrystal_I2C.o
 .debug_aranges
                0x000001e0       0x18 .\CortexM3\ARM_GCC_493\Debug\cymetadata.o
 .debug_aranges
                0x000001f8       0x48 .\CortexM3\ARM_GCC_493\Debug\Cm3Start.o
 .debug_aranges
                0x00000240       0x68 .\CortexM3\ARM_GCC_493\Debug\Pressure_Harbor_test.a(cyfitter_cfg.o)
 .debug_aranges
                0x000002a8       0xe8 .\CortexM3\ARM_GCC_493\Debug\Pressure_Harbor_test.a(ADC.o)
 .debug_aranges
                0x00000390       0x38 .\CortexM3\ARM_GCC_493\Debug\Pressure_Harbor_test.a(ADC_INT.o)
 .debug_aranges
                0x000003c8       0x88 .\CortexM3\ARM_GCC_493\Debug\Pressure_Harbor_test.a(Sample_Timer.o)
 .debug_aranges
                0x00000450       0x80 .\CortexM3\ARM_GCC_493\Debug\Pressure_Harbor_test.a(Sample_ISR.o)
 .debug_aranges
                0x000004d0       0xf0 .\CortexM3\ARM_GCC_493\Debug\Pressure_Harbor_test.a(UART.o)
 .debug_aranges
                0x000005c0       0x80 .\CortexM3\ARM_GCC_493\Debug\Pressure_Harbor_test.a(rx_interrupt.o)
 .debug_aranges
                0x00000640       0x38 .\CortexM3\ARM_GCC_493\Debug\Pressure_Harbor_test.a(I2C_Master.o)
 .debug_aranges
                0x00000678       0x20 .\CortexM3\ARM_GCC_493\Debug\Pressure_Harbor_test.a(I2C_Master_INT.o)
 .debug_aranges
                0x00000698       0x38 .\CortexM3\ARM_GCC_493\Debug\Pressure_Harbor_test.a(I2C_Master_PM.o)
 .debug_aranges
                0x000006d0       0x80 .\CortexM3\ARM_GCC_493\Debug\Pressure_Harbor_test.a(I2C_Master_MASTER.o)
 .debug_aranges
                0x00000750       0x30 .\CortexM3\ARM_GCC_493\Debug\Pressure_Harbor_test.a(ADC_AMux.o)
 .debug_aranges
                0x00000780       0x70 .\CortexM3\ARM_GCC_493\Debug\Pressure_Harbor_test.a(ADC_Ext_CP_Clk.o)
 .debug_aranges
                0x000007f0       0x80 .\CortexM3\ARM_GCC_493\Debug\Pressure_Harbor_test.a(ADC_theACLK.o)
 .debug_aranges
                0x00000870       0x70 .\CortexM3\ARM_GCC_493\Debug\Pressure_Harbor_test.a(UART_IntClock.o)
 .debug_aranges
                0x000008e0      0x2a0 .\CortexM3\ARM_GCC_493\Debug\Pressure_Harbor_test.a(CyLib.o)
 .debug_aranges
                0x00000b80       0x98 .\CortexM3\ARM_GCC_493\Debug\Pressure_Harbor_test.a(cyPm.o)
 .debug_aranges
                0x00000c18       0x20 .\CortexM3\ARM_GCC_493\Debug\Pressure_Harbor_test.a(CyBootAsmGnu.o)
 .debug_aranges
                0x00000c38       0x80 .\CortexM3\ARM_GCC_493\Debug\Pressure_Harbor_test.a(CyFlash.o)
 .debug_aranges
                0x00000cb8       0x78 .\CortexM3\ARM_GCC_493\Debug\Pressure_Harbor_test.a(CySpc.o)
 .debug_aranges
                0x00000d30       0x28 .\CortexM3\ARM_GCC_493\Debug\Pressure_Harbor_test.a(emFile_ConfigMMC_SPI.o)
 .debug_aranges
                0x00000d58       0x68 .\CortexM3\ARM_GCC_493\Debug\Pressure_Harbor_test.a(emFile_MMC_HW_SPI.o)
 .debug_aranges
                0x00000dc0       0xd8 .\CortexM3\ARM_GCC_493\Debug\Pressure_Harbor_test.a(emFile_SPI0.o)
 .debug_aranges
                0x00000e98       0x70 .\CortexM3\ARM_GCC_493\Debug\Pressure_Harbor_test.a(emFile_Clock_1.o)
 .debug_aranges
                0x00000f08       0x38 .\CortexM3\ARM_GCC_493\Debug\Pressure_Harbor_test.a(emFile_SPI0_CS.o)

.debug_pubnames
 *(.debug_pubnames)

.debug_info     0x00000000     0x91e1
 *(.debug_info .gnu.linkonce.wi.*)
 .debug_info    0x00000000      0x9fa .\CortexM3\ARM_GCC_493\Debug\main.o
 .debug_info    0x000009fa      0x3e5 .\CortexM3\ARM_GCC_493\Debug\functions.o
 .debug_info    0x00000ddf      0x6ac .\CortexM3\ARM_GCC_493\Debug\i2cFunctions.o
 .debug_info    0x0000148b      0x983 .\CortexM3\ARM_GCC_493\Debug\LiquidCrystal_I2C.o
 .debug_info    0x00001e0e      0x13f .\CortexM3\ARM_GCC_493\Debug\cymetadata.o
 .debug_info    0x00001f4d      0x3b3 .\CortexM3\ARM_GCC_493\Debug\Cm3Start.o
 .debug_info    0x00002300      0x679 .\CortexM3\ARM_GCC_493\Debug\Pressure_Harbor_test.a(cyfitter_cfg.o)
 .debug_info    0x00002979      0xc4b .\CortexM3\ARM_GCC_493\Debug\Pressure_Harbor_test.a(ADC.o)
 .debug_info    0x000035c4       0xcc .\CortexM3\ARM_GCC_493\Debug\Pressure_Harbor_test.a(ADC_INT.o)
 .debug_info    0x00003690      0x28a .\CortexM3\ARM_GCC_493\Debug\Pressure_Harbor_test.a(Sample_Timer.o)
 .debug_info    0x0000391a      0x2cb .\CortexM3\ARM_GCC_493\Debug\Pressure_Harbor_test.a(Sample_ISR.o)
 .debug_info    0x00003be5      0x603 .\CortexM3\ARM_GCC_493\Debug\Pressure_Harbor_test.a(UART.o)
 .debug_info    0x000041e8      0x2cb .\CortexM3\ARM_GCC_493\Debug\Pressure_Harbor_test.a(rx_interrupt.o)
 .debug_info    0x000044b3      0x2db .\CortexM3\ARM_GCC_493\Debug\Pressure_Harbor_test.a(I2C_Master.o)
 .debug_info    0x0000478e      0x17f .\CortexM3\ARM_GCC_493\Debug\Pressure_Harbor_test.a(I2C_Master_INT.o)
 .debug_info    0x0000490d      0x1fe .\CortexM3\ARM_GCC_493\Debug\Pressure_Harbor_test.a(I2C_Master_PM.o)
 .debug_info    0x00004b0b      0x400 .\CortexM3\ARM_GCC_493\Debug\Pressure_Harbor_test.a(I2C_Master_MASTER.o)
 .debug_info    0x00004f0b      0x16d .\CortexM3\ARM_GCC_493\Debug\Pressure_Harbor_test.a(ADC_AMux.o)
 .debug_info    0x00005078      0x283 .\CortexM3\ARM_GCC_493\Debug\Pressure_Harbor_test.a(ADC_Ext_CP_Clk.o)
 .debug_info    0x000052fb      0x2c4 .\CortexM3\ARM_GCC_493\Debug\Pressure_Harbor_test.a(ADC_theACLK.o)
 .debug_info    0x000055bf      0x283 .\CortexM3\ARM_GCC_493\Debug\Pressure_Harbor_test.a(UART_IntClock.o)
 .debug_info    0x00005842     0x1385 .\CortexM3\ARM_GCC_493\Debug\Pressure_Harbor_test.a(CyLib.o)
 .debug_info    0x00006bc7      0xa57 .\CortexM3\ARM_GCC_493\Debug\Pressure_Harbor_test.a(cyPm.o)
 .debug_info    0x0000761e       0x9b .\CortexM3\ARM_GCC_493\Debug\Pressure_Harbor_test.a(CyBootAsmGnu.o)
 .debug_info    0x000076b9      0x608 .\CortexM3\ARM_GCC_493\Debug\Pressure_Harbor_test.a(CyFlash.o)
 .debug_info    0x00007cc1      0x4ea .\CortexM3\ARM_GCC_493\Debug\Pressure_Harbor_test.a(CySpc.o)
 .debug_info    0x000081ab      0x2f1 .\CortexM3\ARM_GCC_493\Debug\Pressure_Harbor_test.a(emFile_ConfigMMC_SPI.o)
 .debug_info    0x0000849c      0x513 .\CortexM3\ARM_GCC_493\Debug\Pressure_Harbor_test.a(emFile_MMC_HW_SPI.o)
 .debug_info    0x000089af      0x48e .\CortexM3\ARM_GCC_493\Debug\Pressure_Harbor_test.a(emFile_SPI0.o)
 .debug_info    0x00008e3d      0x283 .\CortexM3\ARM_GCC_493\Debug\Pressure_Harbor_test.a(emFile_Clock_1.o)
 .debug_info    0x000090c0      0x121 .\CortexM3\ARM_GCC_493\Debug\Pressure_Harbor_test.a(emFile_SPI0_CS.o)

.debug_abbrev   0x00000000     0x2ada
 *(.debug_abbrev)
 .debug_abbrev  0x00000000      0x22d .\CortexM3\ARM_GCC_493\Debug\main.o
 .debug_abbrev  0x0000022d      0x1aa .\CortexM3\ARM_GCC_493\Debug\functions.o
 .debug_abbrev  0x000003d7      0x128 .\CortexM3\ARM_GCC_493\Debug\i2cFunctions.o
 .debug_abbrev  0x000004ff      0x1bf .\CortexM3\ARM_GCC_493\Debug\LiquidCrystal_I2C.o
 .debug_abbrev  0x000006be       0x77 .\CortexM3\ARM_GCC_493\Debug\cymetadata.o
 .debug_abbrev  0x00000735      0x1f7 .\CortexM3\ARM_GCC_493\Debug\Cm3Start.o
 .debug_abbrev  0x0000092c      0x21f .\CortexM3\ARM_GCC_493\Debug\Pressure_Harbor_test.a(cyfitter_cfg.o)
 .debug_abbrev  0x00000b4b      0x21f .\CortexM3\ARM_GCC_493\Debug\Pressure_Harbor_test.a(ADC.o)
 .debug_abbrev  0x00000d6a       0x42 .\CortexM3\ARM_GCC_493\Debug\Pressure_Harbor_test.a(ADC_INT.o)
 .debug_abbrev  0x00000dac      0x11a .\CortexM3\ARM_GCC_493\Debug\Pressure_Harbor_test.a(Sample_Timer.o)
 .debug_abbrev  0x00000ec6      0x173 .\CortexM3\ARM_GCC_493\Debug\Pressure_Harbor_test.a(Sample_ISR.o)
 .debug_abbrev  0x00001039      0x1a2 .\CortexM3\ARM_GCC_493\Debug\Pressure_Harbor_test.a(UART.o)
 .debug_abbrev  0x000011db      0x173 .\CortexM3\ARM_GCC_493\Debug\Pressure_Harbor_test.a(rx_interrupt.o)
 .debug_abbrev  0x0000134e      0x15c .\CortexM3\ARM_GCC_493\Debug\Pressure_Harbor_test.a(I2C_Master.o)
 .debug_abbrev  0x000014aa       0xbd .\CortexM3\ARM_GCC_493\Debug\Pressure_Harbor_test.a(I2C_Master_INT.o)
 .debug_abbrev  0x00001567      0x12b .\CortexM3\ARM_GCC_493\Debug\Pressure_Harbor_test.a(I2C_Master_PM.o)
 .debug_abbrev  0x00001692      0x13c .\CortexM3\ARM_GCC_493\Debug\Pressure_Harbor_test.a(I2C_Master_MASTER.o)
 .debug_abbrev  0x000017ce       0xcb .\CortexM3\ARM_GCC_493\Debug\Pressure_Harbor_test.a(ADC_AMux.o)
 .debug_abbrev  0x00001899      0x139 .\CortexM3\ARM_GCC_493\Debug\Pressure_Harbor_test.a(ADC_Ext_CP_Clk.o)
 .debug_abbrev  0x000019d2      0x121 .\CortexM3\ARM_GCC_493\Debug\Pressure_Harbor_test.a(ADC_theACLK.o)
 .debug_abbrev  0x00001af3      0x139 .\CortexM3\ARM_GCC_493\Debug\Pressure_Harbor_test.a(UART_IntClock.o)
 .debug_abbrev  0x00001c2c      0x296 .\CortexM3\ARM_GCC_493\Debug\Pressure_Harbor_test.a(CyLib.o)
 .debug_abbrev  0x00001ec2      0x1ed .\CortexM3\ARM_GCC_493\Debug\Pressure_Harbor_test.a(cyPm.o)
 .debug_abbrev  0x000020af       0x14 .\CortexM3\ARM_GCC_493\Debug\Pressure_Harbor_test.a(CyBootAsmGnu.o)
 .debug_abbrev  0x000020c3      0x1ed .\CortexM3\ARM_GCC_493\Debug\Pressure_Harbor_test.a(CyFlash.o)
 .debug_abbrev  0x000022b0      0x1c1 .\CortexM3\ARM_GCC_493\Debug\Pressure_Harbor_test.a(CySpc.o)
 .debug_abbrev  0x00002471      0x176 .\CortexM3\ARM_GCC_493\Debug\Pressure_Harbor_test.a(emFile_ConfigMMC_SPI.o)
 .debug_abbrev  0x000025e7      0x1ca .\CortexM3\ARM_GCC_493\Debug\Pressure_Harbor_test.a(emFile_MMC_HW_SPI.o)
 .debug_abbrev  0x000027b1      0x160 .\CortexM3\ARM_GCC_493\Debug\Pressure_Harbor_test.a(emFile_SPI0.o)
 .debug_abbrev  0x00002911      0x139 .\CortexM3\ARM_GCC_493\Debug\Pressure_Harbor_test.a(emFile_Clock_1.o)
 .debug_abbrev  0x00002a4a       0x90 .\CortexM3\ARM_GCC_493\Debug\Pressure_Harbor_test.a(emFile_SPI0_CS.o)

.debug_line     0x00000000     0x3df8
 *(.debug_line)
 .debug_line    0x00000000      0x34c .\CortexM3\ARM_GCC_493\Debug\main.o
 .debug_line    0x0000034c      0x26f .\CortexM3\ARM_GCC_493\Debug\functions.o
 .debug_line    0x000005bb      0x250 .\CortexM3\ARM_GCC_493\Debug\i2cFunctions.o
 .debug_line    0x0000080b      0x468 .\CortexM3\ARM_GCC_493\Debug\LiquidCrystal_I2C.o
 .debug_line    0x00000c73       0x51 .\CortexM3\ARM_GCC_493\Debug\cymetadata.o
 .debug_line    0x00000cc4      0x24f .\CortexM3\ARM_GCC_493\Debug\Cm3Start.o
 .debug_line    0x00000f13      0x22f .\CortexM3\ARM_GCC_493\Debug\Pressure_Harbor_test.a(cyfitter_cfg.o)
 .debug_line    0x00001142      0x3d4 .\CortexM3\ARM_GCC_493\Debug\Pressure_Harbor_test.a(ADC.o)
 .debug_line    0x00001516       0x80 .\CortexM3\ARM_GCC_493\Debug\Pressure_Harbor_test.a(ADC_INT.o)
 .debug_line    0x00001596      0x15a .\CortexM3\ARM_GCC_493\Debug\Pressure_Harbor_test.a(Sample_Timer.o)
 .debug_line    0x000016f0      0x137 .\CortexM3\ARM_GCC_493\Debug\Pressure_Harbor_test.a(Sample_ISR.o)
 .debug_line    0x00001827      0x2bc .\CortexM3\ARM_GCC_493\Debug\Pressure_Harbor_test.a(UART.o)
 .debug_line    0x00001ae3      0x139 .\CortexM3\ARM_GCC_493\Debug\Pressure_Harbor_test.a(rx_interrupt.o)
 .debug_line    0x00001c1c       0xee .\CortexM3\ARM_GCC_493\Debug\Pressure_Harbor_test.a(I2C_Master.o)
 .debug_line    0x00001d0a      0x122 .\CortexM3\ARM_GCC_493\Debug\Pressure_Harbor_test.a(I2C_Master_INT.o)
 .debug_line    0x00001e2c       0xc9 .\CortexM3\ARM_GCC_493\Debug\Pressure_Harbor_test.a(I2C_Master_PM.o)
 .debug_line    0x00001ef5      0x20b .\CortexM3\ARM_GCC_493\Debug\Pressure_Harbor_test.a(I2C_Master_MASTER.o)
 .debug_line    0x00002100       0xac .\CortexM3\ARM_GCC_493\Debug\Pressure_Harbor_test.a(ADC_AMux.o)
 .debug_line    0x000021ac      0x17d .\CortexM3\ARM_GCC_493\Debug\Pressure_Harbor_test.a(ADC_Ext_CP_Clk.o)
 .debug_line    0x00002329      0x19d .\CortexM3\ARM_GCC_493\Debug\Pressure_Harbor_test.a(ADC_theACLK.o)
 .debug_line    0x000024c6      0x17c .\CortexM3\ARM_GCC_493\Debug\Pressure_Harbor_test.a(UART_IntClock.o)
 .debug_line    0x00002642      0x816 .\CortexM3\ARM_GCC_493\Debug\Pressure_Harbor_test.a(CyLib.o)
 .debug_line    0x00002e58      0x364 .\CortexM3\ARM_GCC_493\Debug\Pressure_Harbor_test.a(cyPm.o)
 .debug_line    0x000031bc       0x66 .\CortexM3\ARM_GCC_493\Debug\Pressure_Harbor_test.a(CyBootAsmGnu.o)
 .debug_line    0x00003222      0x1ea .\CortexM3\ARM_GCC_493\Debug\Pressure_Harbor_test.a(CyFlash.o)
 .debug_line    0x0000340c      0x23c .\CortexM3\ARM_GCC_493\Debug\Pressure_Harbor_test.a(CySpc.o)
 .debug_line    0x00003648       0xae .\CortexM3\ARM_GCC_493\Debug\Pressure_Harbor_test.a(emFile_ConfigMMC_SPI.o)
 .debug_line    0x000036f6      0x2b5 .\CortexM3\ARM_GCC_493\Debug\Pressure_Harbor_test.a(emFile_MMC_HW_SPI.o)
 .debug_line    0x000039ab      0x235 .\CortexM3\ARM_GCC_493\Debug\Pressure_Harbor_test.a(emFile_SPI0.o)
 .debug_line    0x00003be0      0x17d .\CortexM3\ARM_GCC_493\Debug\Pressure_Harbor_test.a(emFile_Clock_1.o)
 .debug_line    0x00003d5d       0x9b .\CortexM3\ARM_GCC_493\Debug\Pressure_Harbor_test.a(emFile_SPI0_CS.o)

.debug_frame    0x00000000     0x2a24
 *(.debug_frame)
 .debug_frame   0x00000000       0x88 .\CortexM3\ARM_GCC_493\Debug\main.o
 .debug_frame   0x00000088       0xa4 .\CortexM3\ARM_GCC_493\Debug\functions.o
 .debug_frame   0x0000012c      0x170 .\CortexM3\ARM_GCC_493\Debug\i2cFunctions.o
 .debug_frame   0x0000029c      0x36c .\CortexM3\ARM_GCC_493\Debug\LiquidCrystal_I2C.o
 .debug_frame   0x00000608       0xb8 .\CortexM3\ARM_GCC_493\Debug\Cm3Start.o
 .debug_frame   0x000006c0      0x104 .\CortexM3\ARM_GCC_493\Debug\Pressure_Harbor_test.a(cyfitter_cfg.o)
 .debug_frame   0x000007c4      0x290 .\CortexM3\ARM_GCC_493\Debug\Pressure_Harbor_test.a(ADC.o)
 .debug_frame   0x00000a54       0x50 .\CortexM3\ARM_GCC_493\Debug\Pressure_Harbor_test.a(ADC_INT.o)
 .debug_frame   0x00000aa4      0x108 .\CortexM3\ARM_GCC_493\Debug\Pressure_Harbor_test.a(Sample_Timer.o)
 .debug_frame   0x00000bac      0x104 .\CortexM3\ARM_GCC_493\Debug\Pressure_Harbor_test.a(Sample_ISR.o)
 .debug_frame   0x00000cb0      0x250 .\CortexM3\ARM_GCC_493\Debug\Pressure_Harbor_test.a(UART.o)
 .debug_frame   0x00000f00      0x104 .\CortexM3\ARM_GCC_493\Debug\Pressure_Harbor_test.a(rx_interrupt.o)
 .debug_frame   0x00001004       0x94 .\CortexM3\ARM_GCC_493\Debug\Pressure_Harbor_test.a(I2C_Master.o)
 .debug_frame   0x00001098       0x30 .\CortexM3\ARM_GCC_493\Debug\Pressure_Harbor_test.a(I2C_Master_INT.o)
 .debug_frame   0x000010c8       0x74 .\CortexM3\ARM_GCC_493\Debug\Pressure_Harbor_test.a(I2C_Master_PM.o)
 .debug_frame   0x0000113c      0x138 .\CortexM3\ARM_GCC_493\Debug\Pressure_Harbor_test.a(I2C_Master_MASTER.o)