Archive member included because of file (symbol)

.\CortexM3\ARM_GCC_493\Debug\Pressure_Harbor_test.a(cyfitter_cfg.o)
                              .\CortexM3\ARM_GCC_493\Debug\Cm3Start.o (cyfitter_cfg)
.\CortexM3\ARM_GCC_493\Debug\Pressure_Harbor_test.a(ADC.o)
                              .\CortexM3\ARM_GCC_493\Debug\main.o (ADC_Start)
.\CortexM3\ARM_GCC_493\Debug\Pressure_Harbor_test.a(ADC_INT.o)
                              .\CortexM3\ARM_GCC_493\Debug\Pressure_Harbor_test.a(ADC.o) (ADC_ISR1)
.\CortexM3\ARM_GCC_493\Debug\Pressure_Harbor_test.a(Sample_Timer.o)
                              .\CortexM3\ARM_GCC_493\Debug\main.o (Sample_Timer_Start)
.\CortexM3\ARM_GCC_493\Debug\Pressure_Harbor_test.a(Sample_ISR.o)
                              .\CortexM3\ARM_GCC_493\Debug\main.o (Sample_ISR_StartEx)
.\CortexM3\ARM_GCC_493\Debug\Pressure_Harbor_test.a(UART.o)
                              .\CortexM3\ARM_GCC_493\Debug\main.o (UART_Start)
.\CortexM3\ARM_GCC_493\Debug\Pressure_Harbor_test.a(I2C_Master.o)
                              .\CortexM3\ARM_GCC_493\Debug\main.o (I2C_Master_Start)
.\CortexM3\ARM_GCC_493\Debug\Pressure_Harbor_test.a(I2C_Master_INT.o)
                              .\CortexM3\ARM_GCC_493\Debug\Pressure_Harbor_test.a(I2C_Master.o) (I2C_Master_ISR)
.\CortexM3\ARM_GCC_493\Debug\Pressure_Harbor_test.a(I2C_Master_PM.o)
                              .\CortexM3\ARM_GCC_493\Debug\Pressure_Harbor_test.a(I2C_Master.o) (I2C_Master_backup)
.\CortexM3\ARM_GCC_493\Debug\Pressure_Harbor_test.a(I2C_Master_MASTER.o)
                              .\CortexM3\ARM_GCC_493\Debug\Pressure_Harbor_test.a(I2C_Master.o) (I2C_Master_mstrStatus)
.\CortexM3\ARM_GCC_493\Debug\Pressure_Harbor_test.a(ADC_AMux.o)
                              .\CortexM3\ARM_GCC_493\Debug\Pressure_Harbor_test.a(ADC.o) (ADC_AMux_Select)
.\CortexM3\ARM_GCC_493\Debug\Pressure_Harbor_test.a(ADC_Ext_CP_Clk.o)
                              .\CortexM3\ARM_GCC_493\Debug\Pressure_Harbor_test.a(ADC.o) (ADC_Ext_CP_Clk_SetModeRegister)
.\CortexM3\ARM_GCC_493\Debug\Pressure_Harbor_test.a(ADC_theACLK.o)
                              .\CortexM3\ARM_GCC_493\Debug\Pressure_Harbor_test.a(ADC.o) (ADC_theACLK_SetModeRegister)
.\CortexM3\ARM_GCC_493\Debug\Pressure_Harbor_test.a(UART_IntClock.o)
                              .\CortexM3\ARM_GCC_493\Debug\Pressure_Harbor_test.a(UART.o) (UART_IntClock_Start)
.\CortexM3\ARM_GCC_493\Debug\Pressure_Harbor_test.a(CyLib.o)
                              .\CortexM3\ARM_GCC_493\Debug\Cm3Start.o (CyHalt)
.\CortexM3\ARM_GCC_493\Debug\Pressure_Harbor_test.a(cyPm.o)
                              .\CortexM3\ARM_GCC_493\Debug\Pressure_Harbor_test.a(CyLib.o) (CyPmReadStatus)
.\CortexM3\ARM_GCC_493\Debug\Pressure_Harbor_test.a(CyBootAsmGnu.o)
                              .\CortexM3\ARM_GCC_493\Debug\Pressure_Harbor_test.a(cyfitter_cfg.o) (CyDelayCycles)
.\CortexM3\ARM_GCC_493\Debug\Pressure_Harbor_test.a(CyFlash.o)
                              .\CortexM3\ARM_GCC_493\Debug\Pressure_Harbor_test.a(cyPm.o) (CyFlash_SetWaitCycles)
.\CortexM3\ARM_GCC_493\Debug\Pressure_Harbor_test.a(CySpc.o)
                              .\CortexM3\ARM_GCC_493\Debug\Pressure_Harbor_test.a(CyFlash.o) (CySpcStart)
..\emFile_V322c\LinkLibrary\PSoC5\GCC\libemf32nosnlfn.a(FAT_FormatSD.o)
                              .\CortexM3\ARM_GCC_493\Debug\main.o (FS_FormatSD)
..\emFile_V322c\LinkLibrary\PSoC5\GCC\libemf32nosnlfn.a(FAT_Misc.o)
                              ..\emFile_V322c\LinkLibrary\PSoC5\GCC\libemf32nosnlfn.a(FAT_FormatSD.o) (FS_FAT_GetFATType)
..\emFile_V322c\LinkLibrary\PSoC5\GCC\libemf32nosnlfn.a(FAT_Open.o)
                              ..\emFile_V322c\LinkLibrary\PSoC5\GCC\libemf32nosnlfn.a(FAT_Misc.o) (FS_FAT_InitDirEntryScan)
..\emFile_V322c\LinkLibrary\PSoC5\GCC\libemf32nosnlfn.a(FAT_Write.o)
                              ..\emFile_V322c\LinkLibrary\PSoC5\GCC\libemf32nosnlfn.a(FAT_Misc.o) (FS_FAT_Close)
..\emFile_V322c\LinkLibrary\PSoC5\GCC\libemf32nosnlfn.a(FS_CLib.o)
                              ..\emFile_V322c\LinkLibrary\PSoC5\GCC\libemf32nosnlfn.a(FAT_Open.o) (FS__CLIB_memcmp)
..\emFile_V322c\LinkLibrary\PSoC5\GCC\libemf32nosnlfn.a(FS_Core.o)
                              ..\emFile_V322c\LinkLibrary\PSoC5\GCC\libemf32nosnlfn.a(FAT_FormatSD.o) (FS__DivideU32Up)
..\emFile_V322c\LinkLibrary\PSoC5\GCC\libemf32nosnlfn.a(FS_LogBlock.o)
                              ..\emFile_V322c\LinkLibrary\PSoC5\GCC\libemf32nosnlfn.a(FAT_FormatSD.o) (FS_LB_GetStatus)
..\emFile_V322c\LinkLibrary\PSoC5\GCC\libemf32nosnlfn.a(FS_memcpy.o)
                              ..\emFile_V322c\LinkLibrary\PSoC5\GCC\libemf32nosnlfn.a(FAT_Open.o) (FS_memcpy)
..\emFile_V322c\LinkLibrary\PSoC5\GCC\libemf32nosnlfn.a(FS_Misc.o)
                              ..\emFile_V322c\LinkLibrary\PSoC5\GCC\libemf32nosnlfn.a(FAT_FormatSD.o) (FS__AllocSectorBuffer)
..\emFile_V322c\LinkLibrary\PSoC5\GCC\libemf32nosnlfn.a(FS_Storage.o)
[...]
Memory Configuration

Name             Origin             Length             Attributes
rom              0x00000000         0x00040000         xr
ram              0x1fff8000         0x00010000         xrw
*default*        0x00000000         0xffffffff

Linker script and memory map

LOAD c:/program files (x86)/cypress/psoc creator/4.0/psoc creator/import/gnu/arm/4.9.3/bin/../lib/gcc/arm-none-eabi/4.9.3/armv7-m/crti.o
LOAD c:/program files (x86)/cypress/psoc creator/4.0/psoc creator/import/gnu/arm/4.9.3/bin/../lib/gcc/arm-none-eabi/4.9.3/armv7-m/crtbegin.o
LOAD c:/program files (x86)/cypress/psoc creator/4.0/psoc creator/import/gnu/arm/4.9.3/bin/../lib/gcc/arm-none-eabi/4.9.3/../../../../arm-none-eabi/lib/armv7-m/crt0.o
START GROUP
LOAD .\CortexM3\ARM_GCC_493\Debug\main.o
LOAD .\CortexM3\ARM_GCC_493\Debug\functions.o
LOAD .\CortexM3\ARM_GCC_493\Debug\i2cFunctions.o
LOAD .\CortexM3\ARM_GCC_493\Debug\LiquidCrystal_I2C.o
LOAD .\CortexM3\ARM_GCC_493\Debug\mpu6050.o
LOAD .\CortexM3\ARM_GCC_493\Debug\cymetadata.o
LOAD .\CortexM3\ARM_GCC_493\Debug\Cm3Start.o
LOAD .\CortexM3\ARM_GCC_493\Debug\Pressure_Harbor_test.a
LOAD C:\Program Files (x86)\Cypress\PSoC Creator\4.0\PSoC Creator\psoc\content\cycomponentlibrary\CyComponentLibrary.cylib\CortexM3\ARM_GCC_493\Debug\CyComponentLibrary.a
LOAD ..\emFile_V322c\LinkLibrary\PSoC5\GCC\libemf32nosnlfn.a
END GROUP
START GROUP
LOAD c:/program files (x86)/cypress/psoc creator/4.0/psoc creator/import/gnu/arm/4.9.3/bin/../lib/gcc/arm-none-eabi/4.9.3/armv7-m\libgcc.a
LOAD c:/program files (x86)/cypress/psoc creator/4.0/psoc creator/import/gnu/arm/4.9.3/bin/../lib/gcc/arm-none-eabi/4.9.3/../../../../arm-none-eabi/lib/armv7-m\libg_nano.a
LOAD c:/program files (x86)/cypress/psoc creator/4.0/psoc creator/import/gnu/arm/4.9.3/bin/../lib/gcc/arm-none-eabi/4.9.3/../../../../arm-none-eabi/lib/armv7-m\libc_nano.a
END GROUP
START GROUP
LOAD c:/program files (x86)/cypress/psoc creator/4.0/psoc creator/import/gnu/arm/4.9.3/bin/../lib/gcc/arm-none-eabi/4.9.3/armv7-m\libgcc.a
LOAD c:/program files (x86)/cypress/psoc creator/4.0/psoc creator/import/gnu/arm/4.9.3/bin/../lib/gcc/arm-none-eabi/4.9.3/../../../../arm-none-eabi/lib/armv7-m\libc_nano.a
END GROUP
LOAD c:/program files (x86)/cypress/psoc creator/4.0/psoc creator/import/gnu/arm/4.9.3/bin/../lib/gcc/arm-none-eabi/4.9.3/armv7-m/crtend.o
LOAD c:/program files (x86)/cypress/psoc creator/4.0/psoc creator/import/gnu/arm/4.9.3/bin/../lib/gcc/arm-none-eabi/4.9.3/armv7-m/crtn.o
START GROUP
LOAD c:/program files (x86)/cypress/psoc creator/4.0/psoc creator/import/gnu/arm/4.9.3/bin/../lib/gcc/arm-none-eabi/4.9.3/armv7-m\libgcc.a
LOAD c:/program files (x86)/cypress/psoc creator/4.0/psoc creator/import/gnu/arm/4.9.3/bin/../lib/gcc/arm-none-eabi/4.9.3/../../../../arm-none-eabi/lib/armv7-m\libc.a
LOAD c:/program files (x86)/cypress/psoc creator/4.0/psoc creator/import/gnu/arm/4.9.3/bin/../lib/gcc/arm-none-eabi/4.9.3/../../../../arm-none-eabi/lib/armv7-m\libnosys.a
END GROUP
                0x00000000                CY_APPL_ORIGIN = 0x0
                0x00000100                CY_FLASH_ROW_SIZE = 0x100
                0x00000020                CY_ECC_ROW_SIZE = 0x20
                0x00000000                CY_EE_IN_BTLDR = 0x0
                0x00000000                CY_APPL_LOADABLE = 0x0
                0x00000800                CY_EE_SIZE = 0x800
                0x00000001                CY_APPL_NUM = 0x1
                0x00000001                CY_APPL_MAX = 0x1
                0x00000040                CY_METADATA_SIZE = 0x40
                0x00000000                CY_APPL_LOADABLE = 0x0
                0x00000000                CY_CHECKSUM_EXCLUDE_SIZE = ALIGN (0x0, CY_FLASH_ROW_SIZE)
                0x1fff9340                PROVIDE (__cy_heap_start, _end)
                0x00000001                PROVIDE (__cy_region_num, ((__cy_regions_end - __cy_regions) / 0x10))
                0x20008000                PROVIDE (__cy_stack, (ORIGIN (ram) + 0x10000))
                0x20007800                PROVIDE (__cy_heap_end, (__cy_stack - 0x800))

.cybootloader   0x00000000        0x0
 *(.cybootloader)
                0x00000000                appl1_start = CY_APPL_ORIGIN?CY_APPL_ORIGIN:ALIGN (CY_FLASH_ROW_SIZE)
                0x0001ff00                appl2_start = (appl1_start + ALIGN ((((0x40000 - appl1_start) - (0x2 * CY_FLASH_ROW_SIZE)) / 0x2), CY_FLASH_ROW_SIZE))
                0x00000000                appl_start = (CY_APPL_NUM == 0x1)?appl1_start:appl2_start
                0x00000000                ecc_offset = ((appl_start / CY_FLASH_ROW_SIZE) * CY_ECC_ROW_SIZE)
                0x00000000                ee_offset = (CY_APPL_LOADABLE && ! (CY_EE_IN_BTLDR))?((CY_EE_SIZE / CY_APPL_MAX) * (CY_APPL_NUM - 0x1)):0x0
                0x00000800                ee_size = (CY_APPL_LOADABLE && ! (CY_EE_IN_BTLDR))?(CY_EE_SIZE / CY_APPL_MAX):CY_EE_SIZE
                0x00000000                PROVIDE (CY_ECC_OFFSET, ecc_offset)

.text           0x00000000     0x634c
 CREATE_OBJECT_SYMBOLS
                0x00000000                PROVIDE (__cy_interrupt_vector, RomVectors)
 *(.romvectors)
 .romvectors    0x00000000       0x10 .\CortexM3\ARM_GCC_493\Debug\Cm3Start.o
                0x00000000                RomVectors
                0x00000001                ASSERT ((. != __cy_interrupt_vector), No interrupt vector)
                0x00000001                ASSERT (CY_APPL_ORIGIN?(SIZEOF (.cybootloader) <= CY_APPL_ORIGIN):0x1, Wrong image location)
                0x00000010                PROVIDE (__cy_reset, Reset)
 *(.text.Reset)
 .text.Reset    0x00000010       0x18 .\CortexM3\ARM_GCC_493\Debug\Cm3Start.o
                0x00000010                Reset
                0x00000001                ASSERT ((. != __cy_reset), No reset code)
 *(.dma_init)
                0x00000001                ASSERT ((((appl_start + .) <= 0x10000) || 0x1), DMA Init must be within the first 64k of flash)
 *(.text .text.* .gnu.linkonce.t.*)
 .text          0x00000028       0x5c c:/program files (x86)/cypress/psoc creator/4.0/psoc creator/import/gnu/arm/4.9.3/bin/../lib/gcc/arm-none-eabi/4.9.3/armv7-m/crtbegin.o
 .text.Sample_ISR_Handler
                0x00000084       0x14 .\CortexM3\ARM_GCC_493\Debug\main.o
                0x00000084                Sample_ISR_Handler
 .text.SD_SETUP
                0x00000098      0x100 .\CortexM3\ARM_GCC_493\Debug\main.o
                0x00000098                SD_SETUP
 .text.main     0x00000198      0x180 .\CortexM3\ARM_GCC_493\Debug\main.o
                0x00000198                main
 .text.ComputeMA
                0x00000318       0x30 .\CortexM3\ARM_GCC_493\Debug\functions.o
                0x00000318                ComputeMA
 .text.LiquidCrystal_I2C_init
                0x00000348       0x34 .\CortexM3\ARM_GCC_493\Debug\LiquidCrystal_I2C.o
                0x00000348                LiquidCrystal_I2C_init
 .text.I2C_M_write_byte
                0x0000037c       0x18 .\CortexM3\ARM_GCC_493\Debug\LiquidCrystal_I2C.o
                0x0000037c                I2C_M_write_byte
 .text.expanderWrite
                0x00000394       0x1c .\CortexM3\ARM_GCC_493\Debug\LiquidCrystal_I2C.o
                0x00000394                expanderWrite
 .text.pulseEnable
                0x000003b0       0x24 .\CortexM3\ARM_GCC_493\Debug\LiquidCrystal_I2C.o
                0x000003b0                pulseEnable
 .text.write4bits
                0x000003d4       0x10 .\CortexM3\ARM_GCC_493\Debug\LiquidCrystal_I2C.o
                0x000003d4                write4bits
 .text.send     0x000003e4       0x20 .\CortexM3\ARM_GCC_493\Debug\LiquidCrystal_I2C.o
                0x000003e4                send
 .text.command  0x00000404        0xc .\CortexM3\ARM_GCC_493\Debug\LiquidCrystal_I2C.o
                0x00000404                command
 .text.clear    0x00000410       0x10 .\CortexM3\ARM_GCC_493\Debug\LiquidCrystal_I2C.o
                0x00000410                clear
 .text.home     0x00000420       0x10 .\CortexM3\ARM_GCC_493\Debug\LiquidCrystal_I2C.o
                0x00000420                home
 .text.display  0x00000430       0x1c .\CortexM3\ARM_GCC_493\Debug\LiquidCrystal_I2C.o
                0x00000430                display
 .text.write    0x0000044c        0xc .\CortexM3\ARM_GCC_493\Debug\LiquidCrystal_I2C.o
                0x0000044c                write
 .text.LCD_print
                0x00000458       0x20 .\CortexM3\ARM_GCC_493\Debug\LiquidCrystal_I2C.o
                0x00000458                LCD_print
 .text.begin    0x00000478       0xb4 .\CortexM3\ARM_GCC_493\Debug\LiquidCrystal_I2C.o
                0x00000478                begin
 .text.IntDefaultHandler
                0x0000052c       0x10 .\CortexM3\ARM_GCC_493\Debug\Cm3Start.o
                0x0000052c                IntDefaultHandler
 .text._sbrk    0x0000053c       0x30 .\CortexM3\ARM_GCC_493\Debug\Cm3Start.o
                0x0000053c                _sbrk
 .text.Start_c  0x0000056c       0x4c .\CortexM3\ARM_GCC_493\Debug\Cm3Start.o
                0x0000056c                Start_c
 .text.initialize_psoc
                0x000005b8       0x74 .\CortexM3\ARM_GCC_493\Debug\Cm3Start.o
                0x000005b8                initialize_psoc
 .text.CyClockStartupError
                0x0000062c        0x4 .\CortexM3\ARM_GCC_493\Debug\Pressure_Harbor_test.a(cyfitter_cfg.o)
 .text.cfg_write_bytes32
                0x00000630       0x34 .\CortexM3\ARM_GCC_493\Debug\Pressure_Harbor_test.a(cyfitter_cfg.o)
 .text.AnalogSetDefault
                0x00000664       0x3c .\CortexM3\ARM_GCC_493\Debug\Pressure_Harbor_test.a(cyfitter_cfg.o)
 .text.CYMEMZERO
                0x000006a0        0xc .\CortexM3\ARM_GCC_493\Debug\Pressure_Harbor_test.a(cyfitter_cfg.o)
 .text.CYCONFIGCPY
                0x000006ac        0x8 .\CortexM3\ARM_GCC_493\Debug\Pressure_Harbor_test.a(cyfitter_cfg.o)
 .text.ClockSetup
                0x000006b4      0x108 .\CortexM3\ARM_GCC_493\Debug\Pressure_Harbor_test.a(cyfitter_cfg.o)
 .text.ADC_AMux_Set
                0x000007bc       0x1c .\CortexM3\ARM_GCC_493\Debug\Pressure_Harbor_test.a(cyfitter_cfg.o)
                0x000007bc                ADC_AMux_Set
 .text.ADC_AMux_Unset
                0x000007d8       0x1c .\CortexM3\ARM_GCC_493\Debug\Pressure_Harbor_test.a(cyfitter_cfg.o)
                0x000007d8                ADC_AMux_Unset
 .text.cyfitter_cfg
                0x000007f4      0x11c .\CortexM3\ARM_GCC_493\Debug\Pressure_Harbor_test.a(cyfitter_cfg.o)
                0x000007f4                cyfitter_cfg
 .text.ADC_GainCompensation
                0x00000910       0xd0 .\CortexM3\ARM_GCC_493\Debug\Pressure_Harbor_test.a(ADC.o)
 .text.ADC_SetDSMRef0Reg
                0x000009e0       0x4c .\CortexM3\ARM_GCC_493\Debug\Pressure_Harbor_test.a(ADC.o)
 .text.ADC_InitConfig
                0x00000a2c      0x32c .\CortexM3\ARM_GCC_493\Debug\Pressure_Harbor_test.a(ADC.o)
 .text.ADC_Init
                0x00000d58      0x108 .\CortexM3\ARM_GCC_493\Debug\Pressure_Harbor_test.a(ADC.o)
                0x00000d58                ADC_Init
 .text.ADC_Enable
                0x00000e60       0xd8 .\CortexM3\ARM_GCC_493\Debug\Pressure_Harbor_test.a(ADC.o)
                0x00000e60                ADC_Enable
 .text.ADC_Start
                0x00000f38       0x28 .\CortexM3\ARM_GCC_493\Debug\Pressure_Harbor_test.a(ADC.o)
                0x00000f38                ADC_Start
 .text.ADC_StartConvert
                0x00000f60       0x10 .\CortexM3\ARM_GCC_493\Debug\Pressure_Harbor_test.a(ADC.o)
                0x00000f60                ADC_StartConvert
 .text.ADC_IsEndConversion
                0x00000f70       0x30 .\CortexM3\ARM_GCC_493\Debug\Pressure_Harbor_test.a(ADC.o)
                0x00000f70                ADC_IsEndConversion
 .text.ADC_GetResult32
                0x00000fa0       0x6c .\CortexM3\ARM_GCC_493\Debug\Pressure_Harbor_test.a(ADC.o)
                0x00000fa0                ADC_GetResult32
 .text.ADC_ISR1
                0x0000100c        0x4 .\CortexM3\ARM_GCC_493\Debug\Pressure_Harbor_test.a(ADC_INT.o)
                0x0000100c                ADC_ISR1
 .text.ADC_ISR2
                0x00001010        0x4 .\CortexM3\ARM_GCC_493\Debug\Pressure_Harbor_test.a(ADC_INT.o)
                0x00001010                ADC_ISR2
 .text.ADC_ISR3
                0x00001014        0x4 .\CortexM3\ARM_GCC_493\Debug\Pressure_Harbor_test.a(ADC_INT.o)
                0x00001014                ADC_ISR3
 .text.ADC_ISR4
                0x00001018        0x4 .\CortexM3\ARM_GCC_493\Debug\Pressure_Harbor_test.a(ADC_INT.o)
                0x00001018                ADC_ISR4
 .text.Sample_Timer_Enable
                0x0000101c       0x28 .\CortexM3\ARM_GCC_493\Debug\Pressure_Harbor_test.a(Sample_Timer.o)
                0x0000101c                Sample_Timer_Enable
 .text.Sample_Timer_SetInterruptMode
                0x00001044        0xc .\CortexM3\ARM_GCC_493\Debug\Pressure_Harbor_test.a(Sample_Timer.o)
                0x00001044                Sample_Timer_SetInterruptMode
 .text.Sample_Timer_WritePeriod
                0x00001050        0xc .\CortexM3\ARM_GCC_493\Debug\Pressure_Harbor_test.a(Sample_Timer.o)
                0x00001050                Sample_Timer_WritePeriod
 .text.Sample_Timer_WriteCounter
                0x0000105c        0xc .\CortexM3\ARM_GCC_493\Debug\Pressure_Harbor_test.a(Sample_Timer.o)
                0x0000105c                Sample_Timer_WriteCounter
 .text.Sample_Timer_Init
                0x00001068       0x64 .\CortexM3\ARM_GCC_493\Debug\Pressure_Harbor_test.a(Sample_Timer.o)
                0x00001068                Sample_Timer_Init
 .text.Sample_Timer_Start
                0x000010cc       0x1c .\CortexM3\ARM_GCC_493\Debug\Pressure_Harbor_test.a(Sample_Timer.o)
                0x000010cc                Sample_Timer_Start
 .text.Sample_ISR_SetVector
                0x000010e8       0x10 .\CortexM3\ARM_GCC_493\Debug\Pressure_Harbor_test.a(Sample_ISR.o)
                0x000010e8                Sample_ISR_SetVector
 .text.Sample_ISR_SetPriority
                0x000010f8       0x10 .\CortexM3\ARM_GCC_493\Debug\Pressure_Harbor_test.a(Sample_ISR.o)
                0x000010f8                Sample_ISR_SetPriority
 .text.Sample_ISR_Enable
                0x00001108       0x10 .\CortexM3\ARM_GCC_493\Debug\Pressure_Harbor_test.a(Sample_ISR.o)
                0x00001108                Sample_ISR_Enable
 .text.Sample_ISR_Disable
                0x00001118       0x10 .\CortexM3\ARM_GCC_493\Debug\Pressure_Harbor_test.a(Sample_ISR.o)
                0x00001118                Sample_ISR_Disable
 .text.Sample_ISR_StartEx
                0x00001128       0x1c .\CortexM3\ARM_GCC_493\Debug\Pressure_Harbor_test.a(Sample_ISR.o)
                0x00001128                Sample_ISR_StartEx
 .text.UART_Init
                0x00001144       0x28 .\CortexM3\ARM_GCC_493\Debug\Pressure_Harbor_test.a(UART.o)
                0x00001144                UART_Init
 .text.UART_Enable
                0x0000116c       0x3c .\CortexM3\ARM_GCC_493\Debug\Pressure_Harbor_test.a(UART.o)
                0x0000116c                UART_Enable
 .text.UART_Start
                0x000011a8       0x1c .\CortexM3\ARM_GCC_493\Debug\Pressure_Harbor_test.a(UART.o)
                0x000011a8                UART_Start
 .text.I2C_Master_Init
                0x000011c4       0x68 .\CortexM3\ARM_GCC_493\Debug\Pressure_Harbor_test.a(I2C_Master.o)
                0x000011c4                I2C_Master_Init
 .text.I2C_Master_Enable
                0x0000122c       0x24 .\CortexM3\ARM_GCC_493\Debug\Pressure_Harbor_test.a(I2C_Master.o)
                0x0000122c                I2C_Master_Enable
 .text.I2C_Master_Start
                0x00001250       0x28 .\CortexM3\ARM_GCC_493\Debug\Pressure_Harbor_test.a(I2C_Master.o)
                0x00001250                I2C_Master_Start
 .text.I2C_Master_ISR
                0x00001278      0x2cc .\CortexM3\ARM_GCC_493\Debug\Pressure_Harbor_test.a(I2C_Master_INT.o)
                0x00001278                I2C_Master_ISR
 .text.I2C_Master_MasterSendStart
                0x00001544       0x80 .\CortexM3\ARM_GCC_493\Debug\Pressure_Harbor_test.a(I2C_Master_MASTER.o)
                0x00001544                I2C_Master_MasterSendStart
 .text.I2C_Master_MasterSendStop
                0x000015c4       0x38 .\CortexM3\ARM_GCC_493\Debug\Pressure_Harbor_test.a(I2C_Master_MASTER.o)
                0x000015c4                I2C_Master_MasterSendStop
 .text.I2C_Master_MasterWriteByte
                0x000015fc       0x58 .\CortexM3\ARM_GCC_493\Debug\Pressure_Harbor_test.a(I2C_Master_MASTER.o)
                0x000015fc                I2C_Master_MasterWriteByte
 .text.ADC_AMux_Start
                0x00001654       0x20 .\CortexM3\ARM_GCC_493\Debug\Pressure_Harbor_test.a(ADC_AMux.o)
                0x00001654                ADC_AMux_Start
 .text.ADC_AMux_Select
                0x00001674       0x18 .\CortexM3\ARM_GCC_493\Debug\Pressure_Harbor_test.a(ADC_AMux.o)
                0x00001674                ADC_AMux_Select
 .text.ADC_Ext_CP_Clk_GetDividerRegister
                0x0000168c        0xc .\CortexM3\ARM_GCC_493\Debug\Pressure_Harbor_test.a(ADC_Ext_CP_Clk.o)
                0x0000168c                ADC_Ext_CP_Clk_GetDividerRegister
 .text.ADC_Ext_CP_Clk_SetModeRegister
                0x00001698       0x14 .\CortexM3\ARM_GCC_493\Debug\Pressure_Harbor_test.a(ADC_Ext_CP_Clk.o)
                0x00001698                ADC_Ext_CP_Clk_SetModeRegister
 .text.ADC_Ext_CP_Clk_GetSourceRegister
                0x000016ac       0x10 .\CortexM3\ARM_GCC_493\Debug\Pressure_Harbor_test.a(ADC_Ext_CP_Clk.o)
                0x000016ac                ADC_Ext_CP_Clk_GetSourceRegister
 .text.ADC_Ext_CP_Clk_SetDividerRegister
                0x000016bc       0xdc .\CortexM3\ARM_GCC_493\Debug\Pressure_Harbor_test.a(ADC_Ext_CP_Clk.o)
                0x000016bc                ADC_Ext_CP_Clk_SetDividerRegister
 .text.ADC_theACLK_GetDividerRegister
                0x00001798        0xc .\CortexM3\ARM_GCC_493\Debug\Pressure_Harbor_test.a(ADC_theACLK.o)
                0x00001798                ADC_theACLK_GetDividerRegister
 .text.ADC_theACLK_SetModeRegister
                0x000017a4       0x14 .\CortexM3\ARM_GCC_493\Debug\Pressure_Harbor_test.a(ADC_theACLK.o)
                0x000017a4                ADC_theACLK_SetModeRegister
 .text.ADC_theACLK_GetSourceRegister
                0x000017b8       0x10 .\CortexM3\ARM_GCC_493\Debug\Pressure_Harbor_test.a(ADC_theACLK.o)
                0x000017b8                ADC_theACLK_GetSourceRegister
 .text.ADC_theACLK_SetDividerRegister
                0x000017c8       0xd8 .\CortexM3\ARM_GCC_493\Debug\Pressure_Harbor_test.a(ADC_theACLK.o)
                0x000017c8                ADC_theACLK_SetDividerRegister
 .text.UART_IntClock_Start
                0x000018a0       0x1c .\CortexM3\ARM_GCC_493\Debug\Pressure_Harbor_test.a(UART_IntClock.o)
                0x000018a0                UART_IntClock_Start
 .text.CyHalt   0x000018bc        0x4 .\CortexM3\ARM_GCC_493\Debug\Pressure_Harbor_test.a(CyLib.o)
                0x000018bc                CyHalt
 .text.CyDelay  0x000018c0       0x2c .\CortexM3\ARM_GCC_493\Debug\Pressure_Harbor_test.a(CyLib.o)
                0x000018c0                CyDelay
 .text.CyDelayUs
                0x000018ec       0x14 .\CortexM3\ARM_GCC_493\Debug\Pressure_Harbor_test.a(CyLib.o)
                0x000018ec                CyDelayUs
 .text.CyIntSetVector
                0x00001900       0x28 .\CortexM3\ARM_GCC_493\Debug\Pressure_Harbor_test.a(CyLib.o)
                0x00001900                CyIntSetVector
 .text.CyIntSetPriority
                0x00001928       0x30 .\CortexM3\ARM_GCC_493\Debug\Pressure_Harbor_test.a(CyLib.o)
                0x00001928                CyIntSetPriority
 .text          0x00001958       0x20 .\CortexM3\ARM_GCC_493\Debug\Pressure_Harbor_test.a(CyBootAsmGnu.o)
                0x00001958                CyDelayCycles
                0x00001968                CyEnterCriticalSection
                0x00001970                CyExitCriticalSection
 .text.FS__SD_Format
                0x00001978      0x26c ..\emFile_V322c\LinkLibrary\PSoC5\GCC\libemf32nosnlfn.a(FAT_FormatSD.o)
                0x00001978                FS__SD_Format
 .text.FS_FormatSD
                0x00001be4       0x10 ..\emFile_V322c\LinkLibrary\PSoC5\GCC\libemf32nosnlfn.a(FAT_FormatSD.o)
                0x00001be4                FS_FormatSD
 .text._ClusterId2FATOff
                0x00001bf4       0x18 ..\emFile_V322c\LinkLibrary\PSoC5\GCC\libemf32nosnlfn.a(FAT_Misc.o)
 .text._CalcLogClusterPos
                0x00001c0c        0xe ..\emFile_V322c\LinkLibrary\PSoC5\GCC\libemf32nosnlfn.a(FAT_Misc.o)
 .text._ReadFromFreeClusterCache
                0x00001c1a       0x46 ..\emFile_V322c\LinkLibrary\PSoC5\GCC\libemf32nosnlfn.a(FAT_Misc.o)
 .text.FS_FAT_GetFATType
                0x00001c60       0x1a ..\emFile_V322c\LinkLibrary\PSoC5\GCC\libemf32nosnlfn.a(FAT_Misc.o)
                0x00001c60                FS_FAT_GetFATType
 .text.FS_FAT_ClusterId2SectorNo
                0x00001c7a        0xc ..\emFile_V322c\LinkLibrary\PSoC5\GCC\libemf32nosnlfn.a(FAT_Misc.o)
                0x00001c7a                FS_FAT_ClusterId2SectorNo
 .text.FS_FAT_IsValidShortNameChar
                0x00001c86       0x34 ..\emFile_V322c\LinkLibrary\PSoC5\GCC\libemf32nosnlfn.a(FAT_Misc.o)
                0x00001c86                FS_FAT_IsValidShortNameChar
 .text.FS_FAT_CopyShortName
                0x00001cba       0x56 ..\emFile_V322c\LinkLibrary\PSoC5\GCC\libemf32nosnlfn.a(FAT_Misc.o)
                0x00001cba                FS_FAT_CopyShortName
 .text._SFN_CreateDirEntry
                0x00001d10       0x5a ..\emFile_V322c\LinkLibrary\PSoC5\GCC\libemf32nosnlfn.a(FAT_Misc.o)
 .text._SFN_FindDirEntry
                0x00001d6a       0x10 ..\emFile_V322c\LinkLibrary\PSoC5\GCC\libemf32nosnlfn.a(FAT_Misc.o)
 *fill*         0x00001d7a        0x2 
 .text.FS_FAT_FindDirEntry
                0x00001d7c       0x60 ..\emFile_V322c\LinkLibrary\PSoC5\GCC\libemf32nosnlfn.a(FAT_Misc.o)
                0x00001d7c                FS_FAT_FindDirEntry
 .text.FS_FAT_CopyDirEntryInfo
                0x00001ddc       0x50 ..\emFile_V322c\LinkLibrary\PSoC5\GCC\libemf32nosnlfn.a(FAT_Misc.o)
                0x00001ddc                FS_FAT_CopyDirEntryInfo
 .text._SFN_ReadDirEntryInfo
                0x00001e2c       0x6e ..\emFile_V322c\LinkLibrary\PSoC5\GCC\libemf32nosnlfn.a(FAT_Misc.o)
 .text._SetFATSector
                0x00001e9a        0x6 ..\emFile_V322c\LinkLibrary\PSoC5\GCC\libemf32nosnlfn.a(FAT_Misc.o)
 .text.FS_FAT_ReadFATEntry
                0x00001ea0       0xb2 ..\emFile_V322c\LinkLibrary\PSoC5\GCC\libemf32nosnlfn.a(FAT_Misc.o)
                0x00001ea0                FS_FAT_ReadFATEntry
 *fill*         0x00001f52        0x2 
 .text.FS_FAT_GetNumAdjClustersInChain
                0x00001f54       0x64 ..\emFile_V322c\LinkLibrary\PSoC5\GCC\libemf32nosnlfn.a(FAT_Misc.o)
                0x00001f54                FS_FAT_GetNumAdjClustersInChain
 .text.FS_FAT_WalkClusterEx
                0x00001fb8       0x5c ..\emFile_V322c\LinkLibrary\PSoC5\GCC\libemf32nosnlfn.a(FAT_Misc.o)
                0x00001fb8                FS_FAT_WalkClusterEx
 .text.FS_FAT_GotoCluster
                0x00002014       0x88 ..\emFile_V322c\LinkLibrary\PSoC5\GCC\libemf32nosnlfn.a(FAT_Misc.o)
                0x00002014                FS_FAT_GotoCluster
 .text.FS_FAT_WalkCluster
                0x0000209c       0x18 ..\emFile_V322c\LinkLibrary\PSoC5\GCC\libemf32nosnlfn.a(FAT_Misc.o)
                0x0000209c                FS_FAT_WalkCluster
 .text.FS_FAT_FindLastCluster
                0x000020b4       0x34 ..\emFile_V322c\LinkLibrary\PSoC5\GCC\libemf32nosnlfn.a(FAT_Misc.o)
                0x000020b4                FS_FAT_FindLastCluster
 .text._WriteFATEntry
                0x000020e8      0x18e ..\emFile_V322c\LinkLibrary\PSoC5\GCC\libemf32nosnlfn.a(FAT_Misc.o)
 .text.FS_FAT_MarkClusterEOC
                0x00002276        0x8 ..\emFile_V322c\LinkLibrary\PSoC5\GCC\libemf32nosnlfn.a(FAT_Misc.o)
                0x00002276                FS_FAT_MarkClusterEOC
 .text.FS_FAT_SyncFAT
                0x0000227e       0x3c ..\emFile_V322c\LinkLibrary\PSoC5\GCC\libemf32nosnlfn.a(FAT_Misc.o)
                0x0000227e                FS_FAT_SyncFAT
 .text.FS_FAT_LinkCluster
                0x000022ba       0x1c ..\emFile_V322c\LinkLibrary\PSoC5\GCC\libemf32nosnlfn.a(FAT_Misc.o)
                0x000022ba                FS_FAT_LinkCluster
 *fill*         0x000022d6        0x2 
 .text._CalcFreeClusterCnt
                0x000022d8       0x88 ..\emFile_V322c\LinkLibrary\PSoC5\GCC\libemf32nosnlfn.a(FAT_Misc.o)
 .text.FS_FAT_FindFreeCluster
                0x00002360       0xa8 ..\emFile_V322c\LinkLibrary\PSoC5\GCC\libemf32nosnlfn.a(FAT_Misc.o)
                0x00002360                FS_FAT_FindFreeCluster
 .text.FS_FAT_AllocCluster
                0x00002408       0x20 ..\emFile_V322c\LinkLibrary\PSoC5\GCC\libemf32nosnlfn.a(FAT_Misc.o)
                0x00002408                FS_FAT_AllocCluster
 .text._WriteEmptyFATSectors
                0x00002428       0x3c ..\emFile_V322c\LinkLibrary\PSoC5\GCC\libemf32nosnlfn.a(FAT_Misc.o)
 .text.FS_FAT_FreeClusterChain
                0x00002464       0xe0 ..\emFile_V322c\LinkLibrary\PSoC5\GCC\libemf32nosnlfn.a(FAT_Misc.o)
                0x00002464                FS_FAT_FreeClusterChain
 .text.FS_FAT_CheckBPB
                0x00002544      0x1cc ..\emFile_V322c\LinkLibrary\PSoC5\GCC\libemf32nosnlfn.a(FAT_Misc.o)
                0x00002544                FS_FAT_CheckBPB
 .text.FS_FAT_InitDirEntryScan
                0x00002710       0x14 ..\emFile_V322c\LinkLibrary\PSoC5\GCC\libemf32nosnlfn.a(FAT_Open.o)
                0x00002710                FS_FAT_InitDirEntryScan
 .text.FS_FAT_IncDirPos
                0x00002724        0x8 ..\emFile_V322c\LinkLibrary\PSoC5\GCC\libemf32nosnlfn.a(FAT_Open.o)
                0x00002724                FS_FAT_IncDirPos
 .text._CopyDirText
                0x0000272c       0x44 ..\emFile_V322c\LinkLibrary\PSoC5\GCC\libemf32nosnlfn.a(FAT_Open.o)
 .text.FS_FAT_Make83Name
                0x00002770       0xb0 ..\emFile_V322c\LinkLibrary\PSoC5\GCC\libemf32nosnlfn.a(FAT_Open.o)
                0x00002770                FS_FAT_Make83Name
 .text.FS_FAT_GetDirEntry
                0x00002820       0xb2 ..\emFile_V322c\LinkLibrary\PSoC5\GCC\libemf32nosnlfn.a(FAT_Open.o)
                0x00002820                FS_FAT_GetDirEntry
 .text.FS_FAT_FindDirEntryShortEx
                0x000028d2       0x5a ..\emFile_V322c\LinkLibrary\PSoC5\GCC\libemf32nosnlfn.a(FAT_Open.o)
                0x000028d2                FS_FAT_FindDirEntryShortEx
 .text.FS_FAT_FindDirEntryShort
                0x0000292c       0x36 ..\emFile_V322c\LinkLibrary\PSoC5\GCC\libemf32nosnlfn.a(FAT_Open.o)
                0x0000292c                FS_FAT_FindDirEntryShort
 .text.FS_FAT_FindEmptyDirEntry
                0x00002962       0xb0 ..\emFile_V322c\LinkLibrary\PSoC5\GCC\libemf32nosnlfn.a(FAT_Open.o)
                0x00002962                FS_FAT_FindEmptyDirEntry
 .text.FS_FAT_GetFirstCluster
                0x00002a12       0x1a ..\emFile_V322c\LinkLibrary\PSoC5\GCC\libemf32nosnlfn.a(FAT_Open.o)
                0x00002a12                FS_FAT_GetFirstCluster
 .text.FS_FAT_FindPath
                0x00002a2c       0x7a ..\emFile_V322c\LinkLibrary\PSoC5\GCC\libemf32nosnlfn.a(FAT_Open.o)
                0x00002a2c                FS_FAT_FindPath
 .text.FS_FAT_DeleteFileOrDir
                0x00002aa6       0x48 ..\emFile_V322c\LinkLibrary\PSoC5\GCC\libemf32nosnlfn.a(FAT_Open.o)
                0x00002aa6                FS_FAT_DeleteFileOrDir
 *fill*         0x00002aee        0x2 
 .text.FS_FAT_Open
                0x00002af0      0x1dc ..\emFile_V322c\LinkLibrary\PSoC5\GCC\libemf32nosnlfn.a(FAT_Open.o)
                0x00002af0                FS_FAT_Open
 .text.FS_FAT_WriteDirEntryCluster
                0x00002ccc       0x1c ..\emFile_V322c\LinkLibrary\PSoC5\GCC\libemf32nosnlfn.a(FAT_Open.o)
                0x00002ccc                FS_FAT_WriteDirEntryCluster
 .text.FS_FAT_WriteDirEntry83
                0x00002ce8       0x6c ..\emFile_V322c\LinkLibrary\PSoC5\GCC\libemf32nosnlfn.a(FAT_Open.o)
                0x00002ce8                FS_FAT_WriteDirEntry83
 .text._WriteBurst
                0x00002d54       0x24 ..\emFile_V322c\LinkLibrary\PSoC5\GCC\libemf32nosnlfn.a(FAT_Write.o)
 .text.FS_FAT_GotoClusterAllocIfReq
                0x00002d78       0xa8 ..\emFile_V322c\LinkLibrary\PSoC5\GCC\libemf32nosnlfn.a(FAT_Write.o)
                0x00002d78                FS_FAT_GotoClusterAllocIfReq
 .text.FS_FAT_UpdateDirEntry
                0x00002e20       0x68 ..\emFile_V322c\LinkLibrary\PSoC5\GCC\libemf32nosnlfn.a(FAT_Write.o)
                0x00002e20                FS_FAT_UpdateDirEntry
 .text.FS_FAT_Write
                0x00002e88      0x1c8 ..\emFile_V322c\LinkLibrary\PSoC5\GCC\libemf32nosnlfn.a(FAT_Write.o)
                0x00002e88                FS_FAT_Write
 .text.FS__CLIB_memcmp
                0x00003050       0x20 ..\emFile_V322c\LinkLibrary\PSoC5\GCC\libemf32nosnlfn.a(FS_CLib.o)
                0x00003050                FS__CLIB_memcmp
 .text.FS__CLIB_memset
                0x00003070       0x6c ..\emFile_V322c\LinkLibrary\PSoC5\GCC\libemf32nosnlfn.a(FS_CLib.o)
                0x00003070                FS__CLIB_memset
 .text.FS__CLIB_strcmp
                0x000030dc       0x1a ..\emFile_V322c\LinkLibrary\PSoC5\GCC\libemf32nosnlfn.a(FS_CLib.o)
                0x000030dc                FS__CLIB_strcmp
 .text.FS__CLIB_strlen
                0x000030f6       0x10 ..\emFile_V322c\LinkLibrary\PSoC5\GCC\libemf32nosnlfn.a(FS_CLib.o)
                0x000030f6                FS__CLIB_strlen
 .text.FS__CLIB_strncmp
                0x00003106       0x26 ..\emFile_V322c\LinkLibrary\PSoC5\GCC\libemf32nosnlfn.a(FS_CLib.o)
                0x00003106                FS__CLIB_strncmp
 .text.FS__CLIB_strncpy
                0x0000312c       0x2e ..\emFile_V322c\LinkLibrary\PSoC5\GCC\libemf32nosnlfn.a(FS_CLib.o)
                0x0000312c                FS__CLIB_strncpy
 .text.FS__CLIB_toupper
                0x0000315a        0xe ..\emFile_V322c\LinkLibrary\PSoC5\GCC\libemf32nosnlfn.a(FS_CLib.o)
                0x0000315a                FS__CLIB_toupper
 .text.FS__DivideU32Up
                0x00003168        0xa ..\emFile_V322c\LinkLibrary\PSoC5\GCC\libemf32nosnlfn.a(FS_Core.o)
                0x00003168                FS__DivideU32Up
 .text.FS__strchr
                0x00003172       0x14 ..\emFile_V322c\LinkLibrary\PSoC5\GCC\libemf32nosnlfn.a(FS_Core.o)
                0x00003172                FS__strchr
 .text.FS_LoadU32BE
                0x00003186       0x18 ..\emFile_V322c\LinkLibrary\PSoC5\GCC\libemf32nosnlfn.a(FS_Core.o)
                0x00003186                FS_LoadU32BE
 .text.FS_LoadU32LE
                0x0000319e       0x16 ..\emFile_V322c\LinkLibrary\PSoC5\GCC\libemf32nosnlfn.a(FS_Core.o)
                0x0000319e                FS_LoadU32LE
 .text.FS_StoreU32LE
                0x000031b4       0x14 ..\emFile_V322c\LinkLibrary\PSoC5\GCC\libemf32nosnlfn.a(FS_Core.o)
                0x000031b4                FS_StoreU32LE
 .text.FS_StoreU16LE
                0x000031c8        0x8 ..\emFile_V322c\LinkLibrary\PSoC5\GCC\libemf32nosnlfn.a(FS_Core.o)
                0x000031c8                FS_StoreU16LE
 .text.FS_LoadU16LE
                0x000031d0        0xa ..\emFile_V322c\LinkLibrary\PSoC5\GCC\libemf32nosnlfn.a(FS_Core.o)
                0x000031d0                FS_LoadU16LE
 *fill*         0x000031da        0x2 
 .text._Alloc   0x000031dc       0x30 ..\emFile_V322c\LinkLibrary\PSoC5\GCC\libemf32nosnlfn.a(FS_Core.o)
 .text.FS_Alloc
                0x0000320c        0xc ..\emFile_V322c\LinkLibrary\PSoC5\GCC\libemf32nosnlfn.a(FS_Core.o)
                0x0000320c                FS_Alloc
 .text.FS_TryAlloc
                0x00003218        0x4 ..\emFile_V322c\LinkLibrary\PSoC5\GCC\libemf32nosnlfn.a(FS_Core.o)
                0x00003218                FS_TryAlloc
 .text.FS_Free  0x0000321c       0x1c ..\emFile_V322c\LinkLibrary\PSoC5\GCC\libemf32nosnlfn.a(FS_Core.o)
                0x0000321c                FS_Free
 .text.FS_AssignMemory
                0x00003238        0xc ..\emFile_V322c\LinkLibrary\PSoC5\GCC\libemf32nosnlfn.a(FS_Core.o)
                0x00003238                FS_AssignMemory
 .text.FS_AllocZeroed
                0x00003244       0x16 ..\emFile_V322c\LinkLibrary\PSoC5\GCC\libemf32nosnlfn.a(FS_Core.o)
                0x00003244                FS_AllocZeroed
 *fill*         0x0000325a        0x2 
 .text.FS_STORAGE_Init
                0x0000325c       0x28 ..\emFile_V322c\LinkLibrary\PSoC5\GCC\libemf32nosnlfn.a(FS_Core.o)
                0x0000325c                FS_STORAGE_Init
 .text._ClrBusyLED
                0x00003284        0xc ..\emFile_V322c\LinkLibrary\PSoC5\GCC\libemf32nosnlfn.a(FS_LogBlock.o)
 .text._SetBusyLED
                0x00003290        0xc ..\emFile_V322c\LinkLibrary\PSoC5\GCC\libemf32nosnlfn.a(FS_LogBlock.o)
 .text._Read    0x0000329c        0xc ..\emFile_V322c\LinkLibrary\PSoC5\GCC\libemf32nosnlfn.a(FS_LogBlock.o)
 .text._Write   0x000032a8       0x12 ..\emFile_V322c\LinkLibrary\PSoC5\GCC\libemf32nosnlfn.a(FS_LogBlock.o)
 .text.FS_LB_GetStatus
                0x000032ba        0xc ..\emFile_V322c\LinkLibrary\PSoC5\GCC\libemf32nosnlfn.a(FS_LogBlock.o)
                0x000032ba                FS_LB_GetStatus
 .text.FS_LB_InitMedium
                0x000032c6       0x1a ..\emFile_V322c\LinkLibrary\PSoC5\GCC\libemf32nosnlfn.a(FS_LogBlock.o)
                0x000032c6                FS_LB_InitMedium
 .text.FS_LB_InitMediumIfRequired
                0x000032e0       0x10 ..\emFile_V322c\LinkLibrary\PSoC5\GCC\libemf32nosnlfn.a(FS_LogBlock.o)
                0x000032e0                FS_LB_InitMediumIfRequired
 .text.FS_LB_ReadDevice
                0x000032f0       0x2e ..\emFile_V322c\LinkLibrary\PSoC5\GCC\libemf32nosnlfn.a(FS_LogBlock.o)
                0x000032f0                FS_LB_ReadDevice
 .text.FS_LB_ReadPart
                0x0000331e        0xe ..\emFile_V322c\LinkLibrary\PSoC5\GCC\libemf32nosnlfn.a(FS_LogBlock.o)
                0x0000331e                FS_LB_ReadPart
 .text.FS_LB_WriteBurst
                0x0000332c       0x30 ..\emFile_V322c\LinkLibrary\PSoC5\GCC\libemf32nosnlfn.a(FS_LogBlock.o)
                0x0000332c                FS_LB_WriteBurst
 .text.FS_LB_WriteBurstPart
                0x0000335c       0x14 ..\emFile_V322c\LinkLibrary\PSoC5\GCC\libemf32nosnlfn.a(FS_LogBlock.o)
                0x0000335c                FS_LB_WriteBurstPart
 .text.FS_LB_WriteMultiple
                0x00003370       0x30 ..\emFile_V322c\LinkLibrary\PSoC5\GCC\libemf32nosnlfn.a(FS_LogBlock.o)
                0x00003370                FS_LB_WriteMultiple
 .text.FS_LB_WriteMultiplePart
                0x000033a0       0x14 ..\emFile_V322c\LinkLibrary\PSoC5\GCC\libemf32nosnlfn.a(FS_LogBlock.o)
                0x000033a0                FS_LB_WriteMultiplePart
 .text.FS_LB_WriteDevice
                0x000033b4       0x36 ..\emFile_V322c\LinkLibrary\PSoC5\GCC\libemf32nosnlfn.a(FS_LogBlock.o)
                0x000033b4                FS_LB_WriteDevice
 .text.FS_LB_WritePart
                0x000033ea        0xe ..\emFile_V322c\LinkLibrary\PSoC5\GCC\libemf32nosnlfn.a(FS_LogBlock.o)
                0x000033ea                FS_LB_WritePart
 .text.FS_GetSectorSize
                0x000033f8       0x28 ..\emFile_V322c\LinkLibrary\PSoC5\GCC\libemf32nosnlfn.a(FS_LogBlock.o)
                0x000033f8                FS_GetSectorSize
 .text.FS_LB_GetDeviceInfo
                0x00003420       0x26 ..\emFile_V322c\LinkLibrary\PSoC5\GCC\libemf32nosnlfn.a(FS_LogBlock.o)
                0x00003420                FS_LB_GetDeviceInfo
 .text.FS_memcpy
                0x00003446      0x120 ..\emFile_V322c\LinkLibrary\PSoC5\GCC\libemf32nosnlfn.a(FS_memcpy.o)
                0x00003446                FS_memcpy
 *fill*         0x00003566        0x2 
 .text.FS__AllocSectorBuffer
                0x00003568       0x2c ..\emFile_V322c\LinkLibrary\PSoC5\GCC\libemf32nosnlfn.a(FS_Misc.o)
                0x00003568                FS__AllocSectorBuffer
 .text.FS__FreeSectorBuffer
                0x00003594       0x28 ..\emFile_V322c\LinkLibrary\PSoC5\GCC\libemf32nosnlfn.a(FS_Misc.o)
                0x00003594                FS__FreeSectorBuffer
 .text.FS__SB_MarkDirty
                0x000035bc        0x6 ..\emFile_V322c\LinkLibrary\PSoC5\GCC\libemf32nosnlfn.a(FS_Misc.o)
                0x000035bc                FS__SB_MarkDirty
 .text.FS__SB_MarkNotDirty
                0x000035c2        0x6 ..\emFile_V322c\LinkLibrary\PSoC5\GCC\libemf32nosnlfn.a(FS_Misc.o)
                0x000035c2                FS__SB_MarkNotDirty
 .text.FS__FreeFileHandle
                0x000035c8        0xa ..\emFile_V322c\LinkLibrary\PSoC5\GCC\libemf32nosnlfn.a(FS_Misc.o)
                0x000035c8                FS__FreeFileHandle
 .text.FS__FreeFileObj
                0x000035d2        0xc ..\emFile_V322c\LinkLibrary\PSoC5\GCC\libemf32nosnlfn.a(FS_Misc.o)
                0x000035d2                FS__FreeFileObj
 *fill*         0x000035de        0x2 
 .text.FS_Init  0x000035e0       0x58 ..\emFile_V322c\LinkLibrary\PSoC5\GCC\libemf32nosnlfn.a(FS_Misc.o)
                0x000035e0                FS_Init
 .text.FS__SB_Create
                0x00003638       0x28 ..\emFile_V322c\LinkLibrary\PSoC5\GCC\libemf32nosnlfn.a(FS_Misc.o)
                0x00003638                FS__SB_Create
 .text.FS__AllocFileObj
                0x00003660       0x48 ..\emFile_V322c\LinkLibrary\PSoC5\GCC\libemf32nosnlfn.a(FS_Misc.o)
                0x00003660                FS__AllocFileObj
 .text.FS__AllocFileHandle
                0x000036a8       0x40 ..\emFile_V322c\LinkLibrary\PSoC5\GCC\libemf32nosnlfn.a(FS_Misc.o)
                0x000036a8                FS__AllocFileHandle
 .text.FS__OpenEx
                0x000036e8       0x58 ..\emFile_V322c\LinkLibrary\PSoC5\GCC\libemf32nosnlfn.a(FS_Misc.o)
                0x000036e8                FS__OpenEx
 .text.FS__FOpenEx
                0x00003740       0x56 ..\emFile_V322c\LinkLibrary\PSoC5\GCC\libemf32nosnlfn.a(FS_Misc.o)
                0x00003740                FS__FOpenEx
 *fill*         0x00003796        0x2 
 .text.FS__FOpen
                0x00003798       0x48 ..\emFile_V322c\LinkLibrary\PSoC5\GCC\libemf32nosnlfn.a(FS_Misc.o)
                0x00003798                FS__FOpen
 .text.FS_FOpen
                0x000037e0        0x4 ..\emFile_V322c\LinkLibrary\PSoC5\GCC\libemf32nosnlfn.a(FS_Misc.o)
                0x000037e0                FS_FOpen
 .text.FS__SB_Write
                0x000037e4       0x24 ..\emFile_V322c\LinkLibrary\PSoC5\GCC\libemf32nosnlfn.a(FS_Misc.o)
                0x000037e4                FS__SB_Write
 .text._SB_Clean
                0x00003808       0x24 ..\emFile_V322c\LinkLibrary\PSoC5\GCC\libemf32nosnlfn.a(FS_Misc.o)
 .text.FS__SB_SetSector
                0x0000382c       0x20 ..\emFile_V322c\LinkLibrary\PSoC5\GCC\libemf32nosnlfn.a(FS_Misc.o)
                0x0000382c                FS__SB_SetSector
 .text.FS__SB_Clean
                0x0000384c        0x4 ..\emFile_V322c\LinkLibrary\PSoC5\GCC\libemf32nosnlfn.a(FS_Misc.o)
                0x0000384c                FS__SB_Clean
 .text.FS__SB_Delete
                0x00003850       0x12 ..\emFile_V322c\LinkLibrary\PSoC5\GCC\libemf32nosnlfn.a(FS_Misc.o)
                0x00003850                FS__SB_Delete
 .text.FS__SB_Flush
                0x00003862        0x8 ..\emFile_V322c\LinkLibrary\PSoC5\GCC\libemf32nosnlfn.a(FS_Misc.o)
                0x00003862                FS__SB_Flush
 .text.FS__SB_Read
                0x0000386a       0x2a ..\emFile_V322c\LinkLibrary\PSoC5\GCC\libemf32nosnlfn.a(FS_Misc.o)
                0x0000386a                FS__SB_Read
 .text.FS__AddPhysDevice
                0x00003894       0x10 ..\emFile_V322c\LinkLibrary\PSoC5\GCC\libemf32nosnlfn.a(FS_Storage.o)
                0x00003894                FS__AddPhysDevice
 .text.FS_GetVolumeName
                0x000038a4       0x60 ..\emFile_V322c\LinkLibrary\PSoC5\GCC\libemf32nosnlfn.a(FS_Storage.o)
                0x000038a4                FS_GetVolumeName
 .text.FS__FindVolume
                0x00003904       0x78 ..\emFile_V322c\LinkLibrary\PSoC5\GCC\libemf32nosnlfn.a(FS_Storage.o)
                0x00003904                FS__FindVolume
 .text.FS__AddDevice
                0x0000397c       0x68 ..\emFile_V322c\LinkLibrary\PSoC5\GCC\libemf32nosnlfn.a(FS_Storage.o)
                0x0000397c                FS__AddDevice
 .text.FS_AddDevice
                0x000039e4        0x4 ..\emFile_V322c\LinkLibrary\PSoC5\GCC\libemf32nosnlfn.a(FS_Storage.o)
                0x000039e4                FS_AddDevice
 .text._Mount   0x000039e8       0x2e ..\emFile_V322c\LinkLibrary\PSoC5\GCC\libemf32nosnlfn.a(FS_Volume.o)
 .text.FS__AutoMount
                0x00003a16       0x14 ..\emFile_V322c\LinkLibrary\PSoC5\GCC\libemf32nosnlfn.a(FS_Volume.o)
                0x00003a16                FS__AutoMount
 .text.FS__MountNL
                0x00003a2a       0x20 ..\emFile_V322c\LinkLibrary\PSoC5\GCC\libemf32nosnlfn.a(FS_Volume.o)
                0x00003a2a                FS__MountNL
 .text.FS__Mount
                0x00003a4a        0x4 ..\emFile_V322c\LinkLibrary\PSoC5\GCC\libemf32nosnlfn.a(FS_Volume.o)
                0x00003a4a                FS__Mount
 .text.FS_Mount
                0x00003a4e       0x18 ..\emFile_V322c\LinkLibrary\PSoC5\GCC\libemf32nosnlfn.a(FS_Volume.o)
                0x00003a4e                FS_Mount
 .text.FS__Write
                0x00003a66       0x3a ..\emFile_V322c\LinkLibrary\PSoC5\GCC\libemf32nosnlfn.a(FS_Write.o)
                0x00003a66                FS__Write
 .text.FS_Write
                0x00003aa0        0x4 ..\emFile_V322c\LinkLibrary\PSoC5\GCC\libemf32nosnlfn.a(FS_Write.o)
                0x00003aa0                FS_Write
 .text.T.32     0x00003aa4      0x400 ..\emFile_V322c\LinkLibrary\PSoC5\GCC\libemf32nosnlfn.a(FAT_Format.o)
 .text._AutoFormat
                0x00003ea4       0x7c ..\emFile_V322c\LinkLibrary\PSoC5\GCC\libemf32nosnlfn.a(FAT_Format.o)
 .text.FS_FAT_FormatEx
                0x00003f20       0x74 ..\emFile_V322c\LinkLibrary\PSoC5\GCC\libemf32nosnlfn.a(FAT_Format.o)
                0x00003f20                FS_FAT_FormatEx
 .text._IsBPB   0x00003f94       0x1e ..\emFile_V322c\LinkLibrary\PSoC5\GCC\libemf32nosnlfn.a(FS_Partition.o)
 .text._HasSignature
                0x00003fb2       0x18 ..\emFile_V322c\LinkLibrary\PSoC5\GCC\libemf32nosnlfn.a(FS_Partition.o)
 .text._GetPartitionStartSector
                0x00003fca        0xc ..\emFile_V322c\LinkLibrary\PSoC5\GCC\libemf32nosnlfn.a(FS_Partition.o)
 .text.FS__GetMediaStartSecEx
                0x00003fd6       0x6e ..\emFile_V322c\LinkLibrary\PSoC5\GCC\libemf32nosnlfn.a(FS_Partition.o)
                0x00003fd6                FS__GetMediaStartSecEx
 .text.FS__LocatePartition
                0x00004044       0x44 ..\emFile_V322c\LinkLibrary\PSoC5\GCC\libemf32nosnlfn.a(FS_Partition.o)
                0x00004044                FS__LocatePartition
 .text.FS_X_AddDevices
                0x00004088       0x1c .\CortexM3\ARM_GCC_493\Debug\Pressure_Harbor_test.a(emFile_ConfigMMC_SPI.o)
                0x00004088                FS_X_AddDevices
 .text.FS_X_GetTimeDate
                0x000040a4        0x8 .\CortexM3\ARM_GCC_493\Debug\Pressure_Harbor_test.a(emFile_ConfigMMC_SPI.o)
                0x000040a4                FS_X_GetTimeDate
 .text._CalcDataCRC16Dummy
                0x000040ac        0x6 ..\emFile_V322c\LinkLibrary\PSoC5\GCC\libemf32nosnlfn.a(MMC_Drv.o)
 *fill*         0x000040b2        0x2 
 .text._MMC_GetNumUnits
                0x000040b4        0xc ..\emFile_V322c\LinkLibrary\PSoC5\GCC\libemf32nosnlfn.a(MMC_Drv.o)
 .text._MMC_GetDriverName
                0x000040c0        0x8 ..\emFile_V322c\LinkLibrary\PSoC5\GCC\libemf32nosnlfn.a(MMC_Drv.o)
 .text._MMC_GetStatus
                0x000040c8        0x4 ..\emFile_V322c\LinkLibrary\PSoC5\GCC\libemf32nosnlfn.a(MMC_Drv.o)
 .text._CheckR1
                0x000040cc       0x38 ..\emFile_V322c\LinkLibrary\PSoC5\GCC\libemf32nosnlfn.a(MMC_Drv.o)
 .text._WaitToGetReady
                0x00004104       0x26 ..\emFile_V322c\LinkLibrary\PSoC5\GCC\libemf32nosnlfn.a(MMC_Drv.o)
 .text._SendEmptyCycles
                0x0000412a       0x24 ..\emFile_V322c\LinkLibrary\PSoC5\GCC\libemf32nosnlfn.a(MMC_Drv.o)
 *fill*         0x0000414e        0x2 
 .text._MMC_AddDevice
                0x00004150       0x2c ..\emFile_V322c\LinkLibrary\PSoC5\GCC\libemf32nosnlfn.a(MMC_Drv.o)
 .text.T.53     0x0000417c       0x14 ..\emFile_V322c\LinkLibrary\PSoC5\GCC\libemf32nosnlfn.a(MMC_Drv.o)
 .text._GetFromCSD
                0x00004190       0x34 ..\emFile_V322c\LinkLibrary\PSoC5\GCC\libemf32nosnlfn.a(MMC_Drv.o)
 .text._ExecCmdR1
                0x000041c4       0x98 ..\emFile_V322c\LinkLibrary\PSoC5\GCC\libemf32nosnlfn.a(MMC_Drv.o)
 .text._ReadCSD
                0x0000425c       0x86 ..\emFile_V322c\LinkLibrary\PSoC5\GCC\libemf32nosnlfn.a(MMC_Drv.o)
 *fill*         0x000042e2        0x2 
 .text._MMC_Read
                0x000042e4      0x130 ..\emFile_V322c\LinkLibrary\PSoC5\GCC\libemf32nosnlfn.a(MMC_Drv.o)
 .text._MMC_Write
                0x00004414      0x13c ..\emFile_V322c\LinkLibrary\PSoC5\GCC\libemf32nosnlfn.a(MMC_Drv.o)
 .text._ApplyCSD
                0x00004550      0x228 ..\emFile_V322c\LinkLibrary\PSoC5\GCC\libemf32nosnlfn.a(MMC_Drv.o)
 .text._MMC_Init
                0x00004778      0x1c0 ..\emFile_V322c\LinkLibrary\PSoC5\GCC\libemf32nosnlfn.a(MMC_Drv.o)
 .text._MMC_InitMedium
                0x00004938       0x28 ..\emFile_V322c\LinkLibrary\PSoC5\GCC\libemf32nosnlfn.a(MMC_Drv.o)
 .text._MMC_IoCtl
                0x00004960       0x60 ..\emFile_V322c\LinkLibrary\PSoC5\GCC\libemf32nosnlfn.a(MMC_Drv.o)
 .text.emFile_Init
                0x000049c0       0x4c .\CortexM3\ARM_GCC_493\Debug\Pressure_Harbor_test.a(emFile_MMC_HW_SPI.o)
 .text.emFile_ReadWriteSPI
                0x00004a0c       0x30 .\CortexM3\ARM_GCC_493\Debug\Pressure_Harbor_test.a(emFile_MMC_HW_SPI.o)
 .text.FS_MMC_HW_X_EnableCS
                0x00004a3c       0x14 .\CortexM3\ARM_GCC_493\Debug\Pressure_Harbor_test.a(emFile_MMC_HW_SPI.o)
                0x00004a3c                FS_MMC_HW_X_EnableCS
 .text.FS_MMC_HW_X_DisableCS
                0x00004a50       0x14 .\CortexM3\ARM_GCC_493\Debug\Pressure_Harbor_test.a(emFile_MMC_HW_SPI.o)
                0x00004a50                FS_MMC_HW_X_DisableCS
 .text.FS_MMC_HW_X_IsWriteProtected
                0x00004a64        0x4 .\CortexM3\ARM_GCC_493\Debug\Pressure_Harbor_test.a(emFile_MMC_HW_SPI.o)
                0x00004a64                FS_MMC_HW_X_IsWriteProtected
 .text.FS_MMC_HW_X_SetMaxSpeed
                0x00004a68       0x58 .\CortexM3\ARM_GCC_493\Debug\Pressure_Harbor_test.a(emFile_MMC_HW_SPI.o)
                0x00004a68                FS_MMC_HW_X_SetMaxSpeed
 .text.FS_MMC_HW_X_SetVoltage
                0x00004ac0       0x3c .\CortexM3\ARM_GCC_493\Debug\Pressure_Harbor_test.a(emFile_MMC_HW_SPI.o)
                0x00004ac0                FS_MMC_HW_X_SetVoltage
 .text.FS_MMC_HW_X_IsPresent
                0x00004afc        0xc .\CortexM3\ARM_GCC_493\Debug\Pressure_Harbor_test.a(emFile_MMC_HW_SPI.o)
                0x00004afc                FS_MMC_HW_X_IsPresent
 .text.FS_MMC_HW_X_Read
                0x00004b08       0x1c .\CortexM3\ARM_GCC_493\Debug\Pressure_Harbor_test.a(emFile_MMC_HW_SPI.o)
                0x00004b08                FS_MMC_HW_X_Read
 .text.FS_MMC_HW_X_Write
                0x00004b24       0x18 .\CortexM3\ARM_GCC_493\Debug\Pressure_Harbor_test.a(emFile_MMC_HW_SPI.o)
                0x00004b24                FS_MMC_HW_X_Write
 .text.emFile_SPI0_Enable
                0x00004b3c       0x30 .\CortexM3\ARM_GCC_493\Debug\Pressure_Harbor_test.a(emFile_SPI0.o)
                0x00004b3c                emFile_SPI0_Enable
 .text.emFile_SPI0_ReadTxStatus
                0x00004b6c        0xc .\CortexM3\ARM_GCC_493\Debug\Pressure_Harbor_test.a(emFile_SPI0.o)
                0x00004b6c                emFile_SPI0_ReadTxStatus
 .text.emFile_SPI0_ReadRxStatus
                0x00004b78        0xc .\CortexM3\ARM_GCC_493\Debug\Pressure_Harbor_test.a(emFile_SPI0.o)
                0x00004b78                emFile_SPI0_ReadRxStatus
 .text.emFile_SPI0_WriteTxData
                0x00004b84       0x18 .\CortexM3\ARM_GCC_493\Debug\Pressure_Harbor_test.a(emFile_SPI0.o)
                0x00004b84                emFile_SPI0_WriteTxData
 .text.emFile_SPI0_ReadRxData
                0x00004b9c        0xc .\CortexM3\ARM_GCC_493\Debug\Pressure_Harbor_test.a(emFile_SPI0.o)
                0x00004b9c                emFile_SPI0_ReadRxData
 .text.emFile_SPI0_ClearFIFO
                0x00004ba8       0x3c .\CortexM3\ARM_GCC_493\Debug\Pressure_Harbor_test.a(emFile_SPI0.o)
                0x00004ba8                emFile_SPI0_ClearFIFO
 .text.emFile_SPI0_Init
                0x00004be4       0x28 .\CortexM3\ARM_GCC_493\Debug\Pressure_Harbor_test.a(emFile_SPI0.o)
                0x00004be4                emFile_SPI0_Init
 .text.emFile_SPI0_Start
                0x00004c0c       0x1c .\CortexM3\ARM_GCC_493\Debug\Pressure_Harbor_test.a(emFile_SPI0.o)
                0x00004c0c                emFile_SPI0_Start
 .text.emFile_Clock_1_Start
                0x00004c28       0x1c .\CortexM3\ARM_GCC_493\Debug\Pressure_Harbor_test.a(emFile_Clock_1.o)
                0x00004c28                emFile_Clock_1_Start
 .text.emFile_Clock_1_Stop
                0x00004c44       0x1c .\CortexM3\ARM_GCC_493\Debug\Pressure_Harbor_test.a(emFile_Clock_1.o)
                0x00004c44                emFile_Clock_1_Stop
 .text.emFile_Clock_1_GetDividerRegister
                0x00004c60        0xc .\CortexM3\ARM_GCC_493\Debug\Pressure_Harbor_test.a(emFile_Clock_1.o)
                0x00004c60                emFile_Clock_1_GetDividerRegister
 .text.emFile_Clock_1_GetSourceRegister
                0x00004c6c       0x10 .\CortexM3\ARM_GCC_493\Debug\Pressure_Harbor_test.a(emFile_Clock_1.o)
                0x00004c6c                emFile_Clock_1_GetSourceRegister
 .text.emFile_Clock_1_SetDividerRegister
                0x00004c7c       0xd8 .\CortexM3\ARM_GCC_493\Debug\Pressure_Harbor_test.a(emFile_Clock_1.o)
                0x00004c7c                emFile_Clock_1_SetDividerRegister
 .text.emFile_SPI0_CS_Write
                0x00004d54       0x18 .\CortexM3\ARM_GCC_493\Debug\Pressure_Harbor_test.a(emFile_SPI0_CS.o)
                0x00004d54                emFile_SPI0_CS_Write
 .text          0x00004d6c      0x370 c:/program files (x86)/cypress/psoc creator/4.0/psoc creator/import/gnu/arm/4.9.3/bin/../lib/gcc/arm-none-eabi/4.9.3/armv7-m\libgcc.a(_arm_addsubdf3.o)
                0x00004d6c                __aeabi_drsub
                0x00004d74                __aeabi_dsub
                0x00004d74                __subdf3
                0x00004d78                __aeabi_dadd
                0x00004d78                __adddf3
                0x00004ff0                __floatunsidf
                0x00004ff0                __aeabi_ui2d
                0x00005010                __floatsidf
                0x00005010                __aeabi_i2d
                0x00005034                __aeabi_f2d
                0x00005034                __extendsfdf2
                0x00005070                __floatundidf
                0x00005070                __aeabi_ul2d
                0x00005080                __floatdidf
                0x00005080                __aeabi_l2d
 .text          0x000050dc      0x424 c:/program files (x86)/cypress/psoc creator/4.0/psoc creator/import/gnu/arm/4.9.3/bin/../lib/gcc/arm-none-eabi/4.9.3/armv7-m\libgcc.a(_arm_muldivdf3.o)
                0x000050dc                __aeabi_dmul
                0x000050dc                __muldf3
                0x00005330                __divdf3
                0x00005330                __aeabi_ddiv
 .text          0x00005500       0xa0 c:/program files (x86)/cypress/psoc creator/4.0/psoc creator/import/gnu/arm/4.9.3/bin/../lib/gcc/arm-none-eabi/4.9.3/armv7-m\libgcc.a(_arm_truncdfsf2.o)
                0x00005500                __truncdfsf2
                0x00005500                __aeabi_d2f
 .text          0x000055a0      0x21c c:/program files (x86)/cypress/psoc creator/4.0/psoc creator/import/gnu/arm/4.9.3/bin/../lib/gcc/arm-none-eabi/4.9.3/armv7-m\libgcc.a(_arm_addsubsf3.o)
                0x000055a0                __aeabi_frsub
                0x000055a8                __subsf3
                0x000055a8                __aeabi_fsub
                0x000055ac                __aeabi_fadd
                0x000055ac                __addsf3
                0x0000570c                __aeabi_ui2f
                0x0000570c                __floatunsisf
                0x00005714                __aeabi_i2f
                0x00005714                __floatsisf
                0x00005730                __aeabi_ul2f
                0x00005730                __floatundisf
                0x00005740                __aeabi_l2f
                0x00005740                __floatdisf
 .text          0x000057bc      0x2a0 c:/program files (x86)/cypress/psoc creator/4.0/psoc creator/import/gnu/arm/4.9.3/bin/../lib/gcc/arm-none-eabi/4.9.3/armv7-m\libgcc.a(_arm_muldivsf3.o)
                0x000057bc                __mulsf3
                0x000057bc                __aeabi_fmul
                0x00005924                __aeabi_fdiv
                0x00005924                __divsf3
 .text          0x00005a5c       0x4c c:/program files (x86)/cypress/psoc creator/4.0/psoc creator/import/gnu/arm/4.9.3/bin/../lib/gcc/arm-none-eabi/4.9.3/armv7-m\libgcc.a(_arm_fixsfsi.o)
                0x00005a5c                __aeabi_f2iz
                0x00005a5c                __fixsfsi
 .text.__errno  0x00005aa8        0xc c:/program files (x86)/cypress/psoc creator/4.0/psoc creator/import/gnu/arm/4.9.3/bin/../lib/gcc/arm-none-eabi/4.9.3/../../../../arm-none-eabi/lib/armv7-m\libg_nano.a(lib_a-errno.o)
                0x00005aa8                __errno
 .text.__libc_init_array
                0x00005ab4       0x4c c:/program files (x86)/cypress/psoc creator/4.0/psoc creator/import/gnu/arm/4.9.3/bin/../lib/gcc/arm-none-eabi/4.9.3/../../../../arm-none-eabi/lib/armv7-m\libg_nano.a(lib_a-init.o)
                0x00005ab4                __libc_init_array
 .text.memcpy   0x00005b00       0x16 c:/program files (x86)/cypress/psoc creator/4.0/psoc creator/import/gnu/arm/4.9.3/bin/../lib/gcc/arm-none-eabi/4.9.3/../../../../arm-none-eabi/lib/armv7-m\libg_nano.a(lib_a-memcpy.o)
                0x00005b00                memcpy
 .text.memset   0x00005b16       0x10 c:/program files (x86)/cypress/psoc creator/4.0/psoc creator/import/gnu/arm/4.9.3/bin/../lib/gcc/arm-none-eabi/4.9.3/../../../../arm-none-eabi/lib/armv7-m\libg_nano.a(lib_a-memset.o)
                0x00005b16                memset
 *fill*         0x00005b26        0x2 
 .text.sprintf  0x00005b28       0x48 c:/program files (x86)/cypress/psoc creator/4.0/psoc creator/import/gnu/arm/4.9.3/bin/../lib/gcc/arm-none-eabi/4.9.3/../../../../arm-none-eabi/lib/armv7-m\libg_nano.a(lib_a-sprintf.o)
                0x00005b28                siprintf
                0x00005b28                sprintf
 .text.strlen   0x00005b70       0x10 c:/program files (x86)/cypress/psoc creator/4.0/psoc creator/import/gnu/arm/4.9.3/bin/../lib/gcc/arm-none-eabi/4.9.3/../../../../arm-none-eabi/lib/armv7-m\libg_nano.a(lib_a-strlen.o)
                0x00005b70                strlen
 .text.__ssputs_r
                0x00005b80       0xb2 c:/program files (x86)/cypress/psoc creator/4.0/psoc creator/import/gnu/arm/4.9.3/bin/../lib/gcc/arm-none-eabi/4.9.3/../../../../arm-none-eabi/lib/armv7-m\libg_nano.a(lib_a-nano-svfprintf.o)
                0x00005b80                __ssputs_r
 *fill*         0x00005c32        0x2 
 .text._svfprintf_r
                0x00005c34      0x1e4 c:/program files (x86)/cypress/psoc creator/4.0/psoc creator/import/gnu/arm/4.9.3/bin/../lib/gcc/arm-none-eabi/4.9.3/../../../../arm-none-eabi/lib/armv7-m\libg_nano.a(lib_a-nano-svfprintf.o)
                0x00005c34                _svfiprintf_r
                0x00005c34                _svfprintf_r
 .text._printf_common
                0x00005e18       0xea c:/program files (x86)/cypress/psoc creator/4.0/psoc creator/import/gnu/arm/4.9.3/bin/../lib/gcc/arm-none-eabi/4.9.3/../../../../arm-none-eabi/lib/armv7-m\libg_nano.a(lib_a-nano-vfprintf_i.o)
                0x00005e18                _printf_common
 *fill*         0x00005f02        0x2 
 .text._printf_i
                0x00005f04      0x240 c:/program files (x86)/cypress/psoc creator/4.0/psoc creator/import/gnu/arm/4.9.3/bin/../lib/gcc/arm-none-eabi/4.9.3/../../../../arm-none-eabi/lib/armv7-m\libg_nano.a(lib_a-nano-vfprintf_i.o)
                0x00005f04                _printf_i
 .text.memchr   0x00006144       0x1c c:/program files (x86)/cypress/psoc creator/4.0/psoc creator/import/gnu/arm/4.9.3/bin/../lib/gcc/arm-none-eabi/4.9.3/../../../../arm-none-eabi/lib/armv7-m\libg_nano.a(lib_a-memchr.o)
                0x00006144                memchr
 .text.memmove  0x00006160       0x36 c:/program files (x86)/cypress/psoc creator/4.0/psoc creator/import/gnu/arm/4.9.3/bin/../lib/gcc/arm-none-eabi/4.9.3/../../../../arm-none-eabi/lib/armv7-m\libg_nano.a(lib_a-memmove.o)
                0x00006160                memmove
 *fill*         0x00006196        0x2 
 .text._free_r  0x00006198       0x88 c:/program files (x86)/cypress/psoc creator/4.0/psoc creator/import/gnu/arm/4.9.3/bin/../lib/gcc/arm-none-eabi/4.9.3/../../../../arm-none-eabi/lib/armv7-m\libg_nano.a(lib_a-nano-freer.o)
                0x00006198                _free_r
 .text._malloc_r
                0x00006220       0xac c:/program files (x86)/cypress/psoc creator/4.0/psoc creator/import/gnu/arm/4.9.3/bin/../lib/gcc/arm-none-eabi/4.9.3/../../../../arm-none-eabi/lib/armv7-m\libg_nano.a(lib_a-nano-mallocr.o)
                0x00006220                _malloc_r
 .text._realloc_r
                0x000062cc       0x4c c:/program files (x86)/cypress/psoc creator/4.0/psoc creator/import/gnu/arm/4.9.3/bin/../lib/gcc/arm-none-eabi/4.9.3/../../../../arm-none-eabi/lib/armv7-m\libg_nano.a(lib_a-nano-reallocr.o)
                0x000062cc                _realloc_r
 .text._sbrk_r  0x00006318       0x20 c:/program files (x86)/cypress/psoc creator/4.0/psoc creator/import/gnu/arm/4.9.3/bin/../lib/gcc/arm-none-eabi/4.9.3/../../../../arm-none-eabi/lib/armv7-m\libg_nano.a(lib_a-sbrkr.o)
                0x00006318                _sbrk_r
 .text._malloc_usable_size_r
                0x00006338       0x14 c:/program files (x86)/cypress/psoc creator/4.0/psoc creator/import/gnu/arm/4.9.3/bin/../lib/gcc/arm-none-eabi/4.9.3/../../../../arm-none-eabi/lib/armv7-m\libg_nano.a(lib_a-nano-msizer.o)
                0x00006338                _malloc_usable_size_r
 *(.plt)
 *(.gnu.warning)
 *(.glue_7t)
 .glue_7t       0x00000000        0x0 linker stubs
 *(.glue_7)
 .glue_7        0x00000000        0x0 linker stubs
 *(.vfp11_veneer)
 .vfp11_veneer  0x00000000        0x0 linker stubs
 *(.bootloader)
 *(.ARM.extab* .gnu.linkonce.armextab.*)
 *(.gcc_except_table)

.v4_bx          0x0000634c        0x0
 .v4_bx         0x00000000        0x0 linker stubs

.iplt           0x0000634c        0x0
 .iplt          0x00000000        0x0 c:/program files (x86)/cypress/psoc creator/4.0/psoc creator/import/gnu/arm/4.9.3/bin/../lib/gcc/arm-none-eabi/4.9.3/armv7-m/crtbegin.o

.eh_frame_hdr
 *(.eh_frame_hdr)

.eh_frame       0x0000634c        0x4
 *(.eh_frame)
 .eh_frame      0x0000634c        0x0 c:/program files (x86)/cypress/psoc creator/4.0/psoc creator/import/gnu/arm/4.9.3/bin/../lib/gcc/arm-none-eabi/4.9.3/armv7-m/crtbegin.o
 .eh_frame      0x0000634c        0x4 c:/program files (x86)/cypress/psoc creator/4.0/psoc creator/import/gnu/arm/4.9.3/bin/../lib/gcc/arm-none-eabi/4.9.3/armv7-m/crtend.o
                0x00006350                PROVIDE (__exidx_start, .)

.ARM.exidx
 *(.ARM.exidx* .gnu.linkonce.armexidx.*)
                0x00006350                __exidx_end = .

.rodata         0x00006350      0x420
 *(.rodata .rodata.* .gnu.linkonce.r.*)
 .rodata        0x00006350       0x28 .\CortexM3\ARM_GCC_493\Debug\main.o
 .rodata.str1.4
                0x00006378       0xb0 .\CortexM3\ARM_GCC_493\Debug\main.o
 .rodata        0x00006428       0x68 .\CortexM3\ARM_GCC_493\Debug\Pressure_Harbor_test.a(cyfitter_cfg.o)
                0x00006428                ADC_AMux__addrTable
                0x00006430                ADC_AMux__maskTable
 .rodata        0x00006490       0x98 ..\emFile_V322c\LinkLibrary\PSoC5\GCC\libemf32nosnlfn.a(FAT_FormatSD.o)
 .rodata        0x00006528       0x10 ..\emFile_V322c\LinkLibrary\PSoC5\GCC\libemf32nosnlfn.a(FAT_Misc.o)
                0x00006528                FAT_SFN_API
 .rodata.str1.1
                0x00006538        0x3 ..\emFile_V322c\LinkLibrary\PSoC5\GCC\libemf32nosnlfn.a(FAT_Open.o)
 *fill*         0x0000653b        0x1 
 .rodata        0x0000653c       0x78 ..\emFile_V322c\LinkLibrary\PSoC5\GCC\libemf32nosnlfn.a(FS_Misc.o)
 .rodata.str1.1
                0x000065b4       0x30 ..\emFile_V322c\LinkLibrary\PSoC5\GCC\libemf32nosnlfn.a(FS_Misc.o)
 .rodata        0x000065e4       0x8c ..\emFile_V322c\LinkLibrary\PSoC5\GCC\libemf32nosnlfn.a(FAT_Format.o)
                0x000065fc                _acVolumeLabel
 .rodata.str1.1
                0x00006670       0x24 ..\emFile_V322c\LinkLibrary\PSoC5\GCC\libemf32nosnlfn.a(FAT_Format.o)
 .rodata        0x00006694       0x68 ..\emFile_V322c\LinkLibrary\PSoC5\GCC\libemf32nosnlfn.a(MMC_Drv.o)
                0x000066dc                FS_MMC_SPI_Driver
 .rodata.str1.1
                0x000066fc        0x4 ..\emFile_V322c\LinkLibrary\PSoC5\GCC\libemf32nosnlfn.a(MMC_Drv.o)
 .rodata.str1.1
                0x00006700        0x2 c:/program files (x86)/cypress/psoc creator/4.0/psoc creator/import/gnu/arm/4.9.3/bin/../lib/gcc/arm-none-eabi/4.9.3/../../../../arm-none-eabi/lib/armv7-m\libg_nano.a(lib_a-impure.o)
 .rodata.str1.1
                0x00006702       0x11 c:/program files (x86)/cypress/psoc creator/4.0/psoc creator/import/gnu/arm/4.9.3/bin/../lib/gcc/arm-none-eabi/4.9.3/../../../../arm-none-eabi/lib/armv7-m\libg_nano.a(lib_a-nano-svfprintf.o)
 .rodata.str1.1
                0x00006713       0x22 c:/program files (x86)/cypress/psoc creator/4.0/psoc creator/import/gnu/arm/4.9.3/bin/../lib/gcc/arm-none-eabi/4.9.3/../../../../arm-none-eabi/lib/armv7-m\libg_nano.a(lib_a-nano-vfprintf_i.o)
                0x00006738                . = ALIGN (0x4)
 *fill*         0x00006735        0x3 
 *(.init)
 .init          0x00006738        0x4 c:/program files (x86)/cypress/psoc creator/4.0/psoc creator/import/gnu/arm/4.9.3/bin/../lib/gcc/arm-none-eabi/4.9.3/armv7-m/crti.o
                0x00006738                _init
 .init          0x0000673c        0x8 c:/program files (x86)/cypress/psoc creator/4.0/psoc creator/import/gnu/arm/4.9.3/bin/../lib/gcc/arm-none-eabi/4.9.3/armv7-m/crtn.o
                0x00006744                . = ALIGN (0x4)
                0x00006744                __preinit_array_start = .
 *(.preinit_array)
                0x00006744                __preinit_array_end = .
                0x00006744                . = ALIGN (0x4)
                0x00006744                __init_array_start = .
 *(SORT(.init_array.*))
 *(.init_array)
 .init_array    0x00006744        0x4 c:/program files (x86)/cypress/psoc creator/4.0/psoc creator/import/gnu/arm/4.9.3/bin/../lib/gcc/arm-none-eabi/4.9.3/armv7-m/crtbegin.o
 .init_array    0x00006748        0x4 .\CortexM3\ARM_GCC_493\Debug\Cm3Start.o
                0x0000674c                __init_array_end = .
                0x0000674c                . = ALIGN (0x4)
 *(.fini)
 .fini          0x0000674c        0x4 c:/program files (x86)/cypress/psoc creator/4.0/psoc creator/import/gnu/arm/4.9.3/bin/../lib/gcc/arm-none-eabi/4.9.3/armv7-m/crti.o
                0x0000674c                _fini
 .fini          0x00006750        0x8 c:/program files (x86)/cypress/psoc creator/4.0/psoc creator/import/gnu/arm/4.9.3/bin/../lib/gcc/arm-none-eabi/4.9.3/armv7-m/crtn.o
                0x00006758                . = ALIGN (0x4)
                0x00006758                __fini_array_start = .
 *(.fini_array)
 .fini_array    0x00006758        0x4 c:/program files (x86)/cypress/psoc creator/4.0/psoc creator/import/gnu/arm/4.9.3/bin/../lib/gcc/arm-none-eabi/4.9.3/armv7-m/crtbegin.o
 *(SORT(.fini_array.*))
                0x0000675c                __fini_array_end = .
                0x0000675c                . = ALIGN (0x4)
 *crtbegin.o(.ctors)
 *(EXCLUDE_FILE(*crtend.o) .ctors)
 *(SORT(.ctors.*))
 *crtend.o(.ctors)
                0x0000675c                . = ALIGN (0x4)
 *crtbegin.o(.dtors)
 *(EXCLUDE_FILE(*crtend.o) .dtors)
 *(SORT(.dtors.*))
 *crtend.o(.dtors)
                0x0000675c                . = ALIGN (0x4)
                0x0000675c                __cy_regions = .
                0x0000675c        0x4 LONG 0x6770 __cy_region_init_ram
                0x00006760        0x4 LONG 0x1fff8108 __cy_region_start_data
                0x00006764        0x4 LONG 0xa0 __cy_region_init_size_ram
                0x00006768        0x4 LONG 0x1198 __cy_region_zero_size_ram
                0x0000676c                __cy_regions_end = .
                0x00006770                . = ALIGN (0x8)
 *fill*         0x0000676c        0x4 
                0x00006770                _etext = .

.cy_checksum_exclude
                0x00006770        0x0
 *(.cy_checksum_exclude)

.ramvectors     0x1fff8000      0x100
                0x1fff8000                __cy_region_start_ram = .
 *(.ramvectors)
 .ramvectors    0x1fff8000      0x100 .\CortexM3\ARM_GCC_493\Debug\Cm3Start.o
                0x1fff8000                CyRamVectors

.noinit         0x1fff8100        0x5
 *(.noinit)
 .noinit        0x1fff8100        0x4 .\CortexM3\ARM_GCC_493\Debug\Cm3Start.o
 .noinit        0x1fff8104        0x1 .\CortexM3\ARM_GCC_493\Debug\Pressure_Harbor_test.a(CyLib.o)
                0x1fff8104                CyResetStatus

.data           0x1fff8108       0xa0 load address 0x00006770
                0x1fff8108                __cy_region_start_data = .
 *(.jcr)
 .jcr           0x1fff8108        0x0 c:/program files (x86)/cypress/psoc creator/4.0/psoc creator/import/gnu/arm/4.9.3/bin/../lib/gcc/arm-none-eabi/4.9.3/armv7-m/crtbegin.o
 .jcr           0x1fff8108        0x4 c:/program files (x86)/cypress/psoc creator/4.0/psoc creator/import/gnu/arm/4.9.3/bin/../lib/gcc/arm-none-eabi/4.9.3/armv7-m/crtend.o
 *(.got.plt)
 *(.got)
 *(.shdata)
 *(.data .data.* .gnu.linkonce.d.*)
 .data          0x1fff810c       0x18 .\CortexM3\ARM_GCC_493\Debug\main.o
                0x1fff810c                Addr
                0x1fff8110                file
                0x1fff811c                press_id
                0x1fff8120                id
 .data          0x1fff8124        0x4 .\CortexM3\ARM_GCC_493\Debug\Cm3Start.o
 .data          0x1fff8128        0x1 .\CortexM3\ARM_GCC_493\Debug\Pressure_Harbor_test.a(ADC.o)
                0x1fff8128                ADC_Config
 .data          0x1fff8129        0x1 .\CortexM3\ARM_GCC_493\Debug\Pressure_Harbor_test.a(ADC_AMux.o)
 *fill*         0x1fff812a        0x2 
 .data          0x1fff812c       0x10 .\CortexM3\ARM_GCC_493\Debug\Pressure_Harbor_test.a(CyLib.o)
                0x1fff812c                cydelay_32k_ms
                0x1fff8130                cydelay_freq_khz
                0x1fff8134                cydelay_freq_mhz
                0x1fff8138                cydelay_freq_hz
 .data          0x1fff813c        0x4 ..\emFile_V322c\LinkLibrary\PSoC5\GCC\libemf32nosnlfn.a(FAT_Misc.o)
                0x1fff813c                FAT_pDirEntryAPI
 .data          0x1fff8140        0x4 ..\emFile_V322c\LinkLibrary\PSoC5\GCC\libemf32nosnlfn.a(MMC_Drv.o)
 .data.impure_data
                0x1fff8144       0x60 c:/program files (x86)/cypress/psoc creator/4.0/psoc creator/import/gnu/arm/4.9.3/bin/../lib/gcc/arm-none-eabi/4.9.3/../../../../arm-none-eabi/lib/armv7-m\libg_nano.a(lib_a-impure.o)
 .data._impure_ptr
                0x1fff81a4        0x4 c:/program files (x86)/cypress/psoc creator/4.0/psoc creator/import/gnu/arm/4.9.3/bin/../lib/gcc/arm-none-eabi/4.9.3/../../../../arm-none-eabi/lib/armv7-m\libg_nano.a(lib_a-impure.o)
                0x1fff81a4                _impure_ptr
                0x1fff81a8                . = ALIGN (0x8)
 *(.ram)
                0x1fff81a8                _edata = .

.igot.plt       0x1fff81a8        0x0 load address 0x00006810
 .igot.plt      0x00000000        0x0 c:/program files (x86)/cypress/psoc creator/4.0/psoc creator/import/gnu/arm/4.9.3/bin/../lib/gcc/arm-none-eabi/4.9.3/armv7-m/crtbegin.o

.bss            0x1fff81a8     0x1198 load address 0x00006810
                0x1fff81a8                PROVIDE (__bss_start__, .)
 *(.shbss)
 *(.bss .bss.* .gnu.linkonce.b.*)
 .bss           0x1fff81a8       0x1c c:/program files (x86)/cypress/psoc creator/4.0/psoc creator/import/gnu/arm/4.9.3/bin/../lib/gcc/arm-none-eabi/4.9.3/armv7-m/crtbegin.o
 .bss           0x1fff81c4       0x64 .\CortexM3\ARM_GCC_493\Debug\main.o
                0x1fff81c4                collect_flag
                0x1fff81c8                msg_count
                0x1fff81cc                RxBuffer
                0x1fff820c                bytes
                0x1fff8210                rxflag
                0x1fff8214                volume
                0x1fff8220                pressure_sum
                0x1fff8224                dummy
 .bss           0x1fff8228       0x14 .\CortexM3\ARM_GCC_493\Debug\Pressure_Harbor_test.a(ADC.o)
                0x1fff8238                ADC_stopConversion
                0x1fff8239                ADC_convDone
                0x1fff823a                ADC_initVar
                0x1fff823b                ADC_started
 .bss           0x1fff823c        0x1 .\CortexM3\ARM_GCC_493\Debug\Pressure_Harbor_test.a(Sample_Timer.o)
                0x1fff823c                Sample_Timer_initVar
 .bss           0x1fff823d        0x2 .\CortexM3\ARM_GCC_493\Debug\Pressure_Harbor_test.a(UART.o)
                0x1fff823d                UART_initVar
 .bss           0x1fff823f        0x1 .\CortexM3\ARM_GCC_493\Debug\Pressure_Harbor_test.a(I2C_Master.o)
                0x1fff823f                I2C_Master_initVar
 .bss           0x1fff8240        0xc ..\emFile_V322c\LinkLibrary\PSoC5\GCC\libemf32nosnlfn.a(FS_Core.o)
 .bss           0x1fff824c     0x1000 .\CortexM3\ARM_GCC_493\Debug\Pressure_Harbor_test.a(emFile_ConfigMMC_SPI.o)
 .bss           0x1fff924c       0x14 ..\emFile_V322c\LinkLibrary\PSoC5\GCC\libemf32nosnlfn.a(MMC_Drv.o)
 .bss           0x1fff9260        0x1 .\CortexM3\ARM_GCC_493\Debug\Pressure_Harbor_test.a(emFile_MMC_HW_SPI.o)
 .bss           0x1fff9261        0x1 .\CortexM3\ARM_GCC_493\Debug\Pressure_Harbor_test.a(emFile_SPI0.o)
                0x1fff9261                emFile_SPI0_initVar
 *fill*         0x1fff9262        0x2 
 .bss.__malloc_sbrk_start
                0x1fff9264        0x4 c:/program files (x86)/cypress/psoc creator/4.0/psoc creator/import/gnu/arm/4.9.3/bin/../lib/gcc/arm-none-eabi/4.9.3/../../../../arm-none-eabi/lib/armv7-m\libg_nano.a(lib_a-nano-mallocr.o)
                0x1fff9264                __malloc_sbrk_start
 .bss.__malloc_free_list
                0x1fff9268        0x4 c:/program files (x86)/cypress/psoc creator/4.0/psoc creator/import/gnu/arm/4.9.3/bin/../lib/gcc/arm-none-eabi/4.9.3/../../../../arm-none-eabi/lib/armv7-m\libg_nano.a(lib_a-nano-mallocr.o)
                0x1fff9268                __malloc_free_list
 *(COMMON)
 COMMON         0x1fff926c       0x1f .\CortexM3\ARM_GCC_493\Debug\main.o
                0x1fff926c                reset
                0x1fff9270                fsfile
                0x1fff9274                buffer
                0x1fff928a                devAddr
 COMMON         0x1fff928b        0x8 .\CortexM3\ARM_GCC_493\Debug\LiquidCrystal_I2C.o
                0x1fff928b                _backlightval
                0x1fff928c                _addr
                0x1fff928d                _displaycontrol
                0x1fff928e                _charsize
                0x1fff928f                _displaymode
                0x1fff9290                _displayfunction
                0x1fff9291                _cols
                0x1fff9292                _rows
 *fill*         0x1fff9293        0x1 
 COMMON         0x1fff9294        0x8 .\CortexM3\ARM_GCC_493\Debug\Pressure_Harbor_test.a(ADC.o)
                0x1fff9294                ADC_Offset
                0x1fff9298                ADC_CountsPerVolt
 COMMON         0x1fff929c        0x1 .\CortexM3\ARM_GCC_493\Debug\Pressure_Harbor_test.a(I2C_Master.o)
                0x1fff929c                I2C_Master_state
 *fill*         0x1fff929d        0x3 
 COMMON         0x1fff92a0        0xf .\CortexM3\ARM_GCC_493\Debug\Pressure_Harbor_test.a(I2C_Master_MASTER.o)
                0x1fff92a0                I2C_Master_mstrRdBufIndex
                0x1fff92a1                I2C_Master_mstrWrBufIndex
                0x1fff92a2                I2C_Master_mstrWrBufSize
                0x1fff92a4                I2C_Master_mstrWrBufPtr
                0x1fff92a8                I2C_Master_mstrRdBufPtr
                0x1fff92ac                I2C_Master_mstrControl
                0x1fff92ad                I2C_Master_mstrStatus
                0x1fff92ae                I2C_Master_mstrRdBufSize
 *fill*         0x1fff92af        0x1 
 COMMON         0x1fff92b0       0x88 ..\emFile_V322c\LinkLibrary\PSoC5\GCC\libemf32nosnlfn.a(FS_Core.o)
                0x1fff92b0                FS_Global
                0x1fff9334                FS_NumBytesAllocated
 COMMON         0x1fff9338        0x4 c:/program files (x86)/cypress/psoc creator/4.0/psoc creator/import/gnu/arm/4.9.3/bin/../lib/gcc/arm-none-eabi/4.9.3/../../../../arm-none-eabi/lib/armv7-m\libg_nano.a(lib_a-reent.o)
                0x1fff9338                errno
                0x1fff9340                . = ALIGN (0x8)
 *fill*         0x1fff933c        0x4 
 *(.ram.b)
                0x1fff9340                _end = .
                0x1fff9340                __end = .
                0x1fff9340                PROVIDE (end, .)
                0x1fff9340                PROVIDE (__bss_end__, .)
                0x00006770                __cy_region_init_ram = LOADADDR (.data)
                0x000000a0                __cy_region_init_size_ram = (_edata - ADDR (.data))
                0x00001198                __cy_region_zero_size_ram = (_end - _edata)

.heap           0x1fff9340       0x80 load address 0x00006810
                0x1fff9340                . = _end
                0x1fff93c0                . = (. + 0x80)
 *fill*         0x1fff9340       0x80 
                0x1fff93c0                __cy_heap_limit = .

.stack          0x20007800      0x800
                0x20007800                __cy_stack_limit = .
                0x20008000                . = (. + 0x800)
 *fill*         0x20007800      0x800 
                0x00000001                ASSERT ((__cy_stack_limit >= __cy_heap_limit), region RAM overflowed with stack)
                0x00000000                cy_checksum_exclude_size = (CY_APPL_LOADABLE == 0x1)?SIZEOF (.cy_checksum_exclude):0x0
                0x00000001                ASSERT ((cy_checksum_exclude_size <= CY_CHECKSUM_EXCLUDE_SIZE), CY_BOOT: Section .cy_checksum_exclude size exceedes specified limit.)

.cyloadermeta
 *(.cyloadermeta)

.cyloadablemeta
 *(.cyloadablemeta)

.cyconfigecc    0x80000000      0x720
 *(.cyconfigecc)
 .cyconfigecc   0x80000000      0x720 .\CortexM3\ARM_GCC_493\Debug\cymetadata.o
                0x80000000                cy_meta_configecc

.cycustnvl      0x90000000        0x4
 *(.cycustnvl)
 .cycustnvl     0x90000000        0x4 .\CortexM3\ARM_GCC_493\Debug\cymetadata.o
                0x90000000                cy_meta_custnvl

.cywolatch      0x90100000        0x4
 *(.cywolatch)
 .cywolatch     0x90100000        0x4 .\CortexM3\ARM_GCC_493\Debug\cymetadata.o
                0x90100000                cy_meta_wonvl

.cyeeprom       0x90200000        0x0
 *(.cyeeprom)
                0x00000001                ASSERT ((. <= ((0x90200000 + ee_offset) + ee_size)), .cyeeprom data will not fit in EEPROM)

.cyflashprotect
                0x90400000      0x100
 *(.cyflashprotect)
 .cyflashprotect
                0x90400000      0x100 .\CortexM3\ARM_GCC_493\Debug\cymetadata.o
                0x90400000                cy_meta_flashprotect

.cymeta         0x90500000        0xc
 *(.cymeta)
 .cymeta        0x90500000        0xc .\CortexM3\ARM_GCC_493\Debug\cymetadata.o
                0x90500000                cy_metadata

.rel.dyn        0x00006810        0x0 load address 0x9050000c
 .rel.iplt      0x00000000        0x0 c:/program files (x86)/cypress/psoc creator/4.0/psoc creator/import/gnu/arm/4.9.3/bin/../lib/gcc/arm-none-eabi/4.9.3/armv7-m/crtbegin.o

.stab
 *(.stab)

.stabstr
 *(.stabstr)

.debug
 *(.debug)

.line
 *(.line)

.debug_srcinfo
 *(.debug_srcinfo)

.debug_sfnames
 *(.debug_sfnames)

.debug_aranges  0x00000000     0x16f8
 *(.debug_aranges)
 .debug_aranges
                0x00000000       0x38 .\CortexM3\ARM_GCC_493\Debug\main.o
 .debug_aranges
                0x00000038       0x38 .\CortexM3\ARM_GCC_493\Debug\functions.o
 .debug_aranges
                0x00000070       0x68 .\CortexM3\ARM_GCC_493\Debug\i2cFunctions.o
 .debug_aranges
                0x000000d8      0x108 .\CortexM3\ARM_GCC_493\Debug\LiquidCrystal_I2C.o
 .debug_aranges
                0x000001e0      0x838 .\CortexM3\ARM_GCC_493\Debug\mpu6050.o
 .debug_aranges
                0x00000a18       0x18 .\CortexM3\ARM_GCC_493\Debug\cymetadata.o
 .debug_aranges
                0x00000a30       0x48 .\CortexM3\ARM_GCC_493\Debug\Cm3Start.o
 .debug_aranges
                0x00000a78       0x68 .\CortexM3\ARM_GCC_493\Debug\Pressure_Harbor_test.a(cyfitter_cfg.o)
 .debug_aranges
                0x00000ae0       0xe8 .\CortexM3\ARM_GCC_493\Debug\Pressure_Harbor_test.a(ADC.o)
 .debug_aranges
                0x00000bc8       0x38 .\CortexM3\ARM_GCC_493\Debug\Pressure_Harbor_test.a(ADC_INT.o)
 .debug_aranges
                0x00000c00       0x88 .\CortexM3\ARM_GCC_493\Debug\Pressure_Harbor_test.a(Sample_Timer.o)
 .debug_aranges
                0x00000c88       0x80 .\CortexM3\ARM_GCC_493\Debug\Pressure_Harbor_test.a(Sample_ISR.o)
 .debug_aranges
                0x00000d08       0xf0 .\CortexM3\ARM_GCC_493\Debug\Pressure_Harbor_test.a(UART.o)
 .debug_aranges
                0x00000df8       0x38 .\CortexM3\ARM_GCC_493\Debug\Pressure_Harbor_test.a(I2C_Master.o)
 .debug_aranges
                0x00000e30       0x20 .\CortexM3\ARM_GCC_493\Debug\Pressure_Harbor_test.a(I2C_Master_INT.o)
 .debug_aranges
                0x00000e50       0x38 .\CortexM3\ARM_GCC_493\Debug\Pressure_Harbor_test.a(I2C_Master_PM.o)
 .debug_aranges
                0x00000e88       0x80 .\CortexM3\ARM_GCC_493\Debug\Pressure_Harbor_test.a(I2C_Master_MASTER.o)
 .debug_aranges
                0x00000f08       0x30 .\CortexM3\ARM_GCC_493\Debug\Pressure_Harbor_test.a(ADC_AMux.o)
 .debug_aranges
                0x00000f38       0x70 .\CortexM3\ARM_GCC_493\Debug\Pressure_Harbor_test.a(ADC_Ext_CP_Clk.o)
 .debug_aranges
                0x00000fa8       0x80 .\CortexM3\ARM_GCC_493\Debug\Pressure_Harbor_test.a(ADC_theACLK.o)
 .debug_aranges
                0x00001028       0x70 .\CortexM3\ARM_GCC_493\Debug\Pressure_Harbor_test.a(UART_IntClock.o)
 .debug_aranges
                0x00001098      0x2a0 .\CortexM3\ARM_GCC_493\Debug\Pressure_Harbor_test.a(CyLib.o)
 .debug_aranges
                0x00001338       0x98 .\CortexM3\ARM_GCC_493\Debug\Pressure_Harbor_test.a(cyPm.o)
 .debug_aranges
                0x000013d0       0x20 .\CortexM3\ARM_GCC_493\Debug\Pressure_Harbor_test.a(CyBootAsmGnu.o)
 .debug_aranges
                0x000013f0       0x80 .\CortexM3\ARM_GCC_493\Debug\Pressure_Harbor_test.a(CyFlash.o)
 .debug_aranges
                0x00001470       0x78 .\CortexM3\ARM_GCC_493\Debug\Pressure_Harbor_test.a(CySpc.o)
 .debug_aranges
                0x000014e8       0x28 .\CortexM3\ARM_GCC_493\Debug\Pressure_Harbor_test.a(emFile_ConfigMMC_SPI.o)
 .debug_aranges
                0x00001510       0x68 .\CortexM3\ARM_GCC_493\Debug\Pressure_Harbor_test.a(emFile_MMC_HW_SPI.o)
 .debug_aranges
                0x00001578       0xd8 .\CortexM3\ARM_GCC_493\Debug\Pressure_Harbor_test.a(emFile_SPI0.o)
 .debug_aranges
                0x00001650       0x70 .\CortexM3\ARM_GCC_493\Debug\Pressure_Harbor_test.a(emFile_Clock_1.o)
 .debug_aranges
                0x000016c0       0x38 .\CortexM3\ARM_GCC_493\Debug\Pressure_Harbor_test.a(emFile_SPI0_CS.o)

.debug_pubnames
 *(.debug_pubnames)

.debug_info     0x00000000     0xcf71
 *(.debug_info .gnu.linkonce.wi.*)
 .debug_info    0x00000000      0xa59 .\CortexM3\ARM_GCC_493\Debug\main.o
 .debug_info    0x00000a59      0x3e5 .\CortexM3\ARM_GCC_493\Debug\functions.o
 .debug_info    0x00000e3e      0x6ac .\CortexM3\ARM_GCC_493\Debug\i2cFunctions.o
 .debug_info    0x000014ea      0x983 .\CortexM3\ARM_GCC_493\Debug\LiquidCrystal_I2C.o
 .debug_info    0x00001e6d     0x4001 .\CortexM3\ARM_GCC_493\Debug\mpu6050.o
 .debug_info    0x00005e6e      0x13f .\CortexM3\ARM_GCC_493\Debug\cymetadata.o
 .debug_info    0x00005fad      0x3b3 .\CortexM3\ARM_GCC_493\Debug\Cm3Start.o
 .debug_info    0x00006360      0x679 .\CortexM3\ARM_GCC_493\Debug\Pressure_Harbor_test.a(cyfitter_cfg.o)
 .debug_info    0x000069d9      0xc46 .\CortexM3\ARM_GCC_493\Debug\Pressure_Harbor_test.a(ADC.o)
 .debug_info    0x0000761f       0xcc .\CortexM3\ARM_GCC_493\Debug\Pressure_Harbor_test.a(ADC_INT.o)
 .debug_info    0x000076eb      0x28c .\CortexM3\ARM_GCC_493\Debug\Pressure_Harbor_test.a(Sample_Timer.o)
 .debug_info    0x00007977      0x2cb .\CortexM3\ARM_GCC_493\Debug\Pressure_Harbor_test.a(Sample_ISR.o)
 .debug_info    0x00007c42      0x603 .\CortexM3\ARM_GCC_493\Debug\Pressure_Harbor_test.a(UART.o)
 .debug_info    0x00008245      0x2db .\CortexM3\ARM_GCC_493\Debug\Pressure_Harbor_test.a(I2C_Master.o)
 .debug_info    0x00008520      0x17f .\CortexM3\ARM_GCC_493\Debug\Pressure_Harbor_test.a(I2C_Master_INT.o)
 .debug_info    0x0000869f      0x1fe .\CortexM3\ARM_GCC_493\Debug\Pressure_Harbor_test.a(I2C_Master_PM.o)
 .debug_info    0x0000889d      0x400 .\CortexM3\ARM_GCC_493\Debug\Pressure_Harbor_test.a(I2C_Master_MASTER.o)
 .debug_info    0x00008c9d      0x16d .\CortexM3\ARM_GCC_493\Debug\Pressure_Harbor_test.a(ADC_AMux.o)
 .debug_info    0x00008e0a      0x283 .\CortexM3\ARM_GCC_493\Debug\Pressure_Harbor_test.a(ADC_Ext_CP_Clk.o)
 .debug_info    0x0000908d      0x2c4 .\CortexM3\ARM_GCC_493\Debug\Pressure_Harbor_test.a(ADC_theACLK.o)
 .debug_info    0x00009351      0x283 .\CortexM3\ARM_GCC_493\Debug\Pressure_Harbor_test.a(UART_IntClock.o)
 .debug_info    0x000095d4     0x1385 .\CortexM3\ARM_GCC_493\Debug\Pressure_Harbor_test.a(CyLib.o)
 .debug_info    0x0000a959      0xa57 .\CortexM3\ARM_GCC_493\Debug\Pressure_Harbor_test.a(cyPm.o)
 .debug_info    0x0000b3b0       0x9b .\CortexM3\ARM_GCC_493\Debug\Pressure_Harbor_test.a(CyBootAsmGnu.o)
 .debug_info    0x0000b44b      0x608 .\CortexM3\ARM_GCC_493\Debug\Pressure_Harbor_test.a(CyFlash.o)
 .debug_info    0x0000ba53      0x4ea .\CortexM3\ARM_GCC_493\Debug\Pressure_Harbor_test.a(CySpc.o)
 .debug_info    0x0000bf3d      0x2f1 .\CortexM3\ARM_GCC_493\Debug\Pressure_Harbor_test.a(emFile_ConfigMMC_SPI.o)
 .debug_info    0x0000c22e      0x513 .\CortexM3\ARM_GCC_493\Debug\Pressure_Harbor_test.a(emFile_MMC_HW_SPI.o)
 .debug_info    0x0000c741      0x48e .\CortexM3\ARM_GCC_493\Debug\Pressure_Harbor_test.a(emFile_SPI0.o)
 .debug_info    0x0000cbcf      0x283 .\CortexM3\ARM_GCC_493\Debug\Pressure_Harbor_test.a(emFile_Clock_1.o)
 .debug_info    0x0000ce52      0x11f .\CortexM3\ARM_GCC_493\Debug\Pressure_Harbor_test.a(emFile_SPI0_CS.o)

.debug_abbrev   0x00000000     0x2ba2
 *(.debug_abbrev)
 .debug_abbrev  0x00000000      0x269 .\CortexM3\ARM_GCC_493\Debug\main.o
 .debug_abbrev  0x00000269      0x1aa .\CortexM3\ARM_GCC_493\Debug\functions.o
 .debug_abbrev  0x00000413      0x128 .\CortexM3\ARM_GCC_493\Debug\i2cFunctions.o
 .debug_abbrev  0x0000053b      0x1bf .\CortexM3\ARM_GCC_493\Debug\LiquidCrystal_I2C.o
 .debug_abbrev  0x000006fa      0x1e1 .\CortexM3\ARM_GCC_493\Debug\mpu6050.o
 .debug_abbrev  0x000008db       0x77 .\CortexM3\ARM_GCC_493\Debug\cymetadata.o
 .debug_abbrev  0x00000952      0x1f7 .\CortexM3\ARM_GCC_493\Debug\Cm3Start.o
 .debug_abbrev  0x00000b49      0x21f .\CortexM3\ARM_GCC_493\Debug\Pressure_Harbor_test.a(cyfitter_cfg.o)
 .debug_abbrev  0x00000d68      0x23d .\CortexM3\ARM_GCC_493\Debug\Pressure_Harbor_test.a(ADC.o)
 .debug_abbrev  0x00000fa5       0x42 .\CortexM3\ARM_GCC_493\Debug\Pressure_Harbor_test.a(ADC_INT.o)
 .debug_abbrev  0x00000fe7      0x11a .\CortexM3\ARM_GCC_493\Debug\Pressure_Harbor_test.a(Sample_Timer.o)
 .debug_abbrev  0x00001101      0x173 .\CortexM3\ARM_GCC_493\Debug\Pressure_Harbor_test.a(Sample_ISR.o)
 .debug_abbrev  0x00001274      0x1a2 .\CortexM3\ARM_GCC_493\Debug\Pressure_Harbor_test.a(UART.o)
 .debug_abbrev  0x00001416      0x15c .\CortexM3\ARM_GCC_493\Debug\Pressure_Harbor_test.a(I2C_Master.o)
 .debug_abbrev  0x00001572       0xbd .\CortexM3\ARM_GCC_493\Debug\Pressure_Harbor_test.a(I2C_Master_INT.o)
 .debug_abbrev  0x0000162f      0x12b .\CortexM3\ARM_GCC_493\Debug\Pressure_Harbor_test.a(I2C_Master_PM.o)
 .debug_abbrev  0x0000175a      0x13c .\CortexM3\ARM_GCC_493\Debug\Pressure_Harbor_test.a(I2C_Master_MASTER.o)
 .debug_abbrev  0x00001896       0xcb .\CortexM3\ARM_GCC_493\Debug\Pressure_Harbor_test.a(ADC_AMux.o)
 .debug_abbrev  0x00001961      0x139 .\CortexM3\ARM_GCC_493\Debug\Pressure_Harbor_test.a(ADC_Ext_CP_Clk.o)
 .debug_abbrev  0x00001a9a      0x121 .\CortexM3\ARM_GCC_493\Debug\Pressure_Harbor_test.a(ADC_theACLK.o)
 .debug_abbrev  0x00001bbb      0x139 .\CortexM3\ARM_GCC_493\Debug\Pressure_Harbor_test.a(UART_IntClock.o)
 .debug_abbrev  0x00001cf4      0x296 .\CortexM3\ARM_GCC_493\Debug\Pressure_Harbor_test.a(CyLib.o)
 .debug_abbrev  0x00001f8a      0x1ed .\CortexM3\ARM_GCC_493\Debug\Pressure_Harbor_test.a(cyPm.o)
 .debug_abbrev  0x00002177       0x14 .\CortexM3\ARM_GCC_493\Debug\Pressure_Harbor_test.a(CyBootAsmGnu.o)
 .debug_abbrev  0x0000218b      0x1ed .\CortexM3\ARM_GCC_493\Debug\Pressure_Harbor_test.a(CyFlash.o)
 .debug_abbrev  0x00002378      0x1c1 .\CortexM3\ARM_GCC_493\Debug\Pressure_Harbor_test.a(CySpc.o)
 .debug_abbrev  0x00002539      0x176 .\CortexM3\ARM_GCC_493\Debug\Pressure_Harbor_test.a(emFile_ConfigMMC_SPI.o)
 .debug_abbrev  0x000026af      0x1ca .\CortexM3\ARM_GCC_493\Debug\Pressure_Harbor_test.a(emFile_MMC_HW_SPI.o)
 .debug_abbrev  0x00002879      0x160 .\CortexM3\ARM_GCC_493\Debug\Pressure_Harbor_test.a(emFile_SPI0.o)
 .debug_abbrev  0x000029d9      0x139 .\CortexM3\ARM_GCC_493\Debug\Pressure_Harbor_test.a(emFile_Clock_1.o)
 .debug_abbrev  0x00002b12       0x90 .\CortexM3\ARM_GCC_493\Debug\Pressure_Harbor_test.a(emFile_SPI0_CS.o)

.debug_line     0x00000000     0x5096
 *(.debug_line)
 .debug_line    0x00000000      0x338 .\CortexM3\ARM_GCC_493\Debug\main.o
 .debug_line    0x00000338      0x26f .\CortexM3\ARM_GCC_493\Debug\functions.o
 .debug_line    0x000005a7      0x250 .\CortexM3\ARM_GCC_493\Debug\i2cFunctions.o
 .debug_line    0x000007f7      0x468 .\CortexM3\ARM_GCC_493\Debug\LiquidCrystal_I2C.o
 .debug_line    0x00000c5f     0x13fe .\CortexM3\ARM_GCC_493\Debug\mpu6050.o
 .debug_line    0x0000205d       0x51 .\CortexM3\ARM_GCC_493\Debug\cymetadata.o
 .debug_line    0x000020ae      0x24f .\CortexM3\ARM_GCC_493\Debug\Cm3Start.o
 .debug_line    0x000022fd      0x22f .\CortexM3\ARM_GCC_493\Debug\Pressure_Harbor_test.a(cyfitter_cfg.o)
 .debug_line    0x0000252c      0x3c1 .\CortexM3\ARM_GCC_493\Debug\Pressure_Harbor_test.a(ADC.o)
 .debug_line    0x000028ed       0x80 .\CortexM3\ARM_GCC_493\Debug\Pressure_Harbor_test.a(ADC_INT.o)
 .debug_line    0x0000296d      0x15a .\CortexM3\ARM_GCC_493\Debug\Pressure_Harbor_test.a(Sample_Timer.o)
 .debug_line    0x00002ac7      0x137 .\CortexM3\ARM_GCC_493\Debug\Pressure_Harbor_test.a(Sample_ISR.o)
 .debug_line    0x00002bfe      0x2bc .\CortexM3\ARM_GCC_493\Debug\Pressure_Harbor_test.a(UART.o)
 .debug_line    0x00002eba       0xee .\CortexM3\ARM_GCC_493\Debug\Pressure_Harbor_test.a(I2C_Master.o)
 .debug_line    0x00002fa8      0x122 .\CortexM3\ARM_GCC_493\Debug\Pressure_Harbor_test.a(I2C_Master_INT.o)
 .debug_line    0x000030ca       0xc9 .\CortexM3\ARM_GCC_493\Debug\Pressure_Harbor_test.a(I2C_Master_PM.o)
 .debug_line    0x00003193      0x20b .\CortexM3\ARM_GCC_493\Debug\Pressure_Harbor_test.a(I2C_Master_MASTER.o)
 .debug_line    0x0000339e       0xac .\CortexM3\ARM_GCC_493\Debug\Pressure_Harbor_test.a(ADC_AMux.o)
 .debug_line    0x0000344a      0x17d .\CortexM3\ARM_GCC_493\Debug\Pressure_Harbor_test.a(ADC_Ext_CP_Clk.o)
 .debug_line    0x000035c7      0x19d .\CortexM3\ARM_GCC_493\Debug\Pressure_Harbor_test.a(ADC_theACLK.o)
 .debug_line    0x00003764      0x17c .\CortexM3\ARM_GCC_493\Debug\Pressure_Harbor_test.a(UART_IntClock.o)
 .debug_line    0x000038e0      0x816 .\CortexM3\ARM_GCC_493\Debug\Pressure_Harbor_test.a(CyLib.o)
 .debug_line    0x000040f6      0x364 .\CortexM3\ARM_GCC_493\Debug\Pressure_Harbor_test.a(cyPm.o)
 .debug_line    0x0000445a       0x66 .\CortexM3\ARM_GCC_493\Debug\Pressure_Harbor_test.a(CyBootAsmGnu.o)
 .debug_line    0x000044c0      0x1ea .\CortexM3\ARM_GCC_493\Debug\Pressure_Harbor_test.a(CyFlash.o)
 .debug_line    0x000046aa      0x23c .\CortexM3\ARM_GCC_493\Debug\Pressure_Harbor_test.a(CySpc.o)
 .debug_line    0x000048e6       0xae .\CortexM3\ARM_GCC_493\Debug\Pressure_Harbor_test.a(emFile_ConfigMMC_SPI.o)
 .debug_line    0x00004994      0x2b5 .\CortexM3\ARM_GCC_493\Debug\Pressure_Harbor_test.a(emFile_MMC_HW_SPI.o)
 .debug_line    0x00004c49      0x235 .\CortexM3\ARM_GCC_493\Debug\Pressure_Harbor_test.a(emFile_SPI0.o)
 .debug_line    0x00004e7e      0x17d .\CortexM3\ARM_GCC_493\Debug\Pressure_Harbor_test.a(emFile_Clock_1.o)
 .debug_line    0x00004ffb       0x9b .\CortexM3\ARM_GCC_493\Debug\Pressure_Harbor_test.a(emFile_SPI0_CS.o)

.debug_frame    0x00000000     0x4668
 *(.debug_frame)
 .debug_frame   0x00000000       0x88 .\CortexM3\ARM_GCC_493\Debug\main.o
 .debug_frame   0x00000088       0xa4 .\CortexM3\ARM_GCC_493\Debug\functions.o
 .debug_frame   0x0000012c      0x170 .\CortexM3\ARM_GCC_493\Debug\i2cFunctions.o
 .debug_frame   0x0000029c      0x36c .\CortexM3\ARM_GCC_493\Debug\LiquidCrystal_I2C.o
 .debug_frame   0x00000608     0x1d54 .\CortexM3\ARM_GCC_493\Debug\mpu6050.o
 .debug_frame   0x0000235c       0xb8 .\CortexM3\ARM_GCC_493\Debug\Cm3Start.o
 .debug_frame   0x00002414      0x104 .\CortexM3\ARM_GCC_493\Debug\Pressure_Harbor_test.a(cyfitter_cfg.o)
 .debug_frame   0x00002518      0x284 .\CortexM3\ARM_GCC_493\Debug\Pressure_Harbor_test.a(ADC.o)
 .debug_frame   0x0000279c       0x50 .\CortexM3\ARM_GCC_493\Debug\Pressure_Harbor_test.a(ADC_INT.o)
 .debug_frame   0x000027ec      0x108 .\CortexM3\ARM_GCC_493\Debug\Pressure_Harbor_test.a(Sample_Timer.o)
 .debug_frame   0x000028f4      0x104 .\CortexM3\ARM_GCC_493\Debug\Pressure_Harbor_test.a(Sample_ISR.o)
 .debug_frame   0x000029f8      0x250 .\CortexM3\ARM_GCC_493\Debug\Pressure_Harbor_test.a(UART.o)
 .debug_frame   0x00002c48       0x94 .\CortexM3\ARM_GCC_493\Debug\Pressure_Harbor_test.a(I2C_Master.o)
 .debug_frame   0x00002cdc       0x30 .\CortexM3\ARM_GCC_493\Debug\Pressure_Harbor_test.a(I2C_Master_INT.o)
 .debug_frame   0x00002d0c       0x74 .\CortexM3\ARM_GCC_493\Debug\Pressure_Harbor_test.a(I2C_Master_PM.o)
 .debug_frame   0x00002d80      0x138 .\CortexM3\ARM_GCC_493\Debug\Pressure_Harbor_test.a(I2C_Master_MASTER.o)
 .debug_frame   0x00002eb8       0x64 .\CortexM3\ARM_GCC_493\Debug\Pressure_Harbor_test.a(ADC_AMux.o)
 .debug_frame   0x00002f1c       0xe0 .\CortexM3\ARM_GCC_493\Debug\Pressure_Harbor_test.a(ADC_Ext_CP_Clk.o)
 .debug_frame   0x00002ffc      0x100 .\CortexM3\ARM_GCC_493\Debug\Pressure_Harbor_test.a(ADC_theACLK.o)
 .debug_frame   0x000030fc       0xe0 .\CortexM3\ARM_GCC_493\Debug\Pressure_Harbor_test.a(UART_IntClock.o)
 .debug_frame   0x000031dc      0x738 .\CortexM3\ARM_GCC_493\Debug\Pressure_Harbor_test.a(CyLib.o)
 .debug_frame   0x00003914      0x1f8 .\CortexM3\ARM_GCC_493\Debug\Pressure_Harbor_test.a(cyPm.o)
 .debug_frame   0x00003b0c      0x174 .\CortexM3\ARM_GCC_493\Debug\Pressure_Harbor_test.a(CyFlash.o)
 .debug_frame   0x00003c80      0x160 .\CortexM3\ARM_GCC_493\Debug\Pressure_Harbor_test.a(CySpc.o)
 .debug_frame   0x00003de0       0x3c .\CortexM3\ARM_GCC_493\Debug\Pressure_Harbor_test.a(emFile_ConfigMMC_SPI.o)
 .debug_frame   0x00003e1c      0x124 .\CortexM3\ARM_GCC_493\Debug\Pressure_Harbor_test.a(emFile_MMC_HW_SPI.o)
 .debug_frame   0x00003f40      0x1e8 .\CortexM3\ARM_GCC_493\Debug\Pressure_Harbor_test.a(emFile_SPI0.o)
 .debug_frame   0x00004128       0xe0 .\CortexM3\ARM_GCC_493\Debug\Pressure_Harbor_test.a(emFile_Clock_1.o)
 .debug_frame   0x00004208       0x50 .\CortexM3\ARM_GCC_493\Debug\Pressure_Harbor_test.a(emFile_SPI0_CS.o)
 .debug_frame   0x00004258       0x20 c:/program files (x86)/cypress/psoc creator/4.0/psoc creator/import/gnu/arm/4.9.3/bin/../lib/gcc/arm-none-eabi/4.9.3/../../../../arm-none-eabi/lib/armv7-m\libg_nano.a(lib_a-errno.o)
 .debug_frame   0x00004278       0x28 c:/program files (x86)/cypress/psoc creator/4.0/psoc creator/import/gnu/arm/4.9.3/bin/../lib/gcc/arm-none-eabi/4.9.3/../../../../arm-none-eabi/lib/armv7-m\libg_nano.a(lib_a-exit.o)
 .debug_frame   0x000042a0       0x2c c:/program files (x86)/cypress/psoc creator/4.0/psoc creator/import/gnu/arm/4.9.3/bin/../lib/gcc/arm-none-eabi/4.9.3/../../../../arm-none-eabi/lib/armv7-m\libg_nano.a(lib_a-init.o)
 .debug_frame   0x000042cc       0x28 c:/program files (x86)/cypress/psoc creator/4.0/psoc creator/import/gnu/arm/4.9.3/bin/../lib/gcc/arm-none-eabi/4.9.3/../../../../arm-none-eabi/lib/armv7-m\libg_nano.a(lib_a-memcmp.o)
 .debug_frame   0x000042f4       0x28 c:/program files (x86)/cypress/psoc creator/4.0/psoc creator/import/gnu/arm/4.9.3/bin/../lib/gcc/arm-none-eabi/4.9.3/../../../../arm-none-eabi/lib/armv7-m\libg_nano.a(lib_a-memcpy.o)